OpenJDK 64-Bit Server VM (25.272-b10) for linux-amd64 JRE (1.8.0_272-8u272-b10-0ubuntu1~20.04-b10), built on Oct 26 2020 02:23:20 by "buildd" with gcc 9.3.0
Memory: 4k page, physical 12398176k(4998260k free), swap 20607804k(20302516k free)
CommandLine flags: -XX:+ExplicitGCInvokesConcurrent -XX:GCLogFileSize=104857600 -XX:InitialHeapSize=1073741824 -XX:InitiatingHeapOccupancyPercent=35 -XX:+ManagementServer -XX:MaxGCPauseMillis=20 -XX:MaxHeapSize=1073741824 -XX:NumberOfGCLogFiles=10 -XX:+PrintGC -XX:+PrintGCDateStamps -XX:+PrintGCDetails -XX:+PrintGCTimeStamps -XX:+UseCompressedClassPointers -XX:+UseCompressedOops -XX:+UseG1GC -XX:+UseGCLogFileRotation 
2021-03-16T15:17:57.974+0700: 1.571: [GC pause (G1 Evacuation Pause) (young), 0.0163363 secs]
   [Parallel Time: 7.5 ms, GC Workers: 4]
      [GC Worker Start (ms): Min: 1570.9, Avg: 1570.9, Max: 1571.0, Diff: 0.1]
      [Ext Root Scanning (ms): Min: 0.7, Avg: 1.3, Max: 3.0, Diff: 2.3, Sum: 5.2]
      [Update RS (ms): Min: 0.0, Avg: 0.0, Max: 0.0, Diff: 0.0, Sum: 0.0]
         [Processed Buffers: Min: 0, Avg: 0.0, Max: 0, Diff: 0, Sum: 0]
      [Scan RS (ms): Min: 0.0, Avg: 0.0, Max: 0.1, Diff: 0.1, Sum: 0.1]
      [Code Root Scanning (ms): Min: 0.0, Avg: 0.2, Max: 0.5, Diff: 0.5, Sum: 0.9]
      [Object Copy (ms): Min: 4.4, Avg: 5.7, Max: 6.5, Diff: 2.2, Sum: 22.9]
      [Termination (ms): Min: 0.0, Avg: 0.0, Max: 0.0, Diff: 0.0, Sum: 0.1]
         [Termination Attempts: Min: 1, Avg: 4.8, Max: 7, Diff: 6, Sum: 19]
      [GC Worker Other (ms): Min: 0.1, Avg: 0.1, Max: 0.2, Diff: 0.1, Sum: 0.5]
      [GC Worker Total (ms): Min: 7.4, Avg: 7.4, Max: 7.5, Diff: 0.1, Sum: 29.8]
      [GC Worker End (ms): Min: 1578.4, Avg: 1578.4, Max: 1578.4, Diff: 0.0]
   [Code Root Fixup: 0.0 ms]
   [Code Root Purge: 0.0 ms]
   [Clear CT: 0.1 ms]
   [Other: 8.6 ms]
      [Choose CSet: 0.0 ms]
      [Ref Proc: 8.1 ms]
      [Ref Enq: 0.0 ms]
      [Redirty Cards: 0.1 ms]
      [Humongous Register: 0.0 ms]
      [Humongous Reclaim: 0.0 ms]
      [Free CSet: 0.1 ms]
   [Eden: 52224.0K(52224.0K)->0.0B(45056.0K) Survivors: 0.0B->7168.0K Heap: 52224.0K(1024.0M)->7753.0K(1024.0M)]
 [Times: user=0.00 sys=0.02, real=0.01 secs] 
2021-03-16T15:17:58.781+0700: 2.378: [GC pause (Metadata GC Threshold) (young) (initial-mark), 0.0129212 secs]
   [Parallel Time: 5.3 ms, GC Workers: 4]
      [GC Worker Start (ms): Min: 2378.0, Avg: 2378.0, Max: 2378.1, Diff: 0.1]
      [Ext Root Scanning (ms): Min: 1.1, Avg: 1.2, Max: 1.4, Diff: 0.3, Sum: 4.9]
      [Update RS (ms): Min: 0.0, Avg: 0.0, Max: 0.2, Diff: 0.2, Sum: 0.2]
         [Processed Buffers: Min: 0, Avg: 0.2, Max: 1, Diff: 1, Sum: 1]
      [Scan RS (ms): Min: 0.0, Avg: 0.0, Max: 0.0, Diff: 0.0, Sum: 0.1]
      [Code Root Scanning (ms): Min: 0.0, Avg: 0.3, Max: 1.0, Diff: 1.0, Sum: 1.4]
      [Object Copy (ms): Min: 3.0, Avg: 3.5, Max: 3.9, Diff: 0.9, Sum: 14.0]
      [Termination (ms): Min: 0.0, Avg: 0.0, Max: 0.0, Diff: 0.0, Sum: 0.0]
         [Termination Attempts: Min: 1, Avg: 1.5, Max: 3, Diff: 2, Sum: 6]
      [GC Worker Other (ms): Min: 0.0, Avg: 0.0, Max: 0.0, Diff: 0.0, Sum: 0.1]
      [GC Worker Total (ms): Min: 5.1, Avg: 5.2, Max: 5.2, Diff: 0.1, Sum: 20.7]
      [GC Worker End (ms): Min: 2383.2, Avg: 2383.2, Max: 2383.2, Diff: 0.0]
   [Code Root Fixup: 0.1 ms]
   [Code Root Purge: 0.0 ms]
   [Clear CT: 0.1 ms]
   [Other: 7.4 ms]
      [Choose CSet: 0.0 ms]
      [Ref Proc: 7.0 ms]
      [Ref Enq: 0.0 ms]
      [Redirty Cards: 0.1 ms]
      [Humongous Register: 0.0 ms]
      [Humongous Reclaim: 0.0 ms]
      [Free CSet: 0.1 ms]
   [Eden: 39936.0K(45056.0K)->0.0B(45056.0K) Survivors: 7168.0K->7168.0K Heap: 174.6M(1024.0M)->139.4M(1024.0M)]
 [Times: user=0.06 sys=0.00, real=0.01 secs] 
2021-03-16T15:17:58.794+0700: 2.391: [GC concurrent-root-region-scan-start]
2021-03-16T15:17:58.803+0700: 2.400: [GC concurrent-root-region-scan-end, 0.0086854 secs]
2021-03-16T15:17:58.803+0700: 2.400: [GC concurrent-mark-start]
2021-03-16T15:17:58.805+0700: 2.402: [GC concurrent-mark-end, 0.0022423 secs]
2021-03-16T15:17:58.806+0700: 2.402: [GC remark 2021-03-16T15:17:58.806+0700: 2.402: [Finalize Marking, 0.0004102 secs] 2021-03-16T15:17:58.806+0700: 2.403: [GC ref-proc, 0.0003985 secs] 2021-03-16T15:17:58.807+0700: 2.403: [Unloading, 0.0037190 secs], 0.0062043 secs]
 [Times: user=0.00 sys=0.00, real=0.01 secs] 
2021-03-16T15:17:58.812+0700: 2.409: [GC cleanup 140M->140M(1024M), 0.0015454 secs]
 [Times: user=0.00 sys=0.00, real=0.00 secs] 
2021-03-16T15:18:31.069+0700: 34.665: [GC pause (G1 Evacuation Pause) (young), 0.0230627 secs]
   [Parallel Time: 19.0 ms, GC Workers: 4]
      [GC Worker Start (ms): Min: 34666.0, Avg: 34668.4, Max: 34670.7, Diff: 4.7]
      [Ext Root Scanning (ms): Min: 0.1, Avg: 4.2, Max: 14.5, Diff: 14.5, Sum: 17.0]
      [Update RS (ms): Min: 0.0, Avg: 0.2, Max: 0.5, Diff: 0.5, Sum: 1.0]
         [Processed Buffers: Min: 0, Avg: 1.2, Max: 2, Diff: 2, Sum: 5]
      [Scan RS (ms): Min: 0.0, Avg: 0.0, Max: 0.1, Diff: 0.1, Sum: 0.1]
      [Code Root Scanning (ms): Min: 0.0, Avg: 1.6, Max: 3.3, Diff: 3.3, Sum: 6.2]
      [Object Copy (ms): Min: 3.9, Avg: 10.0, Max: 14.3, Diff: 10.4, Sum: 39.9]
      [Termination (ms): Min: 0.0, Avg: 0.0, Max: 0.1, Diff: 0.0, Sum: 0.2]
         [Termination Attempts: Min: 1, Avg: 10.2, Max: 19, Diff: 18, Sum: 41]
      [GC Worker Other (ms): Min: 0.0, Avg: 0.0, Max: 0.0, Diff: 0.0, Sum: 0.1]
      [GC Worker Total (ms): Min: 13.7, Avg: 16.1, Max: 18.5, Diff: 4.7, Sum: 64.4]
      [GC Worker End (ms): Min: 34684.5, Avg: 34684.5, Max: 34684.5, Diff: 0.0]
   [Code Root Fixup: 0.1 ms]
   [Code Root Purge: 0.0 ms]
   [Clear CT: 0.2 ms]
   [Other: 3.8 ms]
      [Choose CSet: 0.0 ms]
      [Ref Proc: 2.8 ms]
      [Ref Enq: 0.0 ms]
      [Redirty Cards: 0.2 ms]
      [Humongous Register: 0.3 ms]
      [Humongous Reclaim: 0.0 ms]
      [Free CSet: 0.1 ms]
   [Eden: 45056.0K(45056.0K)->0.0B(45056.0K) Survivors: 7168.0K->7168.0K Heap: 183.4M(1024.0M)->144.5M(1024.0M)]
 [Times: user=0.05 sys=0.00, real20212021-03-12021-03-16T15:23:57.573+0700: 361.170: [GC pause (G1 Evacuation Pause) (young), 0.0078044 secs]
   [Parallel Time: 5.1 ms, GC Workers: 4]
      [GC Worker Start (ms): Min: 361170.3, Avg: 361170.3, Max: 361170.3, Diff: 0.1]
      [Ext Root Scanning (ms): Min: 0.5, Avg: 0.7, Max: 1.3, Diff: 0.9, Sum: 2.8]
      [Update RS (ms): Min: 0.0, Avg: 0.5, Max: 0.6, Diff: 0.6, Sum: 1.9]
         [Processed Buffers: Min: 3, Avg: 6.8, Max: 13, Diff: 10, Sum: 27]
      [Scan RS (ms): Min: 0.1, Avg: 0.2, Max: 0.3, Diff: 0.2, Sum: 0.8]
      [Code Root Scanning (ms): Min: 0.1, Avg: 0.3, Max: 0.5, Diff: 0.4, Sum: 1.3]
      [Object Copy (ms): Min: 3.1, Avg: 3.3, Max: 3.5, Diff: 0.5, Sum: 13.0]
      [Termination (ms): Min: 0.0, Avg: 0.0, Max: 0.0, Diff: 0.0, Sum: 0.0]
         [Termination Attempts: Min: 1, Avg: 1.5, Max: 2, Diff: 1, Sum: 6]
      [GC Worker Other (ms): Min: 0.0, Avg: 0.0, Max: 0.0, Diff: 0.0, Sum: 0.1]
      [GC Worker Total (ms): Min: 5.0, Avg: 5.0, Max: 5.0, Diff: 0.0, Sum: 20.0]
      [GC Worker End (ms): Min: 361175.3, Avg: 361175.3, Max: 361175.3, Diff: 0.0]
   [Code Root Fixup: 0.0 ms]
   [Code Root Purge: 0.0 ms]
   [Clear CT: 0.2 ms]
   [Other: 2.4 ms]
      [Choose CSet: 0.0 ms]
      [Ref Proc: 1.5 ms]
      [Ref Enq: 0.0 ms]
      [Redirty Cards: 0.2 ms]
      [Humongous Register: 0.3 ms]
      [Humongous Reclaim: 0.0 ms]
      [Free CSet: 0.1 ms]
   [Eden: 45056.0K(45056.0K)->0.0B(45056.0K) Survivors: 7168.0K->7168.0K Heap: 188.5M(1024.0M)->145.5M(1024.0M)]
 [Times: user=0.02 sys=0.00, real=0.00 sec20212021-03-16T15:34:54.573+0700: 1018.169: [GC pause (G1 Evacuation Pause) (young), 0.0081632 secs]
   [Parallel Time: 6.4 ms, GC Workers: 4]
      [GC Worker Start (ms): Min: 1018169.9, Avg: 1018169.9, Max: 1018170.0, Diff: 0.2]
      [Ext Root Scanning (ms): Min: 0.6, Avg: 0.9, Max: 1.5, Diff: 0.9, Sum: 3.6]
      [Update RS (ms): Min: 0.0, Avg: 0.3, Max: 0.5, Diff: 0.5, Sum: 1.3]
         [Processed Buffers: Min: 0, Avg: 3.2, Max: 8, Diff: 8, Sum: 13]
      [Scan RS (ms): Min: 0.0, Avg: 0.0, Max: 0.1, Diff: 0.1, Sum: 0.2]
      [Code Root Scanning (ms): Min: 0.0, Avg: 0.4, Max: 0.7, Diff: 0.7, Sum: 1.5]
      [Object Copy (ms): Min: 4.1, Avg: 4.6, Max: 5.0, Diff: 0.9, Sum: 18.4]
      [Termination (ms): Min: 0.0, Avg: 0.0, Max: 0.0, Diff: 0.0, Sum: 0.0]
         [Termination Attempts: Min: 1, Avg: 1.0, Max: 1, Diff: 0, Sum: 4]
      [GC Worker Other (ms): Min: 0.0, Avg: 0.0, Max: 0.0, Diff: 0.0, Sum: 0.1]
      [GC Worker Total (ms): Min: 6.2, Avg: 6.3, Max: 6.4, Diff: 0.2, Sum: 25.2]
      [GC Worker End (ms): Min: 1018176.2, Avg: 1018176.2, Max: 1018176.2, Diff: 0.0]
   [Code Root Fixup: 0.0 ms]
   [Code Root Purge: 0.0 ms]
   [Clear CT: 0.3 ms]
   [Other: 1.4 ms]
      [Choose CSet: 0.0 ms]
      [Ref Proc: 0.3 ms]
      [Ref Enq: 0.0 ms]
      [Redirty Cards: 0.3 ms]
      [Humongous Register: 0.3 ms]
      [Humongous Reclaim: 0.0 ms]
      [Free CSet: 0.2 ms]
   [Eden: 45056.0K(45056.0K)->0.0B(47104.0K) Survivors: 7168.0K->5120.0K Heap: 189.5M(1024.0M)->145.8M(1024.0M)]
 [Times: user=0.01 sys=0.00, real=0.00 secs] 
2021-03-16T15:46:59.573+0700: 1743.170: [GC pause (G1 Evacuation Pause) (young), 0.0160543 secs]
   [Parallel Time: 12.6 ms, GC Workers: 4]
      [GC Worker Start (ms): Min: 1743171.1, Avg: 1743171.5, Max: 1743172.3, Diff: 1.2]
      [Ext Root Scanning (ms): Min: 0.5, Avg: 1.4, Max: 2.0, Diff: 1.5, Sum: 5.6]
      [Update RS (ms): Min: 2.2, Avg: 2.6, Max: 2.9, Diff: 0.7, Sum: 10.5]
         [Processed Buffers: Min: 2, Avg: 4.8, Max: 12, Diff: 10, Sum: 19]
      [Scan RS (ms): Min: 0.0, Avg: 0.1, Max: 0.1, Diff: 0.1, Sum: 0.3]
      [Code Root Scanning (ms): Min: 0.0, Avg: 0.9, Max: 1.4, Diff: 1.4, Sum: 3.5]
      [Object Copy (ms): Min: 6.1, Avg: 6.9, Max: 7.6, Diff: 1.5, Sum: 27.8]
      [Termination (ms): Min: 0.0, Avg: 0.0, Max: 0.0, Diff: 0.0, Sum: 0.0]
         [Termination Attempts: Min: 1, Avg: 1.0, Max: 1, Diff: 0, Sum: 4]
      [GC Worker Other (ms): Min: 0.1, Avg: 0.1, Max: 0.1, Diff: 0.0, Sum: 0.3]
      [GC Worker Total (ms): Min: 11.1, Avg: 12.0, Max: 12.3, Diff: 1.2, Sum: 47.9]
      [GC Worker End (ms): Min: 1743183.4, Avg: 1743183.4, Max: 1743183.4, Diff: 0.0]
   [Code Root Fixup: 0.1 ms]
   [Code Root Purge: 0.0 ms]
   [Clear CT: 0.5 ms]
   [Other: 2.9 ms]
      [Choose CSet: 0.0 ms]
      [Ref Proc: 0.8 ms]
      [Ref Enq: 0.0 ms]
      [Redirty Cards: 0.5 ms]
      [Humongous Register: 0.7 ms]
      [Humongous Reclaim: 0.1 ms]
      [Free CSet: 0.1 ms]
   [Eden: 47104.0K(47104.0K)->0.0B(47104.0K) Survivors: 5120.0K->5120.0K Heap: 191.8M(1024.0M)->145.8M(1024.0M)]
 [Times: user=0.06 sys=0.00, real=0.01 secs] 
2021-03-16T15:59:44.038+0700: 2507.634: [GC pause (G1 Evacuation Pause) (young), 0.0170520 secs]
   [Parallel Time: 11.3 ms, GC Workers: 4]
      [GC Worker Start (ms): Min: 2507635.2, Avg: 2507635.3, Max: 2507635.4, Diff: 0.2]
      [Ext Root Scanning (ms): Min: 1.1, Avg: 1.6, Max: 2.1, Diff: 1.0, Sum: 6.4]
      [Update RS (ms): Min: 0.8, Avg: 0.9, Max: 0.9, Diff: 0.2, Sum: 3.5]
         [Processed Buffers: Min: 1, Avg: 4.0, Max: 8, Diff: 7, Sum: 16]
      [Scan RS (ms): Min: 0.0, Avg: 0.1, Max: 0.1, Diff: 0.1, Sum: 0.2]
      [Code Root Scanning (ms): Min: 0.1, Avg: 0.9, Max: 1.8, Diff: 1.8, Sum: 3.8]
      [Object Copy (ms): Min: 6.6, Avg: 7.4, Max: 8.0, Diff: 1.4, Sum: 29.5]
      [Termination (ms): Min: 0.0, Avg: 0.0, Max: 0.0, Diff: 0.0, Sum: 0.0]
         [Termination Attempts: Min: 1, Avg: 1.0, Max: 1, Diff: 0, Sum: 4]
      [GC Worker Other (ms): Min: 0.1, Avg: 0.1, Max: 0.1, Diff: 0.0, Sum: 0.2]
      [GC Worker Total (ms): Min: 10.9, Avg: 10.9, Max: 11.0, Diff: 0.2, Sum: 43.7]
      [GC Worker End (ms): Min: 2507646.2, Avg: 2507646.3, Max: 2507646.3, Diff: 0.0]
   [Code Root Fixup: 0.1 ms]
   [Code Root Purge: 0.0 ms]
   [Clear CT: 1.0 ms]
   [Other: 4.7 ms]
      [Choose CSet: 0.0 ms]
      [Ref Proc: 2.4 ms]
      [Ref Enq: 0.0 ms]
      [Redirty Cards: 0.2 ms]
      [Humongous Register: 0.8 ms]
      [Humongous Reclaim: 0.1 ms]
      [Free CSet: 0.6 ms]
   [Eden: 47104.0K(47104.0K)->0.0B(47104.0K) Survivors: 5120.0K->5120.0K Heap: 191.8M(1024.0M)->145.8M(1024.0M)]
 [Times: user=0.00 sys=0.01, real=0.02 secs] 
2021-03-16T16:12:37.841+0700: 3281.438: [GC pause (G1 Evacuation Pause) (young), 0.0169999 secs]
   [Parallel Time: 13.3 ms, GC Workers: 4]
      [GC Worker Start (ms): Min: 3281438.7, Avg: 3281438.8, Max: 3281439.0, Diff: 0.3]
      [Ext Root Scanning (ms): Min: 1.2, Avg: 1.9, Max: 3.7, Diff: 2.5, Sum: 7.8]
      [Update RS (ms): Min: 0.0, Avg: 0.9, Max: 1.5, Diff: 1.5, Sum: 3.7]
         [Processed Buffers: Min: 0, Avg: 3.5, Max: 10, Diff: 10, Sum: 14]
      [Scan RS (ms): Min: 0.0, Avg: 0.1, Max: 0.2, Diff: 0.2, Sum: 0.4]
      [Code Root Scanning (ms): Min: 0.0, Avg: 1.3, Max: 2.9, Diff: 2.9, Sum: 5.3]
      [Object Copy (ms): Min: 7.2, Avg: 8.4, Max: 9.6, Diff: 2.4, Sum: 33.7]
      [Termination (ms): Min: 0.0, Avg: 0.0, Max: 0.0, Diff: 0.0, Sum: 0.0]
         [Termination Attempts: Min: 1, Avg: 1.0, Max: 1, Diff: 0, Sum: 4]
      [GC Worker Other (ms): Min: 0.1, Avg: 0.2, Max: 0.3, Diff: 0.2, Sum: 0.7]
      [GC Worker Total (ms): Min: 12.6, Avg: 12.9, Max: 13.0, Diff: 0.4, Sum: 51.6]
      [GC Worker End (ms): Min: 3281451.6, Avg: 3281451.7, Max: 3281451.8, Diff: 0.2]
   [Code Root Fixup: 0.1 ms]
   [Code Root Purge: 0.1 ms]
   [Clear CT: 0.6 ms]
   [Other: 2.9 ms]
      [Choose CSet: 0.0 ms]
      [Ref Proc: 0.9 ms]
      [Ref Enq: 0.0 ms]
      [Redirty Cards: 0.4 ms]
      [Humongous Register: 0.8 ms]
      [Humongous Reclaim: 0.1 ms]
      [Free CSet: 0.1 ms]
   [Eden: 47104.0K(47104.0K)->0.0B(46080.0K) Survivors: 5120.0K->6144.0K Heap: 191.8M(1024.0M)->146.8M(1024.0M)]
 [Times: user=0.07 sys=0.00, real=0.02 secs] 
2021-03-16T16:24:41.978+0700: 4005.575: [GC pause (G1 Evacuation Pause) (young), 0.0167053 secs]
   [Parallel Time: 13.2 ms, GC Workers: 4]
      [GC Worker Start (ms): Min: 4005576.0, Avg: 4005576.1, Max: 4005576.1, Diff: 0.1]
      [Ext Root Scanning (ms): Min: 1.1, Avg: 1.6, Max: 2.6, Diff: 1.5, Sum: 6.3]
      [Update RS (ms): Min: 0.1, Avg: 0.9, Max: 1.7, Diff: 1.5, Sum: 3.7]
         [Processed Buffers: Min: 1, Avg: 4.2, Max: 12, Diff: 11, Sum: 17]
      [Scan RS (ms): Min: 0.0, Avg: 0.1, Max: 0.1, Diff: 0.1, Sum: 0.3]
      [Code Root Scanning (ms): Min: 0.0, Avg: 0.9, Max: 1.8, Diff: 1.8, Sum: 3.7]
      [Object Copy (ms): Min: 8.7, Avg: 9.2, Max: 9.6, Diff: 0.8, Sum: 36.7]
      [Termination (ms): Min: 0.0, Avg: 0.0, Max: 0.0, Diff: 0.0, Sum: 0.0]
         [Termination Attempts: Min: 1, Avg: 1.0, Max: 1, Diff: 0, Sum: 4]
      [GC Worker Other (ms): Min: 0.1, Avg: 0.1, Max: 0.2, Diff: 0.2, Sum: 0.4]
      [GC Worker Total (ms): Min: 12.7, Avg: 12.8, Max: 12.8, Diff: 0.1, Sum: 51.0]
      [GC Worker End (ms): Min: 4005588.8, Avg: 4005588.8, Max: 4005588.9, Diff: 0.2]
   [Code Root Fixup: 0.1 ms]
   [Code Root Purge: 0.0 ms]
   [Clear CT: 0.5 ms]
   [Other: 2.9 ms]
      [Choose CSet: 0.0 ms]
      [Ref Proc: 0.7 ms]
      [Ref Enq: 0.0 ms]
      [Redirty Cards: 0.6 ms]
      [Humongous Register: 0.8 ms]
      [Humongous Reclaim: 0.1 ms]
      [Free CSet: 0.2 ms]
   [Eden: 46080.0K(46080.0K)->0.0B(47104.0K) Survivors: 6144.0K->5120.0K Heap: 191.8M(1024.0M)->146.3M(1024.0M)]
 [Times: user=0.06 sys=0.00, real=0.02 secs] 
2021-03-16T16:37:41.004+0700: 4784.600: [GC pause (G1 Evacuation Pause) (young), 0.0101645 secs]
   [Parallel Time: 7.8 ms, GC Workers: 4]
      [GC Worker Start (ms): Min: 4784600.9, Avg: 4784600.9, Max: 4784601.0, Diff: 0.1]
      [Ext Root Scanning (ms): Min: 0.7, Avg: 0.9, Max: 1.3, Diff: 0.7, Sum: 3.7]
      [Update RS (ms): Min: 0.5, Avg: 0.8, Max: 1.0, Diff: 0.5, Sum: 3.0]
         [Processed Buffers: Min: 1, Avg: 4.0, Max: 10, Diff: 9, Sum: 16]
      [Scan RS (ms): Min: 0.0, Avg: 0.0, Max: 0.1, Diff: 0.1, Sum: 0.2]
      [Code Root Scanning (ms): Min: 0.0, Avg: 0.8, Max: 1.9, Diff: 1.9, Sum: 3.2]
      [Object Copy (ms): Min: 3.8, Avg: 5.0, Max: 5.9, Diff: 2.1, Sum: 20.1]
      [Termination (ms): Min: 0.0, Avg: 0.0, Max: 0.0, Diff: 0.0, Sum: 0.0]
         [Termination Attempts: Min: 1, Avg: 1.0, Max: 1, Diff: 0, Sum: 4]
      [GC Worker Other (ms): Min: 0.0, Avg: 0.1, Max: 0.1, Diff: 0.0, Sum: 0.2]
      [GC Worker Total (ms): Min: 7.5, Avg: 7.6, Max: 7.7, Diff: 0.1, Sum: 30.5]
      [GC Worker End (ms): Min: 4784608.5, Avg: 4784608.5, Max: 4784608.5, Diff: 0.0]
   [Code Root Fixup: 0.1 ms]
   [Code Root Purge: 0.0 ms]
   [Clear CT: 0.3 ms]
   [Other: 1.9 ms]
      [Choose CSet: 0.0 ms]
      [Ref Proc: 0.5 ms]
      [Ref Enq: 0.0 ms]
      [Redirty Cards: 0.4 ms]
      [Humongous Register: 0.5 ms]
      [Humongous Reclaim: 0.0 ms]
      [Free CSet: 0.1 ms]
   [Eden: 47104.0K(47104.0K)->0.0B(46080.0K) Survivors: 5120.0K->6144.0K Heap: 192.3M(1024.0M)->147.3M(1024.0M)]
 [Times: user=0.00 sys=0.00, real=0.01 secs] 
2021-03-16T16:50:24.574+0700: 5548.171: [GC pause (G1 Evacuation Pause) (young), 0.0062170 secs]
   [Parallel Time: 4.8 ms, GC Workers: 4]
      [GC Worker Start (ms): Min: 5548171.3, Avg: 5548171.3, Max: 5548171.4, Diff: 0.1]
      [Ext Root Scanning (ms): Min: 0.6, Avg: 0.7, Max: 0.9, Diff: 0.3, Sum: 2.7]
      [Update RS (ms): Min: 0.3, Avg: 0.4, Max: 0.5, Diff: 0.2, Sum: 1.7]
         [Processed Buffers: Min: 1, Avg: 4.0, Max: 13, Diff: 12, Sum: 16]
      [Scan RS (ms): Min: 0.0, Avg: 0.0, Max: 0.1, Diff: 0.1, Sum: 0.1]
      [Code Root Scanning (ms): Min: 0.0, Avg: 0.4, Max: 0.8, Diff: 0.8, Sum: 1.6]
      [Object Copy (ms): Min: 2.6, Avg: 3.2, Max: 3.6, Diff: 1.0, Sum: 12.7]
      [Termination (ms): Min: 0.0, Avg: 0.0, Max: 0.0, Diff: 0.0, Sum: 0.0]
         [Termination Attempts: Min: 1, Avg: 1.0, Max: 1, Diff: 0, Sum: 4]
      [GC Worker Other (ms): Min: 0.0, Avg: 0.0, Max: 0.0, Diff: 0.0, Sum: 0.1]
      [GC Worker Total (ms): Min: 4.7, Avg: 4.7, Max: 4.8, Diff: 0.1, Sum: 18.9]
      [GC Worker End (ms): Min: 5548176.1, Avg: 5548176.1, Max: 5548176.1, Diff: 0.0]
   [Code Root Fixup: 0.1 ms]
   [Code Root Purge: 0.0 ms]
   [Clear CT: 0.2 ms]
   [Other: 1.1 ms]
      [Choose CSet: 0.0 ms]
      [Ref Proc: 0.3 ms]
      [Ref Enq: 0.0 ms]
      [Redirty Cards: 0.2 ms]
      [Humongous Register: 0.3 ms]
      [Humongous Reclaim: 0.0 ms]
      [Free CSet: 0.1 ms]
   [Eden: 46080.0K(46080.0K)->0.0B(65536.0K) Survivors: 6144.0K->5120.0K Heap: 192.3M(1024.0M)->146.3M(1024.0M)]
 [Times: user=0.00 sys=0.00, real=0.00 secs] 
2021-03-16T17:08:20.144+0700: 6623.741: [GC pause (G1 Evacuation Pause) (young), 0.0268515 secs]
   [Parallel Time: 23.0 ms, GC Workers: 4]
      [GC Worker Start (ms): Min: 6623742.0, Avg: 6623742.1, Max: 6623742.4, Diff: 0.4]
      [Ext Root Scanning (ms): Min: 1.4, Avg: 1.9, Max: 3.3, Diff: 1.9, Sum: 7.7]
      [Update RS (ms): Min: 0.3, Avg: 1.0, Max: 1.3, Diff: 1.0, Sum: 4.0]
         [Processed Buffers: Min: 3, Avg: 4.0, Max: 5, Diff: 2, Sum: 16]
      [Scan RS (ms): Min: 0.1, Avg: 0.2, Max: 0.3, Diff: 0.3, Sum: 0.6]
      [Code Root Scanning (ms): Min: 0.0, Avg: 1.0, Max: 2.0, Diff: 1.9, Sum: 4.0]
      [Object Copy (ms): Min: 17.4, Avg: 18.2, Max: 18.9, Diff: 1.5, Sum: 72.7]
      [Termination (ms): Min: 0.0, Avg: 0.2, Max: 0.5, Diff: 0.4, Sum: 0.9]
         [Termination Attempts: Min: 1, Avg: 1.2, Max: 2, Diff: 1, Sum: 5]
      [GC Worker Other (ms): Min: 0.1, Avg: 0.1, Max: 0.1, Diff: 0.0, Sum: 0.3]
      [GC Worker Total (ms): Min: 22.3, Avg: 22.6, Max: 22.7, Diff: 0.4, Sum: 90.2]
      [GC Worker End (ms): Min: 6623764.7, Avg: 6623764.7, Max: 6623764.7, Diff: 0.0]
   [Code Root Fixup: 0.1 ms]
   [Code Root Purge: 0.0 ms]
   [Clear CT: 0.7 ms]
   [Other: 3.1 ms]
      [Choose CSet: 0.0 ms]
      [Ref Proc: 1.0 ms]
      [Ref Enq: 0.0 ms]
      [Redirty Cards: 0.5 ms]
      [Humongous Register: 0.7 ms]
      [Humongous Reclaim: 0.1 ms]
      [Free CSet: 0.2 ms]
   [Eden: 65536.0K(65536.0K)->0.0B(47104.0K) Survivors: 5120.0K->5120.0K Heap: 210.3M(1024.0M)->146.3M(1024.0M)]
 [Times: user=0.02 sys=0.05, real=0.03 secs] 
2021-03-16T17:20:44.575+0700: 7368.171: [GC pause (G1 Evacuation Pause) (young), 0.0257997 secs]
   [Parallel Time: 23.4 ms, GC Workers: 4]
      [GC Worker Start (ms): Min: 7368172.4, Avg: 7368172.5, Max: 7368172.7, Diff: 0.3]
      [Ext Root Scanning (ms): Min: 1.5, Avg: 2.2, Max: 4.0, Diff: 2.5, Sum: 9.0]
      [Update RS (ms): Min: 1.0, Avg: 1.1, Max: 1.3, Diff: 0.3, Sum: 4.3]
         [Processed Buffers: Min: 1, Avg: 3.5, Max: 6, Diff: 5, Sum: 14]
      [Scan RS (ms): Min: 0.0, Avg: 0.1, Max: 0.1, Diff: 0.1, Sum: 0.3]
      [Code Root Scanning (ms): Min: 0.0, Avg: 1.5, Max: 3.1, Diff: 3.1, Sum: 5.9]
      [Object Copy (ms): Min: 16.8, Avg: 18.1, Max: 20.2, Diff: 3.4, Sum: 72.4]
      [Termination (ms): Min: 0.0, Avg: 0.1, Max: 0.2, Diff: 0.2, Sum: 0.4]
         [Termination Attempts: Min: 1, Avg: 1.0, Max: 1, Diff: 0, Sum: 4]
      [GC Worker Other (ms): Min: 0.1, Avg: 0.1, Max: 0.1, Diff: 0.0, Sum: 0.2]
      [GC Worker Total (ms): Min: 22.9, Avg: 23.1, Max: 23.2, Diff: 0.3, Sum: 92.5]
      [GC Worker End (ms): Min: 7368195.6, Avg: 7368195.6, Max: 7368195.6, Diff: 0.0]
   [Code Root Fixup: 0.1 ms]
   [Code Root Purge: 0.0 ms]
   [Clear CT: 0.3 ms]
   [Other: 2.1 ms]
      [Choose CSet: 0.0 ms]
      [Ref Proc: 0.4 ms]
      [Ref Enq: 0.0 ms]
      [Redirty Cards: 0.4 ms]
      [Humongous Register: 0.7 ms]
      [Humongous Reclaim: 0.0 ms]
      [Free CSet: 0.1 ms]
   [Eden: 47104.0K(47104.0K)->0.0B(49152.0K) Survivors: 5120.0K->3072.0K Heap: 192.3M(1024.0M)->146.1M(1024.0M)]
 [Times: user=0.09 sys=0.04, real=0.02 secs] 
2021-03-16T17:34:15.435+0700: 8179.032: [GC pause (G1 Evacuation Pause) (young), 0.0438929 secs]
   [Parallel Time: 21.4 ms, GC Workers: 4]
      [GC Worker Start (ms): Min: 8179032.5, Avg: 8179032.8, Max: 8179033.3, Diff: 0.8]
      [Ext Root Scanning (ms): Min: 0.9, Avg: 1.4, Max: 1.8, Diff: 0.8, Sum: 5.7]
      [Update RS (ms): Min: 3.1, Avg: 7.1, Max: 19.1, Diff: 16.0, Sum: 28.4]
         [Processed Buffers: Min: 3, Avg: 6.8, Max: 15, Diff: 12, Sum: 27]
      [Scan RS (ms): Min: 0.0, Avg: 0.6, Max: 2.4, Diff: 2.3, Sum: 2.6]
      [Code Root Scanning (ms): Min: 0.0, Avg: 5.0, Max: 12.2, Diff: 12.2, Sum: 20.0]
      [Object Copy (ms): Min: 0.2, Avg: 6.5, Max: 13.7, Diff: 13.5, Sum: 25.8]
      [Termination (ms): Min: 0.0, Avg: 0.2, Max: 0.3, Diff: 0.3, Sum: 0.9]
         [Termination Attempts: Min: 1, Avg: 1.0, Max: 1, Diff: 0, Sum: 4]
      [GC Worker Other (ms): Min: 0.1, Avg: 0.1, Max: 0.2, Diff: 0.2, Sum: 0.4]
      [GC Worker Total (ms): Min: 20.3, Avg: 20.9, Max: 21.2, Diff: 1.0, Sum: 83.8]
      [GC Worker End (ms): Min: 8179053.6, Avg: 8179053.7, Max: 8179053.8, Diff: 0.2]
   [Code Root Fixup: 0.1 ms]
   [Code Root Purge: 0.0 ms]
   [Clear CT: 0.2 ms]
   [Other: 22.2 ms]
      [Choose CSet: 0.0 ms]
      [Ref Proc: 20.9 ms]
      [Ref Enq: 0.0 ms]
      [Redirty Cards: 0.1 ms]
      [Humongous Register: 0.6 ms]
      [Humongous Reclaim: 0.1 ms]
      [Free CSet: 0.1 ms]
   [Eden: 49152.0K(49152.0K)->0.0B(48128.0K) Survivors: 3072.0K->4096.0K Heap: 194.1M(1024.0M)->146.6M(1024.0M)]
 [Times: user=0.08 sys=0.03, real=0.04 secs] 
2021-03-16T17:47:30.046+0700: 8973.643: [GC pause (G1 Evacuation Pause) (young), 0.0124471 secs]
   [Parallel Time: 9.1 ms, GC Workers: 4]
      [GC Worker Start (ms): Min: 8973643.9, Avg: 8973644.0, Max: 8973644.1, Diff: 0.2]
      [Ext Root Scanning (ms): Min: 1.3, Avg: 1.4, Max: 1.6, Diff: 0.4, Sum: 5.8]
      [Update RS (ms): Min: 1.1, Avg: 1.4, Max: 1.7, Diff: 0.6, Sum: 5.6]
         [Processed Buffers: Min: 1, Avg: 7.5, Max: 21, Diff: 20, Sum: 30]
      [Scan RS (ms): Min: 0.0, Avg: 0.1, Max: 0.1, Diff: 0.1, Sum: 0.3]
      [Code Root Scanning (ms): Min: 0.0, Avg: 0.7, Max: 1.5, Diff: 1.5, Sum: 2.8]
      [Object Copy (ms): Min: 4.6, Avg: 5.0, Max: 5.5, Diff: 0.8, Sum: 20.2]
      [Termination (ms): Min: 0.0, Avg: 0.0, Max: 0.0, Diff: 0.0, Sum: 0.0]
         [Termination Attempts: Min: 1, Avg: 1.0, Max: 1, Diff: 0, Sum: 4]
      [GC Worker Other (ms): Min: 0.1, Avg: 0.1, Max: 0.1, Diff: 0.1, Sum: 0.4]
      [GC Worker Total (ms): Min: 8.7, Avg: 8.8, Max: 8.8, Diff: 0.2, Sum: 35.1]
      [GC Worker End (ms): Min: 8973652.7, Avg: 8973652.8, Max: 8973652.8, Diff: 0.1]
   [Code Root Fixup: 0.0 ms]
   [Code Root Purge: 0.0 ms]
   [Clear CT: 0.6 ms]
   [Other: 2.7 ms]
      [Choose CSet: 0.0 ms]
      [Ref Proc: 0.7 ms]
      [Ref Enq: 0.0 ms]
      [Redirty Cards: 0.5 ms]
      [Humongous Register: 0.7 ms]
      [Humongous Reclaim: 0.1 ms]
      [Free CSet: 0.2 ms]
   [Eden: 48128.0K(48128.0K)->0.0B(49152.0K) Survivors: 4096.0K->3072.0K Heap: 193.6M(1024.0M)->146.0M(1024.0M)]
 [Times: user=0.07 sys=0.00, real=0.01 secs] 
2021-03-16T18:01:03.498+0700: 9787.095: [GC pause (G1 Evacuation Pause) (young), 0.0127898 secs]
   [Parallel Time: 9.0 ms, GC Workers: 4]
      [GC Worker Start (ms): Min: 9787095.9, Avg: 9787096.0, Max: 9787096.1, Diff: 0.2]
      [Ext Root Scanning (ms): Min: 1.2, Avg: 1.3, Max: 1.5, Diff: 0.3, Sum: 5.2]
      [Update RS (ms): Min: 0.8, Avg: 1.0, Max: 1.5, Diff: 0.7, Sum: 3.9]
         [Processed Buffers: Min: 1, Avg: 7.5, Max: 18, Diff: 17, Sum: 30]
      [Scan RS (ms): Min: 0.0, Avg: 0.1, Max: 0.1, Diff: 0.1, Sum: 0.2]
      [Code Root Scanning (ms): Min: 0.0, Avg: 1.1, Max: 2.2, Diff: 2.2, Sum: 4.4]
      [Object Copy (ms): Min: 4.0, Avg: 5.0, Max: 6.2, Diff: 2.1, Sum: 19.8]
      [Termination (ms): Min: 0.0, Avg: 0.0, Max: 0.0, Diff: 0.0, Sum: 0.0]
         [Termination Attempts: Min: 1, Avg: 1.0, Max: 1, Diff: 0, Sum: 4]
      [GC Worker Other (ms): Min: 0.1, Avg: 0.1, Max: 0.1, Diff: 0.0, Sum: 0.3]
      [GC Worker Total (ms): Min: 8.4, Avg: 8.5, Max: 8.5, Diff: 0.1, Sum: 33.9]
      [GC Worker End (ms): Min: 9787104.4, Avg: 9787104.5, Max: 9787104.5, Diff: 0.0]
   [Code Root Fixup: 0.1 ms]
   [Code Root Purge: 0.0 ms]
   [Clear CT: 0.7 ms]
   [Other: 3.0 ms]
      [Choose CSet: 0.0 ms]
      [Ref Proc: 1.0 ms]
      [Ref Enq: 0.0 ms]
      [Redirty Cards: 0.4 ms]
      [Humongous Register: 0.7 ms]
      [Humongous Reclaim: 0.1 ms]
      [Free CSet: 0.2 ms]
   [Eden: 49152.0K(49152.0K)->0.0B(48128.0K) Survivors: 3072.0K->4096.0K Heap: 194.0M(1024.0M)->146.5M(1024.0M)]
 [Times: user=0.06 s2021-03-16T19:39:13.032+0700: 15683.479: [GC pause (G1 Evacuation Pause) (young), 0.0281509 secs]
   [Parallel Time: 19.3 ms, GC Workers: 4]
      [GC Worker Start (ms): Min: 15683480.1, Avg: 15683480.2, Max: 15683480.3, Diff: 0.2]
      [Ext Root Scanning (ms): Min: 1.7, Avg: 2.1, Max: 2.3, Diff: 0.6, Sum: 8.2]
      [Update RS (ms): Min: 1.6, Avg: 2.1, Max: 3.1, Diff: 1.6, Sum: 8.6]
         [Processed Buffers: Min: 1, Avg: 12.0, Max: 22, Diff: 21, Sum: 48]
      [Scan RS (ms): Min: 0.5, Avg: 0.7, Max: 1.0, Diff: 0.5, Sum: 2.8]
      [Code Root Scanning (ms): Min: 0.5, Avg: 1.0, Max: 1.9, Diff: 1.4, Sum: 4.1]
      [Object Copy (ms): Min: 11.9, Avg: 12.5, Max: 12.8, Diff: 0.8, Sum: 49.9]
      [Termination (ms): Min: 0.0, Avg: 0.4, Max: 0.5, Diff: 0.5, Sum: 1.5]
         [Termination Attempts: Min: 1, Avg: 1.0, Max: 1, Diff: 0, Sum: 4]
      [GC Worker Other (ms): Min: 0.1, Avg: 0.1, Max: 0.1, Diff: 0.0, Sum: 0.4]
      [GC Worker Total (ms): Min: 18.8, Avg: 18.9, Max: 19.0, Diff: 0.2, Sum: 75.4]
      [GC Worker End (ms): Min: 15683498.9, Avg: 15683499.1, Max: 15683499.2, Diff: 0.3]
   [Code Root Fixup: 0.0 ms]
   [Code Root Purge: 0.0 ms]
   [Clear CT: 1.2 ms]
   [Other: 7.6 ms]
      [Choose CSet: 0.0 ms]
      [Ref Proc: 4.5 ms]
      [Ref Enq: 0.1 ms]
      [Redirty Cards: 0.4 ms]
      [Humongous Register: 0.4 ms]
      [Humongous Reclaim: 0.1 ms]
      [Free CSet: 1.6 ms]
   [Eden: 607.0M(607.0M)->0.0B(338.0M) Survivors: 7168.0K->6144.0K Heap: 757.6M(1024.0M)->150.2M(1024.0M)]
 [Times: user=0.13 sys=0.00, real=0.02 secs] 
2021-03-16T20:13:06.915+0700: 17717.362: [GC pause (G1 Evacuation Pause) (young), 0.0240504 secs]
   [Parallel Time: 17.9 ms, GC Workers: 4]
      [GC Worker Start (ms): Min: 17717363.1, Avg: 17717363.2, Max: 17717363.3, Diff: 0.2]
      [Ext Root Scanning (ms): Min: 1.1, Avg: 1.3, Max: 1.6, Diff: 0.5, Sum: 5.4]
      [Update RS (ms): Min: 1.4, Avg: 1.6, Max: 1.8, Diff: 0.3, Sum: 6.3]
         [Processed Buffers: Min: 1, Avg: 10.0, Max: 22, Diff: 21, Sum: 40]
      [Scan RS (ms): Min: 0.3, Avg: 0.4, Max: 0.4, Diff: 0.2, Sum: 1.5]
      [Code Root Scanning (ms): Min: 0.1, Avg: 0.4, Max: 0.6, Diff: 0.4, Sum: 1.5]
      [Object Copy (ms): Min: 13.4, Avg: 13.4, Max: 13.5, Diff: 0.2, Sum: 53.7]
      [Termination (ms): Min: 0.0, Avg: 0.0, Max: 0.0, Diff: 0.0, Sum: 0.0]
         [Termination Attempts: Min: 1, Avg: 1.0, Max: 1, Diff: 0, Sum: 4]
      [GC Worker Other (ms): Min: 0.1, Avg: 0.3, Max: 0.5, Diff: 0.4, Sum: 1.1]
      [GC Worker Total (ms): Min: 17.2, Avg: 17.4, Max: 17.5, Diff: 0.3, Sum: 69.5]
      [GC Worker End (ms): Min: 17717380.4, Avg: 17717380.6, Max: 17717380.8, Diff: 0.4]
   [Code Root Fixup: 0.0 ms]
   [Code Root Purge: 0.0 ms]
   [Clear CT: 2.0 ms]
   [Other: 4.1 ms]
      [Choose CSet: 0.0 ms]
      [Ref Proc: 1.5 ms]
      [Ref Enq: 0.0 ms]
      [Redirty Cards: 0.5 ms]
      [Humongous Register: 0.5 ms]
      [Humongous Reclaim: 0.1 ms]
      [Free CSet: 0.9 ms]
   [Eden: 338.0M(338.0M)->0.0B(139.0M) Survivors: 6144.0K->5120.0K Heap: 488.2M(1024.0M)->149.2M(1024.0M)]
 [Times: user=0.03 sys=0.00, real=0.02 secs] 
2021-03-16T20:26:40.243+0700: 18530.691: [GC pause (G1 Evacuation Pause) (young), 0.0168564 secs]
   [Parallel Time: 12.9 ms, GC Workers: 4]
      [GC Worker Start (ms): Min: 18530691.4, Avg: 18530691.5, Max: 18530691.6, Diff: 0.2]
      [Ext Root Scanning (ms): Min: 1.2, Avg: 1.3, Max: 1.7, Diff: 0.5, Sum: 5.3]
      [Update RS (ms): Min: 1.5, Avg: 1.6, Max: 1.8, Diff: 0.3, Sum: 6.4]
         [Processed Buffers: Min: 1, Avg: 10.0, Max: 32, Diff: 31, Sum: 40]
      [Scan RS (ms): Min: 0.1, Avg: 0.2, Max: 0.2, Diff: 0.1, Sum: 0.6]
      [Code Root Scanning (ms): Min: 0.0, Avg: 0.2, Max: 0.4, Diff: 0.3, Sum: 0.9]
      [Object Copy (ms): Min: 8.8, Avg: 9.1, Max: 9.3, Diff: 0.6, Sum: 36.3]
      [Termination (ms): Min: 0.0, Avg: 0.0, Max: 0.0, Diff: 0.0, Sum: 0.0]
         [Termination Attempts: Min: 1, Avg: 1.0, Max: 1, Diff: 0, Sum: 4]
      [GC Worker Other (ms): Min: 0.1, Avg: 0.1, Max: 0.1, Diff: 0.0, Sum: 0.3]
      [GC Worker Total (ms): Min: 12.4, Avg: 12.5, Max: 12.6, Diff: 0.2, Sum: 49.9]
      [GC Worker End (ms): Min: 18530704.0, Avg: 18530704.0, Max: 18530704.0, Diff: 0.0]
   [Code Root Fixup: 0.0 ms]
   [Code Root Purge: 0.0 ms]
   [Clear CT: 0.4 ms]
   [Other: 3.6 ms]
      [Choose CSet: 0.0 ms]
      [Ref Proc: 1.7 ms]
      [Ref Enq: 0.0 ms]
      [Redirty Cards: 0.2 ms]
      [Humongous Register: 0.6 ms]
      [Humongous Reclaim: 0.0 ms]
      [Free CSet: 0.5 ms]
   [Eden: 139.0M(139.0M)->0.0B(252.0M) Survivors: 5120.0K->5120.0K Heap: 288.2M(1024.0M)->148.7M(1024.0M)]
 [Times: user=0.06 sys=0.00, real=0.01 secs] 
2021-03-16T20:51:51.388+0700: 20041.835: [GC pause (G1 Evacuation Pause) (young), 0.0088045 secs]
   [Parallel Time: 5.9 ms, GC Workers: 4]
      [GC Worker Start (ms): Min: 20041835.4, Avg: 20041835.5, Max: 20041835.5, Diff: 0.1]
      [Ext Root Scanning (ms): Min: 0.6, Avg: 0.8, Max: 1.4, Diff: 0.8, Sum: 3.4]
      [Update RS (ms): Min: 0.4, Avg: 0.8, Max: 0.9, Diff: 0.5, Sum: 3.0]
         [Processed Buffers: Min: 1, Avg: 10.2, Max: 28, Diff: 27, Sum: 41]
      [Scan RS (ms): Min: 0.1, Avg: 0.1, Max: 0.2, Diff: 0.1, Sum: 0.5]
      [Code Root Scanning (ms): Min: 0.0, Avg: 0.2, Max: 0.2, Diff: 0.2, Sum: 0.6]
      [Object Copy (ms): Min: 3.6, Avg: 3.6, Max: 3.8, Diff: 0.2, Sum: 14.6]
      [Termination (ms): Min: 0.0, Avg: 0.0, Max: 0.0, Diff: 0.0, Sum: 0.0]
         [Termination Attempts: Min: 1, Avg: 1.0, Max: 1, Diff: 0, Sum: 4]
      [GC Worker Other (ms): Min: 0.0, Avg: 0.1, Max: 0.1, Diff: 0.1, Sum: 0.3]
      [GC Worker Total (ms): Min: 5.5, Avg: 5.6, Max: 5.7, Diff: 0.1, Sum: 22.4]
      [GC Worker End (ms): Min: 20041841.0, Avg: 20041841.1, Max: 20041841.1, Diff: 0.1]
   [Code Root Fixup: 0.0 ms]
   [Code Root Purge: 0.0 ms]
   [Clear CT: 0.3 ms]
   [Other: 2.7 ms]
      [Choose CSet: 0.0 ms]
      [Ref Proc: 0.7 ms]
      [Ref Enq: 0.0 ms]
      [Redirty Cards: 0.9 ms]
      [Humongous Register: 0.3 ms]
      [Humongous Reclaim: 0.1 ms]
      [Free CSet: 0.4 ms]
   [Eden: 252.0M(252.0M)->0.0B(609.0M) Survivors: 5120.0K->5120.0K Heap: 400.7M(1024.0M)->148.7M(1024.0M)]
 [Times: user=0.03 sys=0.02, real=0.01 secs] 
2021-03-16T21:52:27.447+0700: 23677.894: [GC pause (G1 Evacuation Pause) (young), 0.0270125 secs]
   [Parallel Time: 18.9 ms, GC Workers: 4]
      [GC Worker Start (ms): Min: 23677895.2, Avg: 23677895.7, Max: 23677896.4, Diff: 1.2]
      [Ext Root Scanning (ms): Min: 0.7, Avg: 1.5, Max: 2.0, Diff: 1.3, Sum: 5.8]
      [Update RS (ms): Min: 1.5, Avg: 1.6, Max: 1.8, Diff: 0.3, Sum: 6.5]
         [Processed Buffers: Min: 3, Avg: 10.2, Max: 17, Diff: 14, Sum: 41]
      [Scan RS (ms): Min: 0.7, Avg: 0.8, Max: 0.8, Diff: 0.2, Sum: 3.0]
      [Code Root Scanning (ms): Min: 0.3, Avg: 0.5, Max: 0.6, Diff: 0.2, Sum: 1.9]
      [Object Copy (ms): Min: 13.0, Avg: 13.2, Max: 13.4, Diff: 0.4, Sum: 52.9]
      [Termination (ms): Min: 0.0, Avg: 0.2, Max: 0.2, Diff: 0.2, Sum: 0.7]
         [Termination Attempts: Min: 1, Avg: 1.0, Max: 1, Diff: 0, Sum: 4]
      [GC Worker Other (ms): Min: 0.1, Avg: 0.3, Max: 0.4, Diff: 0.3, Sum: 1.1]
      [GC Worker Total (ms): Min: 17.4, Avg: 18.0, Max: 18.6, Diff: 1.2, Sum: 72.0]
      [GC Worker End (ms): Min: 23677913.4, Avg: 23677913.7, Max: 23677913.8, Diff: 0.4]
   [Code Root Fixup: 0.0 ms]
   [Code Root Purge: 0.0 ms]
   [Clear CT: 2.6 ms]
   [Other: 5.5 ms]
      [Choose CSet: 0.0 ms]
      [Ref Proc: 2.3 ms]
      [Ref Enq: 0.0 ms]
      [Redirty Cards: 0.4 ms]
      [Humongous Register: 0.4 ms]
      [Humongous Reclaim: 0.1 ms]
      [Free CSet: 1.8 ms]
   [Eden: 609.0M(609.0M)->0.0B(242.0M) Survivors: 5120.0K->5120.0K Heap: 757.7M(1024.0M)->149.3M(1024.0M)]
 [Times: user=0.07 sys=0.06, real=0.03 secs] 
2021-03-16T22:16:30.2021-03-16T22:56:23.215+0700: 27506.811: [GC pause (G1 Evacuation Pause) (young), 0.0085105 secs]
   [Parallel Time: 5.2 ms, GC Workers: 4]
      [GC Worker Start (ms): Min: 27506811.5, Avg: 27506811.5, Max: 27506811.6, Diff: 0.1]
      [Ext Root Scanning (ms): Min: 0.6, Avg: 0.7, Max: 0.8, Diff: 0.2, Sum: 2.6]
      [Update RS (ms): Min: 0.3, Avg: 0.4, Max: 0.5, Diff: 0.2, Sum: 1.5]
         [Processed Buffers: Min: 1, Avg: 9.2, Max: 30, Diff: 29, Sum: 37]
      [Scan RS (ms): Min: 0.2, Avg: 0.2, Max: 0.3, Diff: 0.1, Sum: 0.8]
      [Code Root Scanning (ms): Min: 0.1, Avg: 0.2, Max: 0.2, Diff: 0.1, Sum: 0.7]
      [Object Copy (ms): Min: 3.5, Avg: 3.6, Max: 3.7, Diff: 0.2, Sum: 14.3]
      [Termination (ms): Min: 0.0, Avg: 0.0, Max: 0.0, Diff: 0.0, Sum: 0.0]
         [Termination Attempts: Min: 1, Avg: 1.0, Max: 1, Diff: 0, Sum: 4]
      [GC Worker Other (ms): Min: 0.0, Avg: 0.1, Max: 0.2, Diff: 0.1, Sum: 0.4]
      [GC Worker Total (ms): Min: 5.0, Avg: 5.1, Max: 5.2, Diff: 0.1, Sum: 20.4]
      [GC Worker End (ms): Min: 27506816.6, Avg: 27506816.6, Max: 27506816.7, Diff: 0.1]
   [Code Root Fixup: 0.0 ms]
   [Code Root Purge: 0.0 ms]
   [Clear CT: 0.8 ms]
   [Other: 2.5 ms]
      [Choose CSet: 0.0 ms]
      [Ref Proc: 1.2 ms]
      [Ref Enq: 0.0 ms]
      [Redirty Cards: 0.2 ms]
      [Humongous Register: 0.2 ms]
      [Humongous Reclaim: 0.0 ms]
      [Free CSet: 0.5 ms]
   [Eden: 412.0M(412.0M)->0.0B(610.0M) Survivors: 3072.0K->4096.0K Heap: 559.0M(1024.0M)->147.7M(1024.0M)]
 [Times: user=0.00 sys=0.02, real=0.01 secs] 
2021-03-17T09:40:47.725+0700: 66169.816: [GC pause (G1 Evacuation Pause) (young), 0.0422492 secs]
   [Parallel Time: 23.0 ms, GC Workers: 4]
      [GC Worker Start (ms): Min: 66169822.2, Avg: 66169827.9, Max: 66169834.3, Diff: 12.1]
      [Ext Root Scanning (ms): Min: 0.0, Avg: 0.8, Max: 3.1, Diff: 3.0, Sum: 3.2]
      [Update RS (ms): Min: 0.0, Avg: 0.5, Max: 1.1, Diff: 1.1, Sum: 2.1]
         [Processed Buffers: Min: 0, Avg: 12.0, Max: 37, Diff: 37, Sum: 48]
      [Scan RS (ms): Min: 0.1, Avg: 0.3, Max: 0.6, Diff: 0.5, Sum: 1.3]
      [Code Root Scanning (ms): Min: 0.0, Avg: 1.4, Max: 5.0, Diff: 5.0, Sum: 5.6]
      [Object Copy (ms): Min: 5.2, Avg: 8.7, Max: 11.6, Diff: 6.3, Sum: 34.9]
      [Termination (ms): Min: 0.0, Avg: 0.1, Max: 0.1, Diff: 0.1, Sum: 0.3]
         [Termination Attempts: Min: 1, Avg: 1.2, Max: 2, Diff: 1, Sum: 5]
      [GC Worker Other (ms): Min: 0.0, Avg: 0.1, Max: 0.1, Diff: 0.1, Sum: 0.3]
      [GC Worker Total (ms): Min: 5.5, Avg: 11.9, Max: 17.7, Diff: 12.2, Sum: 47.7]
      [GC Worker End (ms): Min: 66169839.8, Avg: 66169839.8, Max: 66169839.8, Diff: 0.1]
   [Code Root Fixup: 0.0 ms]
   [Code Root Purge: 0.0 ms]
   [Clear CT: 9.3 ms]
   [Other: 9.9 ms]
      [Choose CSet: 0.0 ms]
      [Ref Proc: 7.6 ms]
      [Ref Enq: 0.1 ms]
      [Redirty Cards: 0.2 ms]
      [Humongous Register: 0.3 ms]
      [Humongous Reclaim: 0.1 ms]
      [Free CSet: 1.1 ms]
   [Eden: 610.0M(610.0M)->0.0B(47104.0K) Survivors: 4096.0K->5120.0K Heap: 757.7M(1024.0M)->148.7M(1024.0M)]
 [Times: user=0.00 sys=0.03, real=0.05 secs] 
2021-03-17T09:40:55.695+0700: 66177.786: [GC pause (G1 Evacuation Pause) (young), 0.0190960 secs]
   [Parallel Time: 12.3 ms, GC Workers: 4]
      [GC Worker Start (ms): Min: 66177787.3, Avg: 66177791.7, Max: 66177797.3, Diff: 10.0]
      [Ext Root Scanning (ms): Min: 0.0, Avg: 0.6, Max: 2.1, Diff: 2.1, Sum: 2.5]
      [Update RS (ms): Min: 0.0, Avg: 0.6, Max: 1.2, Diff: 1.2, Sum: 2.3]
         [Processed Buffers: Min: 0, Avg: 7.0, Max: 26, Diff: 26, Sum: 28]
      [Scan RS (ms): Min: 0.0, Avg: 0.0, Max: 0.1, Diff: 0.1, Sum: 0.2]
      [Code Root Scanning (ms): Min: 0.0, Avg: 0.1, Max: 0.3, Diff: 0.3, Sum: 0.3]
      [Object Copy (ms): Min: 0.0, Avg: 3.7, Max: 6.4, Diff: 6.4, Sum: 14.7]
      [Termination (ms): Min: 0.0, Avg: 1.0, Max: 1.3, Diff: 1.3, Sum: 3.9]
         [Termination Attempts: Min: 1, Avg: 1.0, Max: 1, Diff: 0, Sum: 4]
      [GC Worker Other (ms): Min: 0.0, Avg: 0.0, Max: 0.1, Diff: 0.1, Sum: 0.1]
      [GC Worker Total (ms): Min: 0.1, Avg: 6.0, Max: 11.2, Diff: 11.0, Sum: 24.0]
      [GC Worker End (ms): Min: 66177797.4, Avg: 66177797.7, Max: 66177798.4, Diff: 1.0]
   [Code Root Fixup: 0.0 ms]
   [Code Root Purge: 0.0 ms]
   [Clear CT: 0.5 ms]
   [Other: 6.3 ms]
      [Choose CSet: 0.0 ms]
      [Ref Proc: 5.7 ms]
      [Ref Enq: 0.0 ms]
      [Redirty Cards: 0.1 ms]
      [Humongous Register: 0.1 ms]
      [Humongous Reclaim: 0.0 ms]
      [Free CSet: 0.1 ms]
   [Eden: 47104.0K(47104.0K)->0.0B(49152.0K) Survivors: 5120.0K->3072.0K Heap: 194.7M(1024.0M)->146.9M(1024.0M)]
 [Times: user=0.00 sys=0.00, real=0.02 secs] 
2021-03-17T09:41:23.229+0700: 66205.321: [GC pause (G1 Evacuation Pause) (young), 0.0076657 secs]
   [Parallel Time: 5.3 ms, GC Workers: 4]
      [GC Worker Start (ms): Min: 66205321.3, Avg: 66205323.2, Max: 66205325.3, Diff: 4.0]
      [Ext Root Scanning (ms): Min: 0.0, Avg: 0.9, Max: 2.0, Diff: 2.0, Sum: 3.5]
      [Update RS (ms): Min: 0.0, Avg: 0.5, Max: 1.0, Diff: 1.0, Sum: 1.9]
         [Processed Buffers: Min: 0, Avg: 8.8, Max: 30, Diff: 30, Sum: 35]
      [Scan RS (ms): Min: 0.0, Avg: 0.0, Max: 0.1, Diff: 0.1, Sum: 0.1]
      [Code Root Scanning (ms): Min: 0.0, Avg: 0.1, Max: 0.2, Diff: 0.2, Sum: 0.3]
      [Object Copy (ms): Min: 1.1, Avg: 1.7, Max: 2.1, Diff: 1.0, Sum: 6.9]
      [Termination (ms): Min: 0.0, Avg: 0.0, Max: 0.0, Diff: 0.0, Sum: 0.0]
         [Termination Attempts: Min: 1, Avg: 1.0, Max: 1, Diff: 0, Sum: 4]
      [GC Worker Other (ms): Min: 0.0, Avg: 0.0, Max: 0.0, Diff: 0.0, Sum: 0.1]
      [GC Worker Total (ms): Min: 1.1, Avg: 3.2, Max: 5.2, Diff: 4.0, Sum: 12.8]
      [GC Worker End (ms): Min: 66205326.4, Avg: 66205326.4, Max: 66205326.4, Diff: 0.0]
   [Code Root Fixup: 0.0 ms]
   [Code Root Purge: 0.0 ms]
   [Clear CT: 0.2 ms]
   [Other: 2.2 ms]
      [Choose CSet: 0.0 ms]
      [Ref Proc: 1.2 ms]
      [Ref Enq: 0.0 ms]
      [Redirty Cards: 0.2 ms]
      [Humongous Register: 0.4 ms]
      [Humongous Reclaim: 0.0 ms]
      [Free CSet: 0.1 ms]
   [Eden: 49152.0K(49152.0K)->0.0B(130.0M) Survivors: 3072.0K->3072.0K Heap: 194.9M(1024.0M)->147.0M(1024.0M)]
 [Times: user=0.00 sys=0.00, real=0.01 secs] 
2021-03-17T09:46:06.058+0700: 66488.149: [GC pause (G1 Evacuation Pause) (young), 0.0144279 secs]
   [Parallel Time: 9.2 ms, GC Workers: 4]
      [GC Worker Start (ms): Min: 66488149.3, Avg: 66488149.4, Max: 66488149.5, Diff: 0.2]
      [Ext Root Scanning (ms): Min: 1.5, Avg: 1.8, Max: 2.0, Diff: 0.4, Sum: 7.1]
      [Update RS (ms): Min: 0.9, Avg: 1.1, Max: 1.2, Diff: 0.3, Sum: 4.3]
         [Processed Buffers: Min: 1, Avg: 9.0, Max: 25, Diff: 24, Sum: 36]
      [Scan RS (ms): Min: 0.1, Avg: 0.1, Max: 0.2, Diff: 0.1, Sum: 0.5]
      [Code Root Scanning (ms): Min: 0.0, Avg: 0.2, Max: 0.4, Diff: 0.4, Sum: 0.7]
      [Object Copy (ms): Min: 5.2, Avg: 5.6, Max: 5.9, Diff: 0.6, Sum: 22.4]
      [Termination (ms): Min: 0.0, Avg: 0.0, Max: 0.0, Diff: 0.0, Sum: 0.0]
         [Termination Attempts: Min: 1, Avg: 1.0, Max: 1, Diff: 0, Sum: 4]
      [GC Worker Other (ms): Min: 0.1, Avg: 0.2, Max: 0.2, Diff: 0.2, Sum: 0.6]
      [GC Worker Total (ms): Min: 8.8, Avg: 8.9, Max: 9.1, Diff: 0.3, Sum: 35.7]
      [GC Worker End (ms): Min: 66488158.3, Avg: 66488158.4, Max: 66488158.4, Diff: 0.2]
   [Code Root Fixup: 0.0 ms]
   [Code Root Purge: 0.0 ms]
   [Clear CT: 0.6 ms]
   [Other: 4.6 ms]
      [Choose CSet: 0.0 ms]
      [Ref Proc: 3.0 ms]
      [Ref Enq: 0.0 ms]
      [Redirty Cards: 0.4 ms]
      [Humongous Register: 0.1 ms]
      [Humongous Reclaim: 0.1 ms]
      [Free CSet: 0.4 ms]
   [Eden: 130.0M(130.0M)->0.0B(306.0M) Survivors: 3072.0K->4096.0K Heap: 277.0M(1024.0M)->148.1M(1024.0M)]
 [Times: user=0.01 sys=0.01, real=0.01 secs] 
2021-03-17T12:09:05.546+0700: 75067.637: [GC pause (G1 Evacuation Pause) (young), 0.0649629 secs]
   [Parallel Time: 7.7 ms, GC Workers: 4]
      [GC Worker Start (ms): Min: 75067637.4, Avg: 75067639.4, Max: 75067644.4, Diff: 7.0]
      [Ext Root Scanning (ms): Min: 0.0, Avg: 1.5, Max: 2.3, Diff: 2.3, Sum: 6.1]
      [Update RS (ms): Min: 0.0, Avg: 0.7, Max: 1.0, Diff: 1.0, Sum: 2.8]
         [Processed Buffers: Min: 0, Avg: 10.2, Max: 31, Diff: 31, Sum: 41]
      [Scan RS (ms): Min: 0.1, Avg: 0.2, Max: 0.2, Diff: 0.1, Sum: 0.7]
      [Code Root Scanning (ms): Min: 0.0, Avg: 0.1, Max: 0.2, Diff: 0.2, Sum: 0.5]
      [Object Copy (ms): Min: 0.0, Avg: 2.4, Max: 3.2, Diff: 3.2, Sum: 9.5]
      [Termination (ms): Min: 0.0, Avg: 0.6, Max: 0.8, Diff: 0.8, Sum: 2.2]
         [Termination Attempts: Min: 1, Avg: 1.0, Max: 1, Diff: 0, Sum: 4]
      [GC Worker Other (ms): Min: 0.0, Avg: 0.0, Max: 0.0, Diff: 0.0, Sum: 0.1]
      [GC Worker Total (ms): Min: 0.2, Avg: 5.5, Max: 7.6, Diff: 7.4, Sum: 21.8]
      [GC Worker End (ms): Min: 75067644.6, Avg: 75067644.9, Max: 75067645.0, Diff: 0.5]
   [Code Root Fixup: 0.0 ms]
   [Code Root Purge: 0.0 ms]
   [Clear CT: 33.8 ms]
   [Other: 23.4 ms]
      [Choose CSet: 0.0 ms]
      [Ref Proc: 1.7 ms]
      [Ref Enq: 0.0 ms]
      [Redirty Cards: 16.1 ms]
      [Humongous Register: 0.3 ms]
      [Humongous Reclaim: 0.1 ms]
      [Free CSet: 3.3 ms]
   [Eden: 306.0M(306.0M)->0.0B(48128.0K) Survivors: 4096.0K->4096.0K Heap: 454.1M(1024.0M)->147.8M(1024.0M)]
 [Times: user=0.01 sys=0.00, real=0.07 secs] 
2021-03-17T12:13:46.081+0700: 75348.172: [GC pause (G1 Evacuation Pause) (young), 0.0113324 secs]
   [Parallel Time: 8.5 ms, GC Workers: 4]
      [GC Worker Start (ms): Min: 75348172.4, Avg: 75348172.5, Max: 75348172.6, Diff: 0.2]
      [Ext Root Scanning (ms): Min: 1.3, Avg: 1.4, Max: 1.6, Diff: 0.3, Sum: 5.6]
      [Update RS (ms): Min: 0.9, Avg: 1.1, Max: 1.2, Diff: 0.4, Sum: 4.5]
         [Processed Buffers: Min: 1, Avg: 10.0, Max: 37, Diff: 36, Sum: 40]
      [Scan RS (ms): Min: 0.0, Avg: 0.1, Max: 0.2, Diff: 0.2, Sum: 0.4]
      [Code Root Scanning (ms): Min: 0.0, Avg: 0.2, Max: 0.3, Diff: 0.3, Sum: 0.6]
      [Object Copy (ms): Min: 4.9, Avg: 5.1, Max: 5.5, Diff: 0.6, Sum: 20.5]
      [Termination (ms): Min: 0.0, Avg: 0.3, Max: 0.4, Diff: 0.4, Sum: 1.2]
         [Termination Attempts: Min: 1, Avg: 1.0, Max: 1, Diff: 0, Sum: 4]
      [GC Worker Other (ms): Min: 0.0, Avg: 0.1, Max: 0.1, Diff: 0.0, Sum: 0.2]
      [GC Worker Total (ms): Min: 8.1, Avg: 8.3, Max: 8.3, Diff: 0.2, Sum: 33.0]
      [GC Worker End (ms): Min: 75348180.7, Avg: 75348180.8, Max: 75348180.8, Diff: 0.1]
   [Code Root Fixup: 0.0 ms]
   [Code Root Purge: 0.0 ms]
   [Clear CT: 0.3 ms]
   [Other: 2.4 ms]
      [Choose CSet: 0.0 ms]
      [Ref Proc: 1.1 ms]
      [Ref Enq: 0.0 ms]
      [Redirty Cards: 0.5 ms]
      [Humongous Register: 0.1 ms]
      [Humongous Reclaim: 0.1 ms]
      [Free CSet: 0.2 ms]
   [Eden: 48128.0K(48128.0K)->0.0B(48128.0K) Survivors: 4096.0K->4096.0K Heap: 194.8M(1024.0M)->147.7M(1024.0M)]
 [Times: user=0.06 sys=0.00, real=0.01 secs] 
2021-03-17T12:26:01.079+0700: 76083.170: [GC pause (G1 Evacuation Pause) (young), 0.0050665 secs]
   [Parallel Time: 4.0 ms, GC Workers: 4]
      [GC Worker Start (ms): Min: 76083170.3, Avg: 76083171.3, Max: 76083174.2, Diff: 3.8]
      [Ext Root Scanning (ms): Min: 0.0, Avg: 0.5, Max: 0.7, Diff: 0.7, Sum: 2.0]
      [Update RS (ms): Min: 0.0, Avg: 0.4, Max: 0.7, Diff: 0.7, Sum: 1.7]
         [Processed Buffers: Min: 0, Avg: 9.0, Max: 18, Diff: 18, Sum: 36]
      [Scan RS (ms): Min: 0.0, Avg: 0.0, Max: 0.1, Diff: 0.1, Sum: 0.1]
      [Code Root Scanning (ms): Min: 0.0, Avg: 0.1, Max: 0.1, Diff: 0.1, Sum: 0.2]
      [Object Copy (ms): Min: 0.0, Avg: 1.8, Max: 2.4, Diff: 2.4, Sum: 7.1]
      [Termination (ms): Min: 0.0, Avg: 0.1, Max: 0.2, Diff: 0.2, Sum: 0.6]
         [Termination Attempts: Min: 1, Avg: 1.0, Max: 1, Diff: 0, Sum: 4]
      [GC Worker Other (ms): Min: 0.0, Avg: 0.0, Max: 0.0, Diff: 0.0, Sum: 0.1]
      [GC Worker Total (ms): Min: 0.1, Avg: 2.9, Max: 3.9, Diff: 3.9, Sum: 11.8]
      [GC Worker End (ms): Min: 76083174.3, Avg: 76083174.3, Max: 76083174.3, Diff: 0.0]
   [Code Root Fixup: 0.0 ms]
   [Code Root Purge: 0.0 ms]
   [Clear CT: 0.2 ms]
   [Other: 0.9 ms]
      [Choose CSet: 0.0 ms]
      [Ref Proc: 0.3 ms]
      [Ref Enq: 0.0 ms]
      [Redirty Cards: 0.2 ms]
      [Humongous Register: 0.0 ms]
      [Humongous Reclaim: 0.0 ms]
      [Free CSet: 0.1 ms]
   [Eden: 48128.0K(48128.0K)->0.0B(48128.0K) Survivors: 4096.0K->4096.0K Heap: 194.7M(1024.0M)->147.8M(1024.0M)]
 [Times: user=0.00 sys=0.00, real=0.00 secs] 
2021-03-17T12:38:18.602+0700: 76820.693: [GC pause (G1 Evacuation Pause) (young), 0.0118485 secs]
   [Parallel Time: 8.9 ms, GC Workers: 4]
      [GC Worker Start (ms): Min: 76820693.5, Avg: 76820693.6, Max: 76820693.7, Diff: 0.2]
      [Ext Root Scanning (ms): Min: 1.2, Avg: 1.6, Max: 1.9, Diff: 0.7, Sum: 6.3]
      [Update RS (ms): Min: 0.9, Avg: 1.8, Max: 3.8, Diff: 2.9, Sum: 7.1]
         [Processed Buffers: Min: 1, Avg: 9.0, Max: 33, Diff: 32, Sum: 36]
      [Scan RS (ms): Min: 0.0, Avg: 0.1, Max: 0.1, Diff: 0.1, Sum: 0.2]
      [Code Root Scanning (ms): Min: 0.0, Avg: 0.1, Max: 0.3, Diff: 0.3, Sum: 0.6]
      [Object Copy (ms): Min: 3.3, Avg: 4.7, Max: 5.5, Diff: 2.2, Sum: 18.6]
      [Termination (ms): Min: 0.0, Avg: 0.2, Max: 0.2, Diff: 0.2, Sum: 0.7]
         [Termination Attempts: Min: 1, Avg: 1.0, Max: 1, Diff: 0, Sum: 4]
      [GC Worker Other (ms): Min: 0.1, Avg: 0.1, Max: 0.1, Diff: 0.0, Sum: 0.3]
      [GC Worker Total (ms): Min: 8.4, Avg: 8.4, Max: 8.5, Diff: 0.2, Sum: 33.8]
      [GC Worker End (ms): Min: 76820702.0, Avg: 76820702.0, Max: 76820702.0, Diff: 0.1]
   [Code Root Fixup: 0.0 ms]
   [Code Root Purge: 0.0 ms]
   [Clear CT: 0.6 ms]
   [Other: 2.3 ms]
      [Choose CSet: 0.0 ms]
      [Ref Proc: 0.9 ms]
      [Ref Enq: 0.0 ms]
      [Redirty Cards: 0.6 ms]
      [Humongous Register: 0.1 ms]
      [Humongous Reclaim: 0.1 ms]
      [Free CSet: 0.2 ms]
   [Eden: 48128.0K(48128.0K)->0.0B(48128.0K) Survivors: 4096.0K->4096.0K Heap: 194.8M(1024.0M)->148.3M(1024.0M)]
 [Times: user=0.00 sys=0.02, real=0.01 secs] 
2021-03-17T12:50:29.104+0700: 77551.195: [GC pause (G1 Evacuation Pause) (young), 0.0111710 secs]
   [Parallel Time: 8.0 ms, GC Workers: 4]
      [GC Worker Start (ms): Min: 77551196.1, Avg: 77551196.2, Max: 77551196.3, Diff: 0.2]
      [Ext Root Scanning (ms): Min: 1.3, Avg: 1.4, Max: 1.6, Diff: 0.3, Sum: 5.7]
      [Update RS (ms): Min: 1.0, Avg: 1.1, Max: 1.2, Diff: 0.2, Sum: 4.4]
         [Processed Buffers: Min: 1, Avg: 9.2, Max: 13, Diff: 12, Sum: 37]
      [Scan RS (ms): Min: 0.0, Avg: 0.1, Max: 0.1, Diff: 0.1, Sum: 0.2]
      [Code Root Scanning (ms): Min: 0.0, Avg: 0.2, Max: 0.3, Diff: 0.3, Sum: 0.6]
      [Object Copy (ms): Min: 4.2, Avg: 4.4, Max: 4.8, Diff: 0.6, Sum: 17.6]
      [Termination (ms): Min: 0.0, Avg: 0.4, Max: 0.5, Diff: 0.5, Sum: 1.4]
         [Termination Attempts: Min: 1, Avg: 1.0, Max: 1, Diff: 0, Sum: 4]
      [GC Worker Other (ms): Min: 0.1, Avg: 0.1, Max: 0.1, Diff: 0.0, Sum: 0.2]
      [GC Worker Total (ms): Min: 7.4, Avg: 7.6, Max: 7.7, Diff: 0.3, Sum: 30.2]
      [GC Worker End (ms): Min: 77551203.7, Avg: 77551203.8, Max: 77551203.9, Diff: 0.2]
   [Code Root Fixup: 0.0 ms]
   [Code Root Purge: 0.0 ms]
   [Clear CT: 0.3 ms]
   [Other: 2.8 ms]
      [Choose CSet: 0.0 ms]
      [Ref Proc: 0.8 ms]
      [Ref Enq: 0.0 ms]
      [Redirty Cards: 0.5 ms]
      [Humongous Register: 0.7 ms]
      [Humongous Reclaim: 0.1 ms]
      [Free CSet: 0.2 ms]
   [Eden: 48128.0K(48128.0K)->0.0B(86016.0K) Survivors: 4096.0K->4096.0K Heap: 195.3M(1024.0M)->147.7M(1024.0M)]
 [Times: user=0.00 sys=0.00, real=0.01 secs] 
2021-03-17T13:11:49.044+0700: 78831.135: [GC pause (G1 Evacuation Pause) (young), 0.0129519 secs]
   [Parallel Time: 8.4 ms, GC Workers: 4]
      [GC Worker Start (ms): Min: 78831136.4, Avg: 78831136.5, Max: 78831136.6, Diff: 0.2]
      [Ext Root Scanning (ms): Min: 1.2, Avg: 1.3, Max: 1.6, Diff: 0.4, Sum: 5.4]
      [Update RS (ms): Min: 1.2, Avg: 1.3, Max: 1.4, Diff: 0.2, Sum: 5.1]
         [Processed Buffers: Min: 1, Avg: 10.2, Max: 19, Diff: 18, Sum: 41]
      [Scan RS (ms): Min: 0.1, Avg: 0.1, Max: 0.1, Diff: 0.0, Sum: 0.4]
      [Code Root Scanning (ms): Min: 0.1, Avg: 0.2, Max: 0.3, Diff: 0.3, Sum: 0.7]
      [Object Copy (ms): Min: 4.6, Avg: 4.7, Max: 4.8, Diff: 0.2, Sum: 18.9]
      [Termination (ms): Min: 0.0, Avg: 0.3, Max: 0.5, Diff: 0.5, Sum: 1.3]
         [Termination Attempts: Min: 1, Avg: 1.0, Max: 1, Diff: 0, Sum: 4]
      [GC Worker Other (ms): Min: 0.1, Avg: 0.1, Max: 0.1, Diff: 0.0, Sum: 0.3]
      [GC Worker Total (ms): Min: 7.9, Avg: 8.0, Max: 8.1, Diff: 0.2, Sum: 32.0]
      [GC Worker End (ms): Min: 78831144.4, Avg: 78831144.5, Max: 78831144.6, Diff: 0.2]
   [Code Root Fixup: 0.0 ms]
   [Code Root Purge: 0.1 ms]
   [Clear CT: 0.7 ms]
   [Other: 3.7 ms]
      [Choose CSet: 0.0 ms]
      [Ref Proc: 1.5 ms]
      [Ref Enq: 0.0 ms]
      [Redirty Cards: 0.6 ms]
      [Humongous Register: 0.6 ms]
      [Humongous Reclaim: 0.1 ms]
      [Free CSet: 0.2 ms]
   [Eden: 86016.0K(86016.0K)->0.0B(246.0M) Survivors: 4096.0K->4096.0K Heap: 231.7M(1024.0M)->148.2M(1024.0M)]
 [Times: user=0.01 sys=0.00, real=0.02 secs] 
2021-03-17T14:16:04.505+0700: 82686.597: [GC pause (G1 Evacuation Pause) (young), 0.0152366 secs]
   [Parallel Time: 9.7 ms, GC Workers: 4]
      [GC Worker Start (ms): Min: 82686597.5, Avg: 82686597.6, Max: 82686597.7, Diff: 0.2]
      [Ext Root Scanning (ms): Min: 1.4, Avg: 1.5, Max: 1.9, Diff: 0.4, Sum: 6.2]
      [Update RS (ms): Min: 1.5, Avg: 1.6, Max: 1.7, Diff: 0.2, Sum: 6.4]
         [Processed Buffers: Min: 1, Avg: 9.5, Max: 19, Diff: 18, Sum: 38]
      [Scan RS (ms): Min: 0.2, Avg: 0.3, Max: 0.3, Diff: 0.1, Sum: 1.1]
      [Code Root Scanning (ms): Min: 0.2, Avg: 0.4, Max: 0.7, Diff: 0.5, Sum: 1.5]
      [Object Copy (ms): Min: 5.1, Avg: 5.3, Max: 5.5, Diff: 0.4, Sum: 21.1]
      [Termination (ms): Min: 0.0, Avg: 0.0, Max: 0.0, Diff: 0.0, Sum: 0.1]
         [Termination Attempts: Min: 1, Avg: 1.0, Max: 1, Diff: 0, Sum: 4]
      [GC Worker Other (ms): Min: 0.1, Avg: 0.1, Max: 0.1, Diff: 0.0, Sum: 0.3]
      [GC Worker Total (ms): Min: 9.1, Avg: 9.2, Max: 9.3, Diff: 0.2, Sum: 36.8]
      [GC Worker End (ms): Min: 82686606.8, Avg: 82686606.8, Max: 82686606.8, Diff: 0.0]
   [Code Root Fixup: 0.0 ms]
   [Code Root Purge: 0.0 ms]
   [Clear CT: 1.2 ms]
   [Other: 4.3 ms]
      [Choose CSet: 0.0 ms]
      [Ref Proc: 1.6 ms]
      [Ref Enq: 0.1 ms]
      [Redirty Cards: 0.5 ms]
      [Humongous Register: 0.6 ms]
      [Humongous Reclaim: 0.1 ms]
      [Free CSet: 0.8 ms]
   [Eden: 246.0M(246.0M)->0.0B(308.0M) Survivors: 4096.0K->3072.0K Heap: 394.2M(1024.0M)->147.2M(1024.0M)]
 [Times: user=0.06 sys=0.00, real=0.02 secs] 
2021-03-17T15:37:47.955+0700: 87590.046: [GC pause (G1 Evacuation Pause) (young), 0.0201609 secs]
   [Parallel Time: 11.5 ms, GC Workers: 4]
      [GC Worker Start (ms): Min: 87590047.1, Avg: 87590047.2, Max: 87590047.3, Diff: 0.3]
      [Ext Root Scanning (ms): Min: 1.1, Avg: 1.4, Max: 1.8, Diff: 0.6, Sum: 5.7]
      [Update RS (ms): Min: 1.2, Avg: 1.4, Max: 1.5, Diff: 0.3, Sum: 5.4]
         [Processed Buffers: Min: 4, Avg: 10.8, Max: 14, Diff: 10, Sum: 43]
      [Scan RS (ms): Min: 0.3, Avg: 0.3, Max: 0.4, Diff: 0.1, Sum: 1.3]
      [Code Root Scanning (ms): Min: 0.2, Avg: 0.4, Max: 0.8, Diff: 0.7, Sum: 1.6]
      [Object Copy (ms): Min: 7.0, Avg: 7.5, Max: 7.8, Diff: 0.7, Sum: 30.0]
      [Termination (ms): Min: 0.0, Avg: 0.0, Max: 0.0, Diff: 0.0, Sum: 0.0]
         [Termination Attempts: Min: 1, Avg: 1.0, Max: 1, Diff: 0, Sum: 4]
      [GC Worker Other (ms): Min: 0.1, Avg: 0.1, Max: 0.3, Diff: 0.2, Sum: 0.6]
      [GC Worker Total (ms): Min: 11.0, Avg: 11.2, Max: 11.3, Diff: 0.3, Sum: 44.6]
      [GC Worker End (ms): Min: 87590058.3, Avg: 87590058.3, Max: 87590058.4, Diff: 0.1]
   [Code Root Fixup: 0.0 ms]
   [Code Root Purge: 0.0 ms]
   [Clear CT: 1.6 ms]
   [Other: 7.0 ms]
      [Choose CSet: 0.0 ms]
      [Ref Proc: 4.1 ms]
      [Ref Enq: 0.0 ms]
      [Redirty Cards: 0.6 ms]
      [Humongous Register: 0.6 ms]
      [Humongous Reclaim: 0.1 ms]
      [Free CSet: 0.9 ms]
   [Eden: 308.0M(308.0M)->0.0B(185.0M) Survivors: 3072.0K->3072.0K Heap: 455.2M(1024.0M)->147.3M(1024.0M)]
 [Times: user=0.05 sys=0.00, real=0.02 secs] 
2021-03-17T16:26:10.426+0700: 90492.517: [GC pause (G1 Evacuation Pause) (young), 0.0071616 secs]
   [Parallel Time: 4.6 ms, GC Workers: 4]
      [GC Worker Start (ms): Min: 90492517.5, Avg: 90492518.6, Max: 90492521.9, Diff: 4.4]
      [Ext Root Scanning (ms): Min: 0.0, Avg: 0.6, Max: 0.9, Diff: 0.9, Sum: 2.5]
      [Update RS (ms): Min: 0.0, Avg: 0.5, Max: 0.9, Diff: 0.9, Sum: 2.1]
         [Processed Buffers: Min: 0, Avg: 9.0, Max: 29, Diff: 29, Sum: 36]
      [Scan RS (ms): Min: 0.0, Avg: 0.1, Max: 0.1, Diff: 0.1, Sum: 0.4]
      [Code Root Scanning (ms): Min: 0.0, Avg: 0.1, Max: 0.2, Diff: 0.2, Sum: 0.4]
      [Object Copy (ms): Min: 0.0, Avg: 1.9, Max: 2.6, Diff: 2.6, Sum: 7.4]
      [Termination (ms): Min: 0.0, Avg: 0.2, Max: 0.2, Diff: 0.2, Sum: 0.7]
         [Termination Attempts: Min: 1, Avg: 1.0, Max: 1, Diff: 0, Sum: 4]
      [GC Worker Other (ms): Min: 0.0, Avg: 0.0, Max: 0.0, Diff: 0.0, Sum: 0.1]
      [GC Worker Total (ms): Min: 0.1, Avg: 3.4, Max: 4.5, Diff: 4.4, Sum: 13.5]
      [GC Worker End (ms): Min: 90492522.0, Avg: 90492522.0, Max: 90492522.0, Diff: 0.0]
   [Code Root Fixup: 0.0 ms]
   [Code Root Purge: 0.0 ms]
   [Clear CT: 0.7 ms]
   [Other: 1.8 ms]
      [Choose CSet: 0.0 ms]
      [Ref Proc: 0.6 ms]
      [Ref Enq: 0.0 ms]
      [Redirty Cards: 0.3 ms]
      [Humongous Register: 0.3 ms]
      [Humongous Reclaim: 0.0 ms]
      [Free CSet: 0.4 ms]
   [Eden: 185.0M(185.0M)->0.0B(610.0M) Survivors: 3072.0K->4096.0K Heap: 332.3M(1024.0M)->147.9M(1024.0M)]
 [Times: user=0.05 sys=0.00, real=0.01 secs] 
2021-03-17T19:31:31.083+0700: 101613.174: [GC pause (G1 Evacuation Pause) (young), 0.0223593 secs]
   [Parallel Time: 10.5 ms, GC Workers: 4]
      [GC Worker Start (ms): Min: 101613175.3, Avg: 101613177.0, Max: 101613181.3, Diff: 6.0]
      [Ext Root Scanning (ms): Min: 0.0, Avg: 1.4, Max: 3.4, Diff: 3.3, Sum: 5.5]
      [Update RS (ms): Min: 0.0, Avg: 0.5, Max: 1.0, Diff: 1.0, Sum: 1.9]
         [Processed Buffers: Min: 0, Avg: 11.0, Max: 38, Diff: 38, Sum: 44]
      [Scan RS (ms): Min: 0.1, Avg: 1.4, Max: 3.3, Diff: 3.3, Sum: 5.6]
      [Code Root Scanning (ms): Min: 0.0, Avg: 0.3, Max: 1.0, Diff: 1.0, Sum: 1.4]
      [Object Copy (ms): Min: 3.2, Avg: 4.1, Max: 4.8, Diff: 1.6, Sum: 16.2]
      [Termination (ms): Min: 0.0, Avg: 0.7, Max: 1.0, Diff: 1.0, Sum: 2.7]
         [Termination Attempts: Min: 1, Avg: 1.0, Max: 1, Diff: 0, Sum: 4]
      [GC Worker Other (ms): Min: 0.0, Avg: 0.1, Max: 0.1, Diff: 0.1, Sum: 0.2]
      [GC Worker Total (ms): Min: 3.6, Avg: 8.4, Max: 10.3, Diff: 6.7, Sum: 33.5]
      [GC Worker End (ms): Min: 101613184.9, Avg: 101613185.4, Max: 101613185.6, Diff: 0.7]
   [Code Root Fixup: 0.0 ms]
   [Code Root Purge: 0.0 ms]
   [Clear CT: 1.7 ms]
   [Other: 10.1 ms]
      [Choose CSet: 0.0 ms]
      [Ref Proc: 5.9 ms]
      [Ref Enq: 0.0 ms]
      [Redirty Cards: 0.2 ms]
      [Humongous Register: 0.3 ms]
      [Humongous Reclaim: 0.1 ms]
      [Free CSet: 2.6 ms]
   [Eden: 610.0M(610.0M)->0.0B(469.0M) Survivors: 4096.0K->3072.0K Heap: 757.9M(1024.0M)->147.2M(1024.0M)]
 [Times: user=0.03 sys=0.03, real=0.02 secs] 
2021-03-17T22:07:17.998+0700: 110960.090: [GC pause (G1 Evacuation Pause) (young), 0.0872749 secs]
   [Parallel Time: 35.4 ms, GC Workers: 4]
      [GC Worker Start (ms): Min: 110960092.9, Avg: 110960108.1, Max: 110960122.7, Diff: 29.8]
      [Ext Root Scanning (ms): Min: 0.0, Avg: 1.0, Max: 3.7, Diff: 3.7, Sum: 4.2]
      [Update RS (ms): Min: 0.0, Avg: 3.2, Max: 9.3, Diff: 9.3, Sum: 12.8]
         [Processed Buffers: Min: 0, Avg: 11.5, Max: 45, Diff: 45, Sum: 46]
      [Scan RS (ms): Min: 0.1, Avg: 2.1, Max: 4.7, Diff: 4.6, Sum: 8.5]
      [Code Root Scanning (ms): Min: 0.0, Avg: 0.2, Max: 0.9, Diff: 0.9, Sum: 0.9]
      [Object Copy (ms): Min: 0.0, Avg: 5.9, Max: 13.7, Diff: 13.6, Sum: 23.4]
      [Termination (ms): Min: 0.0, Avg: 2.8, Max: 4.4, Diff: 4.4, Sum: 11.2]
         [Termination Attempts: Min: 1, Avg: 1.2, Max: 2, Diff: 1, Sum: 5]
      [GC Worker Other (ms): Min: 0.0, Avg: 0.2, Max: 0.7, Diff: 0.7, Sum: 0.9]
      [GC Worker Total (ms): Min: 0.2, Avg: 15.5, Max: 31.5, Diff: 31.3, Sum: 61.9]
      [GC Worker End (ms): Min: 110960122.9, Avg: 110960123.6, Max: 110960124.4, Diff: 1.5]
   [Code Root Fixup: 0.0 ms]
   [Code Root Purge: 0.0 ms]
   [Clear CT: 36.3 ms]
   [Other: 15.5 ms]
      [Choose CSet: 0.0 ms]
      [Ref Proc: 10.8 ms]
      [Ref Enq: 0.0 ms]
      [Redirty Cards: 2.4 ms]
      [Humongous Register: 0.2 ms]
      [Humongous Reclaim: 0.1 ms]
      [Free CSet: 1.7 ms]
   [Eden: 469.0M(469.0M)->0.0B(48128.0K) Survivors: 3072.0K->4096.0K Heap: 616.2M(1024.0M)->147.9M(1024.0M)]
 [Times: user=0.05 sys=0.00, real=0.08 secs] 
2021-03-17T22:16:41.081+0700: 111523.173: [GC pause (G1 Evacuation Pause) (young), 0.0294091 secs]
   [Parallel Time: 15.7 ms, GC Workers: 4]
      [GC Worker Start (ms): Min: 111523173.4, Avg: 111523180.2, Max: 111523186.0, Diff: 12.6]
      [Ext Root Scanning (ms): Min: 0.0, Avg: 1.7, Max: 5.6, Diff: 5.5, Sum: 6.7]
      [Update RS (ms): Min: 0.0, Avg: 0.5, Max: 1.1, Diff: 1.1, Sum: 2.2]
         [Processed Buffers: Min: 0, Avg: 10.0, Max: 24, Diff: 24, Sum: 40]
      [Scan RS (ms): Min: 0.0, Avg: 0.0, Max: 0.1, Diff: 0.1, Sum: 0.1]
      [Code Root Scanning (ms): Min: 0.0, Avg: 0.1, Max: 0.5, Diff: 0.5, Sum: 0.6]
      [Object Copy (ms): Min: 0.0, Avg: 2.8, Max: 4.7, Diff: 4.7, Sum: 11.3]
      [Termination (ms): Min: 0.0, Avg: 1.1, Max: 1.6, Diff: 1.6, Sum: 4.5]
         [Termination Attempts: Min: 1, Avg: 1.0, Max: 1, Diff: 0, Sum: 4]
      [GC Worker Other (ms): Min: 0.0, Avg: 0.0, Max: 0.1, Diff: 0.0, Sum: 0.1]
      [GC Worker Total (ms): Min: 1.4, Avg: 6.4, Max: 12.9, Diff: 11.5, Sum: 25.5]
      [GC Worker End (ms): Min: 111523186.3, Avg: 111523186.6, Max: 111523187.5, Diff: 1.2]
   [Code Root Fixup: 0.0 ms]
   [Code Root Purge: 0.0 ms]
   [Clear CT: 4.2 ms]
   [Other: 9.5 ms]
      [Choose CSet: 0.0 ms]
      [Ref Proc: 4.4 ms]
      [Ref Enq: 0.0 ms]
      [Redirty Cards: 4.0 ms]
      [Humongous Register: 0.3 ms]
      [Humongous Reclaim: 0.1 ms]
      [Free CSet: 0.2 ms]
   [Eden: 48128.0K(48128.0K)->0.0B(49152.0K) Survivors: 4096.0K->3072.0K Heap: 194.9M(1024.0M)->147.6M(1024.0M)]
 [Times: user=0.01 sys=0.00, real=0.03 secs] 
2021-03-17T22:29:15.043+0700: 112277.135: [GC pause (G1 Evacuation Pause) (young), 0.0117651 secs]
   [Parallel Time: 8.3 ms, GC Workers: 4]
      [GC Worker Start (ms): Min: 112277135.7, Avg: 112277135.8, Max: 112277135.9, Diff: 0.2]
      [Ext Root Scanning (ms): Min: 1.5, Avg: 1.6, Max: 1.8, Diff: 0.3, Sum: 6.4]
      [Update RS (ms): Min: 1.0, Avg: 1.3, Max: 1.5, Diff: 0.4, Sum: 5.2]
         [Processed Buffers: Min: 1, Avg: 9.2, Max: 34, Diff: 33, Sum: 37]
      [Scan RS (ms): Min: 0.0, Avg: 0.1, Max: 0.2, Diff: 0.2, Sum: 0.2]
      [Code Root Scanning (ms): Min: 0.0, Avg: 0.1, Max: 0.5, Diff: 0.5, Sum: 0.5]
      [Object Copy (ms): Min: 4.4, Avg: 4.6, Max: 4.7, Diff: 0.3, Sum: 18.4]
      [Termination (ms): Min: 0.0, Avg: 0.0, Max: 0.0, Diff: 0.0, Sum: 0.0]
         [Termination Attempts: Min: 1, Avg: 1.0, Max: 1, Diff: 0, Sum: 4]
      [GC Worker Other (ms): Min: 0.1, Avg: 0.1, Max: 0.3, Diff: 0.2, Sum: 0.6]
      [GC Worker Total (ms): Min: 7.7, Avg: 7.8, Max: 7.9, Diff: 0.2, Sum: 31.3]
      [GC Worker End (ms): Min: 112277143.5, Avg: 112277143.6, Max: 112277143.7, Diff: 0.2]
   [Code Root Fixup: 0.0 ms]
   [Code Root Purge: 0.0 ms]
   [Clear CT: 0.3 ms]
   [Other: 3.2 ms]
      [Choose CSet: 0.0 ms]
      [Ref Proc: 1.1 ms]
      [Ref Enq: 0.0 ms]
      [Redirty Cards: 0.4 ms]
      [Humongous Register: 0.7 ms]
      [Humongous Reclaim: 0.1 ms]
      [Free CSet: 0.2 ms]
   [Eden: 49152.0K(49152.0K)->0.0B(48128.0K) Survivors: 3072.0K->4096.0K Heap: 195.6M(1024.0M)->148.1M(1024.0M)]
 [Times: user=0.02 sys=0.00, real=0.01 secs] 
2021-03-17T22:41:41.080+0700: 113023.172: [GC pause (G1 Evacuation Pause) (young), 0.0140115 secs]
   [Parallel Time: 7.2 ms, GC Workers: 4]
      [GC Worker Start (ms): Min: 113023172.3, Avg: 113023173.0, Max: 113023173.7, Diff: 1.3]
      [Ext Root Scanning (ms): Min: 0.6, Avg: 1.3, Max: 2.0, Diff: 1.3, Sum: 5.2]
      [Update RS (ms): Min: 0.8, Avg: 0.8, Max: 0.9, Diff: 0.1, Sum: 3.2]
         [Processed Buffers: Min: 2, Avg: 9.5, Max: 20, Diff: 18, Sum: 38]
      [Scan RS (ms): Min: 0.0, Avg: 0.0, Max: 0.1, Diff: 0.1, Sum: 0.2]
      [Code Root Scanning (ms): Min: 0.0, Avg: 0.2, Max: 0.6, Diff: 0.6, Sum: 1.0]
      [Object Copy (ms): Min: 2.7, Avg: 3.1, Max: 3.2, Diff: 0.5, Sum: 12.3]
      [Termination (ms): Min: 0.0, Avg: 0.6, Max: 0.8, Diff: 0.8, Sum: 2.2]
         [Termination Attempts: Min: 1, Avg: 1.0, Max: 1, Diff: 0, Sum: 4]
      [GC Worker Other (ms): Min: 0.0, Avg: 0.1, Max: 0.1, Diff: 0.1, Sum: 0.3]
      [GC Worker Total (ms): Min: 5.0, Avg: 6.1, Max: 6.9, Diff: 1.9, Sum: 24.3]
      [GC Worker End (ms): Min: 113023178.6, Avg: 113023179.1, Max: 113023179.3, Diff: 0.6]
   [Code Root Fixup: 0.0 ms]
   [Code Root Purge: 0.0 ms]
   [Clear CT: 2.7 ms]
   [Other: 4.2 ms]
      [Choose CSet: 0.0 ms]
      [Ref Proc: 1.9 ms]
      [Ref Enq: 0.0 ms]
      [Redirty Cards: 0.2 ms]
      [Humongous Register: 0.5 ms]
      [Humongous Reclaim: 0.1 ms]
      [Free CSet: 0.1 ms]
   [Eden: 48128.0K(48128.0K)->0.0B(49152.0K) Survivors: 4096.0K->3072.0K Heap: 195.1M(1024.0M)->147.5M(1024.0M)]
 [Times: user=0.06 sys=0.00, real=0.01 secs] 
2021-03-17T22:54:21.079+0700: 113783.171: [GC pause (G1 Evacuation Pause) (young), 0.0135326 secs]
   [Parallel Time: 9.5 ms, GC Workers: 4]
      [GC Worker Start (ms): Min: 113783171.8, Avg: 113783172.0, Max: 113783172.3, Diff: 0.5]
      [Ext Root Scanning (ms): Min: 1.3, Avg: 1.6, Max: 2.0, Diff: 0.7, Sum: 6.2]
      [Update RS (ms): Min: 0.7, Avg: 0.8, Max: 1.0, Diff: 0.3, Sum: 3.3]
         [Processed Buffers: Min: 1, Avg: 8.8, Max: 18, Diff: 17, Sum: 35]
      [Scan RS (ms): Min: 0.0, Avg: 0.1, Max: 0.1, Diff: 0.1, Sum: 0.3]
      [Code Root Scanning (ms): Min: 0.0, Avg: 0.1, Max: 0.4, Diff: 0.4, Sum: 0.6]
      [Object Copy (ms): Min: 5.0, Avg: 5.4, Max: 5.7, Diff: 0.7, Sum: 21.6]
      [Termination (ms): Min: 0.0, Avg: 0.4, Max: 1.0, Diff: 1.0, Sum: 1.5]
         [Termination Attempts: Min: 1, Avg: 1.0, Max: 1, Diff: 0, Sum: 4]
      [GC Worker Other (ms): Min: 0.1, Avg: 0.1, Max: 0.1, Diff: 0.1, Sum: 0.3]
      [GC Worker Total (ms): Min: 8.0, Avg: 8.4, Max: 9.1, Diff: 1.1, Sum: 33.8]
      [GC Worker End (ms): Min: 113783180.2, Avg: 113783180.4, Max: 113783181.0, Diff: 0.8]
   [Code Root Fixup: 0.0 ms]
   [Code Root Purge: 0.0 ms]
   [Clear CT: 0.6 ms]
   [Other: 3.4 ms]
      [Choose CSet: 0.0 ms]
      [Ref Proc: 1.3 ms]
      [Ref Enq: 0.0 ms]
      [Redirty Cards: 0.4 ms]
      [Humongous Register: 0.7 ms]
      [Humongous Reclaim: 0.1 ms]
      [Free CSet: 0.3 ms]
   [Eden: 49152.0K(49152.0K)->0.0B(48128.0K) Survivors: 3072.0K->4096.0K Heap: 195.5M(1024.0M)->148.1M(1024.0M)]
 [Times: user=0.06 sys=0.00, real=0.01 secs] 
2021-03-17T23:06:47.787+0700: 114529.878: [GC pause (G1 Evacuation Pause) (young), 0.0119108 secs]
   [Parallel Time: 8.4 ms, GC Workers: 4]
      [GC Worker Start (ms): Min: 114529879.2, Avg: 114529879.5, Max: 114529879.8, Diff: 0.6]
      [Ext Root Scanning (ms): Min: 1.1, Avg: 1.5, Max: 1.8, Diff: 0.7, Sum: 6.0]
      [Update RS (ms): Min: 0.8, Avg: 0.8, Max: 1.0, Diff: 0.2, Sum: 3.4]
         [Processed Buffers: Min: 1, Avg: 9.0, Max: 29, Diff: 28, Sum: 36]
      [Scan RS (ms): Min: 0.0, Avg: 0.1, Max: 0.1, Diff: 0.1, Sum: 0.2]
      [Code Root Scanning (ms): Min: 0.0, Avg: 0.1, Max: 0.2, Diff: 0.2, Sum: 0.5]
      [Object Copy (ms): Min: 4.8, Avg: 4.9, Max: 5.0, Diff: 0.3, Sum: 19.6]
      [Termination (ms): Min: 0.0, Avg: 0.0, Max: 0.0, Diff: 0.0, Sum: 0.0]
         [Termination Attempts: Min: 1, Avg: 1.0, Max: 1, Diff: 0, Sum: 4]
      [GC Worker Other (ms): Min: 0.1, Avg: 0.1, Max: 0.3, Diff: 0.3, Sum: 0.5]
      [GC Worker Total (ms): Min: 7.4, Avg: 7.6, Max: 7.7, Diff: 0.3, Sum: 30.3]
      [GC Worker End (ms): Min: 114529887.0, Avg: 114529887.1, Max: 114529887.2, Diff: 0.3]
   [Code Root Fixup: 0.0 ms]
   [Code Root Purge: 0.0 ms]
   [Clear CT: 0.7 ms]
   [Other: 2.8 ms]
      [Choose CSet: 0.0 ms]
      [Ref Proc: 0.8 ms]
      [Ref Enq: 0.0 ms]
      [Redirty Cards: 0.4 ms]
      [Humongous Register: 0.7 ms]
      [Humongous Reclaim: 0.1 ms]
      [Free CSet: 0.2 ms]
   [Eden: 48128.0K(48128.0K)->0.0B(48128.0K) Survivors: 4096.0K->4096.0K Heap: 195.1M(1024.0M)->148.1M(1024.0M)]
 [Times: user=0.06 sys=0.00, real=0.01 secs] 
2021-03-17T23:18:38.952+0700: 115241.044: [GC pause (G1 Evacuation Pause) (young), 0.0039123 secs]
   [Parallel Time: 2.8 ms, GC Workers: 4]
      [GC Worker Start (ms): Min: 115241043.8, Avg: 115241043.9, Max: 115241043.9, Diff: 0.1]
      [Ext Root Scanning (ms): Min: 0.5, Avg: 0.5, Max: 0.6, Diff: 0.1, Sum: 2.1]
      [Update RS (ms): Min: 0.3, Avg: 0.3, Max: 0.4, Diff: 0.1, Sum: 1.3]
         [Processed Buffers: Min: 2, Avg: 9.5, Max: 24, Diff: 22, Sum: 38]
      [Scan RS (ms): Min: 0.0, Avg: 0.0, Max: 0.0, Diff: 0.0, Sum: 0.1]
      [Code Root Scanning (ms): Min: 0.0, Avg: 0.0, Max: 0.1, Diff: 0.1, Sum: 0.2]
      [Object Copy (ms): Min: 1.7, Avg: 1.7, Max: 1.8, Diff: 0.1, Sum: 6.9]
      [Termination (ms): Min: 0.0, Avg: 0.0, Max: 0.0, Diff: 0.0, Sum: 0.0]
         [Termination Attempts: Min: 1, Avg: 1.0, Max: 1, Diff: 0, Sum: 4]
      [GC Worker Other (ms): Min: 0.0, Avg: 0.0, Max: 0.0, Diff: 0.0, Sum: 0.1]
      [GC Worker Total (ms): Min: 2.6, Avg: 2.7, Max: 2.7, Diff: 0.1, Sum: 10.7]
      [GC Worker End (ms): Min: 115241046.5, Avg: 115241046.5, Max: 115241046.5, Diff: 0.0]
   [Code Root Fixup: 0.0 ms]
   [Code Root Purge: 0.0 ms]
   [Clear CT: 0.1 ms]
   [Other: 1.0 ms]
      [Choose CSet: 0.0 ms]
      [Ref Proc: 0.3 ms]
      [Ref Enq: 0.0 ms]
      [Redirty Cards: 0.2 ms]
      [Humongous Register: 0.1 ms]
      [Humongous Reclaim: 0.1 ms]
      [Free CSet: 0.1 ms]
   [Eden: 48128.0K(48128.0K)->0.0B(94208.0K) Survivors: 4096.0K->3072.0K Heap: 195.1M(1024.0M)->147.5M(1024.0M)]
 [Times: user=0.00 sys=0.00, real=0.00 secs] 
2021-03-17T23:43:05.246+0700: 116707.338: [GC pause (G1 Evacuation Pause) (young), 0.0121816 secs]
   [Parallel Time: 8.0 ms, GC Workers: 4]
      [GC Worker Start (ms): Min: 116707338.5, Avg: 116707338.7, Max: 116707338.8, Diff: 0.3]
      [Ext Root Scanning (ms): Min: 1.2, Avg: 1.5, Max: 1.7, Diff: 0.5, Sum: 5.8]
      [Update RS (ms): Min: 0.8, Avg: 0.9, Max: 1.0, Diff: 0.2, Sum: 3.4]
         [Processed Buffers: Min: 1, Avg: 9.2, Max: 23, Diff: 22, Sum: 37]
      [Scan RS (ms): Min: 0.1, Avg: 0.1, Max: 0.1, Diff: 0.1, Sum: 0.4]
      [Code Root Scanning (ms): Min: 0.0, Avg: 0.1, Max: 0.3, Diff: 0.3, Sum: 0.5]
      [Object Copy (ms): Min: 4.9, Avg: 5.0, Max: 5.2, Diff: 0.3, Sum: 20.0]
      [Termination (ms): Min: 0.0, Avg: 0.0, Max: 0.0, Diff: 0.0, Sum: 0.0]
         [Termination Attempts: Min: 1, Avg: 1.0, Max: 1, Diff: 0, Sum: 4]
      [GC Worker Other (ms): Min: 0.1, Avg: 0.1, Max: 0.2, Diff: 0.1, Sum: 0.4]
      [GC Worker Total (ms): Min: 7.5, Avg: 7.6, Max: 7.8, Diff: 0.3, Sum: 30.5]
      [GC Worker End (ms): Min: 116707346.3, Avg: 116707346.3, Max: 116707346.3, Diff: 0.0]
   [Code Root Fixup: 0.0 ms]
   [Code Root Purge: 0.0 ms]
   [Clear CT: 0.4 ms]
   [Other: 3.8 ms]
      [Choose CSet: 0.0 ms]
      [Ref Proc: 1.6 ms]
      [Ref Enq: 0.0 ms]
      [Redirty Cards: 0.6 ms]
      [Humongous Register: 0.7 ms]
      [Humongous Reclaim: 0.1 ms]
      [Free CSet: 0.4 ms]
   [Eden: 94208.0K(94208.0K)->0.0B(140.0M) Survivors: 3072.0K->4096.0K Heap: 239.5M(1024.0M)->148.5M(1024.0M)]
 [Times: user=0.02 sys=0.00, real=0.02 secs] 
2021-03-18T00:19:30.073+0700: 118892.164: [GC pause (G1 Evacuation Pause) (young), 0.0133804 secs]
   [Parallel Time: 8.3 ms, GC Workers: 4]
      [GC Worker Start (ms): Min: 118892165.3, Avg: 118892165.4, Max: 118892165.5, Diff: 0.2]
      [Ext Root Scanning (ms): Min: 1.3, Avg: 1.7, Max: 2.5, Diff: 1.2, Sum: 6.6]
      [Update RS (ms): Min: 0.2, Avg: 0.8, Max: 1.1, Diff: 1.0, Sum: 3.4]
         [Processed Buffers: Min: 2, Avg: 9.5, Max: 18, Diff: 16, Sum: 38]
      [Scan RS (ms): Min: 0.1, Avg: 0.2, Max: 0.2, Diff: 0.1, Sum: 0.6]
      [Code Root Scanning (ms): Min: 0.1, Avg: 0.1, Max: 0.2, Diff: 0.2, Sum: 0.6]
      [Object Copy (ms): Min: 4.6, Avg: 4.8, Max: 5.0, Diff: 0.4, Sum: 19.3]
      [Termination (ms): Min: 0.0, Avg: 0.1, Max: 0.2, Diff: 0.2, Sum: 0.5]
         [Termination Attempts: Min: 1, Avg: 1.0, Max: 1, Diff: 0, Sum: 4]
      [GC Worker Other (ms): Min: 0.1, Avg: 0.1, Max: 0.1, Diff: 0.0, Sum: 0.3]
      [GC Worker Total (ms): Min: 7.7, Avg: 7.8, Max: 7.9, Diff: 0.2, Sum: 31.2]
      [GC Worker End (ms): Min: 118892173.2, Avg: 118892173.2, Max: 118892173.2, Diff: 0.0]
   [Code Root Fixup: 0.0 ms]
   [Code Root Purge: 0.0 ms]
   [Clear CT: 1.0 ms]
   [Other: 4.1 ms]
      [Choose CSet: 0.0 ms]
      [Ref Proc: 1.4 ms]
      [Ref Enq: 0.0 ms]
      [Redirty Cards: 0.5 ms]
      [Humongous Register: 0.8 ms]
      [Humongous Reclaim: 0.1 ms]
      [Free CSet: 0.6 ms]
   [Eden: 140.0M(140.0M)->0.0B(181.0M) Survivors: 4096.0K->4096.0K Heap: 288.5M(1024.0M)->148.0M(1024.0M)]
 [Times: user=0.00 sys=0.02, real=0.02 secs] 
2021-03-18T01:07:24.213+0700: 121766.304: [GC pause (G1 Evacuation Pause) (young), 0.0090154 secs]
   [Parallel Time: 7.2 ms, GC Workers: 4]
      [GC Worker Start (ms): Min: 121766304.3, Avg: 121766305.6, Max: 121766309.2, Diff: 4.8]
      [Ext Root Scanning (ms): Min: 0.0, Avg: 2.4, Max: 3.4, Diff: 3.3, Sum: 9.4]
      [Update RS (ms): Min: 0.0, Avg: 0.4, Max: 0.7, Diff: 0.7, Sum: 1.6]
         [Processed Buffers: Min: 0, Avg: 9.2, Max: 29, Diff: 29, Sum: 37]
      [Scan RS (ms): Min: 0.0, Avg: 0.1, Max: 0.1, Diff: 0.1, Sum: 0.3]
      [Code Root Scanning (ms): Min: 0.0, Avg: 0.1, Max: 0.2, Diff: 0.2, Sum: 0.3]
      [Object Copy (ms): Min: 2.1, Avg: 2.8, Max: 3.4, Diff: 1.2, Sum: 11.2]
      [Termination (ms): Min: 0.0, Avg: 0.0, Max: 0.0, Diff: 0.0, Sum: 0.0]
         [Termination Attempts: Min: 1, Avg: 1.2, Max: 2, Diff: 1, Sum: 5]
      [GC Worker Other (ms): Min: 0.0, Avg: 0.0, Max: 0.1, Diff: 0.1, Sum: 0.2]
      [GC Worker Total (ms): Min: 2.2, Avg: 5.8, Max: 7.1, Diff: 4.9, Sum: 23.0]
      [GC Worker End (ms): Min: 121766311.4, Avg: 121766311.4, Max: 121766311.4, Diff: 0.1]
   [Code Root Fixup: 0.0 ms]
   [Code Root Purge: 0.0 ms]
   [Clear CT: 0.3 ms]
   [Other: 1.5 ms]
      [Choose CSet: 0.0 ms]
      [Ref Proc: 0.5 ms]
      [Ref Enq: 0.0 ms]
      [Redirty Cards: 0.2 ms]
      [Humongous Register: 0.3 ms]
      [Humongous Reclaim: 0.0 ms]
      [Free CSet: 0.2 ms]
   [Eden: 181.0M(181.0M)->0.0B(304.0M) Survivors: 4096.0K->4096.0K Heap: 329.0M(1024.0M)->148.5M(1024.0M)]
 [Times: user=0.00 sys=0.00, real=0.01 secs] 
2021-03-18T09:41:32.189+0700: 152614.280: [GC pause (G1 Evacuation Pause) (young), 0.0961475 secs]
   [Parallel Time: 34.3 ms, GC Workers: 4]
      [GC Worker Start (ms): Min: 152614287.9, Avg: 152614300.5, Max: 152614311.7, Diff: 23.8]
      [Ext Root Scanning (ms): Min: 0.0, Avg: 1.0, Max: 3.8, Diff: 3.8, Sum: 4.0]
      [Update RS (ms): Min: 0.0, Avg: 0.5, Max: 1.9, Diff: 1.9, Sum: 1.9]
         [Processed Buffers: Min: 0, Avg: 11.8, Max: 47, Diff: 47, Sum: 47]
      [Scan RS (ms): Min: 0.1, Avg: 0.2, Max: 0.5, Diff: 0.4, Sum: 0.7]
      [Code Root Scanning (ms): Min: 0.0, Avg: 0.1, Max: 0.5, Diff: 0.5, Sum: 0.5]
      [Object Copy (ms): Min: 0.0, Avg: 5.9, Max: 12.3, Diff: 12.3, Sum: 23.6]
      [Termination (ms): Min: 0.0, Avg: 4.8, Max: 6.4, Diff: 6.4, Sum: 19.0]
         [Termination Attempts: Min: 1, Avg: 1.0, Max: 1, Diff: 0, Sum: 4]
      [GC Worker Other (ms): Min: 0.0, Avg: 0.0, Max: 0.1, Diff: 0.0, Sum: 0.2]
      [GC Worker Total (ms): Min: 0.1, Avg: 12.4, Max: 25.4, Diff: 25.3, Sum: 49.7]
      [GC Worker End (ms): Min: 152614311.9, Avg: 152614313.0, Max: 152614313.4, Diff: 1.6]
   [Code Root Fixup: 0.0 ms]
   [Code Root Purge: 0.0 ms]
   [Clear CT: 16.2 ms]
   [Other: 45.6 ms]
      [Choose CSet: 0.0 ms]
      [Ref Proc: 11.6 ms]
      [Ref Enq: 0.0 ms]
      [Redirty Cards: 32.3 ms]
      [Humongous Register: 0.3 ms]
      [Humongous Reclaim: 0.1 ms]
      [Free CSet: 1.0 ms]
   [Eden: 304.0M(304.0M)->0.0B(49152.0K) Survivors: 4096.0K->3072.0K Heap: 452.5M(1024.0M)->147.3M(1024.0M)]
 [Times: user=0.00 sys=0.01, real=0.09 secs] 
2021-03-18T09:41:52.534+0700: 152634.626: [GC pause (G1 Evacuation Pause) (young), 0.2864633 secs]
   [Parallel Time: 158.0 ms, GC Workers: 4]
      [GC Worker Start (ms): Min: 152634673.4, Avg: 152634725.9, Max: 152634767.3, Diff: 93.9]
      [Ext Root Scanning (ms): Min: 0.0, Avg: 2.5, Max: 9.6, Diff: 9.5, Sum: 9.8]
      [Update RS (ms): Min: 0.0, Avg: 0.4, Max: 1.6, Diff: 1.6, Sum: 1.6]
         [Processed Buffers: Min: 0, Avg: 9.8, Max: 39, Diff: 39, Sum: 39]
      [Scan RS (ms): Min: 0.0, Avg: 0.1, Max: 0.1, Diff: 0.1, Sum: 0.3]
      [Code Root Scanning (ms): Min: 0.0, Avg: 0.2, Max: 0.6, Diff: 0.6, Sum: 0.6]
      [Object Copy (ms): Min: 0.0, Avg: 5.6, Max: 22.3, Diff: 22.3, Sum: 22.3]
      [Termination (ms): Min: 0.0, Avg: 34.9, Max: 67.5, Diff: 67.5, Sum: 139.6]
         [Termination Attempts: Min: 1, Avg: 1.0, Max: 1, Diff: 0, Sum: 4]
      [GC Worker Other (ms): Min: 0.0, Avg: 0.1, Max: 0.4, Diff: 0.3, Sum: 0.6]
      [GC Worker Total (ms): Min: 0.2, Avg: 43.7, Max: 101.8, Diff: 101.6, Sum: 174.8]
      [GC Worker End (ms): Min: 152634767.5, Avg: 152634769.6, Max: 152634775.2, Diff: 7.7]
   [Code Root Fixup: 1.4 ms]
   [Code Root Purge: 0.0 ms]
   [Clear CT: 27.7 ms]
   [Other: 99.4 ms]
      [Choose CSet: 0.0 ms]
      [Ref Proc: 85.1 ms]
      [Ref Enq: 0.0 ms]
      [Redirty Cards: 13.2 ms]
      [Humongous Register: 0.1 ms]
      [Humongous Reclaim: 0.1 ms]
      [Free CSet: 0.1 ms]
   [Eden: 49152.0K(49152.0K)->0.0B(49152.0K) Survivors: 3072.0K->3072.0K Heap: 195.3M(1024.0M)->147.1M(1024.0M)]
 [Times: user=0.02 sys=0.00, real=0.29 secs] 
2021-03-18T09:42:09.845+0700: 152651.937: [GC pause (G1 Evacuation Pause) (young), 0.0117894 secs]
   [Parallel Time: 6.8 ms, GC Workers: 4]
      [GC Worker Start (ms): Min: 152651936.9, Avg: 152651938.6, Max: 152651943.4, Diff: 6.5]
      [Ext Root Scanning (ms): Min: 0.0, Avg: 0.8, Max: 1.7, Diff: 1.7, Sum: 3.4]
      [Update RS (ms): Min: 0.0, Avg: 0.4, Max: 0.7, Diff: 0.7, Sum: 1.5]
         [Processed Buffers: Min: 0, Avg: 8.0, Max: 23, Diff: 23, Sum: 32]
      [Scan RS (ms): Min: 0.0, Avg: 0.0, Max: 0.1, Diff: 0.1, Sum: 0.1]
      [Code Root Scanning (ms): Min: 0.0, Avg: 0.0, Max: 0.1, Diff: 0.1, Sum: 0.1]
      [Object Copy (ms): Min: 0.0, Avg: 3.4, Max: 4.6, Diff: 4.6, Sum: 13.5]
      [Termination (ms): Min: 0.0, Avg: 0.3, Max: 0.4, Diff: 0.4, Sum: 1.2]
         [Termination Attempts: Min: 1, Avg: 1.0, Max: 1, Diff: 0, Sum: 4]
      [GC Worker Other (ms): Min: 0.0, Avg: 0.0, Max: 0.0, Diff: 0.0, Sum: 0.1]
      [GC Worker Total (ms): Min: 0.1, Avg: 5.0, Max: 6.7, Diff: 6.7, Sum: 19.9]
      [GC Worker End (ms): Min: 152651943.4, Avg: 152651943.6, Max: 152651943.6, Diff: 0.2]
   [Code Root Fixup: 0.0 ms]
   [Code Root Purge: 0.0 ms]
   [Clear CT: 0.1 ms]
   [Other: 4.8 ms]
      [Choose CSet: 0.0 ms]
      [Ref Proc: 3.1 ms]
      [Ref Enq: 0.0 ms]
      [Redirty Cards: 1.1 ms]
      [Humongous Register: 0.1 ms]
      [Humongous Reclaim: 0.1 ms]
      [Free CSet: 0.2 ms]
   [Eden: 49152.0K(49152.0K)->0.0B(49152.0K) Survivors: 3072.0K->3072.0K Heap: 195.1M(1024.0M)->147.5M(1024.0M)]
 [Times: user=0.04 sys=0.00, real=0.02 secs] 
2021-03-18T09:42:34.383+0700: 152676.474: [GC pause (G1 Evacuation Pause) (young), 0.0072935 secs]
   [Parallel Time: 5.1 ms, GC Workers: 4]
      [GC Worker Start (ms): Min: 152676474.7, Avg: 152676475.4, Max: 152676477.4, Diff: 2.7]
      [Ext Root Scanning (ms): Min: 0.0, Avg: 0.7, Max: 1.1, Diff: 1.0, Sum: 3.0]
      [Update RS (ms): Min: 0.0, Avg: 0.6, Max: 1.4, Diff: 1.4, Sum: 2.5]
         [Processed Buffers: Min: 0, Avg: 8.5, Max: 17, Diff: 17, Sum: 34]
      [Scan RS (ms): Min: 0.0, Avg: 0.0, Max: 0.1, Diff: 0.1, Sum: 0.2]
      [Code Root Scanning (ms): Min: 0.0, Avg: 0.0, Max: 0.1, Diff: 0.1, Sum: 0.2]
      [Object Copy (ms): Min: 1.6, Avg: 2.2, Max: 2.7, Diff: 1.1, Sum: 8.7]
      [Termination (ms): Min: 0.0, Avg: 0.2, Max: 0.4, Diff: 0.4, Sum: 1.0]
         [Termination Attempts: Min: 1, Avg: 1.0, Max: 1, Diff: 0, Sum: 4]
      [GC Worker Other (ms): Min: 0.0, Avg: 0.0, Max: 0.0, Diff: 0.0, Sum: 0.1]
      [GC Worker Total (ms): Min: 1.7, Avg: 3.9, Max: 4.7, Diff: 3.0, Sum: 15.6]
      [GC Worker End (ms): Min: 152676479.1, Avg: 152676479.3, Max: 152676479.5, Diff: 0.3]
   [Code Root Fixup: 0.0 ms]
   [Code Root Purge: 0.0 ms]
   [Clear CT: 0.2 ms]
   [Other: 2.0 ms]
      [Choose CSet: 0.0 ms]
      [Ref Proc: 1.2 ms]
      [Ref Enq: 0.0 ms]
      [Redirty Cards: 0.2 ms]
      [Humongous Register: 0.1 ms]
      [Humongous Reclaim: 0.0 ms]
      [Free CSet: 0.1 ms]
   [Eden: 49152.0K(49152.0K)->0.0B(48128.0K) Survivors: 3072.0K->4096.0K Heap: 195.5M(1024.0M)->148.6M(1024.0M)]
 [Times: user=0.00 sys=0.02, real=0.01 secs] 
2021-03-18T09:49:03.735+0700: 153065.826: [GC pause (G1 Evacuation Pause) (young), 0.0184929 secs]
   [Parallel Time: 14.2 ms, GC Workers: 4]
      [GC Worker Start (ms): Min: 153065827.1, Avg: 153065829.6, Max: 153065835.4, Diff: 8.3]
      [Ext Root Scanning (ms): Min: 0.4, Avg: 3.6, Max: 6.4, Diff: 6.0, Sum: 14.6]
      [Update RS (ms): Min: 0.0, Avg: 1.7, Max: 3.7, Diff: 3.7, Sum: 6.9]
         [Processed Buffers: Min: 0, Avg: 9.0, Max: 22, Diff: 22, Sum: 36]
      [Scan RS (ms): Min: 0.0, Avg: 0.1, Max: 0.2, Diff: 0.1, Sum: 0.2]
      [Code Root Scanning (ms): Min: 0.0, Avg: 0.1, Max: 0.4, Diff: 0.4, Sum: 0.4]
      [Object Copy (ms): Min: 3.3, Avg: 5.2, Max: 7.7, Diff: 4.4, Sum: 20.9]
      [Termination (ms): Min: 0.0, Avg: 0.1, Max: 0.2, Diff: 0.2, Sum: 0.5]
         [Termination Attempts: Min: 1, Avg: 1.0, Max: 1, Diff: 0, Sum: 4]
      [GC Worker Other (ms): Min: 0.1, Avg: 0.1, Max: 0.2, Diff: 0.1, Sum: 0.4]
      [GC Worker Total (ms): Min: 5.3, Avg: 11.0, Max: 13.5, Diff: 8.3, Sum: 44.0]
      [GC Worker End (ms): Min: 153065840.6, Avg: 153065840.6, Max: 153065840.6, Diff: 0.1]
   [Code Root Fixup: 0.0 ms]
   [Code Root Purge: 0.0 ms]
   [Clear CT: 0.4 ms]
   [Other: 3.9 ms]
      [Choose CSet: 0.0 ms]
      [Ref Proc: 1.8 ms]
      [Ref Enq: 0.0 ms]
      [Redirty Cards: 0.4 ms]
      [Humongous Register: 0.8 ms]
      [Humongous Reclaim: 0.1 ms]
      [Free CSet: 0.2 ms]
   [Eden: 48128.0K(48128.0K)->0.0B(49152.0K) Survivors: 4096.0K->3072.0K Heap: 195.6M(1024.0M)->147.5M(1024.0M)]
 [Times: user=0.00 sys=0.00, real=0.02 secs] 
2021-03-18T10:01:38.736+0700: 153820.827: [GC pause (G1 Evacuation Pause) (young), 0.0111845 secs]
   [Parallel Time: 7.3 ms, GC Workers: 4]
      [GC Worker Start (ms): Min: 153820828.6, Avg: 153820828.8, Max: 153820829.2, Diff: 0.6]
      [Ext Root Scanning (ms): Min: 0.9, Avg: 1.4, Max: 1.7, Diff: 0.8, Sum: 5.4]
      [Update RS (ms): Min: 0.6, Avg: 0.7, Max: 0.8, Diff: 0.2, Sum: 2.9]
         [Processed Buffers: Min: 1, Avg: 9.2, Max: 19, Diff: 18, Sum: 37]
      [Scan RS (ms): Min: 0.0, Avg: 0.1, Max: 0.2, Diff: 0.1, Sum: 0.3]
      [Code Root Scanning (ms): Min: 0.0, Avg: 0.1, Max: 0.2, Diff: 0.2, Sum: 0.4]
      [Object Copy (ms): Min: 4.3, Avg: 4.6, Max: 4.7, Diff: 0.4, Sum: 18.4]
      [Termination (ms): Min: 0.0, Avg: 0.0, Max: 0.0, Diff: 0.0, Sum: 0.0]
         [Termination Attempts: Min: 1, Avg: 1.0, Max: 1, Diff: 0, Sum: 4]
      [GC Worker Other (ms): Min: 0.1, Avg: 0.1, Max: 0.1, Diff: 0.0, Sum: 0.2]
      [GC Worker Total (ms): Min: 6.5, Avg: 6.9, Max: 7.1, Diff: 0.6, Sum: 27.7]
      [GC Worker End (ms): Min: 153820835.7, Avg: 153820835.7, Max: 153820835.7, Diff: 0.0]
   [Code Root Fixup: 0.0 ms]
   [Code Root Purge: 0.0 ms]
   [Clear CT: 0.7 ms]
   [Other: 3.2 ms]
      [Choose CSet: 0.0 ms]
      [Ref Proc: 1.3 ms]
      [Ref Enq: 0.0 ms]
      [Redirty Cards: 0.5 ms]
      [Humongous Register: 0.8 ms]
      [Humongous Reclaim: 0.1 ms]
      [Free CSet: 0.1 ms]
   [Eden: 49152.0K(49152.0K)->0.0B(48128.0K) Survivors: 3072.0K->4096.0K Heap: 195.5M(1024.0M)->148.1M(1024.0M)]
 [Times: user=0.07 sys=0.00, real=0.02 secs] 
2021-03-18T10:14:00.570+0700: 154562.662: [GC pause (G1 Evacuation Pause) (young), 0.0066498 secs]
   [Parallel Time: 4.1 ms, GC Workers: 4]
      [GC Worker Start (ms): Min: 154562662.3, Avg: 154562663.2, Max: 154562664.8, Diff: 2.5]
      [Ext Root Scanning (ms): Min: 0.0, Avg: 0.8, Max: 1.4, Diff: 1.4, Sum: 3.0]
      [Update RS (ms): Min: 0.0, Avg: 0.5, Max: 0.9, Diff: 0.9, Sum: 2.1]
         [Processed Buffers: Min: 0, Avg: 9.2, Max: 27, Diff: 27, Sum: 37]
      [Scan RS (ms): Min: 0.0, Avg: 0.0, Max: 0.1, Diff: 0.1, Sum: 0.1]
      [Code Root Scanning (ms): Min: 0.0, Avg: 0.0, Max: 0.1, Diff: 0.1, Sum: 0.1]
      [Object Copy (ms): Min: 1.4, Avg: 1.8, Max: 2.0, Diff: 0.5, Sum: 7.0]
      [Termination (ms): Min: 0.0, Avg: 0.0, Max: 0.0, Diff: 0.0, Sum: 0.0]
         [Termination Attempts: Min: 1, Avg: 1.0, Max: 1, Diff: 0, Sum: 4]
      [GC Worker Other (ms): Min: 0.0, Avg: 0.0, Max: 0.0, Diff: 0.0, Sum: 0.1]
      [GC Worker Total (ms): Min: 1.5, Avg: 3.1, Max: 4.0, Diff: 2.5, Sum: 12.5]
      [GC Worker End (ms): Min: 154562666.3, Avg: 154562666.3, Max: 154562666.3, Diff: 0.0]
   [Code Root Fixup: 0.0 ms]
   [Code Root Purge: 0.0 ms]
   [Clear CT: 0.2 ms]
   [Other: 2.3 ms]
      [Choose CSet: 0.0 ms]
      [Ref Proc: 1.0 ms]
      [Ref Enq: 0.0 ms]
      [Redirty Cards: 0.2 ms]
      [Humongous Register: 0.6 ms]
      [Humongous Reclaim: 0.1 ms]
      [Free CSet: 0.1 ms]
   [Eden: 48128.0K(48128.0K)->0.0B(48128.0K) Survivors: 4096.0K->4096.0K Heap: 195.1M(1024.0M)->148.2M(1024.0M)]
 [Times: user=0.02 sys=0.00, real=0.01 secs] 
2021-03-18T10:26:23.392+0700: 155305.483: [GC pause (G1 Evacuation Pause) (young), 0.0153961 secs]
   [Parallel Time: 11.1 ms, GC Workers: 4]
      [GC Worker Start (ms): Min: 155305484.0, Avg: 155305484.1, Max: 155305484.1, Diff: 0.2]
      [Ext Root Scanning (ms): Min: 1.3, Avg: 1.4, Max: 1.6, Diff: 0.3, Sum: 5.6]
      [Update RS (ms): Min: 0.5, Avg: 0.8, Max: 1.2, Diff: 0.7, Sum: 3.2]
         [Processed Buffers: Min: 1, Avg: 9.5, Max: 25, Diff: 24, Sum: 38]
      [Scan RS (ms): Min: 0.0, Avg: 0.2, Max: 0.5, Diff: 0.5, Sum: 0.9]
      [Code Root Scanning (ms): Min: 0.0, Avg: 0.1, Max: 0.2, Diff: 0.2, Sum: 0.3]
      [Object Copy (ms): Min: 7.0, Avg: 7.5, Max: 8.0, Diff: 0.9, Sum: 29.9]
      [Termination (ms): Min: 0.0, Avg: 0.4, Max: 0.7, Diff: 0.7, Sum: 1.6]
         [Termination Attempts: Min: 1, Avg: 1.0, Max: 1, Diff: 0, Sum: 4]
      [GC Worker Other (ms): Min: 0.1, Avg: 0.2, Max: 0.5, Diff: 0.5, Sum: 0.7]
      [GC Worker Total (ms): Min: 10.4, Avg: 10.6, Max: 10.8, Diff: 0.4, Sum: 42.2]
      [GC Worker End (ms): Min: 155305494.5, Avg: 155305494.6, Max: 155305494.8, Diff: 0.3]
   [Code Root Fixup: 0.0 ms]
   [Code Root Purge: 0.0 ms]
   [Clear CT: 0.4 ms]
   [Other: 3.8 ms]
      [Choose CSet: 0.0 ms]
      [Ref Proc: 1.5 ms]
      [Ref Enq: 0.0 ms]
      [Redirty Cards: 0.4 ms]
      [Humongous Register: 0.7 ms]
      [Humongous Reclaim: 0.1 ms]
      [Free CSet: 0.2 ms]
   [Eden: 48128.0K(48128.0K)->0.0B(49152.0K) Survivors: 4096.0K->3072.0K Heap: 195.2M(1024.0M)->147.3M(1024.0M)]
 [Times: user=0.03 sys=0.00, real=0.02 secs] 
2021-03-18T10:39:00.216+0700: 156062.307: [GC pause (G1 Evacuation Pause) (young), 0.0119055 secs]
   [Parallel Time: 7.7 ms, GC Workers: 4]
      [GC Worker Start (ms): Min: 156062308.2, Avg: 156062308.8, Max: 156062310.1, Diff: 2.0]
      [Ext Root Scanning (ms): Min: 0.3, Avg: 1.5, Max: 2.2, Diff: 1.9, Sum: 6.2]
      [Update RS (ms): Min: 0.7, Avg: 0.8, Max: 0.9, Diff: 0.2, Sum: 3.3]
         [Processed Buffers: Min: 1, Avg: 9.2, Max: 31, Diff: 30, Sum: 37]
      [Scan RS (ms): Min: 0.0, Avg: 0.1, Max: 0.1, Diff: 0.1, Sum: 0.2]
      [Code Root Scanning (ms): Min: 0.0, Avg: 0.1, Max: 0.1, Diff: 0.1, Sum: 0.2]
      [Object Copy (ms): Min: 4.1, Avg: 4.2, Max: 4.2, Diff: 0.2, Sum: 16.6]
      [Termination (ms): Min: 0.0, Avg: 0.1, Max: 0.2, Diff: 0.2, Sum: 0.5]
         [Termination Attempts: Min: 1, Avg: 1.0, Max: 1, Diff: 0, Sum: 4]
      [GC Worker Other (ms): Min: 0.1, Avg: 0.1, Max: 0.2, Diff: 0.1, Sum: 0.3]
      [GC Worker Total (ms): Min: 5.5, Avg: 6.8, Max: 7.6, Diff: 2.1, Sum: 27.4]
      [GC Worker End (ms): Min: 156062315.6, Avg: 156062315.7, Max: 156062315.7, Diff: 0.1]
   [Code Root Fixup: 0.0 ms]
   [Code Root Purge: 0.0 ms]
   [Clear CT: 0.6 ms]
   [Other: 3.6 ms]
      [Choose CSet: 0.0 ms]
      [Ref Proc: 1.4 ms]
      [Ref Enq: 0.0 ms]
      [Redirty Cards: 0.4 ms]
      [Humongous Register: 0.7 ms]
      [Humongous Reclaim: 0.1 ms]
      [Free CSet: 0.3 ms]
   [Eden: 49152.0K(49152.0K)->0.0B(49152.0K) Survivors: 3072.0K->3072.0K Heap: 195.3M(1024.0M)->147.5M(1024.0M)]
 [Times: user=0.01 sys=0.00, real=0.02 secs] 
2021-03-18T10:51:08.688+0700: 156790.779: [GC pause (G1 Evacuation Pause) (young), 0.0134413 secs]
   [Parallel Time: 8.9 ms, GC Workers: 4]
      [GC Worker Start (ms): Min: 156790780.1, Avg: 156790780.8, Max: 156790782.6, Diff: 2.5]
      [Ext Root Scanning (ms): Min: 0.1, Avg: 1.6, Max: 2.2, Diff: 2.2, Sum: 6.6]
      [Update RS (ms): Min: 0.7, Avg: 0.8, Max: 0.9, Diff: 0.2, Sum: 3.2]
         [Processed Buffers: Min: 1, Avg: 9.5, Max: 22, Diff: 21, Sum: 38]
      [Scan RS (ms): Min: 0.0, Avg: 0.1, Max: 0.1, Diff: 0.0, Sum: 0.2]
      [Code Root Scanning (ms): Min: 0.0, Avg: 0.1, Max: 0.1, Diff: 0.1, Sum: 0.2]
      [Object Copy (ms): Min: 4.3, Avg: 4.7, Max: 5.1, Diff: 0.8, Sum: 18.6]
      [Termination (ms): Min: 0.0, Avg: 0.4, Max: 0.7, Diff: 0.7, Sum: 1.8]
         [Termination Attempts: Min: 1, Avg: 1.0, Max: 1, Diff: 0, Sum: 4]
      [GC Worker Other (ms): Min: 0.1, Avg: 0.1, Max: 0.1, Diff: 0.0, Sum: 0.3]
      [GC Worker Total (ms): Min: 6.1, Avg: 7.7, Max: 8.3, Diff: 2.2, Sum: 31.0]
      [GC Worker End (ms): Min: 156790788.4, Avg: 156790788.5, Max: 156790788.7, Diff: 0.3]
   [Code Root Fixup: 0.0 ms]
   [Code Root Purge: 0.0 ms]
   [Clear CT: 0.8 ms]
   [Other: 3.7 ms]
      [Choose CSet: 0.0 ms]
      [Ref Proc: 1.3 ms]
      [Ref Enq: 0.0 ms]
      [Redirty Cards: 0.7 ms]
      [Humongous Register: 0.7 ms]
      [Humongous Reclaim: 0.1 ms]
      [Free CSet: 0.1 ms]
   [Eden: 49152.0K(49152.0K)->0.0B(48128.0K) Survivors: 3072.0K->4096.0K Heap: 195.5M(1024.0M)->148.2M(1024.0M)]
 [Times: user=0.05 sys=0.00, real=0.01 secs] 
2021-03-18T11:03:30.089+0700: 157532.181: [GC pause (G1 Evacuation Pause) (young), 0.0058474 secs]
   [Parallel Time: 4.1 ms, GC Workers: 4]
      [GC Worker Start (ms): Min: 157532181.1, Avg: 157532181.4, Max: 157532182.5, Diff: 1.4]
      [Ext Root Scanning (ms): Min: 0.0, Avg: 0.6, Max: 0.9, Diff: 0.9, Sum: 2.5]
      [Update RS (ms): Min: 0.0, Avg: 0.3, Max: 0.6, Diff: 0.6, Sum: 1.3]
         [Processed Buffers: Min: 0, Avg: 9.2, Max: 18, Diff: 18, Sum: 37]
      [Scan RS (ms): Min: 0.0, Avg: 0.0, Max: 0.1, Diff: 0.1, Sum: 0.2]
      [Code Root Scanning (ms): Min: 0.0, Avg: 0.7, Max: 2.6, Diff: 2.6, Sum: 2.6]
      [Object Copy (ms): Min: 0.1, Avg: 1.8, Max: 2.4, Diff: 2.3, Sum: 7.1]
      [Termination (ms): Min: 0.0, Avg: 0.2, Max: 0.2, Diff: 0.2, Sum: 0.7]
         [Termination Attempts: Min: 1, Avg: 1.0, Max: 1, Diff: 0, Sum: 4]
      [GC Worker Other (ms): Min: 0.0, Avg: 0.0, Max: 0.1, Diff: 0.0, Sum: 0.1]
      [GC Worker Total (ms): Min: 2.6, Avg: 3.6, Max: 4.0, Diff: 1.4, Sum: 14.6]
      [GC Worker End (ms): Min: 157532185.0, Avg: 157532185.1, Max: 157532185.1, Diff: 0.1]
   [Code Root Fixup: 0.0 ms]
   [Code Root Purge: 0.0 ms]
   [Clear CT: 0.1 ms]
   [Other: 1.6 ms]
      [Choose CSet: 0.0 ms]
      [Ref Proc: 0.6 ms]
      [Ref Enq: 0.0 ms]
      [Redirty Cards: 0.1 ms]
      [Humongous Register: 0.3 ms]
      [Humongous Reclaim: 0.1 ms]
      [Free CSet: 0.1 ms]
   [Eden: 48128.0K(48128.0K)->0.0B(48128.0K) Survivors: 4096.0K->4096.0K Heap: 195.2M(1024.0M)->148.6M(1024.0M)]
 [Times: user=0.00 sys=0.00, real=0.00 secs] 
2021-03-18T11:16:00.241+0700: 158282.332: [GC pause (G1 Evacuation Pause) (young), 0.0125820 secs]
   [Parallel Time: 8.9 ms, GC Workers: 4]
      [GC Worker Start (ms): Min: 158282333.2, Avg: 158282333.4, Max: 158282333.5, Diff: 0.2]
      [Ext Root Scanning (ms): Min: 1.9, Avg: 2.5, Max: 3.3, Diff: 1.4, Sum: 10.0]
      [Update RS (ms): Min: 0.3, Avg: 0.8, Max: 1.0, Diff: 0.7, Sum: 3.1]
         [Processed Buffers: Min: 1, Avg: 9.0, Max: 19, Diff: 18, Sum: 36]
      [Scan RS (ms): Min: 0.0, Avg: 0.1, Max: 0.2, Diff: 0.2, Sum: 0.4]
      [Code Root Scanning (ms): Min: 0.0, Avg: 0.1, Max: 0.2, Diff: 0.2, Sum: 0.3]
      [Object Copy (ms): Min: 4.1, Avg: 4.6, Max: 5.5, Diff: 1.4, Sum: 18.6]
      [Termination (ms): Min: 0.0, Avg: 0.0, Max: 0.0, Diff: 0.0, Sum: 0.0]
         [Termination Attempts: Min: 1, Avg: 1.0, Max: 1, Diff: 0, Sum: 4]
      [GC Worker Other (ms): Min: 0.1, Avg: 0.1, Max: 0.1, Diff: 0.0, Sum: 0.3]
      [GC Worker Total (ms): Min: 8.1, Avg: 8.2, Max: 8.3, Diff: 0.2, Sum: 32.7]
      [GC Worker End (ms): Min: 158282341.5, Avg: 158282341.5, Max: 158282341.5, Diff: 0.0]
   [Code Root Fixup: 0.0 ms]
   [Code Root Purge: 0.0 ms]
   [Clear CT: 0.8 ms]
   [Other: 2.9 ms]
      [Choose CSet: 0.0 ms]
      [Ref Proc: 0.8 ms]
      [Ref Enq: 0.0 ms]
      [Redirty Cards: 0.6 ms]
      [Humongous Register: 0.7 ms]
      [Humongous Reclaim: 0.1 ms]
      [Free CSet: 0.2 ms]
   [Eden: 48128.0K(48128.0K)->0.0B(49152.0K) Survivors: 4096.0K->3072.0K Heap: 195.6M(1024.0M)->147.0M(1024.0M)]
 [Times: user=0.06 sys=0.00, real=0.01 secs] 
2021-03-18T11:28:33.357+0700: 159035.448: [GC pause (G1 Evacuation Pause) (young), 0.0113564 secs]
   [Parallel Time: 7.7 ms, GC Workers: 4]
      [GC Worker Start (ms): Min: 159035449.4, Avg: 159035449.5, Max: 159035449.6, Diff: 0.2]
      [Ext Root Scanning (ms): Min: 1.2, Avg: 1.3, Max: 1.5, Diff: 0.3, Sum: 5.3]
      [Update RS (ms): Min: 0.7, Avg: 0.8, Max: 0.9, Diff: 0.2, Sum: 3.3]
         [Processed Buffers: Min: 1, Avg: 9.2, Max: 29, Diff: 28, Sum: 37]
      [Scan RS (ms): Min: 0.0, Avg: 0.1, Max: 0.1, Diff: 0.1, Sum: 0.2]
      [Code Root Scanning (ms): Min: 0.0, Avg: 0.1, Max: 0.1, Diff: 0.1, Sum: 0.2]
      [Object Copy (ms): Min: 4.6, Avg: 4.6, Max: 4.7, Diff: 0.1, Sum: 18.6]
      [Termination (ms): Min: 0.0, Avg: 0.0, Max: 0.0, Diff: 0.0, Sum: 0.0]
         [Termination Attempts: Min: 1, Avg: 1.0, Max: 1, Diff: 0, Sum: 4]
      [GC Worker Other (ms): Min: 0.1, Avg: 0.1, Max: 0.1, Diff: 0.0, Sum: 0.3]
      [GC Worker Total (ms): Min: 6.9, Avg: 7.0, Max: 7.1, Diff: 0.2, Sum: 28.0]
      [GC Worker End (ms): Min: 159035456.5, Avg: 159035456.5, Max: 159035456.5, Diff: 0.0]
   [Code Root Fixup: 0.0 ms]
   [Code Root Purge: 0.0 ms]
   [Clear CT: 0.5 ms]
   [Other: 3.2 ms]
      [Choose CSet: 0.0 ms]
      [Ref Proc: 1.1 ms]
      [Ref Enq: 0.0 ms]
      [Redirty Cards: 0.7 ms]
      [Humongous Register: 0.6 ms]
      [Humongous Reclaim: 0.1 ms]
      [Free CSet: 0.2 ms]
   [Eden: 49152.0K(49152.0K)->0.0B(58368.0K) Survivors: 3072.0K->4096.0K Heap: 195.0M(1024.0M)->148.2M(1024.0M)]
 [Times: user=0.01 sys=0.00, real=0.01 secs] 
2021-03-18T11:42:58.544+0700: 159900.635: [GC pause (G1 Evacuation Pause) (young), 0.0112760 secs]
   [Parallel Time: 7.4 ms, GC Workers: 4]
      [GC Worker Start (ms): Min: 159900636.5, Avg: 159900636.7, Max: 159900636.8, Diff: 0.2]
      [Ext Root Scanning (ms): Min: 1.3, Avg: 1.4, Max: 1.7, Diff: 0.3, Sum: 5.8]
      [Update RS (ms): Min: 0.8, Avg: 0.9, Max: 1.1, Diff: 0.3, Sum: 3.5]
         [Processed Buffers: Min: 2, Avg: 9.5, Max: 25, Diff: 23, Sum: 38]
      [Scan RS (ms): Min: 0.0, Avg: 0.1, Max: 0.1, Diff: 0.1, Sum: 0.3]
      [Code Root Scanning (ms): Min: 0.0, Avg: 0.1, Max: 0.1, Diff: 0.1, Sum: 0.2]
      [Object Copy (ms): Min: 4.3, Avg: 4.5, Max: 4.6, Diff: 0.3, Sum: 17.9]
      [Termination (ms): Min: 0.0, Avg: 0.0, Max: 0.0, Diff: 0.0, Sum: 0.0]
         [Termination Attempts: Min: 1, Avg: 1.0, Max: 1, Diff: 0, Sum: 4]
      [GC Worker Other (ms): Min: 0.1, Avg: 0.1, Max: 0.1, Diff: 0.0, Sum: 0.3]
      [GC Worker Total (ms): Min: 6.9, Avg: 7.0, Max: 7.1, Diff: 0.2, Sum: 28.0]
      [GC Worker End (ms): Min: 159900643.7, Avg: 159900643.7, Max: 159900643.7, Diff: 0.0]
   [Code Root Fixup: 0.0 ms]
   [Code Root Purge: 0.0 ms]
   [Clear CT: 0.9 ms]
   [Other: 3.0 ms]
      [Choose CSet: 0.0 ms]
      [Ref Proc: 0.6 ms]
      [Ref Enq: 0.0 ms]
      [Redirty Cards: 0.7 ms]
      [Humongous Register: 0.7 ms]
      [Humongous Reclaim: 0.1 ms]
      [Free CSet: 0.3 ms]
   [Eden: 58368.0K(58368.0K)->0.0B(205.0M) Survivors: 4096.0K->3072.0K Heap: 205.2M(1024.0M)->147.6M(1024.0M)]
 [Times: user=0.01 sys=0.00, real=0.01 secs] 
2021-03-18T12:48:43.864+0700: 163845.955: [GC pause (G1 Evacuation Pause) (young), 0.0132641 secs]
   [Parallel Time: 8.4 ms, GC Workers: 4]
      [GC Worker Start (ms): Min: 163845955.8, Avg: 163845955.9, Max: 163845956.0, Diff: 0.2]
      [Ext Root Scanning (ms): Min: 1.5, Avg: 1.6, Max: 1.7, Diff: 0.2, Sum: 6.4]
      [Update RS (ms): Min: 0.7, Avg: 0.8, Max: 0.9, Diff: 0.2, Sum: 3.3]
         [Processed Buffers: Min: 1, Avg: 11.2, Max: 18, Diff: 17, Sum: 45]
      [Scan RS (ms): Min: 0.2, Avg: 0.2, Max: 0.3, Diff: 0.1, Sum: 0.9]
      [Code Root Scanning (ms): Min: 0.1, Avg: 0.2, Max: 0.2, Diff: 0.1, Sum: 0.6]
      [Object Copy (ms): Min: 5.0, Avg: 5.0, Max: 5.2, Diff: 0.2, Sum: 20.2]
      [Termination (ms): Min: 0.0, Avg: 0.0, Max: 0.0, Diff: 0.0, Sum: 0.1]
         [Termination Attempts: Min: 1, Avg: 1.0, Max: 1, Diff: 0, Sum: 4]
      [GC Worker Other (ms): Min: 0.1, Avg: 0.1, Max: 0.1, Diff: 0.0, Sum: 0.3]
      [GC Worker Total (ms): Min: 7.9, Avg: 8.0, Max: 8.1, Diff: 0.2, Sum: 31.9]
      [GC Worker End (ms): Min: 163845963.9, Avg: 163845963.9, Max: 163845963.9, Diff: 0.0]
   [Code Root Fixup: 0.0 ms]
   [Code Root Purge: 0.0 ms]
   [Clear CT: 1.0 ms]
   [Other: 3.8 ms]
      [Choose CSet: 0.0 ms]
      [Ref Proc: 1.7 ms]
      [Ref Enq: 0.0 ms]
      [Redirty Cards: 0.4 ms]
      [Humongous Register: 0.6 ms]
      [Humongous Reclaim: 0.1 ms]
      [Free CSet: 0.6 ms]
   [Eden: 205.0M(205.0M)->0.0B(305.0M) Survivors: 3072.0K->3072.0K Heap: 352.6M(1024.0M)->147.2M(1024.0M)]
 [Times: user=0.07 sys=0.00, real=0.02 secs] 
2021-03-18T14:25:29.231+0700: 169648.172: [GC pause (G1 Evacuation Pause) (young), 0.0197886 secs]
   [Parallel Time: 13.9 ms, GC Workers: 4]
      [GC Worker Start (ms): Min: 169648173.2, Avg: 169648173.3, Max: 169648173.4, Diff: 0.2]
      [Ext Root Scanning (ms): Min: 1.2, Avg: 1.4, Max: 1.7, Diff: 0.5, Sum: 5.5]
      [Update RS (ms): Min: 0.7, Avg: 1.0, Max: 1.2, Diff: 0.4, Sum: 3.9]
         [Processed Buffers: Min: 1, Avg: 11.5, Max: 23, Diff: 22, Sum: 46]
      [Scan RS (ms): Min: 0.3, Avg: 0.4, Max: 0.5, Diff: 0.2, Sum: 1.4]
      [Code Root Scanning (ms): Min: 0.1, Avg: 0.2, Max: 0.3, Diff: 0.2, Sum: 1.0]
      [Object Copy (ms): Min: 9.7, Avg: 9.9, Max: 10.1, Diff: 0.3, Sum: 39.6]
      [Termination (ms): Min: 0.0, Avg: 0.0, Max: 0.0, Diff: 0.0, Sum: 0.0]
         [Termination Attempts: Min: 1, Avg: 1.0, Max: 1, Diff: 0, Sum: 4]
      [GC Worker Other (ms): Min: 0.1, Avg: 0.3, Max: 0.6, Diff: 0.5, Sum: 1.4]
      [GC Worker Total (ms): Min: 13.0, Avg: 13.2, Max: 13.3, Diff: 0.3, Sum: 52.8]
      [GC Worker End (ms): Min: 169648186.3, Avg: 169648186.5, Max: 169648186.7, Diff: 0.4]
   [Code Root Fixup: 0.0 ms]
   [Code Root Purge: 0.0 ms]
   [Clear CT: 1.4 ms]
   [Other: 4.5 ms]
      [Choose CSet: 0.0 ms]
      [Ref Proc: 2.0 ms]
      [Ref Enq: 0.1 ms]
      [Redirty Cards: 0.5 ms]
      [Humongous Register: 0.6 ms]
      [Humongous Reclaim: 0.1 ms]
      [Free CSet: 0.8 ms]
   [Eden: 305.0M(305.0M)->0.0B(231.0M) Survivors: 3072.0K->4096.0K Heap: 452.2M(1024.0M)->148.5M(1024.0M)]
 [Times: user=0.06 sys=0.00, real=0.02 secs] 
2021-03-18T15:25:48.189+0700: 173267.131: [GC pause (G1 Evacuation Pause) (young), 0.0143205 secs]
   [Parallel Time: 9.4 ms, GC Workers: 4]
      [GC Worker Start (ms): Min: 173267131.7, Avg: 173267131.8, Max: 173267131.8, Diff: 0.2]
      [Ext Root Scanning (ms): Min: 1.2, Avg: 1.3, Max: 1.6, Diff: 0.4, Sum: 5.3]
      [Update RS (ms): Min: 0.7, Avg: 0.9, Max: 1.2, Diff: 0.5, Sum: 3.7]
         [Processed Buffers: Min: 1, Avg: 9.5, Max: 28, Diff: 27, Sum: 38]
      [Scan RS (ms): Min: 0.2, Avg: 0.3, Max: 0.5, Diff: 0.3, Sum: 1.3]
      [Code Root Scanning (ms): Min: 0.1, Avg: 0.3, Max: 0.5, Diff: 0.4, Sum: 1.2]
      [Object Copy (ms): Min: 5.5, Avg: 5.7, Max: 5.9, Diff: 0.5, Sum: 22.7]
      [Termination (ms): Min: 0.0, Avg: 0.0, Max: 0.0, Diff: 0.0, Sum: 0.0]
         [Termination Attempts: Min: 1, Avg: 1.0, Max: 1, Diff: 0, Sum: 4]
      [GC Worker Other (ms): Min: 0.1, Avg: 0.2, Max: 0.3, Diff: 0.3, Sum: 0.9]
      [GC Worker Total (ms): Min: 8.6, Avg: 8.8, Max: 8.9, Diff: 0.3, Sum: 35.2]
      [GC Worker End (ms): Min: 173267140.4, Avg: 173267140.6, Max: 173267140.7, Diff: 0.3]
   [Code Root Fixup: 0.0 ms]
   [Code Root Purge: 0.0 ms]
   [Clear CT: 0.8 ms]
   [Other: 4.2 ms]
      [Choose CSet: 0.0 ms]
      [Ref Proc: 1.6 ms]
      [Ref Enq: 0.0 ms]
      [Redirty Cards: 0.5 ms]
      [Humongous Register: 0.6 ms]
      [Humongous Reclaim: 0.1 ms]
      [Free CSet: 0.6 ms]
   [Eden: 231.0M(231.0M)->0.0B(402.0M) Survivors: 4096.0K->3072.0K Heap: 379.5M(1024.0M)->147.7M(1024.0M)]
 [Times: user=0.02 sys=0.00, real=0.01 secs] 
2021-03-18T17:10:43.444+0700: 179562.385: [GC pause (G1 Evacuation Pause) (young), 0.0170790 secs]
   [Parallel Time: 9.6 ms, GC Workers: 4]
      [GC Worker Start (ms): Min: 179562386.0, Avg: 179562386.1, Max: 179562386.2, Diff: 0.2]
      [Ext Root Scanning (ms): Min: 1.1, Avg: 1.3, Max: 1.5, Diff: 0.3, Sum: 5.0]
      [Update RS (ms): Min: 0.9, Avg: 1.2, Max: 1.8, Diff: 0.9, Sum: 4.6]
         [Processed Buffers: Min: 1, Avg: 9.5, Max: 28, Diff: 27, Sum: 38]
      [Scan RS (ms): Min: 0.2, Avg: 0.5, Max: 0.7, Diff: 0.5, Sum: 2.0]
      [Code Root Scanning (ms): Min: 0.1, Avg: 0.3, Max: 0.4, Diff: 0.3, Sum: 1.2]
      [Object Copy (ms): Min: 5.7, Avg: 5.8, Max: 5.9, Diff: 0.2, Sum: 23.3]
      [Termination (ms): Min: 0.0, Avg: 0.0, Max: 0.0, Diff: 0.0, Sum: 0.0]
         [Termination Attempts: Min: 1, Avg: 1.2, Max: 2, Diff: 1, Sum: 5]
      [GC Worker Other (ms): Min: 0.1, Avg: 0.2, Max: 0.3, Diff: 0.2, Sum: 0.8]
      [GC Worker Total (ms): Min: 9.0, Avg: 9.3, Max: 9.4, Diff: 0.4, Sum: 37.0]
      [GC Worker End (ms): Min: 179562395.3, Avg: 179562395.4, Max: 179562395.5, Diff: 0.2]
   [Code Root Fixup: 0.0 ms]
   [Code Root Purge: 0.0 ms]
   [Clear CT: 2.3 ms]
   [Other: 5.2 ms]
      [Choose CSet: 0.0 ms]
      [Ref Proc: 2.5 ms]
      [Ref Enq: 0.1 ms]
      [Redirty Cards: 0.4 ms]
      [Humongous Register: 0.5 ms]
      [Humongous Reclaim: 0.1 ms]
      [Free CSet: 1.1 ms]
   [Eden: 402.0M(402.0M)->0.0B(496.0M) Survivors: 3072.0K->4096.0K Heap: 549.7M(1024.0M)->148.3M(1024.0M)]
 [Times: user=0.01 sys=0.00, real=0.02 secs] 
6.1M(1024.0M)->148.7M(1024.0M)]
 [Times: user=0.07 sys=0.00, real=0.01 secs] 
2021-03-17T23:29:23.258+0700: 115892.200: [GC pause (G1 Evacuation Pause) (young), 0.0092585 secs]
   [Parallel Time: 7.5 ms, GC Workers: 4]
      [GC Worker Start (ms): Min: 115892200.7, Avg: 115892203.1, Max: 115892208.0, Diff: 7.3]
      [Ext Root Scanning (ms): Min: 0.0, Avg: 1.0, Max: 2.0, Diff: 1.9, Sum: 4.0]
      [Update RS (ms): Min: 0.0, Avg: 0.4, Max: 0.6, Diff: 0.6, Sum: 1.5]
         [Processed Buffers: Min: 0, Avg: 9.8, Max: 20, Diff: 20, Sum: 39]
      [Scan RS (ms): Min: 0.0, Avg: 0.0, Max: 0.1, Diff: 0.1, Sum: 0.2]
      [Code Root Scanning (ms): Min: 0.0, Avg: 0.0, Max: 0.0, Diff: 0.0, Sum: 0.1]
      [Object Copy (ms): Min: 0.0, Avg: 3.4, Max: 4.6, Diff: 4.6, Sum: 13.5]
      [Termination (ms): Min: 0.0, Avg: 0.2, Max: 0.2, Diff: 0.2, Sum: 0.6]
         [Termination Attempts: Min: 1, Avg: 1.0, Max: 1, Diff: 0, Sum: 4]
      [GC Worker Other (ms): Min: 0.0, Avg: 0.0, Max: 0.0, Diff: 0.0, Sum: 0.1]
      [GC Worker Total (ms): Min: 0.1, Avg: 5.0, Max: 7.4, Diff: 7.4, Sum: 19.9]
      [GC Worker End (ms): Min: 115892208.1, Avg: 115892208.1, Max: 115892208.1, Diff: 0.0]
   [Code Root Fixup: 0.0 ms]
   [Code Root Purge: 0.0 ms]
   [Clear CT: 0.2 ms]
   [Other: 1.5 ms]
      [Choose CSet: 0.0 ms]
      [Ref Proc: 0.6 ms]
      [Ref Enq: 0.0 ms]
      [Redirty Cards: 0.2 ms]
      [Humongous Register: 0.3 ms]
      [Humongous Reclaim: 0.0 ms]
      [Free CSet: 0.1 ms]
   [Eden: 94208.0K(94208.0K)->0.0B(216.0M) Survivors: 3072.0K->4096.0K Heap: 240.7M(1024.0M)->149.2M(1024.0M)]
 [Times: user=0.02 sys=0.01, real=0.01 secs] 
2021-03-17T23:50:51.757+0700: 117180.699: [GC pause (G1 Evacuation Pause) (young), 0.0192971 secs]
   [Parallel Time: 14.2 ms, GC Workers: 4]
      [GC Worker Start (ms): Min: 117180699.6, Avg: 117180699.7, Max: 117180699.8, Diff: 0.2]
      [Ext Root Scanning (ms): Min: 2.1, Avg: 2.4, Max: 2.7, Diff: 0.6, Sum: 9.6]
      [Update RS (ms): Min: 0.0, Avg: 0.7, Max: 1.4, Diff: 1.4, Sum: 2.8]
         [Processed Buffers: Min: 0, Avg: 9.2, Max: 18, Diff: 18, Sum: 37]
      [Scan RS (ms): Min: 0.0, Avg: 0.2, Max: 0.4, Diff: 0.4, Sum: 0.9]
      [Code Root Scanning (ms): Min: 0.0, Avg: 0.1, Max: 0.3, Diff: 0.3, Sum: 0.6]
      [Object Copy (ms): Min: 9.4, Avg: 10.1, Max: 10.8, Diff: 1.4, Sum: 40.3]
      [Termination (ms): Min: 0.0, Avg: 0.0, Max: 0.0, Diff: 0.0, Sum: 0.0]
         [Termination Attempts: Min: 1, Avg: 1.0, Max: 1, Diff: 0, Sum: 4]
      [GC Worker Other (ms): Min: 0.2, Avg: 0.2, Max: 0.3, Diff: 0.1, Sum: 1.0]
      [GC Worker Total (ms): Min: 13.7, Avg: 13.8, Max: 14.0, Diff: 0.3, Sum: 55.2]
      [GC Worker End (ms): Min: 117180713.4, Avg: 117180713.5, Max: 117180713.6, Diff: 0.2]
   [Code Root Fixup: 0.0 ms]
   [Code Root Purge: 0.0 ms]
   [Clear CT: 1.5 ms]
   [Other: 3.6 ms]
      [Choose CSet: 0.0 ms]
      [Ref Proc: 1.2 ms]
      [Ref Enq: 0.0 ms]
      [Redirty Cards: 0.5 ms]
      [Humongous Register: 0.6 ms]
      [Humongous Reclaim: 0.1 ms]
      [Free CSet: 0.7 ms]
   [Eden: 216.0M(216.0M)->0.0B(212.0M) Survivors: 4096.0K->5120.0K Heap: 365.2M(1024.0M)->150.2M(1024.0M)]
 [Times: user=0.07 sys=0.00, real=0.01 secs] 
2021-03-18T00:11:39.191+0700: 118428.134: [GC pause (G1 Evacuation Pause) (young), 0.0158472 secs]
   [Parallel Time: 12.2 ms, GC Workers: 4]
      [GC Worker Start (ms): Min: 118428133.9, Avg: 118428134.0, Max: 118428134.2, Diff: 0.3]
      [Ext Root Scanning (ms): Min: 1.0, Avg: 1.2, Max: 1.4, Diff: 0.4, Sum: 4.8]
      [Update RS (ms): Min: 0.4, Avg: 0.7, Max: 0.8, Diff: 0.4, Sum: 2.7]
         [Processed Buffers: Min: 1, Avg: 9.8, Max: 20, Diff: 19, Sum: 39]
      [Scan RS (ms): Min: 0.1, Avg: 0.3, Max: 0.4, Diff: 0.3, Sum: 1.0]
      [Code Root Scanning (ms): Min: 0.1, Avg: 0.2, Max: 0.3, Diff: 0.2, Sum: 0.6]
      [Object Copy (ms): Min: 9.1, Avg: 9.2, Max: 9.3, Diff: 0.2, Sum: 36.8]
      [Termination (ms): Min: 0.0, Avg: 0.0, Max: 0.0, Diff: 0.0, Sum: 0.0]
         [Termination Attempts: Min: 1, Avg: 1.0, Max: 1, Diff: 0, Sum: 4]
      [GC Worker Other (ms): Min: 0.1, Avg: 0.1, Max: 0.1, Diff: 0.0, Sum: 0.3]
      [GC Worker Total (ms): Min: 11.4, Avg: 11.6, Max: 11.7, Diff: 0.3, Sum: 46.3]
      [GC Worker End (ms): Min: 118428145.6, Avg: 118428145.6, Max: 118428145.6, Diff: 0.0]
   [Code Root Fixup: 0.0 ms]
   [Code Root Purge: 0.0 ms]
   [Clear CT: 0.9 ms]
   [Other: 2.8 ms]
      [Choose CSet: 0.0 ms]
      [Ref Proc: 1.0 ms]
      [Ref Enq: 0.0 ms]
      [Redirty Cards: 0.6 ms]
      [Humongous Register: 0.1 ms]
      [Humongous Reclaim: 0.1 ms]
      [Free CSet: 0.6 ms]
   [Eden: 212.0M(212.0M)->0.0B(323.0M) Survivors: 5120.0K->5120.0K Heap: 362.2M(1024.0M)->150.2M(1024.0M)]
 [Times: user=0.06 sys=0.00, real=0.02 secs] 
2021-03-18T00:43:49.412+0700: 120358.354: [GC pause (G1 Evacuation Pause) (young), 0.0146784 secs]
   [Parallel Time: 10.4 ms, GC Workers: 4]
      [GC Worker Start (ms): Min: 120358354.0, Avg: 120358354.1, Max: 120358354.2, Diff: 0.3]
      [Ext Root Scanning (ms): Min: 1.0, Avg: 1.1, Max: 1.2, Diff: 0.3, Sum: 4.4]
      [Update RS (ms): Min: 0.5, Avg: 0.6, Max: 0.7, Diff: 0.2, Sum: 2.5]
         [Processed Buffers: Min: 1, Avg: 10.0, Max: 17, Diff: 16, Sum: 40]
      [Scan RS (ms): Min: 0.5, Avg: 0.7, Max: 1.1, Diff: 0.7, Sum: 2.6]
      [Code Root Scanning (ms): Min: 0.2, Avg: 0.4, Max: 0.6, Diff: 0.4, Sum: 1.5]
      [Object Copy (ms): Min: 6.5, Avg: 6.8, Max: 7.2, Diff: 0.7, Sum: 27.4]
      [Termination (ms): Min: 0.0, Avg: 0.0, Max: 0.0, Diff: 0.0, Sum: 0.0]
         [Termination Attempts: Min: 1, Avg: 1.0, Max: 1, Diff: 0, Sum: 4]
      [GC Worker Other (ms): Min: 0.1, Avg: 0.2, Max: 0.3, Diff: 0.2, Sum: 0.8]
      [GC Worker Total (ms): Min: 9.8, Avg: 9.8, Max: 9.9, Diff: 0.1, Sum: 39.3]
      [GC Worker End (ms): Min: 120358363.9, Avg: 120358364.0, Max: 120358364.1, Diff: 0.2]
   [Code Root Fixup: 0.0 ms]
   [Code Root Purge: 0.0 ms]
   [Clear CT: 1.1 ms]
   [Other: 3.2 ms]
      [Choose CSet: 0.0 ms]
      [Ref Proc: 1.2 ms]
      [Ref Enq: 0.0 ms]
      [Redirty Cards: 0.5 ms]
      [Humongous Register: 0.1 ms]
      [Humongous Reclaim: 0.1 ms]
      [Free CSet: 0.9 ms]
   [Eden: 323.0M(323.0M)->0.0B(403.0M) Survivors: 5120.0K->3072.0K Heap: 473.2M(1024.0M)->148.2M(1024.0M)]
 [Times: user=0.03 sys=0.03, real=0.02 secs] 
2021-03-18T01:24:03.458+0700: 122772.400: [GC pause (G1 Evacuation Pause) (young), 0.1114304 secs]
   [Parallel Time: 65.5 ms, GC Workers: 4]
      [GC Worker Start (ms): Min: 122772400.7, Avg: 122772429.3, Max: 122772463.2, Diff: 62.5]
      [Ext Root Scanning (ms): Min: 0.0, Avg: 22.6, Max: 44.6, Diff: 44.6, Sum: 90.2]
      [Update RS (ms): Min: 0.0, Avg: 0.8, Max: 1.6, Diff: 1.6, Sum: 3.0]
         [Processed Buffers: Min: 0, Avg: 9.5, Max: 32, Diff: 32, Sum: 38]
      [Scan RS (ms): Min: 0.1, Avg: 0.4, Max: 0.7, Diff: 0.6, Sum: 1.6]
      [Code Root Scanning (ms): Min: 0.0, Avg: 0.2, Max: 0.4, Diff: 0.4, Sum: 0.6]
      [Object Copy (ms): Min: 0.0, Avg: 8.5, Max: 13.7, Diff: 13.7, Sum: 34.1]
      [Termination (ms): Min: 0.0, Avg: 2.2, Max: 3.1, Diff: 3.1, Sum: 8.6]
         [Termination Attempts: Min: 1, Avg: 1.0, Max: 1, Diff: 0, Sum: 4]
      [GC Worker Other (ms): Min: 0.0, Avg: 0.0, Max: 0.1, Diff: 0.0, Sum: 0.2]
      [GC Worker Total (ms): Min: 0.2, Avg: 34.6, Max: 63.2, Diff: 63.1, Sum: 138.4]
      [GC Worker End (ms): Min: 122772463.4, Avg: 122772463.9, Max: 122772464.4, Diff: 1.0]
   [Code Root Fixup: 0.0 ms]
   [Code Root Purge: 0.0 ms]
   [Clear CT: 16.0 ms]
   [Other: 30.0 ms]
      [Choose CSet: 0.0 ms]
      [Ref Proc: 16.5 ms]
      [Ref Enq: 0.0 ms]
      [Redirty Cards: 9.9 ms]
      [Humongous Register: 0.3 ms]
      [Humongous Reclaim: 0.0 ms]
      [Free CSet: 2.8 ms]
   [Eden: 403.0M(403.0M)->0.0B(48128.0K) Survivors: 3072.0K->4096.0K Heap: 551.2M(1024.0M)->149.2M(1024.0M)]
 [Times: user=0.03 sys=0.02, real=0.11 secs] 
2021-03-18T01:28:50.526+0700: 123059.468: [GC pause (G1 Evacuation Pause) (young), 0.0075057 secs]
   [Parallel Time: 6.4 ms, GC Workers: 4]
      [GC Worker Start (ms): Min: 123059468.5, Avg: 123059468.7, Max: 123059469.2, Diff: 0.6]
      [Ext Root Scanning (ms): Min: 0.3, Avg: 0.7, Max: 0.9, Diff: 0.7, Sum: 2.7]
      [Update RS (ms): Min: 1.7, Avg: 1.9, Max: 2.2, Diff: 0.5, Sum: 7.7]
         [Processed Buffers: Min: 1, Avg: 9.5, Max: 20, Diff: 19, Sum: 38]
      [Scan RS (ms): Min: 0.0, Avg: 0.0, Max: 0.1, Diff: 0.1, Sum: 0.1]
      [Code Root Scanning (ms): Min: 0.0, Avg: 0.0, Max: 0.0, Diff: 0.0, Sum: 0.1]
      [Object Copy (ms): Min: 3.2, Avg: 3.3, Max: 3.5, Diff: 0.3, Sum: 13.2]
      [Termination (ms): Min: 0.0, Avg: 0.0, Max: 0.0, Diff: 0.0, Sum: 0.0]
         [Termination Attempts: Min: 1, Avg: 1.0, Max: 1, Diff: 0, Sum: 4]
      [GC Worker Other (ms): Min: 0.0, Avg: 0.1, Max: 0.2, Diff: 0.2, Sum: 0.4]
      [GC Worker Total (ms): Min: 5.6, Avg: 6.1, Max: 6.3, Diff: 0.7, Sum: 24.3]
      [GC Worker End (ms): Min: 123059474.8, Avg: 123059474.8, Max: 123059474.8, Diff: 0.1]
   [Code Root Fixup: 0.0 ms]
   [Code Root Purge: 0.0 ms]
   [Clear CT: 0.1 ms]
   [Other: 1.0 ms]
      [Choose CSet: 0.0 ms]
      [Ref Proc: 0.2 ms]
      [Ref Enq: 0.0 ms]
      [Redirty Cards: 0.1 ms]
      [Humongous Register: 0.3 ms]
      [Humongous Reclaim: 0.0 ms]
      [Free CSet: 0.1 ms]
   [Eden: 48128.0K(48128.0K)->0.0B(49152.0K) Survivors: 4096.0K->3072.0K Heap: 196.2M(1024.0M)->148.7M(1024.0M)]
 [Times: user=0.00 sys=0.00, real=0.01 secs] 
2021-03-18T01:33:38.828+0700: 123347.770: [GC pause (G1 Evacuation Pause) (young), 0.0080239 secs]
   [Parallel Time: 6.1 ms, GC Workers: 4]
      [GC Worker Start (ms): Min: 123347770.8, Avg: 123347770.9, Max: 123347771.0, Diff: 0.1]
      [Ext Root Scanning (ms): Min: 0.8, Avg: 0.9, Max: 1.0, Diff: 0.2, Sum: 3.4]
      [Update RS (ms): Min: 0.3, Avg: 0.4, Max: 0.5, Diff: 0.2, Sum: 1.5]
         [Processed Buffers: Min: 1, Avg: 10.0, Max: 24, Diff: 23, Sum: 40]
      [Scan RS (ms): Min: 0.0, Avg: 0.0, Max: 0.1, Diff: 0.1, Sum: 0.1]
      [Code Root Scanning (ms): Min: 0.0, Avg: 0.0, Max: 0.0, Diff: 0.0, Sum: 0.1]
      [Object Copy (ms): Min: 4.4, Avg: 4.6, Max: 4.7, Diff: 0.2, Sum: 18.3]
      [Termination (ms): Min: 0.0, Avg: 0.0, Max: 0.0, Diff: 0.0, Sum: 0.0]
         [Termination Attempts: Min: 1, Avg: 1.0, Max: 1, Diff: 0, Sum: 4]
      [GC Worker Other (ms): Min: 0.0, Avg: 0.0, Max: 0.0, Diff: 0.0, Sum: 0.2]
      [GC Worker Total (ms): Min: 5.9, Avg: 5.9, Max: 6.0, Diff: 0.1, Sum: 23.7]
      [GC Worker End (ms): Min: 123347776.8, Avg: 123347776.8, Max: 123347776.8, Diff: 0.0]
   [Code Root Fixup: 0.0 ms]
   [Code Root Purge: 0.0 ms]
   [Clear CT: 0.3 ms]
   [Other: 1.7 ms]
      [Choose CSet: 0.0 ms]
      [Ref Proc: 0.4 ms]
      [Ref Enq: 0.0 ms]
      [Redirty Cards: 0.5 ms]
      [Humongous Register: 0.4 ms]
      [Humongous Reclaim: 0.0 ms]
      [Free CSet: 0.1 ms]
   [Eden: 49152.0K(49152.0K)->0.0B(47104.0K) Survivors: 3072.0K->5120.0K Heap: 196.7M(1024.0M)->150.2M(1024.0M)]
 [Times: user=0.00 sys=0.02, real=0.01 secs] 
2021-03-18T01:38:16.443+0700: 123625.385: [GC pause (G1 Evacuation Pause) (young), 0.0063400 secs]
   [Parallel Time: 4.9 ms, GC Workers: 4]
      [GC Worker Start (ms): Min: 123625385.0, Avg: 123625385.1, Max: 123625385.1, Diff: 0.1]
      [Ext Root Scanning (ms): Min: 0.7, Avg: 0.8, Max: 0.8, Diff: 0.2, Sum: 3.0]
      [Update RS (ms): Min: 0.2, Avg: 0.3, Max: 0.5, Diff: 0.2, Sum: 1.1]
         [Processed Buffers: Min: 1, Avg: 9.8, Max: 17, Diff: 16, Sum: 39]
      [Scan RS (ms): Min: 0.0, Avg: 0.0, Max: 0.1, Diff: 0.1, Sum: 0.2]
      [Code Root Scanning (ms): Min: 0.0, Avg: 0.0, Max: 0.0, Diff: 0.0, Sum: 0.1]
      [Object Copy (ms): Min: 3.5, Avg: 3.6, Max: 3.7, Diff: 0.2, Sum: 14.4]
      [Termination (ms): Min: 0.0, Avg: 0.0, Max: 0.0, Diff: 0.0, Sum: 0.0]
         [Termination Attempts: Min: 1, Avg: 1.0, Max: 1, Diff: 0, Sum: 4]
      [GC Worker Other (ms): Min: 0.0, Avg: 0.0, Max: 0.0, Diff: 0.0, Sum: 0.1]
      [GC Worker Total (ms): Min: 4.7, Avg: 4.7, Max: 4.8, Diff: 0.1, Sum: 18.9]
      [GC Worker End (ms): Min: 123625389.8, Avg: 123625389.8, Max: 123625389.8, Diff: 0.0]
   [Code Root Fixup: 0.0 ms]
   [Code Root Purge: 0.0 ms]
   [Clear CT: 0.2 ms]
   [Other: 1.2 ms]
      [Choose CSet: 0.0 ms]
      [Ref Proc: 0.3 ms]
      [Ref Enq: 0.0 ms]
      [Redirty Cards: 0.2 ms]
      [Humongous Register: 0.3 ms]
      [Humongous Reclaim: 0.0 ms]
      [Free CSet: 0.1 ms]
   [Eden: 47104.0K(47104.0K)->0.0B(47104.0K) Survivors: 5120.0K->5120.0K Heap: 196.2M(1024.0M)->150.2M(1024.0M)]
 [Times: user=0.06 sys=0.00, real=0.01 secs] 
2021-03-18T04:42:51.648+0700: 134700.590: [GC pause (G1 Evacuation Pause) (young), 0.3126872 secs]
   [Parallel Time: 157.6 ms, GC Workers: 4]
      [GC Worker Start (ms): Min: 134700627.7, Avg: 134700700.3, Max: 134700743.5, Diff: 115.8]
      [Ext Root Scanning (ms): Min: 0.0, Avg: 0.6, Max: 2.5, Diff: 2.4, Sum: 2.6]
      [Update RS (ms): Min: 0.0, Avg: 0.4, Max: 1.5, Diff: 1.5, Sum: 1.5]
         [Processed Buffers: Min: 0, Avg: 10.0, Max: 40, Diff: 40, Sum: 40]
      [Scan RS (ms): Min: 0.0, Avg: 0.0, Max: 0.1, Diff: 0.1, Sum: 0.1]
      [Code Root Scanning (ms): Min: 0.0, Avg: 0.0, Max: 0.1, Diff: 0.1, Sum: 0.1]
      [Object Copy (ms): Min: 0.0, Avg: 3.0, Max: 11.8, Diff: 11.8, Sum: 11.8]
      [Termination (ms): Min: 0.0, Avg: 39.2, Max: 100.0, Diff: 100.0, Sum: 157.0]
         [Termination Attempts: Min: 1, Avg: 1.0, Max: 1, Diff: 0, Sum: 4]
      [GC Worker Other (ms): Min: 0.0, Avg: 0.0, Max: 0.0, Diff: 0.0, Sum: 0.1]
      [GC Worker Total (ms): Min: 0.1, Avg: 43.3, Max: 115.9, Diff: 115.8, Sum: 173.1]
      [GC Worker End (ms): Min: 134700743.6, Avg: 134700743.6, Max: 134700743.6, Diff: 0.0]
   [Code Root Fixup: 0.0 ms]
   [Code Root Purge: 0.0 ms]
   [Clear CT: 66.1 ms]
   [Other: 89.0 ms]
      [Choose CSet: 0.0 ms]
      [Ref Proc: 79.1 ms]
      [Ref Enq: 0.0 ms]
      [Redirty Cards: 8.9 ms]
      [Humongous Register: 0.4 ms]
      [Humongous Reclaim: 0.1 ms]
      [Free CSet: 0.1 ms]
   [Eden: 47104.0K(47104.0K)->0.0B(49152.0K) Survivors: 5120.0K->3072.0K Heap: 196.2M(1024.0M)->148.2M(1024.0M)]
 [Times: user=0.01 sys=0.00, real=0.31 secs] 
2021-03-18T04:43:03.476+0700: 134712.418: [GC pause (G1 Evacuation Pause) (young), 0.0920979 secs]
   [Parallel Time: 15.1 ms, GC Workers: 4]
      [GC Worker Start (ms): Min: 134712419.7, Avg: 134712427.1, Max: 134712433.1, Diff: 13.4]
      [Ext Root Scanning (ms): Min: 0.0, Avg: 1.3, Max: 4.9, Diff: 4.9, Sum: 5.3]
      [Update RS (ms): Min: 0.0, Avg: 0.3, Max: 0.7, Diff: 0.7, Sum: 1.3]
         [Processed Buffers: Min: 0, Avg: 9.2, Max: 33, Diff: 33, Sum: 37]
      [Scan RS (ms): Min: 0.0, Avg: 0.0, Max: 0.0, Diff: 0.0, Sum: 0.1]
      [Code Root Scanning (ms): Min: 0.0, Avg: 0.0, Max: 0.0, Diff: 0.0, Sum: 0.1]
      [Object Copy (ms): Min: 0.0, Avg: 3.5, Max: 7.0, Diff: 7.0, Sum: 14.2]
      [Termination (ms): Min: 0.0, Avg: 0.8, Max: 1.1, Diff: 1.1, Sum: 3.2]
         [Termination Attempts: Min: 1, Avg: 1.0, Max: 1, Diff: 0, Sum: 4]
      [GC Worker Other (ms): Min: 0.0, Avg: 0.0, Max: 0.0, Diff: 0.0, Sum: 0.1]
      [GC Worker Total (ms): Min: 0.1, Avg: 6.1, Max: 13.5, Diff: 13.4, Sum: 24.3]
      [GC Worker End (ms): Min: 134712433.2, Avg: 134712433.2, Max: 134712433.4, Diff: 0.2]
   [Code Root Fixup: 0.0 ms]
   [Code Root Purge: 0.0 ms]
   [Clear CT: 38.2 ms]
   [Other: 38.8 ms]
      [Choose CSet: 0.0 ms]
      [Ref Proc: 5.8 ms]
      [Ref Enq: 0.0 ms]
      [Redirty Cards: 32.2 ms]
      [Humongous Register: 0.4 ms]
      [Humongous Reclaim: 0.0 ms]
      [Free CSet: 0.1 ms]
   [Eden: 49152.0K(49152.0K)->0.0B(48128.0K) Survivors: 3072.0K->4096.0K Heap: 196.2M(1024.0M)->149.2M(1024.0M)]
 [Times: user=0.01 sys=0.00, real=0.10 secs] 
2021-03-18T04:43:12.318+0700: 134721.260: [GC pause (G1 Evacuation Pause) (young), 0.0132553 secs]
   [Parallel Time: 11.1 ms, GC Workers: 4]
      [GC Worker Start (ms): Min: 134721260.0, Avg: 134721264.2, Max: 134721269.8, Diff: 9.8]
      [Ext Root Scanning (ms): Min: 0.0, Avg: 0.5, Max: 1.0, Diff: 1.0, Sum: 2.0]
      [Update RS (ms): Min: 0.0, Avg: 0.4, Max: 0.8, Diff: 0.8, Sum: 1.6]
         [Processed Buffers: Min: 0, Avg: 8.8, Max: 23, Diff: 23, Sum: 35]
      [Scan RS (ms): Min: 0.0, Avg: 0.0, Max: 0.1, Diff: 0.1, Sum: 0.1]
      [Code Root Scanning (ms): Min: 0.0, Avg: 0.0, Max: 0.0, Diff: 0.0, Sum: 0.1]
      [Object Copy (ms): Min: 0.0, Avg: 3.9, Max: 7.1, Diff: 7.1, Sum: 15.8]
      [Termination (ms): Min: 0.0, Avg: 0.9, Max: 1.3, Diff: 1.3, Sum: 3.6]
         [Termination Attempts: Min: 1, Avg: 1.0, Max: 1, Diff: 0, Sum: 4]
      [GC Worker Other (ms): Min: 0.0, Avg: 0.1, Max: 0.1, Diff: 0.1, Sum: 0.3]
      [GC Worker Total (ms): Min: 0.1, Avg: 5.9, Max: 10.3, Diff: 10.2, Sum: 23.4]
      [GC Worker End (ms): Min: 134721269.8, Avg: 134721270.1, Max: 134721270.3, Diff: 0.5]
   [Code Root Fixup: 0.0 ms]
   [Code Root Purge: 0.0 ms]
   [Clear CT: 0.2 ms]
   [Other: 1.9 ms]
      [Choose CSet: 0.0 ms]
      [Ref Proc: 1.2 ms]
      [Ref Enq: 0.0 ms]
      [Redirty Cards: 0.1 ms]
      [Humongous Register: 0.1 ms]
      [Humongous Reclaim: 0.1 ms]
      [Free CSet: 0.1 ms]
   [Eden: 48128.0K(48128.0K)->0.0B(48128.0K) Survivors: 4096.0K->4096.0K Heap: 196.2M(1024.0M)->149.4M(1024.0M)]
 [Times: user=0.03 sys=0.00, real=0.01 secs] 
2021-03-18T04:43:22.568+0700: 134731.510: [GC pause (G1 Evacuation Pause) (young), 0.1332610 secs]
   [Parallel Time: 69.9 ms, GC Workers: 4]
      [GC Worker Start (ms): Min: 134731534.9, Avg: 134731559.0, Max: 134731575.9, Diff: 41.0]
      [Ext Root Scanning (ms): Min: 0.0, Avg: 0.6, Max: 2.0, Diff: 1.9, Sum: 2.4]
      [Update RS (ms): Min: 0.0, Avg: 0.5, Max: 2.2, Diff: 2.2, Sum: 2.2]
         [Processed Buffers: Min: 0, Avg: 8.2, Max: 33, Diff: 33, Sum: 33]
      [Scan RS (ms): Min: 0.0, Avg: 0.0, Max: 0.1, Diff: 0.1, Sum: 0.1]
      [Code Root Scanning (ms): Min: 0.0, Avg: 0.0, Max: 0.0, Diff: 0.0, Sum: 0.0]
      [Object Copy (ms): Min: 0.0, Avg: 3.2, Max: 12.7, Diff: 12.7, Sum: 12.7]
      [Termination (ms): Min: 0.0, Avg: 13.7, Max: 28.3, Diff: 28.3, Sum: 54.9]
         [Termination Attempts: Min: 1, Avg: 1.0, Max: 1, Diff: 0, Sum: 4]
      [GC Worker Other (ms): Min: 0.0, Avg: 0.0, Max: 0.0, Diff: 0.0, Sum: 0.1]
      [GC Worker Total (ms): Min: 0.1, Avg: 18.1, Max: 45.3, Diff: 45.2, Sum: 72.5]
      [GC Worker End (ms): Min: 134731576.0, Avg: 134731577.1, Max: 134731580.3, Diff: 4.2]
   [Code Root Fixup: 0.0 ms]
   [Code Root Purge: 0.0 ms]
   [Clear CT: 17.0 ms]
   [Other: 46.4 ms]
      [Choose CSet: 0.0 ms]
      [Ref Proc: 44.9 ms]
      [Ref Enq: 0.0 ms]
      [Redirty Cards: 0.1 ms]
      [Humongous Register: 0.1 ms]
      [Humongous Reclaim: 0.1 ms]
      [Free CSet: 0.2 ms]
   [Eden: 48128.0K(48128.0K)->0.0B(48128.0K) Survivors: 4096.0K->4096.0K Heap: 196.4M(1024.0M)->149.8M(1024.0M)]
 [Times: user=0.05 sys=0.00, real=0.13 secs] 
2021-03-18T09:41:32.023+0700: 152620.965: [GC pause (G1 Evacuation Pause) (young), 0.1314278 secs]
   [Parallel Time: 35.2 ms, GC Workers: 4]
      [GC Worker Start (ms): Min: 152620968.8, Avg: 152620985.0, Max: 152620997.6, Diff: 28.8]
      [Ext Root Scanning (ms): Min: 0.0, Avg: 0.9, Max: 3.5, Diff: 3.5, Sum: 3.8]
      [Update RS (ms): Min: 0.0, Avg: 1.2, Max: 4.9, Diff: 4.9, Sum: 4.9]
         [Processed Buffers: Min: 0, Avg: 10.0, Max: 40, Diff: 40, Sum: 40]
      [Scan RS (ms): Min: 0.0, Avg: 0.0, Max: 0.1, Diff: 0.1, Sum: 0.1]
      [Code Root Scanning (ms): Min: 0.0, Avg: 0.0, Max: 0.0, Diff: 0.0, Sum: 0.0]
      [Object Copy (ms): Min: 0.0, Avg: 3.7, Max: 10.4, Diff: 10.4, Sum: 14.9]
      [Termination (ms): Min: 0.0, Avg: 8.0, Max: 12.1, Diff: 12.1, Sum: 32.0]
         [Termination Attempts: Min: 1, Avg: 1.0, Max: 1, Diff: 0, Sum: 4]
      [GC Worker Other (ms): Min: 0.0, Avg: 0.1, Max: 0.2, Diff: 0.2, Sum: 0.3]
      [GC Worker Total (ms): Min: 0.4, Avg: 14.0, Max: 31.1, Diff: 30.7, Sum: 56.0]
      [GC Worker End (ms): Min: 152620998.0, Avg: 152620999.0, Max: 152620999.9, Diff: 1.9]
   [Code Root Fixup: 0.0 ms]
   [Code Root Purge: 0.0 ms]
   [Clear CT: 37.2 ms]
   [Other: 58.9 ms]
      [Choose CSet: 0.0 ms]
      [Ref Proc: 12.2 ms]
      [Ref Enq: 0.0 ms]
      [Redirty Cards: 45.7 ms]
      [Humongous Register: 0.5 ms]
      [Humongous Reclaim: 0.1 ms]
      [Free CSet: 0.1 ms]
   [Eden: 48128.0K(48128.0K)->0.0B(48128.0K) Survivors: 4096.0K->4096.0K Heap: 196.8M(1024.0M)->149.8M(1024.0M)]
 [Times: user=0.02 sys=0.00, real=0.13 secs] 
2021-03-18T09:41:38.063+0700: 152627.006: [GC pause (G1 Evacuation Pause) (young), 0.0203985 secs]
   [Parallel Time: 18.1 ms, GC Workers: 4]
      [GC Worker Start (ms): Min: 152627009.2, Avg: 152627018.4, Max: 152627023.7, Diff: 14.4]
      [Ext Root Scanning (ms): Min: 0.0, Avg: 0.7, Max: 2.6, Diff: 2.5, Sum: 2.7]
      [Update RS (ms): Min: 0.0, Avg: 0.4, Max: 1.8, Diff: 1.8, Sum: 1.8]
         [Processed Buffers: Min: 0, Avg: 8.2, Max: 33, Diff: 33, Sum: 33]
      [Scan RS (ms): Min: 0.0, Avg: 0.0, Max: 0.1, Diff: 0.1, Sum: 0.1]
      [Code Root Scanning (ms): Min: 0.0, Avg: 0.0, Max: 0.1, Diff: 0.1, Sum: 0.1]
      [Object Copy (ms): Min: 0.0, Avg: 3.5, Max: 8.8, Diff: 8.8, Sum: 13.9]
      [Termination (ms): Min: 0.0, Avg: 0.7, Max: 1.3, Diff: 1.3, Sum: 2.8]
         [Termination Attempts: Min: 1, Avg: 1.0, Max: 1, Diff: 0, Sum: 4]
      [GC Worker Other (ms): Min: 0.0, Avg: 0.0, Max: 0.0, Diff: 0.0, Sum: 0.1]
      [GC Worker Total (ms): Min: 0.1, Avg: 5.4, Max: 14.5, Diff: 14.5, Sum: 21.4]
      [GC Worker End (ms): Min: 152627023.7, Avg: 152627023.7, Max: 152627023.8, Diff: 0.0]
   [Code Root Fixup: 0.0 ms]
   [Code Root Purge: 0.0 ms]
   [Clear CT: 0.3 ms]
   [Other: 2.0 ms]
      [Choose CSet: 0.0 ms]
      [Ref Proc: 0.8 ms]
      [Ref Enq: 0.0 ms]
      [Redirty Cards: 0.2 ms]
      [Humongous Register: 0.1 ms]
      [Humongous Reclaim: 0.1 ms]
      [Free CSet: 0.5 ms]
   [Eden: 48128.0K(48128.0K)->0.0B(48128.0K) Survivors: 4096.0K->4096.0K Heap: 196.8M(1024.0M)->149.3M(1024.0M)]
 [Times: user=0.01 sys=0.00, real=0.02 secs] 
2021-03-18T09:42:02.833+0700: 152651.775: [GC pause (G1 Evacuation Pause) (young), 0.0114534 secs]
   [Parallel Time: 8.5 ms, GC Workers: 4]
      [GC Worker Start (ms): Min: 152651776.2, Avg: 152651776.4, Max: 152651776.7, Diff: 0.6]
      [Ext Root Scanning (ms): Min: 0.4, Avg: 2.0, Max: 4.5, Diff: 4.1, Sum: 8.0]
      [Update RS (ms): Min: 0.0, Avg: 1.2, Max: 3.8, Diff: 3.8, Sum: 4.7]
         [Processed Buffers: Min: 0, Avg: 8.0, Max: 21, Diff: 21, Sum: 32]
      [Scan RS (ms): Min: 0.0, Avg: 0.3, Max: 1.0, Diff: 1.0, Sum: 1.1]
      [Code Root Scanning (ms): Min: 0.0, Avg: 0.0, Max: 0.0, Diff: 0.0, Sum: 0.0]
      [Object Copy (ms): Min: 2.3, Avg: 3.8, Max: 6.2, Diff: 3.9, Sum: 15.2]
      [Termination (ms): Min: 0.0, Avg: 0.2, Max: 0.4, Diff: 0.3, Sum: 0.8]
         [Termination Attempts: Min: 1, Avg: 1.0, Max: 1, Diff: 0, Sum: 4]
      [GC Worker Other (ms): Min: 0.0, Avg: 0.1, Max: 0.3, Diff: 0.3, Sum: 0.4]
      [GC Worker Total (ms): Min: 7.3, Avg: 7.5, Max: 7.9, Diff: 0.6, Sum: 30.2]
      [GC Worker End (ms): Min: 152651783.9, Avg: 152651784.0, Max: 152651784.1, Diff: 0.2]
   [Code Root Fixup: 0.0 ms]
   [Code Root Purge: 0.0 ms]
   [Clear CT: 0.2 ms]
   [Other: 2.8 ms]
      [Choose CSet: 0.0 ms]
      [Ref Proc: 1.6 ms]
      [Ref Enq: 0.0 ms]
      [Redirty Cards: 0.3 ms]
      [Humongous Register: 0.1 ms]
      [Humongous Reclaim: 0.3 ms]
      [Free CSet: 0.1 ms]
   [Eden: 48128.0K(48128.0K)->0.0B(48128.0K) Survivors: 4096.0K->4096.0K Heap: 196.3M(1024.0M)->149.8M(1024.0M)]
 [Times: user=0.02 sys=0.00, real=0.01 secs] 
2021-03-18T09:42:13.822+0700: 152662.764: [GC pause (G1 Evacuation Pause) (young), 0.0128437 secs]
   [Parallel Time: 9.5 ms, GC Workers: 4]
      [GC Worker Start (ms): Min: 152662764.4, Avg: 152662767.4, Max: 152662773.7, Diff: 9.3]
      [Ext Root Scanning (ms): Min: 0.0, Avg: 1.2, Max: 2.4, Diff: 2.3, Sum: 4.6]
      [Update RS (ms): Min: 0.0, Avg: 1.4, Max: 3.8, Diff: 3.8, Sum: 5.5]
         [Processed Buffers: Min: 0, Avg: 7.8, Max: 25, Diff: 25, Sum: 31]
      [Scan RS (ms): Min: 0.0, Avg: 0.0, Max: 0.1, Diff: 0.1, Sum: 0.1]
      [Code Root Scanning (ms): Min: 0.0, Avg: 0.0, Max: 0.0, Diff: 0.0, Sum: 0.0]
      [Object Copy (ms): Min: 0.0, Avg: 3.5, Max: 5.7, Diff: 5.7, Sum: 14.1]
      [Termination (ms): Min: 0.0, Avg: 0.3, Max: 0.4, Diff: 0.4, Sum: 1.1]
         [Termination Attempts: Min: 1, Avg: 1.0, Max: 1, Diff: 0, Sum: 4]
      [GC Worker Other (ms): Min: 0.0, Avg: 0.0, Max: 0.1, Diff: 0.1, Sum: 0.2]
      [GC Worker Total (ms): Min: 0.1, Avg: 6.4, Max: 9.4, Diff: 9.3, Sum: 25.7]
      [GC Worker End (ms): Min: 152662773.8, Avg: 152662773.8, Max: 152662773.8, Diff: 0.1]
   [Code Root Fixup: 0.0 ms]
   [Code Root Purge: 0.0 ms]
   [Clear CT: 0.2 ms]
   [Other: 3.1 ms]
      [Choose CSet: 0.0 ms]
      [Ref Proc: 2.4 ms]
      [Ref Enq: 0.0 ms]
      [Redirty Cards: 0.2 ms]
      [Humongous Register: 0.1 ms]
      [Humongous Reclaim: 0.1 ms]
      [Free CSet: 0.1 ms]
   [Eden: 48128.0K(48128.0K)->0.0B(48128.0K) Survivors: 4096.0K->4096.0K Heap: 196.8M(1024.0M)->149.8M(1024.0M)]
 [Times: user=0.00 sys=0.00, real=0.01 secs] 
2021-03-18T09:42:35.494+0700: 152684.436: [GC pause (G1 Evacuation Pause) (young), 0.0089394 secs]
   [Parallel Time: 6.9 ms, GC Workers: 4]
      [GC Worker Start (ms): Min: 152684436.4, Avg: 152684436.5, Max: 152684436.5, Diff: 0.1]
      [Ext Root Scanning (ms): Min: 0.4, Avg: 0.5, Max: 0.6, Diff: 0.1, Sum: 2.0]
      [Update RS (ms): Min: 0.2, Avg: 1.4, Max: 5.0, Diff: 4.7, Sum: 5.7]
         [Processed Buffers: Min: 1, Avg: 8.2, Max: 28, Diff: 27, Sum: 33]
      [Scan RS (ms): Min: 0.0, Avg: 0.0, Max: 0.1, Diff: 0.0, Sum: 0.1]
      [Code Root Scanning (ms): Min: 0.0, Avg: 0.0, Max: 0.0, Diff: 0.0, Sum: 0.0]
      [Object Copy (ms): Min: 0.8, Avg: 4.4, Max: 5.6, Diff: 4.8, Sum: 17.4]
      [Termination (ms): Min: 0.0, Avg: 0.4, Max: 0.5, Diff: 0.5, Sum: 1.5]
         [Termination Attempts: Min: 1, Avg: 1.0, Max: 1, Diff: 0, Sum: 4]
      [GC Worker Other (ms): Min: 0.0, Avg: 0.0, Max: 0.0, Diff: 0.0, Sum: 0.1]
      [GC Worker Total (ms): Min: 6.4, Avg: 6.7, Max: 6.9, Diff: 0.5, Sum: 27.0]
      [GC Worker End (ms): Min: 152684442.9, Avg: 152684443.2, Max: 152684443.3, Diff: 0.4]
   [Code Root Fixup: 0.0 ms]
   [Code Root Purge: 0.0 ms]
   [Clear CT: 0.1 ms]
   [Other: 1.9 ms]
      [Choose CSet: 0.0 ms]
      [Ref Proc: 1.3 ms]
      [Ref Enq: 0.0 ms]
      [Redirty Cards: 0.1 ms]
      [Humongous Register: 0.1 ms]
      [Humongous Reclaim: 0.1 ms]
      [Free CSet: 0.0 ms]
   [Eden: 48128.0K(48128.0K)->0.0B(47104.0K) Survivors: 4096.0K->5120.0K Heap: 196.8M(1024.0M)->150.3M(1024.0M)]
 [Times: user=0.00 sys=0.00, real=0.01 secs] 
2021-03-18T09:46:38.711+0700: 152927.653: [GC pause (G1 Evacuation Pause) (young), 0.0336764 secs]
   [Parallel Time: 31.5 ms, GC Workers: 4]
      [GC Worker Start (ms): Min: 152927653.7, Avg: 152927673.9, Max: 152927685.0, Diff: 31.3]
      [Ext Root Scanning (ms): Min: 0.0, Avg: 1.0, Max: 3.9, Diff: 3.8, Sum: 4.0]
      [Update RS (ms): Min: 0.0, Avg: 1.7, Max: 6.7, Diff: 6.7, Sum: 6.7]
         [Processed Buffers: Min: 0, Avg: 9.0, Max: 36, Diff: 36, Sum: 36]
      [Scan RS (ms): Min: 0.0, Avg: 0.0, Max: 0.1, Diff: 0.1, Sum: 0.1]
      [Code Root Scanning (ms): Min: 0.0, Avg: 0.0, Max: 0.1, Diff: 0.1, Sum: 0.1]
      [Object Copy (ms): Min: 0.0, Avg: 8.1, Max: 20.3, Diff: 20.3, Sum: 32.5]
      [Termination (ms): Min: 0.0, Avg: 0.3, Max: 0.4, Diff: 0.4, Sum: 1.1]
         [Termination Attempts: Min: 1, Avg: 1.0, Max: 1, Diff: 0, Sum: 4]
      [GC Worker Other (ms): Min: 0.0, Avg: 0.0, Max: 0.0, Diff: 0.0, Sum: 0.1]
      [GC Worker Total (ms): Min: 0.1, Avg: 11.1, Max: 31.4, Diff: 31.4, Sum: 44.6]
      [GC Worker End (ms): Min: 152927685.1, Avg: 152927685.1, Max: 152927685.1, Diff: 0.0]
   [Code Root Fixup: 0.0 ms]
   [Code Root Purge: 0.0 ms]
   [Clear CT: 0.1 ms]
   [Other: 2.0 ms]
      [Choose CSet: 0.0 ms]
      [Ref Proc: 0.4 ms]
      [Ref Enq: 0.0 ms]
      [Redirty Cards: 0.1 ms]
      [Humongous Register: 0.5 ms]
      [Humongous Reclaim: 0.3 ms]
      [Free CSet: 0.1 ms]
   [Eden: 47104.0K(47104.0K)->0.0B(48128.0K) Survivors: 5120.0K->4096.0K Heap: 196.3M(1024.0M)->149.8M(1024.0M)]
 [Times: user=0.05 sys=0.02, real=0.03 secs] 
2021-03-18T09:51:20.685+0700: 153209.627: [GC pause (G1 Evacuation Pause) (young), 0.0234569 secs]
   [Parallel Time: 17.9 ms, GC Workers: 4]
      [GC Worker Start (ms): Min: 153209627.7, Avg: 153209628.1, Max: 153209629.3, Diff: 1.6]
      [Ext Root Scanning (ms): Min: 0.3, Avg: 1.4, Max: 1.9, Diff: 1.6, Sum: 5.8]
      [Update RS (ms): Min: 0.6, Avg: 0.8, Max: 1.1, Diff: 0.5, Sum: 3.3]
         [Processed Buffers: Min: 1, Avg: 9.5, Max: 19, Diff: 18, Sum: 38]
      [Scan RS (ms): Min: 0.0, Avg: 0.1, Max: 0.1, Diff: 0.1, Sum: 0.4]
      [Code Root Scanning (ms): Min: 0.0, Avg: 0.0, Max: 0.1, Diff: 0.1, Sum: 0.1]
      [Object Copy (ms): Min: 14.4, Avg: 14.8, Max: 15.0, Diff: 0.6, Sum: 59.2]
      [Termination (ms): Min: 0.0, Avg: 0.0, Max: 0.0, Diff: 0.0, Sum: 0.0]
         [Termination Attempts: Min: 1, Avg: 1.0, Max: 1, Diff: 0, Sum: 4]
      [GC Worker Other (ms): Min: 0.1, Avg: 0.1, Max: 0.2, Diff: 0.2, Sum: 0.4]
      [GC Worker Total (ms): Min: 16.2, Avg: 17.3, Max: 17.8, Diff: 1.6, Sum: 69.4]
      [GC Worker End (ms): Min: 153209645.4, Avg: 153209645.5, Max: 153209645.5, Diff: 0.0]
   [Code Root Fixup: 0.0 ms]
   [Code Root Purge: 0.0 ms]
   [Clear CT: 1.8 ms]
   [Other: 3.7 ms]
      [Choose CSet: 0.0 ms]
      [Ref Proc: 1.7 ms]
      [Ref Enq: 0.0 ms]
      [Redirty Cards: 0.3 ms]
      [Humongous Register: 0.7 ms]
      [Humongous Reclaim: 0.0 ms]
      [Free CSet: 0.2 ms]
   [Eden: 48128.0K(48128.0K)->0.0B(47104.0K) Survivors: 4096.0K->5120.0K Heap: 196.8M(1024.0M)->150.3M(1024.0M)]
 [Times: user=0.06 sys=0.00, real=0.03 secs] 
2021-03-18T09:55:53.051+0700: 153481.993: [GC pause (G1 Evacuation Pause) (young), 0.0140289 secs]
   [Parallel Time: 11.4 ms, GC Workers: 4]
      [GC Worker Start (ms): Min: 153481993.7, Avg: 153481993.9, Max: 153481994.1, Diff: 0.3]
      [Ext Root Scanning (ms): Min: 1.0, Avg: 1.3, Max: 1.5, Diff: 0.5, Sum: 5.1]
      [Update RS (ms): Min: 0.6, Avg: 1.1, Max: 2.2, Diff: 1.5, Sum: 4.4]
         [Processed Buffers: Min: 1, Avg: 9.2, Max: 21, Diff: 20, Sum: 37]
      [Scan RS (ms): Min: 0.0, Avg: 0.1, Max: 0.1, Diff: 0.1, Sum: 0.3]
      [Code Root Scanning (ms): Min: 0.0, Avg: 0.0, Max: 0.1, Diff: 0.1, Sum: 0.2]
      [Object Copy (ms): Min: 7.4, Avg: 8.4, Max: 8.8, Diff: 1.4, Sum: 33.7]
      [Termination (ms): Min: 0.0, Avg: 0.1, Max: 0.2, Diff: 0.2, Sum: 0.5]
         [Termination Attempts: Min: 1, Avg: 1.0, Max: 1, Diff: 0, Sum: 4]
      [GC Worker Other (ms): Min: 0.0, Avg: 0.1, Max: 0.1, Diff: 0.0, Sum: 0.2]
      [GC Worker Total (ms): Min: 10.9, Avg: 11.1, Max: 11.2, Diff: 0.3, Sum: 44.4]
      [GC Worker End (ms): Min: 153482004.9, Avg: 153482005.0, Max: 153482005.0, Diff: 0.0]
   [Code Root Fixup: 0.0 ms]
   [Code Root Purge: 0.0 ms]
   [Clear CT: 0.4 ms]
   [Other: 2.3 ms]
      [Choose CSet: 0.0 ms]
      [Ref Proc: 0.9 ms]
      [Ref Enq: 0.0 ms]
      [Redirty Cards: 0.3 ms]
      [Humongous Register: 0.1 ms]
      [Humongous Reclaim: 0.1 ms]
      [Free CSet: 0.3 ms]
   [Eden: 47104.0K(47104.0K)->0.0B(48128.0K) Survivors: 5120.0K->4096.0K Heap: 196.3M(1024.0M)->149.3M(1024.0M)]
 [Times: user=0.05 sys=0.00, real=0.01 secs] 
2021-03-18T10:00:27.679+0700: 153756.621: [GC pause (G1 Evacuation Pause) (young), 0.0150534 secs]
   [Parallel Time: 11.6 ms, GC Workers: 4]
      [GC Worker Start (ms): Min: 153756621.9, Avg: 153756622.3, Max: 153756622.8, Diff: 0.9]
      [Ext Root Scanning (ms): Min: 0.9, Avg: 1.9, Max: 2.4, Diff: 1.6, Sum: 7.5]
      [Update RS (ms): Min: 0.9, Avg: 1.1, Max: 1.7, Diff: 0.8, Sum: 4.5]
         [Processed Buffers: Min: 2, Avg: 9.8, Max: 27, Diff: 25, Sum: 39]
      [Scan RS (ms): Min: 0.0, Avg: 0.1, Max: 0.1, Diff: 0.1, Sum: 0.2]
      [Code Root Scanning (ms): Min: 0.0, Avg: 0.0, Max: 0.1, Diff: 0.1, Sum: 0.1]
      [Object Copy (ms): Min: 6.8, Avg: 7.4, Max: 7.6, Diff: 0.8, Sum: 29.5]
      [Termination (ms): Min: 0.0, Avg: 0.0, Max: 0.0, Diff: 0.0, Sum: 0.0]
         [Termination Attempts: Min: 1, Avg: 1.0, Max: 1, Diff: 0, Sum: 4]
      [GC Worker Other (ms): Min: 0.1, Avg: 0.3, Max: 0.6, Diff: 0.6, Sum: 1.1]
      [GC Worker Total (ms): Min: 10.1, Avg: 10.8, Max: 11.3, Diff: 1.2, Sum: 43.0]
      [GC Worker End (ms): Min: 153756632.9, Avg: 153756633.0, Max: 153756633.2, Diff: 0.3]
   [Code Root Fixup: 0.0 ms]
   [Code Root Purge: 0.0 ms]
   [Clear CT: 0.6 ms]
   [Other: 2.8 ms]
      [Choose CSet: 0.0 ms]
      [Ref Proc: 0.6 ms]
      [Ref Enq: 0.0 ms]
      [Redirty Cards: 0.7 ms]
      [Humongous Register: 0.7 ms]
      [Humongous Reclaim: 0.1 ms]
      [Free CSet: 0.1 ms]
   [Eden: 48128.0K(48128.0K)->0.0B(47104.0K) Survivors: 4096.0K->5120.0K Heap: 196.3M(1024.0M)->150.2M(1024.0M)]
 [Times: user=0.01 sys=0.00, real=0.01 secs] 
2021-03-18T10:05:01.825+0700: 154030.767: [GC pause (G1 Evacuation Pause) (young), 0.0248567 secs]
   [Parallel Time: 20.7 ms, GC Workers: 4]
      [GC Worker Start (ms): Min: 154030768.5, Avg: 154030773.8, Max: 154030787.9, Diff: 19.5]
      [Ext Root Scanning (ms): Min: 0.1, Avg: 2.0, Max: 3.2, Diff: 3.1, Sum: 8.0]
      [Update RS (ms): Min: 0.0, Avg: 1.4, Max: 1.9, Diff: 1.9, Sum: 5.5]
         [Processed Buffers: Min: 0, Avg: 9.5, Max: 23, Diff: 23, Sum: 38]
      [Scan RS (ms): Min: 0.0, Avg: 0.1, Max: 0.1, Diff: 0.1, Sum: 0.2]
      [Code Root Scanning (ms): Min: 0.0, Avg: 0.0, Max: 0.1, Diff: 0.1, Sum: 0.1]
      [Object Copy (ms): Min: 0.0, Avg: 10.4, Max: 14.1, Diff: 14.1, Sum: 41.6]
      [Termination (ms): Min: 0.0, Avg: 1.0, Max: 1.4, Diff: 1.4, Sum: 4.0]
         [Termination Attempts: Min: 1, Avg: 1.0, Max: 1, Diff: 0, Sum: 4]
      [GC Worker Other (ms): Min: 0.1, Avg: 0.1, Max: 0.1, Diff: 0.0, Sum: 0.2]
      [GC Worker Total (ms): Min: 0.2, Avg: 14.9, Max: 20.4, Diff: 20.2, Sum: 59.6]
      [GC Worker End (ms): Min: 154030788.1, Avg: 154030788.7, Max: 154030788.9, Diff: 0.8]
   [Code Root Fixup: 0.0 ms]
   [Code Root Purge: 0.0 ms]
   [Clear CT: 0.4 ms]
   [Other: 3.7 ms]
      [Choose CSet: 0.0 ms]
      [Ref Proc: 1.5 ms]
      [Ref Enq: 0.0 ms]
      [Redirty Cards: 0.4 ms]
      [Humongous Register: 0.8 ms]
      [Humongous Reclaim: 0.1 ms]
      [Free CSet: 0.2 ms]
   [Eden: 47104.0K(47104.0K)->0.0B(48128.0K) Survivors: 5120.0K->4096.0K Heap: 196.2M(1024.0M)->149.3M(1024.0M)]
 [Times: user=0.05 sys=0.00, real=0.03 secs] 
2021-03-18T10:09:42.017+0700: 154310.959: [GC pause (G1 Evacuation Pause) (young), 0.0165735 secs]
   [Parallel Time: 13.2 ms, GC Workers: 4]
      [GC Worker Start (ms): Min: 154310960.3, Avg: 154310960.4, Max: 154310960.5, Diff: 0.2]
      [Ext Root Scanning (ms): Min: 1.2, Avg: 1.3, Max: 1.5, Diff: 0.4, Sum: 5.3]
      [Update RS (ms): Min: 1.0, Avg: 1.1, Max: 1.2, Diff: 0.2, Sum: 4.4]
         [Processed Buffers: Min: 1, Avg: 9.5, Max: 26, Diff: 25, Sum: 38]
      [Scan RS (ms): Min: 0.0, Avg: 0.1, Max: 0.1, Diff: 0.1, Sum: 0.2]
      [Code Root Scanning (ms): Min: 0.0, Avg: 0.0, Max: 0.1, Diff: 0.1, Sum: 0.1]
      [Object Copy (ms): Min: 10.0, Avg: 10.0, Max: 10.1, Diff: 0.1, Sum: 40.0]
      [Termination (ms): Min: 0.0, Avg: 0.1, Max: 0.2, Diff: 0.2, Sum: 0.4]
         [Termination Attempts: Min: 1, Avg: 1.0, Max: 1, Diff: 0, Sum: 4]
      [GC Worker Other (ms): Min: 0.0, Avg: 0.1, Max: 0.1, Diff: 0.0, Sum: 0.2]
      [GC Worker Total (ms): Min: 12.6, Avg: 12.7, Max: 12.8, Diff: 0.2, Sum: 50.7]
      [GC Worker End (ms): Min: 154310973.0, Avg: 154310973.1, Max: 154310973.1, Diff: 0.1]
   [Code Root Fixup: 0.0 ms]
   [Code Root Purge: 0.0 ms]
   [Clear CT: 0.6 ms]
   [Other: 2.7 ms]
      [Choose CSet: 0.0 ms]
      [Ref Proc: 0.7 ms]
      [Ref Enq: 0.0 ms]
      [Redirty Cards: 0.6 ms]
      [Humongous Register: 0.6 ms]
      [Humongous Reclaim: 0.1 ms]
      [Free CSet: 0.1 ms]
   [Eden: 48128.0K(48128.0K)->0.0B(47104.0K) Survivors: 4096.0K->5120.0K Heap: 196.3M(1024.0M)->150.8M(1024.0M)]
 [Times: user=0.06 sys=0.00, real=0.01 secs] 
2021-03-18T10:14:16.188+0700: 154585.130: [GC pause (G1 Evacuation Pause) (young), 0.0212529 secs]
   [Parallel Time: 17.6 ms, GC Workers: 4]
      [GC Worker Start (ms): Min: 154585131.2, Avg: 154585131.3, Max: 154585131.4, Diff: 0.2]
      [Ext Root Scanning (ms): Min: 1.4, Avg: 1.6, Max: 2.0, Diff: 0.6, Sum: 6.5]
      [Update RS (ms): Min: 1.0, Avg: 1.1, Max: 1.2, Diff: 0.3, Sum: 4.4]
         [Processed Buffers: Min: 1, Avg: 9.8, Max: 21, Diff: 20, Sum: 39]
      [Scan RS (ms): Min: 0.0, Avg: 0.1, Max: 0.1, Diff: 0.1, Sum: 0.2]
      [Code Root Scanning (ms): Min: 0.0, Avg: 0.0, Max: 0.1, Diff: 0.1, Sum: 0.1]
      [Object Copy (ms): Min: 13.7, Avg: 13.9, Max: 14.0, Diff: 0.3, Sum: 55.6]
      [Termination (ms): Min: 0.0, Avg: 0.4, Max: 0.6, Diff: 0.6, Sum: 1.5]
         [Termination Attempts: Min: 1, Avg: 1.0, Max: 1, Diff: 0, Sum: 4]
      [GC Worker Other (ms): Min: 0.1, Avg: 0.1, Max: 0.1, Diff: 0.0, Sum: 0.2]
      [GC Worker Total (ms): Min: 16.9, Avg: 17.1, Max: 17.3, Diff: 0.3, Sum: 68.5]
      [GC Worker End (ms): Min: 154585148.2, Avg: 154585148.4, Max: 154585148.6, Diff: 0.4]
   [Code Root Fixup: 0.0 ms]
   [Code Root Purge: 0.0 ms]
   [Clear CT: 0.7 ms]
   [Other: 2.9 ms]
      [Choose CSet: 0.0 ms]
      [Ref Proc: 0.7 ms]
      [Ref Enq: 0.0 ms]
      [Redirty Cards: 0.5 ms]
      [Humongous Register: 0.7 ms]
      [Humongous Reclaim: 0.1 ms]
      [Free CSet: 0.2 ms]
   [Eden: 47104.0K(47104.0K)->0.0B(47104.0K) Survivors: 5120.0K->5120.0K Heap: 196.8M(1024.0M)->150.3M(1024.0M)]
 [Times: user=0.07 sys=0.00, real=0.02 secs] 
2021-03-18T10:18:46.420+0700: 154855.362: [GC pause (G1 Evacuation Pause) (young), 0.0197697 secs]
   [Parallel Time: 16.2 ms, GC Workers: 4]
      [GC Worker Start (ms): Min: 154855363.2, Avg: 154855364.4, Max: 154855366.3, Diff: 3.1]
      [Ext Root Scanning (ms): Min: 0.1, Avg: 1.6, Max: 2.6, Diff: 2.5, Sum: 6.5]
      [Update RS (ms): Min: 1.0, Avg: 1.1, Max: 1.3, Diff: 0.3, Sum: 4.5]
         [Processed Buffers: Min: 2, Avg: 10.2, Max: 25, Diff: 23, Sum: 41]
      [Scan RS (ms): Min: 0.0, Avg: 0.1, Max: 0.1, Diff: 0.1, Sum: 0.2]
      [Code Root Scanning (ms): Min: 0.0, Avg: 0.0, Max: 0.1, Diff: 0.1, Sum: 0.1]
      [Object Copy (ms): Min: 11.7, Avg: 11.9, Max: 12.0, Diff: 0.3, Sum: 47.6]
      [Termination (ms): Min: 0.0, Avg: 0.0, Max: 0.0, Diff: 0.0, Sum: 0.0]
         [Termination Attempts: Min: 1, Avg: 1.0, Max: 1, Diff: 0, Sum: 4]
      [GC Worker Other (ms): Min: 0.1, Avg: 0.1, Max: 0.1, Diff: 0.0, Sum: 0.2]
      [GC Worker Total (ms): Min: 12.9, Avg: 14.8, Max: 16.0, Diff: 3.1, Sum: 59.3]
      [GC Worker End (ms): Min: 154855379.2, Avg: 154855379.2, Max: 154855379.2, Diff: 0.0]
   [Code Root Fixup: 0.0 ms]
   [Code Root Purge: 0.0 ms]
   [Clear CT: 0.4 ms]
   [Other: 3.2 ms]
      [Choose CSet: 0.0 ms]
      [Ref Proc: 1.3 ms]
      [Ref Enq: 0.0 ms]
      [Redirty Cards: 0.4 ms]
      [Humongous Register: 0.6 ms]
      [Humongous Reclaim: 0.1 ms]
      [Free CSet: 0.3 ms]
   [Eden: 47104.0K(47104.0K)->0.0B(47104.0K) Survivors: 5120.0K->5120.0K Heap: 196.3M(1024.0M)->150.3M(1024.0M)]
 [Times: user=0.04 sys=0.00, real=0.02 secs] 
2021-03-18T10:23:19.419+0700: 155128.361: [GC pause (G1 Evacuation Pause) (young), 0.0203568 secs]
   [Parallel Time: 17.2 ms, GC Workers: 4]
      [GC Worker Start (ms): Min: 155128361.0, Avg: 155128361.1, Max: 155128361.2, Diff: 0.3]
      [Ext Root Scanning (ms): Min: 1.7, Avg: 1.7, Max: 1.8, Diff: 0.1, Sum: 6.9]
      [Update RS (ms): Min: 0.0, Avg: 1.1, Max: 1.6, Diff: 1.6, Sum: 4.6]
         [Processed Buffers: Min: 0, Avg: 9.8, Max: 26, Diff: 26, Sum: 39]
      [Scan RS (ms): Min: 0.0, Avg: 0.1, Max: 0.1, Diff: 0.1, Sum: 0.2]
      [Code Root Scanning (ms): Min: 0.0, Avg: 0.0, Max: 0.1, Diff: 0.1, Sum: 0.1]
      [Object Copy (ms): Min: 12.5, Avg: 13.2, Max: 14.3, Diff: 1.9, Sum: 52.8]
      [Termination (ms): Min: 0.0, Avg: 0.7, Max: 0.9, Diff: 0.9, Sum: 2.8]
         [Termination Attempts: Min: 1, Avg: 1.2, Max: 2, Diff: 1, Sum: 5]
      [GC Worker Other (ms): Min: 0.0, Avg: 0.1, Max: 0.1, Diff: 0.0, Sum: 0.2]
      [GC Worker Total (ms): Min: 16.8, Avg: 16.9, Max: 17.0, Diff: 0.3, Sum: 67.6]
      [GC Worker End (ms): Min: 155128377.9, Avg: 155128378.0, Max: 155128378.0, Diff: 0.1]
   [Code Root Fixup: 0.0 ms]
   [Code Root Purge: 0.0 ms]
   [Clear CT: 0.8 ms]
   [Other: 2.4 ms]
      [Choose CSet: 0.0 ms]
      [Ref Proc: 0.7 ms]
      [Ref Enq: 0.0 ms]
      [Redirty Cards: 0.2 ms]
      [Humongous Register: 0.1 ms]
      [Humongous Reclaim: 0.2 ms]
      [Free CSet: 0.2 ms]
   [Eden: 47104.0K(47104.0K)->0.0B(48128.0K) Survivors: 5120.0K->4096.0K Heap: 196.3M(1024.0M)->149.4M(1024.0M)]
 [Times: user=0.05 sys=0.00, real=0.02 secs] 
2021-03-18T10:27:55.971+0700: 155404.913: [GC pause (G1 Evacuation Pause) (young), 0.0153131 secs]
   [Parallel Time: 12.0 ms, GC Workers: 4]
      [GC Worker Start (ms): Min: 155404914.1, Avg: 155404914.2, Max: 155404914.3, Diff: 0.2]
      [Ext Root Scanning (ms): Min: 1.2, Avg: 1.3, Max: 1.5, Diff: 0.3, Sum: 5.3]
      [Update RS (ms): Min: 0.8, Avg: 1.0, Max: 1.1, Diff: 0.3, Sum: 3.8]
         [Processed Buffers: Min: 1, Avg: 9.8, Max: 33, Diff: 32, Sum: 39]
      [Scan RS (ms): Min: 0.0, Avg: 0.1, Max: 0.2, Diff: 0.2, Sum: 0.3]
      [Code Root Scanning (ms): Min: 0.0, Avg: 0.1, Max: 0.1, Diff: 0.1, Sum: 0.2]
      [Object Copy (ms): Min: 8.7, Avg: 8.8, Max: 9.0, Diff: 0.3, Sum: 35.3]
      [Termination (ms): Min: 0.0, Avg: 0.4, Max: 0.5, Diff: 0.5, Sum: 1.6]
         [Termination Attempts: Min: 1, Avg: 1.0, Max: 1, Diff: 0, Sum: 4]
      [GC Worker Other (ms): Min: 0.1, Avg: 0.1, Max: 0.1, Diff: 0.0, Sum: 0.2]
      [GC Worker Total (ms): Min: 11.6, Avg: 11.7, Max: 11.9, Diff: 0.3, Sum: 46.9]
      [GC Worker End (ms): Min: 155404925.7, Avg: 155404925.9, Max: 155404926.0, Diff: 0.3]
   [Code Root Fixup: 0.0 ms]
   [Code Root Purge: 0.0 ms]
   [Clear CT: 0.4 ms]
   [Other: 2.9 ms]
      [Choose CSet: 0.0 ms]
      [Ref Proc: 0.9 ms]
      [Ref Enq: 0.0 ms]
      [Redirty Cards: 0.5 ms]
      [Humongous Register: 0.7 ms]
      [Humongous Reclaim: 0.1 ms]
      [Free CSet: 0.1 ms]
   [Eden: 48128.0K(48128.0K)->0.0B(47104.0K) Survivors: 4096.0K->5120.0K Heap: 196.4M(1024.0M)->150.4M(1024.0M)]
 [Times: user=0.06 sys=0.00, real=0.02 secs] 
2021-03-18T10:32:28.640+0700: 155677.582: [GC pause (G1 Evacuation Pause) (young), 0.0152234 secs]
   [Parallel Time: 11.8 ms, GC Workers: 4]
      [GC Worker Start (ms): Min: 155677583.5, Avg: 155677583.7, Max: 155677583.8, Diff: 0.3]
      [Ext Root Scanning (ms): Min: 1.2, Avg: 1.4, Max: 1.6, Diff: 0.4, Sum: 5.6]
      [Update RS (ms): Min: 0.8, Avg: 0.9, Max: 1.0, Diff: 0.2, Sum: 3.7]
         [Processed Buffers: Min: 1, Avg: 9.8, Max: 28, Diff: 27, Sum: 39]
      [Scan RS (ms): Min: 0.0, Avg: 0.1, Max: 0.1, Diff: 0.1, Sum: 0.2]
      [Code Root Scanning (ms): Min: 0.0, Avg: 0.0, Max: 0.1, Diff: 0.1, Sum: 0.2]
      [Object Copy (ms): Min: 8.5, Avg: 8.7, Max: 8.8, Diff: 0.2, Sum: 34.6]
      [Termination (ms): Min: 0.0, Avg: 0.0, Max: 0.0, Diff: 0.0, Sum: 0.0]
         [Termination Attempts: Min: 1, Avg: 1.0, Max: 1, Diff: 0, Sum: 4]
      [GC Worker Other (ms): Min: 0.1, Avg: 0.2, Max: 0.3, Diff: 0.2, Sum: 0.7]
      [GC Worker Total (ms): Min: 11.0, Avg: 11.3, Max: 11.4, Diff: 0.4, Sum: 45.0]
      [GC Worker End (ms): Min: 155677594.8, Avg: 155677594.9, Max: 155677595.1, Diff: 0.2]
   [Code Root Fixup: 0.0 ms]
   [Code Root Purge: 0.0 ms]
   [Clear CT: 0.6 ms]
   [Other: 2.8 ms]
      [Choose CSet: 0.0 ms]
      [Ref Proc: 0.6 ms]
      [Ref Enq: 0.0 ms]
      [Redirty Cards: 0.7 ms]
      [Humongous Register: 0.7 ms]
      [Humongous Reclaim: 0.1 ms]
      [Free CSet: 0.2 ms]
   [Eden: 47104.0K(47104.0K)->0.0B(93184.0K) Survivors: 5120.0K->5120.0K Heap: 196.4M(1024.0M)->150.4M(1024.0M)]
 [Times: user=0.06 sys=0.00, real=0.01 secs] 
2021-03-18T10:41:21.822+0700: 156210.764: [GC pause (G1 Evacuation Pause) (young), 0.0175803 secs]
   [Parallel Time: 13.5 ms, GC Workers: 4]
      [GC Worker Start (ms): Min: 156210764.8, Avg: 156210764.9, Max: 156210765.0, Diff: 0.2]
      [Ext Root Scanning (ms): Min: 1.7, Avg: 1.9, Max: 2.2, Diff: 0.5, Sum: 7.6]
      [Update RS (ms): Min: 0.6, Avg: 1.1, Max: 1.3, Diff: 0.8, Sum: 4.4]
         [Processed Buffers: Min: 2, Avg: 10.0, Max: 24, Diff: 22, Sum: 40]
      [Scan RS (ms): Min: 0.0, Avg: 0.1, Max: 0.1, Diff: 0.1, Sum: 0.4]
      [Code Root Scanning (ms): Min: 0.0, Avg: 0.1, Max: 0.1, Diff: 0.1, Sum: 0.3]
      [Object Copy (ms): Min: 8.9, Avg: 9.4, Max: 10.4, Diff: 1.6, Sum: 37.4]
      [Termination (ms): Min: 0.0, Avg: 0.3, Max: 0.5, Diff: 0.5, Sum: 1.2]
         [Termination Attempts: Min: 1, Avg: 1.0, Max: 1, Diff: 0, Sum: 4]
      [GC Worker Other (ms): Min: 0.1, Avg: 0.1, Max: 0.1, Diff: 0.0, Sum: 0.3]
      [GC Worker Total (ms): Min: 12.8, Avg: 12.9, Max: 13.1, Diff: 0.4, Sum: 51.6]
      [GC Worker End (ms): Min: 156210777.7, Avg: 156210777.8, Max: 156210778.0, Diff: 0.2]
   [Code Root Fixup: 0.0 ms]
   [Code Root Purge: 0.0 ms]
   [Clear CT: 0.7 ms]
   [Other: 3.4 ms]
      [Choose CSet: 0.0 ms]
      [Ref Proc: 1.2 ms]
      [Ref Enq: 0.0 ms]
      [Redirty Cards: 0.6 ms]
      [Humongous Register: 0.7 ms]
      [Humongous Reclaim: 0.1 ms]
      [Free CSet: 0.3 ms]
   [Eden: 93184.0K(93184.0K)->0.0B(127.0M) Survivors: 5120.0K->5120.0K Heap: 241.4M(1024.0M)->150.5M(1024.0M)]
 [Times: user=0.05 sys=0.00, real=0.02 secs] 
2021-03-18T10:53:48.959+0700: 156957.901: [GC pause (G1 Evacuation Pause) (young), 0.0174945 secs]
   [Parallel Time: 14.0 ms, GC Workers: 4]
      [GC Worker Start (ms): Min: 156957901.9, Avg: 156957902.3, Max: 156957903.6, Diff: 1.7]
      [Ext Root Scanning (ms): Min: 0.3, Avg: 1.5, Max: 2.0, Diff: 1.7, Sum: 6.0]
      [Update RS (ms): Min: 1.5, Avg: 2.1, Max: 3.2, Diff: 1.6, Sum: 8.5]
         [Processed Buffers: Min: 1, Avg: 10.2, Max: 34, Diff: 33, Sum: 41]
      [Scan RS (ms): Min: 0.0, Avg: 0.3, Max: 0.7, Diff: 0.7, Sum: 1.1]
      [Code Root Scanning (ms): Min: 0.0, Avg: 0.3, Max: 0.6, Diff: 0.6, Sum: 1.1]
      [Object Copy (ms): Min: 8.3, Avg: 8.6, Max: 8.8, Diff: 0.6, Sum: 34.5]
      [Termination (ms): Min: 0.0, Avg: 0.0, Max: 0.0, Diff: 0.0, Sum: 0.0]
         [Termination Attempts: Min: 1, Avg: 1.0, Max: 1, Diff: 0, Sum: 4]
      [GC Worker Other (ms): Min: 0.1, Avg: 0.2, Max: 0.5, Diff: 0.4, Sum: 0.8]
      [GC Worker Total (ms): Min: 11.7, Avg: 13.0, Max: 13.8, Diff: 2.1, Sum: 52.1]
      [GC Worker End (ms): Min: 156957915.2, Avg: 156957915.4, Max: 156957915.7, Diff: 0.4]
   [Code Root Fixup: 0.0 ms]
   [Code Root Purge: 0.0 ms]
   [Clear CT: 0.3 ms]
   [Other: 3.1 ms]
      [Choose CSet: 0.0 ms]
      [Ref Proc: 0.9 ms]
      [Ref Enq: 0.0 ms]
      [Redirty Cards: 0.4 ms]
      [Humongous Register: 0.7 ms]
      [Humongous Reclaim: 0.1 ms]
      [Free CSet: 0.4 ms]
   [Eden: 127.0M(127.0M)->0.0B(176.0M) Survivors: 5120.0K->5120.0K Heap: 277.5M(1024.0M)->150.6M(1024.0M)]
 [Times: user=0.05 sys=0.00, real=0.02 secs] 
2021-03-18T11:11:17.599+0700: 158006.541: [GC pause (G1 Evacuation Pause) (young), 0.0108910 secs]
   [Parallel Time: 8.9 ms, GC Workers: 4]
      [GC Worker Start (ms): Min: 158006541.4, Avg: 158006541.4, Max: 158006541.5, Diff: 0.1]
      [Ext Root Scanning (ms): Min: 0.9, Avg: 1.0, Max: 1.1, Diff: 0.2, Sum: 3.9]
      [Update RS (ms): Min: 0.4, Avg: 0.6, Max: 0.8, Diff: 0.4, Sum: 2.3]
         [Processed Buffers: Min: 1, Avg: 10.2, Max: 24, Diff: 23, Sum: 41]
      [Scan RS (ms): Min: 0.0, Avg: 0.1, Max: 0.2, Diff: 0.1, Sum: 0.5]
      [Code Root Scanning (ms): Min: 0.0, Avg: 0.1, Max: 0.1, Diff: 0.1, Sum: 0.3]
      [Object Copy (ms): Min: 6.5, Avg: 6.6, Max: 6.7, Diff: 0.2, Sum: 26.4]
      [Termination (ms): Min: 0.0, Avg: 0.0, Max: 0.0, Diff: 0.0, Sum: 0.0]
         [Termination Attempts: Min: 1, Avg: 1.0, Max: 1, Diff: 0, Sum: 4]
      [GC Worker Other (ms): Min: 0.0, Avg: 0.2, Max: 0.3, Diff: 0.3, Sum: 0.9]
      [GC Worker Total (ms): Min: 8.4, Avg: 8.6, Max: 8.7, Diff: 0.3, Sum: 34.4]
      [GC Worker End (ms): Min: 158006549.8, Avg: 158006550.0, Max: 158006550.1, Diff: 0.3]
   [Code Root Fixup: 0.0 ms]
   [Code Root Purge: 0.0 ms]
   [Clear CT: 0.2 ms]
   [Other: 1.7 ms]
      [Choose CSet: 0.0 ms]
      [Ref Proc: 0.5 ms]
      [Ref Enq: 0.0 ms]
      [Redirty Cards: 0.2 ms]
      [Humongous Register: 0.4 ms]
      [Humongous Reclaim: 0.0 ms]
      [Free CSet: 0.2 ms]
   [Eden: 176.0M(176.0M)->0.0B(340.0M) Survivors: 5120.0K->5120.0K Heap: 326.6M(1024.0M)->150.6M(1024.0M)]
 [Times: user=0.06 sys=0.00, real=0.01 secs] 
2021-03-18T11:44:50.604+0700: 160019.546: [GC pause (G1 Evacuation Pause) (young), 0.0238845 secs]
   [Parallel Time: 17.7 ms, GC Workers: 4]
      [GC Worker Start (ms): Min: 160019546.4, Avg: 160019547.6, Max: 160019551.0, Diff: 4.7]
      [Ext Root Scanning (ms): Min: 0.1, Avg: 1.3, Max: 1.7, Diff: 1.7, Sum: 5.1]
      [Update RS (ms): Min: 0.0, Avg: 1.4, Max: 2.6, Diff: 2.6, Sum: 5.8]
         [Processed Buffers: Min: 0, Avg: 10.0, Max: 33, Diff: 33, Sum: 40]
      [Scan RS (ms): Min: 0.3, Avg: 0.4, Max: 0.5, Diff: 0.2, Sum: 1.7]
      [Code Root Scanning (ms): Min: 0.1, Avg: 0.3, Max: 0.4, Diff: 0.3, Sum: 1.0]
      [Object Copy (ms): Min: 11.0, Avg: 11.8, Max: 13.2, Diff: 2.2, Sum: 47.2]
      [Termination (ms): Min: 0.0, Avg: 0.8, Max: 1.0, Diff: 1.0, Sum: 3.0]
         [Termination Attempts: Min: 1, Avg: 1.0, Max: 1, Diff: 0, Sum: 4]
      [GC Worker Other (ms): Min: 0.1, Avg: 0.1, Max: 0.2, Diff: 0.1, Sum: 0.4]
      [GC Worker Total (ms): Min: 12.8, Avg: 16.1, Max: 17.4, Diff: 4.6, Sum: 64.3]
      [GC Worker End (ms): Min: 160019563.1, Avg: 160019563.7, Max: 160019563.9, Diff: 0.8]
   [Code Root Fixup: 0.0 ms]
   [Code Root Purge: 0.0 ms]
   [Clear CT: 2.0 ms]
   [Other: 4.2 ms]
      [Choose CSet: 0.0 ms]
      [Ref Proc: 1.2 ms]
      [Ref Enq: 0.0 ms]
      [Redirty Cards: 0.3 ms]
      [Humongous Register: 0.5 ms]
      [Humongous Reclaim: 0.1 ms]
      [Free CSet: 1.4 ms]
   [Eden: 340.0M(340.0M)->0.0B(256.0M) Survivors: 5120.0K->5120.0K Heap: 490.6M(1024.0M)->151.1M(1024.0M)]
 [Times: user=0.04 sys=0.00, real=0.03 secs] 
2021-03-18T12:10:13.298+0700: 161542.240: [GC pause (G1 Evacuation Pause) (young), 0.0261297 secs]
   [Parallel Time: 20.3 ms, GC Workers: 4]
      [GC Worker Start (ms): Min: 161542241.1, Avg: 161542242.5, Max: 161542246.4, Diff: 5.3]
      [Ext Root Scanning (ms): Min: 0.1, Avg: 1.4, Max: 1.9, Diff: 1.9, Sum: 5.5]
      [Update RS (ms): Min: 0.0, Avg: 1.0, Max: 1.4, Diff: 1.4, Sum: 4.0]
         [Processed Buffers: Min: 0, Avg: 10.8, Max: 26, Diff: 26, Sum: 43]
      [Scan RS (ms): Min: 0.0, Avg: 0.4, Max: 0.7, Diff: 0.6, Sum: 1.6]
      [Code Root Scanning (ms): Min: 0.0, Avg: 0.2, Max: 0.3, Diff: 0.3, Sum: 0.8]
      [Object Copy (ms): Min: 13.5, Avg: 14.6, Max: 15.1, Diff: 1.6, Sum: 58.3]
      [Termination (ms): Min: 0.0, Avg: 0.8, Max: 1.1, Diff: 1.0, Sum: 3.1]
         [Termination Attempts: Min: 1, Avg: 1.0, Max: 1, Diff: 0, Sum: 4]
      [GC Worker Other (ms): Min: 0.1, Avg: 0.1, Max: 0.1, Diff: 0.1, Sum: 0.3]
      [GC Worker Total (ms): Min: 14.7, Avg: 18.4, Max: 20.0, Diff: 5.3, Sum: 73.6]
      [GC Worker End (ms): Min: 161542260.3, Avg: 161542260.9, Max: 161542261.1, Diff: 0.8]
   [Code Root Fixup: 0.0 ms]
   [Code Root Purge: 0.0 ms]
   [Clear CT: 1.8 ms]
   [Other: 4.0 ms]
      [Choose CSet: 0.0 ms]
      [Ref Proc: 1.6 ms]
      [Ref Enq: 0.1 ms]
      [Redirty Cards: 0.3 ms]
      [Humongous Register: 0.6 ms]
      [Humongous Reclaim: 0.1 ms]
      [Free CSet: 0.8 ms]
   [Eden: 256.0M(256.0M)->0.0B(79872.0K) Survivors: 5120.0K->5120.0K Heap: 407.1M(1024.0M)->150.6M(1024.0M)]
 [Times: user=0.06 sys=0.00, real=0.02 secs] 
2021-03-18T12:17:54.702+0700: 162003.644: [GC pause (G1 Evacuation Pause) (young), 0.0166600 secs]
   [Parallel Time: 14.3 ms, GC Workers: 4]
      [GC Worker Start (ms): Min: 162003644.9, Avg: 162003645.0, Max: 162003645.1, Diff: 0.2]
      [Ext Root Scanning (ms): Min: 1.2, Avg: 1.3, Max: 1.5, Diff: 0.3, Sum: 5.2]
      [Update RS (ms): Min: 0.6, Avg: 0.8, Max: 1.0, Diff: 0.3, Sum: 3.3]
         [Processed Buffers: Min: 1, Avg: 10.0, Max: 34, Diff: 33, Sum: 40]
      [Scan RS (ms): Min: 0.0, Avg: 0.1, Max: 0.2, Diff: 0.2, Sum: 0.3]
      [Code Root Scanning (ms): Min: 0.0, Avg: 0.1, Max: 0.2, Diff: 0.2, Sum: 0.2]
      [Object Copy (ms): Min: 10.6, Avg: 10.9, Max: 11.1, Diff: 0.4, Sum: 43.4]
      [Termination (ms): Min: 0.0, Avg: 0.4, Max: 0.9, Diff: 0.9, Sum: 1.5]
         [Termination Attempts: Min: 1, Avg: 1.0, Max: 1, Diff: 0, Sum: 4]
      [GC Worker Other (ms): Min: 0.1, Avg: 0.1, Max: 0.1, Diff: 0.0, Sum: 0.2]
      [GC Worker Total (ms): Min: 13.3, Avg: 13.6, Max: 14.0, Diff: 0.7, Sum: 54.3]
      [GC Worker End (ms): Min: 162003658.4, Avg: 162003658.5, Max: 162003659.0, Diff: 0.6]
   [Code Root Fixup: 0.0 ms]
   [Code Root Purge: 0.0 ms]
   [Clear CT: 0.5 ms]
   [Other: 1.9 ms]
      [Choose CSet: 0.0 ms]
      [Ref Proc: 0.7 ms]
      [Ref Enq: 0.0 ms]
      [Redirty Cards: 0.3 ms]
      [Humongous Register: 0.1 ms]
      [Humongous Reclaim: 0.1 ms]
      [Free CSet: 0.2 ms]
   [Eden: 79872.0K(79872.0K)->0.0B(246.0M) Survivors: 5120.0K->5120.0K Heap: 228.6M(1024.0M)->150.6M(1024.0M)]
 [Times: user=0.04 sys=0.00, real=0.02 secs] 
2021-03-18T12:56:19.412+0700: 164308.354: [GC pause (G1 Evacuation Pause) (young), 0.0220389 secs]
   [Parallel Time: 18.5 ms, GC Workers: 4]
      [GC Worker Start (ms): Min: 164308355.0, Avg: 164308360.5, Max: 164308369.7, Diff: 14.7]
      [Ext Root Scanning (ms): Min: 0.5, Avg: 4.6, Max: 8.6, Diff: 8.1, Sum: 18.5]
      [Update RS (ms): Min: 0.0, Avg: 1.3, Max: 1.7, Diff: 1.7, Sum: 5.2]
         [Processed Buffers: Min: 0, Avg: 11.2, Max: 33, Diff: 33, Sum: 45]
      [Scan RS (ms): Min: 0.1, Avg: 0.3, Max: 0.3, Diff: 0.3, Sum: 1.1]
      [Code Root Scanning (ms): Min: 0.0, Avg: 0.2, Max: 0.3, Diff: 0.3, Sum: 0.7]
      [Object Copy (ms): Min: 2.9, Avg: 6.2, Max: 7.6, Diff: 4.6, Sum: 24.9]
      [Termination (ms): Min: 0.0, Avg: 0.1, Max: 0.1, Diff: 0.1, Sum: 0.4]
         [Termination Attempts: Min: 1, Avg: 1.2, Max: 2, Diff: 1, Sum: 5]
      [GC Worker Other (ms): Min: 0.0, Avg: 0.1, Max: 0.1, Diff: 0.0, Sum: 0.3]
      [GC Worker Total (ms): Min: 3.6, Avg: 12.8, Max: 18.3, Diff: 14.7, Sum: 51.1]
      [GC Worker End (ms): Min: 164308373.3, Avg: 164308373.3, Max: 164308373.3, Diff: 0.0]
   [Code Root Fixup: 0.0 ms]
   [Code Root Purge: 0.0 ms]
   [Clear CT: 0.6 ms]
   [Other: 3.0 ms]
      [Choose CSet: 0.0 ms]
      [Ref Proc: 1.0 ms]
      [Ref Enq: 0.0 ms]
      [Redirty Cards: 0.2 ms]
      [Humongous Register: 0.6 ms]
      [Humongous Reclaim: 0.1 ms]
      [Free CSet: 0.5 ms]
   [Eden: 246.0M(246.0M)->0.0B(77824.0K) Survivors: 5120.0K->5120.0K Heap: 396.6M(1024.0M)->150.6M(1024.0M)]
 [Times: user=0.04 sys=0.00, real=0.02 secs] 
2021-03-18T13:03:46.584+0700: 164755.526: [GC pause (G1 Evacuation Pause) (young), 0.0152691 secs]
   [Parallel Time: 12.1 ms, GC Workers: 4]
      [GC Worker Start (ms): Min: 164755526.6, Avg: 164755526.7, Max: 164755526.7, Diff: 0.2]
      [Ext Root Scanning (ms): Min: 1.4, Avg: 1.5, Max: 1.7, Diff: 0.3, Sum: 6.1]
      [Update RS (ms): Min: 1.0, Avg: 1.7, Max: 2.3, Diff: 1.3, Sum: 6.8]
         [Processed Buffers: Min: 1, Avg: 10.0, Max: 35, Diff: 34, Sum: 40]
      [Scan RS (ms): Min: 0.0, Avg: 0.1, Max: 0.4, Diff: 0.3, Sum: 0.6]
      [Code Root Scanning (ms): Min: 0.0, Avg: 0.2, Max: 0.8, Diff: 0.8, Sum: 0.9]
      [Object Copy (ms): Min: 7.8, Avg: 8.1, Max: 8.5, Diff: 0.7, Sum: 32.3]
      [Termination (ms): Min: 0.0, Avg: 0.0, Max: 0.0, Diff: 0.0, Sum: 0.0]
         [Termination Attempts: Min: 1, Avg: 1.0, Max: 1, Diff: 0, Sum: 4]
      [GC Worker Other (ms): Min: 0.1, Avg: 0.1, Max: 0.1, Diff: 0.0, Sum: 0.3]
      [GC Worker Total (ms): Min: 11.7, Avg: 11.7, Max: 11.8, Diff: 0.2, Sum: 47.0]
      [GC Worker End (ms): Min: 164755538.4, Avg: 164755538.4, Max: 164755538.4, Diff: 0.0]
   [Code Root Fixup: 0.0 ms]
   [Code Root Purge: 0.0 ms]
   [Clear CT: 0.6 ms]
   [Other: 2.6 ms]
      [Choose CSet: 0.0 ms]
      [Ref Proc: 0.6 ms]
      [Ref Enq: 0.0 ms]
      [Redirty Cards: 0.5 ms]
      [Humongous Register: 0.7 ms]
      [Humongous Reclaim: 0.1 ms]
      [Free CSet: 0.2 ms]
   [Eden: 77824.0K(77824.0K)->0.0B(339.0M) Survivors: 5120.0K->4096.0K Heap: 226.6M(1024.0M)->150.1M(1024.0M)]
 [Times: user=0.07 sys=0.00, real=0.02 secs] 
2021-03-18T13:37:14.340+0700: 166760.132: [GC pause (G1 Evacuation Pause) (young), 0.0113289 secs]
   [Parallel Time: 8.5 ms, GC Workers: 4]
      [GC Worker Start (ms): Min: 166760132.4, Avg: 166760133.5, Max: 166760136.6, Diff: 4.2]
      [Ext Root Scanning (ms): Min: 0.0, Avg: 0.6, Max: 0.9, Diff: 0.9, Sum: 2.6]
      [Update RS (ms): Min: 0.0, Avg: 0.6, Max: 0.8, Diff: 0.8, Sum: 2.3]
         [Processed Buffers: Min: 0, Avg: 10.5, Max: 26, Diff: 26, Sum: 42]
      [Scan RS (ms): Min: 0.1, Avg: 0.2, Max: 0.2, Diff: 0.2, Sum: 0.7]
      [Code Root Scanning (ms): Min: 0.0, Avg: 0.1, Max: 0.1, Diff: 0.1, Sum: 0.4]
      [Object Copy (ms): Min: 3.9, Avg: 5.5, Max: 6.1, Diff: 2.3, Sum: 22.1]
      [Termination (ms): Min: 0.0, Avg: 0.2, Max: 0.3, Diff: 0.3, Sum: 0.6]
         [Termination Attempts: Min: 1, Avg: 1.0, Max: 1, Diff: 0, Sum: 4]
      [GC Worker Other (ms): Min: 0.0, Avg: 0.0, Max: 0.0, Diff: 0.0, Sum: 0.1]
      [GC Worker Total (ms): Min: 4.0, Avg: 7.2, Max: 8.4, Diff: 4.4, Sum: 28.8]
      [GC Worker End (ms): Min: 166760140.6, Avg: 166760140.7, Max: 166760140.8, Diff: 0.2]
   [Code Root Fixup: 0.0 ms]
   [Code Root Purge: 0.0 ms]
   [Clear CT: 0.7 ms]
   [Other: 2.1 ms]
      [Choose CSet: 0.0 ms]
      [Ref Proc: 0.6 ms]
      [Ref Enq: 0.0 ms]
      [Redirty Cards: 0.1 ms]
      [Humongous Register: 0.2 ms]
      [Humongous Reclaim: 0.1 ms]
      [Free CSet: 0.6 ms]
   [Eden: 339.0M(339.0M)->0.0B(608.0M) Survivors: 4096.0K->6144.0K Heap: 489.1M(1024.0M)->151.8M(1024.0M)]
 [Times: user=0.05 sys=0.00, real=0.01 secs] 
2021-03-18T14:57:26.411+0700: 171572.203: [GC pause (G1 Evacuation Pause) (young), 0.0249855 secs]
   [Parallel Time: 14.3 ms, GC Workers: 4]
      [GC Worker Start (ms): Min: 171572203.7, Avg: 171572203.8, Max: 171572203.8, Diff: 0.2]
      [Ext Root Scanning (ms): Min: 1.2, Avg: 1.4, Max: 1.6, Diff: 0.3, Sum: 5.5]
      [Update RS (ms): Min: 0.7, Avg: 1.0, Max: 1.3, Diff: 0.7, Sum: 3.8]
         [Processed Buffers: Min: 1, Avg: 10.5, Max: 30, Diff: 29, Sum: 42]
      [Scan RS (ms): Min: 0.4, Avg: 0.7, Max: 1.0, Diff: 0.6, Sum: 2.9]
      [Code Root Scanning (ms): Min: 0.4, Avg: 0.6, Max: 1.0, Diff: 0.6, Sum: 2.5]
      [Object Copy (ms): Min: 9.2, Avg: 9.3, Max: 9.4, Diff: 0.2, Sum: 37.2]
      [Termination (ms): Min: 0.0, Avg: 0.0, Max: 0.0, Diff: 0.0, Sum: 0.0]
         [Termination Attempts: Min: 1, Avg: 1.0, Max: 1, Diff: 0, Sum: 4]
      [GC Worker Other (ms): Min: 0.7, Avg: 0.8, Max: 1.0, Diff: 0.3, Sum: 3.2]
      [GC Worker Total (ms): Min: 13.7, Avg: 13.8, Max: 13.9, Diff: 0.2, Sum: 55.2]
      [GC Worker End (ms): Min: 171572217.4, Avg: 171572217.5, Max: 171572217.7, Diff: 0.3]
   [Code Root Fixup: 0.1 ms]
   [Code Root Purge: 0.0 ms]
   [Clear CT: 3.6 ms]
   [Other: 6.9 ms]
      [Choose CSet: 0.0 ms]
      [Ref Proc: 3.7 ms]
      [Ref Enq: 0.0 ms]
      [Redirty Cards: 0.4 ms]
      [Humongous Register: 0.3 ms]
      [Humongous Reclaim: 0.1 ms]
      [Free CSet: 1.7 ms]
   [Eden: 608.0M(608.0M)->0.0B(363.0M) Survivors: 6144.0K->5120.0K Heap: 759.8M(1024.0M)->150.6M(1024.0M)]
 [Times: user=0.07 sys=0.00, real=0.02 secs] 
2021-03-18T15:33:26.408+0700: 173732.200: [GC pause (G1 Evacuation Pause) (young), 0.0174868 secs]
   [Parallel Time: 13.0 ms, GC Workers: 4]
      [GC Worker Start (ms): Min: 173732201.9, Avg: 173732203.2, Max: 173732205.2, Diff: 3.3]
      [Ext Root Scanning (ms): Min: 0.3, Avg: 1.3, Max: 2.0, Diff: 1.7, Sum: 5.1]
      [Update RS (ms): Min: 0.0, Avg: 0.7, Max: 1.1, Diff: 1.1, Sum: 2.8]
         [Processed Buffers: Min: 0, Avg: 9.5, Max: 18, Diff: 18, Sum: 38]
      [Scan RS (ms): Min: 0.2, Avg: 0.3, Max: 0.4, Diff: 0.1, Sum: 1.2]
      [Code Root Scanning (ms): Min: 0.0, Avg: 0.2, Max: 0.2, Diff: 0.2, Sum: 0.7]
      [Object Copy (ms): Min: 8.2, Avg: 8.4, Max: 8.6, Diff: 0.5, Sum: 33.6]
      [Termination (ms): Min: 0.0, Avg: 0.3, Max: 0.5, Diff: 0.5, Sum: 1.1]
         [Termination Attempts: Min: 1, Avg: 1.0, Max: 1, Diff: 0, Sum: 4]
      [GC Worker Other (ms): Min: 0.0, Avg: 0.0, Max: 0.1, Diff: 0.0, Sum: 0.2]
      [GC Worker Total (ms): Min: 9.3, Avg: 11.2, Max: 12.7, Diff: 3.3, Sum: 44.7]
      [GC Worker End (ms): Min: 173732214.2, Avg: 173732214.4, Max: 173732214.5, Diff: 0.4]
   [Code Root Fixup: 0.0 ms]
   [Code Root Purge: 0.0 ms]
   [Clear CT: 0.4 ms]
   [Other: 4.1 ms]
      [Choose CSet: 0.0 ms]
      [Ref Proc: 1.3 ms]
      [Ref Enq: 0.0 ms]
      [Redirty Cards: 0.4 ms]
      [Humongous Register: 1.0 ms]
      [Humongous Reclaim: 0.3 ms]
      [Free CSet: 0.4 ms]
   [Eden: 363.0M(363.0M)->0.0B(500.0M) Survivors: 5120.0K->5120.0K Heap: 513.6M(1024.0M)->150.6M(1024.0M)]
 [Times: user=0.03 sys=0.00, real=0.01 secs] 
2021-03-18T16:22:38.984+0700: 176684.776: [GC pause (G1 Evacuation Pause) (young), 0.0201268 secs]
   [Parallel Time: 12.9 ms, GC Workers: 4]
      [GC Worker Start (ms): Min: 176684776.4, Avg: 176684776.5, Max: 176684776.6, Diff: 0.2]
      [Ext Root Scanning (ms): Min: 1.6, Avg: 1.7, Max: 1.8, Diff: 0.2, Sum: 6.7]
      [Update RS (ms): Min: 1.0, Avg: 1.2, Max: 1.4, Diff: 0.4, Sum: 4.6]
         [Processed Buffers: Min: 1, Avg: 9.5, Max: 30, Diff: 29, Sum: 38]
      [Scan RS (ms): Min: 0.5, Avg: 0.6, Max: 0.7, Diff: 0.2, Sum: 2.3]
      [Code Root Scanning (ms): Min: 0.2, Avg: 0.3, Max: 0.4, Diff: 0.2, Sum: 1.4]
      [Object Copy (ms): Min: 7.9, Avg: 8.1, Max: 8.4, Diff: 0.6, Sum: 32.4]
      [Termination (ms): Min: 0.0, Avg: 0.4, Max: 0.6, Diff: 0.6, Sum: 1.6]
         [Termination Attempts: Min: 1, Avg: 1.0, Max: 1, Diff: 0, Sum: 4]
      [GC Worker Other (ms): Min: 0.1, Avg: 0.1, Max: 0.1, Diff: 0.1, Sum: 0.4]
      [GC Worker Total (ms): Min: 12.1, Avg: 12.3, Max: 12.5, Diff: 0.4, Sum: 49.4]
      [GC Worker End (ms): Min: 176684788.6, Avg: 176684788.9, Max: 176684788.9, Diff: 0.3]
   [Code Root Fixup: 0.0 ms]
   [Code Root Purge: 0.0 ms]
   [Clear CT: 2.3 ms]
   [Other: 5.0 ms]
      [Choose CSet: 0.0 ms]
      [Ref Proc: 1.4 ms]
      [Ref Enq: 0.0 ms]
      [Redirty Cards: 0.6 ms]
      [Humongous Register: 0.4 ms]
      [Humongous Reclaim: 0.1 ms]
      [Free CSet: 2.1 ms]
   [Eden: 500.0M(500.0M)->0.0B(609.0M) Survivors: 5120.0K->5120.0K Heap: 650.6M(1024.0M)->151.2M(1024.0M)]
 [Times: user=0.05 sys=0.01, real=0.02 secs] 
2021-03-18T17:22:52.651+0700: 180298.443: [GC pause (G1 Evacuation Pause) (young), 0.0256960 secs]
   [Parallel Time: 18.0 ms, GC Workers: 4]
      [GC Worker Start (ms): Min: 180298443.6, Avg: 180298445.4, Max: 180298450.6, Diff: 7.0]
      [Ext Root Scanning (ms): Min: 0.1, Avg: 1.6, Max: 2.2, Diff: 2.1, Sum: 6.3]
      [Update RS (ms): Min: 0.0, Avg: 1.1, Max: 1.4, Diff: 1.4, Sum: 4.3]
         [Processed Buffers: Min: 0, Avg: 9.8, Max: 17, Diff: 17, Sum: 39]
      [Scan RS (ms): Min: 0.1, Avg: 0.9, Max: 1.4, Diff: 1.3, Sum: 3.7]
      [Code Root Scanning (ms): Min: 0.0, Avg: 0.4, Max: 0.8, Diff: 0.8, Sum: 1.8]
      [Object Copy (ms): Min: 9.8, Avg: 11.2, Max: 11.9, Diff: 2.1, Sum: 44.9]
      [Termination (ms): Min: 0.0, Avg: 0.6, Max: 0.8, Diff: 0.8, Sum: 2.3]
         [Termination Attempts: Min: 1, Avg: 1.0, Max: 1, Diff: 0, Sum: 4]
      [GC Worker Other (ms): Min: 0.1, Avg: 0.1, Max: 0.1, Diff: 0.0, Sum: 0.3]
      [GC Worker Total (ms): Min: 10.8, Avg: 15.9, Max: 17.8, Diff: 7.1, Sum: 63.5]
      [GC Worker End (ms): Min: 180298460.9, Avg: 180298461.3, Max: 180298461.5, Diff: 0.5]
   [Code Root Fixup: 0.0 ms]
   [Code Root Purge: 0.0 ms]
   [Clear CT: 2.6 ms]
   [Other: 5.0 ms]
      [Choose CSet: 0.0 ms]
      [Ref Proc: 2.1 ms]
      [Ref Enq: 0.0 ms]
      [Redirty Cards: 0.4 ms]
      [Humongous Register: 0.4 ms]
      [Humongous Reclaim: 0.1 ms]
      [Free CSet: 1.5 ms]
   [Eden: 609.0M(609.0M)->0.0B(434.0M) Survivors: 5120.0K->6144.0K Heap: 760.2M(1024.0M)->151.6M(1024.0M)]
 [Times: user=0.06 sys=0.00, real=0.03 secs] 
 Fixup: 0.0 ms]
   [Code Root Purge: 0.0 ms]
   [Clear CT: 0.4 ms]
   [Other: 1.2 ms]
      [Choose CSet: 0.1 ms]
      [Ref Proc: 0.3 ms]
      [Ref Enq: 0.0 ms]
      [Redirty Cards: 0.2 ms]
      [Humongous Register: 0.1 ms]
      [Humongous Reclaim: 0.0 ms]
      [Free CSet: 0.2 ms]
   [Eden: 46080.0K(46080.0K)->0.0B(46080.0K) Survivors: 6144.0K->6144.0K Heap: 282.2M(1024.0M)->224.5M(1024.0M)]
 [Times: user=0.13 sys=0.00, real=0.04 secs] 
2021-03-16T23:52:19.903+0700: 30874.507: [GC pause (G1 Evacuation Pause) (mixed), 0.0207908 secs]
   [Parallel Time: 19.1 ms, GC Workers: 4]
      [GC Worker Start (ms): Min: 30874507.2, Avg: 30874507.7, Max: 30874508.7, Diff: 1.4]
      [Ext Root Scanning (ms): Min: 0.8, Avg: 1.0, Max: 1.0, Diff: 0.2, Sum: 3.8]
      [Update RS (ms): Min: 0.1, Avg: 1.2, Max: 1.5, Diff: 1.4, Sum: 4.7]
         [Processed Buffers: Min: 2, Avg: 11.0, Max: 27, Diff: 25, Sum: 44]
      [Scan RS (ms): Min: 2.5, Avg: 2.7, Max: 2.8, Diff: 0.3, Sum: 10.8]
      [Code Root Scanning (ms): Min: 0.0, Avg: 0.1, Max: 0.2, Diff: 0.2, Sum: 0.2]
      [Object Copy (ms): Min: 13.0, Avg: 13.2, Max: 13.2, Diff: 0.2, Sum: 52.6]
      [Termination (ms): Min: 0.0, Avg: 0.3, Max: 0.5, Diff: 0.5, Sum: 1.4]
         [Termination Attempts: Min: 1, Avg: 1.0, Max: 1, Diff: 0, Sum: 4]
      [GC Worker Other (ms): Min: 0.0, Avg: 0.0, Max: 0.0, Diff: 0.0, Sum: 0.1]
      [GC Worker Total (ms): Min: 17.5, Avg: 18.4, Max: 19.0, Diff: 1.5, Sum: 73.7]
      [GC Worker End (ms): Min: 30874525.9, Avg: 30874526.1, Max: 30874526.2, Diff: 0.3]
   [Code Root Fixup: 0.0 ms]
   [Code Root Purge: 0.0 ms]
   [Clear CT: 0.3 ms]
   [Other: 1.4 ms]
      [Choose CSet: 0.0 ms]
      [Ref Proc: 0.3 ms]
      [Ref Enq: 0.0 ms]
      [Redirty Cards: 0.2 ms]
      [Humongous Register: 0.3 ms]
      [Humongous Reclaim: 0.0 ms]
      [Free CSet: 0.1 ms]
   [Eden: 46080.0K(46080.0K)->0.0B(46080.0K) Survivors: 6144.0K->6144.0K Heap: 269.5M(1024.0M)->221.0M(1024.0M)]
 [Times: user=0.07 sys=0.00, real=0.02 secs] 
2021-03-16T23:56:54.040+0700: 31148.644: [GC pause (G1 Evacuation Pause) (young), 0.0173288 secs]
   [Parallel Time: 16.2 ms, GC Workers: 4]
      [GC Worker Start (ms): Min: 31148643.7, Avg: 31148643.8, Max: 31148643.8, Diff: 0.1]
      [Ext Root Scanning (ms): Min: 0.5, Avg: 0.5, Max: 0.6, Diff: 0.1, Sum: 2.2]
      [Update RS (ms): Min: 0.9, Avg: 1.1, Max: 1.7, Diff: 0.8, Sum: 4.5]
         [Processed Buffers: Min: 2, Avg: 10.8, Max: 21, Diff: 19, Sum: 43]
      [Scan RS (ms): Min: 0.8, Avg: 1.3, Max: 1.6, Diff: 0.8, Sum: 5.3]
      [Code Root Scanning (ms): Min: 0.0, Avg: 0.1, Max: 0.2, Diff: 0.2, Sum: 0.3]
      [Object Copy (ms): Min: 12.5, Avg: 12.6, Max: 12.7, Diff: 0.2, Sum: 50.5]
      [Termination (ms): Min: 0.0, Avg: 0.2, Max: 0.4, Diff: 0.4, Sum: 1.0]
         [Termination Attempts: Min: 1, Avg: 1.0, Max: 1, Diff: 0, Sum: 4]
      [GC Worker Other (ms): Min: 0.0, Avg: 0.0, Max: 0.0, Diff: 0.0, Sum: 0.1]
      [GC Worker Total (ms): Min: 15.8, Avg: 15.9, Max: 16.1, Diff: 0.3, Sum: 63.8]
      [GC Worker End (ms): Min: 31148659.6, Avg: 31148659.7, Max: 31148659.9, Diff: 0.3]
   [Code Root Fixup: 0.0 ms]
   [Code Root Purge: 0.0 ms]
   [Clear CT: 0.2 ms]
   [Other: 0.9 ms]
      [Choose CSet: 0.0 ms]
      [Ref Proc: 0.3 ms]
      [Ref Enq: 0.0 ms]
      [Redirty Cards: 0.2 ms]
      [Humongous Register: 0.0 ms]
      [Humongous Reclaim: 0.0 ms]
      [Free CSet: 0.0 ms]
   [Eden: 46080.0K(46080.0K)->0.0B(47104.0K) Survivors: 6144.0K->5120.0K Heap: 266.0M(1024.0M)->224.0M(1024.0M)]
 [Times: user=0.07 sys=0.00, real=0.02 secs] 
2021-03-17T00:01:33.871+0700: 31428.475: [GC pause (G1 Evacuation Pause) (young), 0.0374437 secs]
   [Parallel Time: 35.7 ms, GC Workers: 4]
      [GC Worker Start (ms): Min: 31428475.8, Avg: 31428475.9, Max: 31428475.9, Diff: 0.2]
      [Ext Root Scanning (ms): Min: 1.3, Avg: 1.4, Max: 1.6, Diff: 0.3, Sum: 5.7]
      [Update RS (ms): Min: 2.1, Avg: 2.3, Max: 2.6, Diff: 0.4, Sum: 9.3]
         [Processed Buffers: Min: 2, Avg: 11.5, Max: 18, Diff: 16, Sum: 46]
      [Scan RS (ms): Min: 3.6, Avg: 3.9, Max: 4.3, Diff: 0.7, Sum: 15.6]
      [Code Root Scanning (ms): Min: 0.0, Avg: 0.0, Max: 0.1, Diff: 0.1, Sum: 0.1]
      [Object Copy (ms): Min: 27.2, Avg: 27.6, Max: 28.0, Diff: 0.8, Sum: 110.4]
      [Termination (ms): Min: 0.0, Avg: 0.2, Max: 0.2, Diff: 0.2, Sum: 0.6]
         [Termination Attempts: Min: 1, Avg: 1.0, Max: 1, Diff: 0, Sum: 4]
      [GC Worker Other (ms): Min: 0.1, Avg: 0.1, Max: 0.1, Diff: 0.0, Sum: 0.2]
      [GC Worker Total (ms): Min: 35.4, Avg: 35.5, Max: 35.6, Diff: 0.2, Sum: 142.0]
      [GC Worker End (ms): Min: 31428511.3, Avg: 31428511.4, Max: 31428511.4, Diff: 0.0]
   [Code Root Fixup: 0.0 ms]
   [Code Root Purge: 0.0 ms]
   [Clear CT: 0.1 ms]
   [Other: 1.6 ms]
      [Choose CSet: 0.0 ms]
      [Ref Proc: 0.2 ms]
      [Ref Enq: 0.0 ms]
      [Redirty Cards: 0.2 ms]
      [Humongous Register: 0.7 ms]
      [Humongous Reclaim: 0.0 ms]
      [Free CSet: 0.0 ms]
   [Eden: 47104.0K(47104.0K)->0.0B(47104.0K) Survivors: 5120.0K->5120.0K Heap: 270.0M(1024.0M)->228.0M(1024.0M)]
 [Times: user=0.11 sys=0.00, real=0.04 secs] 
2021-03-17T00:06:15.083+0700: 31709.687: [GC pause (G1 Evacuation Pause) (young), 0.0180565 secs]
   [Parallel Time: 16.3 ms, GC Workers: 4]
      [GC Worker Start (ms): Min: 31709687.3, Avg: 31709687.4, Max: 31709687.4, Diff: 0.1]
      [Ext Root Scanning (ms): Min: 0.6, Avg: 0.6, Max: 0.7, Diff: 0.1, Sum: 2.5]
      [Update RS (ms): Min: 1.7, Avg: 2.5, Max: 4.4, Diff: 2.7, Sum: 9.9]
         [Processed Buffers: Min: 1, Avg: 12.2, Max: 20, Diff: 19, Sum: 49]
      [Scan RS (ms): Min: 0.8, Avg: 2.6, Max: 3.2, Diff: 2.4, Sum: 10.2]
      [Code Root Scanning (ms): Min: 0.0, Avg: 0.0, Max: 0.1, Diff: 0.1, Sum: 0.1]
      [Object Copy (ms): Min: 10.1, Avg: 10.3, Max: 10.5, Diff: 0.4, Sum: 41.2]
      [Termination (ms): Min: 0.0, Avg: 0.0, Max: 0.0, Diff: 0.0, Sum: 0.0]
         [Termination Attempts: Min: 1, Avg: 1.0, Max: 1, Diff: 0, Sum: 4]
      [GC Worker Other (ms): Min: 0.0, Avg: 0.1, Max: 0.1, Diff: 0.1, Sum: 0.2]
      [GC Worker Total (ms): Min: 16.0, Avg: 16.0, Max: 16.1, Diff: 0.2, Sum: 64.1]
      [GC Worker End (ms): Min: 31709703.4, Avg: 31709703.4, Max: 31709703.5, Diff: 0.1]
   [Code Root Fixup: 0.0 ms]
   [Code Root Purge: 0.0 ms]
   [Clear CT: 0.3 ms]
   [Other: 1.4 ms]
      [Choose CSet: 0.0 ms]
      [Ref Proc: 0.4 ms]
      [Ref Enq: 0.0 ms]
      [Redirty Cards: 0.4 ms]
      [Humongous Register: 0.3 ms]
      [Humongous Reclaim: 0.0 ms]
      [Free CSet: 0.0 ms]
   [Eden: 47104.0K(47104.0K)->0.0B(46080.0K) Survivors: 5120.0K->6144.0K Heap: 274.0M(1024.0M)->233.0M(1024.0M)]
 [Times: user=0.05 sys=0.02, real=0.02 secs] 
2021-03-17T00:10:48.674+0700: 31983.277: [GC pause (G1 Evacuation Pause) (young), 0.0348958 secs]
   [Parallel Time: 32.6 ms, GC Workers: 4]
      [GC Worker Start (ms): Min: 31983278.1, Avg: 31983279.0, Max: 31983281.4, Diff: 3.3]
      [Ext Root Scanning (ms): Min: 0.1, Avg: 1.4, Max: 2.0, Diff: 1.9, Sum: 5.6]
      [Update RS (ms): Min: 1.2, Avg: 2.1, Max: 2.5, Diff: 1.3, Sum: 8.3]
         [Processed Buffers: Min: 1, Avg: 10.8, Max: 27, Diff: 26, Sum: 43]
      [Scan RS (ms): Min: 3.7, Avg: 3.9, Max: 4.0, Diff: 0.2, Sum: 15.5]
      [Code Root Scanning (ms): Min: 0.0, Avg: 0.0, Max: 0.1, Diff: 0.0, Sum: 0.1]
      [Object Copy (ms): Min: 23.5, Avg: 23.8, Max: 24.1, Diff: 0.6, Sum: 95.0]
      [Termination (ms): Min: 0.0, Avg: 0.3, Max: 0.4, Diff: 0.4, Sum: 1.3]
         [Termination Attempts: Min: 1, Avg: 1.5, Max: 3, Diff: 2, Sum: 6]
      [GC Worker Other (ms): Min: 0.0, Avg: 0.1, Max: 0.1, Diff: 0.1, Sum: 0.3]
      [GC Worker Total (ms): Min: 29.2, Avg: 31.5, Max: 32.4, Diff: 3.3, Sum: 126.2]
      [GC Worker End (ms): Min: 31983310.4, Avg: 31983310.5, Max: 31983310.6, Diff: 0.2]
   [Code Root Fixup: 0.0 ms]
   [Code Root Purge: 0.0 ms]
   [Clear CT: 0.3 ms]
   [Other: 2.0 ms]
      [Choose CSet: 0.0 ms]
      [Ref Proc: 0.5 ms]
      [Ref Enq: 0.0 ms]
      [Redirty Cards: 0.2 ms]
      [Humongous Register: 0.7 ms]
      [Humongous Reclaim: 0.1 ms]
      [Free CSet: 0.1 ms]
   [Eden: 46080.0K(46080.0K)->0.0B(46080.0K) Survivors: 6144.0K->6144.0K Heap: 278.0M(1024.0M)->237.0M(1024.0M)]
 [Times: user=0.11 sys=0.00, real=0.04 secs] 
2021-03-17T00:15:23.936+0700: 32258.539: [GC pause (G1 Evacuation Pause) (young), 0.0157431 secs]
   [Parallel Time: 13.9 ms, GC Workers: 4]
      [GC Worker Start (ms): Min: 32258539.5, Avg: 32258539.6, Max: 32258539.7, Diff: 0.2]
      [Ext Root Scanning (ms): Min: 0.5, Avg: 0.7, Max: 0.7, Diff: 0.2, Sum: 2.6]
      [Update RS (ms): Min: 0.6, Avg: 0.7, Max: 0.9, Diff: 0.3, Sum: 2.8]
         [Processed Buffers: Min: 2, Avg: 10.2, Max: 17, Diff: 15, Sum: 41]
      [Scan RS (ms): Min: 1.0, Avg: 1.3, Max: 1.4, Diff: 0.4, Sum: 5.2]
      [Code Root Scanning (ms): Min: 0.0, Avg: 0.0, Max: 0.0, Diff: 0.0, Sum: 0.1]
      [Object Copy (ms): Min: 10.8, Avg: 10.9, Max: 11.0, Diff: 0.2, Sum: 43.7]
      [Termination (ms): Min: 0.0, Avg: 0.0, Max: 0.0, Diff: 0.0, Sum: 0.0]
         [Termination Attempts: Min: 1, Avg: 1.0, Max: 1, Diff: 0, Sum: 4]
      [GC Worker Other (ms): Min: 0.0, Avg: 0.1, Max: 0.1, Diff: 0.1, Sum: 0.2]
      [GC Worker Total (ms): Min: 13.5, Avg: 13.7, Max: 13.8, Diff: 0.2, Sum: 54.6]
      [GC Worker End (ms): Min: 32258553.2, Avg: 32258553.3, Max: 32258553.3, Diff: 0.1]
   [Code Root Fixup: 0.0 ms]
   [Code Root Purge: 0.0 ms]
   [Clear CT: 0.4 ms]
   [Other: 1.4 ms]
      [Choose CSet: 0.0 ms]
      [Ref Proc: 0.3 ms]
      [Ref Enq: 0.0 ms]
      [Redirty Cards: 0.3 ms]
      [Humongous Register: 0.3 ms]
      [Humongous Reclaim: 0.1 ms]
      [Free CSet: 0.1 ms]
   [Eden: 46080.0K(46080.0K)->0.0B(45056.0K) Survivors: 6144.0K->7168.0K Heap: 282.0M(1024.0M)->242.0M(1024.0M)]
 [Times: user=0.07 sys=0.00, real=0.02 secs] 
2021-03-17T00:19:53.900+0700: 32528.503: [GC pause (G1 Evacuation Pause) (young), 0.0341858 secs]
   [Parallel Time: 32.4 ms, GC Workers: 4]
      [GC Worker Start (ms): Min: 32528503.9, Avg: 32528504.2, Max: 32528504.9, Diff: 1.1]
      [Ext Root Scanning (ms): Min: 0.0, Avg: 0.6, Max: 1.0, Diff: 0.9, Sum: 2.6]
      [Update RS (ms): Min: 0.0, Avg: 5.8, Max: 9.0, Diff: 9.0, Sum: 23.2]
         [Processed Buffers: Min: 0, Avg: 10.5, Max: 38, Diff: 38, Sum: 42]
      [Scan RS (ms): Min: 1.2, Avg: 2.3, Max: 3.6, Diff: 2.3, Sum: 9.4]
      [Code Root Scanning (ms): Min: 0.0, Avg: 0.0, Max: 0.0, Diff: 0.0, Sum: 0.1]
      [Object Copy (ms): Min: 20.7, Avg: 23.0, Max: 29.4, Diff: 8.7, Sum: 91.9]
      [Termination (ms): Min: 0.0, Avg: 0.2, Max: 0.3, Diff: 0.3, Sum: 0.8]
         [Termination Attempts: Min: 1, Avg: 1.2, Max: 2, Diff: 1, Sum: 5]
      [GC Worker Other (ms): Min: 0.0, Avg: 0.0, Max: 0.0, Diff: 0.0, Sum: 0.1]
      [GC Worker Total (ms): Min: 31.3, Avg: 32.0, Max: 32.3, Diff: 1.0, Sum: 127.9]
      [GC Worker End (ms): Min: 32528536.1, Avg: 32528536.2, Max: 32528536.2, Diff: 0.1]
   [Code Root Fixup: 0.0 ms]
   [Code Root Purge: 0.0 ms]
   [Clear CT: 0.2 ms]
   [Other: 1.6 ms]
      [Choose CSet: 0.0 ms]
      [Ref Proc: 0.6 ms]
      [Ref Enq: 0.0 ms]
      [Redirty Cards: 0.2 ms]
      [Humongous Register: 0.3 ms]
      [Humongous Reclaim: 0.1 ms]
      [Free CSet: 0.1 ms]
   [Eden: 45056.0K(45056.0K)->0.0B(47104.0K) Survivors: 7168.0K->5120.0K Heap: 286.0M(1024.0M)->245.0M(1024.0M)]
 [Times: user=0.11 sys=0.00, real=0.03 secs] 
2021-03-17T00:24:34.908+0700: 32809.512: [GC pause (G1 Evacuation Pause) (young), 0.0272688 secs]
   [Parallel Time: 26.0 ms, GC Workers: 4]
      [GC Worker Start (ms): Min: 32809512.0, Avg: 32809512.1, Max: 32809512.2, Diff: 0.2]
      [Ext Root Scanning (ms): Min: 1.0, Avg: 1.1, Max: 1.3, Diff: 0.3, Sum: 4.4]
      [Update RS (ms): Min: 1.7, Avg: 2.9, Max: 6.0, Diff: 4.3, Sum: 11.4]
         [Processed Buffers: Min: 2, Avg: 10.2, Max: 23, Diff: 21, Sum: 41]
      [Scan RS (ms): Min: 1.9, Avg: 5.3, Max: 6.7, Diff: 4.8, Sum: 21.1]
      [Code Root Scanning (ms): Min: 0.0, Avg: 0.0, Max: 0.1, Diff: 0.1, Sum: 0.1]
      [Object Copy (ms): Min: 16.2, Avg: 16.5, Max: 16.7, Diff: 0.5, Sum: 65.8]
      [Termination (ms): Min: 0.0, Avg: 0.0, Max: 0.0, Diff: 0.0, Sum: 0.0]
         [Termination Attempts: Min: 1, Avg: 1.0, Max: 1, Diff: 0, Sum: 4]
      [GC Worker Other (ms): Min: 0.0, Avg: 0.0, Max: 0.1, Diff: 0.0, Sum: 0.2]
      [GC Worker Total (ms): Min: 25.7, Avg: 25.8, Max: 25.9, Diff: 0.2, Sum: 103.0]
      [GC Worker End (ms): Min: 32809537.8, Avg: 32809537.8, Max: 32809537.8, Diff: 0.0]
   [Code Root Fixup: 0.0 ms]
   [Code Root Purge: 0.0 ms]
   [Clear CT: 0.2 ms]
   [Other: 1.0 ms]
      [Choose CSet: 0.0 ms]
      [Ref Proc: 0.3 ms]
      [Ref Enq: 0.0 ms]
      [Redirty Cards: 0.2 ms]
      [Humongous Register: 0.1 ms]
      [Humongous Reclaim: 0.0 ms]
      [Free CSet: 0.1 ms]
   [Eden: 47104.0K(47104.0K)->0.0B(45056.0K) Survivors: 5120.0K->7168.0K Heap: 291.0M(1024.0M)->248.5M(1024.0M)]
 [Times: user=0.03 sys=0.00, real=0.02 secs] 
2021-03-17T00:28:35.807+0700: 33050.411: [GC pause (G1 Evacuation Pause) (young), 0.0284889 secs]
   [Parallel Time: 27.1 ms, GC Workers: 4]
      [GC Worker Start (ms): Min: 33050411.3, Avg: 33050411.5, Max: 33050412.1, Diff: 0.8]
      [Ext Root Scanning (ms): Min: 0.0, Avg: 0.5, Max: 0.7, Diff: 0.7, Sum: 2.2]
      [Update RS (ms): Min: 0.0, Avg: 0.8, Max: 1.1, Diff: 1.1, Sum: 3.1]
         [Processed Buffers: Min: 0, Avg: 10.2, Max: 26, Diff: 26, Sum: 41]
      [Scan RS (ms): Min: 0.7, Avg: 2.8, Max: 6.0, Diff: 5.3, Sum: 11.2]
      [Code Root Scanning (ms): Min: 0.0, Avg: 0.0, Max: 0.0, Diff: 0.0, Sum: 0.1]
      [Object Copy (ms): Min: 18.9, Avg: 22.4, Max: 25.2, Diff: 6.3, Sum: 89.6]
      [Termination (ms): Min: 0.0, Avg: 0.2, Max: 0.3, Diff: 0.3, Sum: 0.8]
         [Termination Attempts: Min: 1, Avg: 1.8, Max: 3, Diff: 2, Sum: 7]
      [GC Worker Other (ms): Min: 0.0, Avg: 0.0, Max: 0.0, Diff: 0.0, Sum: 0.1]
      [GC Worker Total (ms): Min: 26.1, Avg: 26.7, Max: 27.0, Diff: 0.9, Sum: 107.0]
      [GC Worker End (ms): Min: 33050438.2, Avg: 33050438.2, Max: 33050438.3, Diff: 0.1]
   [Code Root Fixup: 0.0 ms]
   [Code Root Purge: 0.0 ms]
   [Clear CT: 0.2 ms]
   [Other: 1.2 ms]
      [Choose CSet: 0.0 ms]
      [Ref Proc: 0.3 ms]
      [Ref Enq: 0.0 ms]
      [Redirty Cards: 0.2 ms]
      [Humongous Register: 0.3 ms]
      [Humongous Reclaim: 0.1 ms]
      [Free CSet: 0.1 ms]
   [Eden: 45056.0K(45056.0K)->0.0B(45056.0K) Survivors: 7168.0K->7168.0K Heap: 292.5M(1024.0M)->255.7M(1024.0M)]
 [Times: user=0.03 sys=0.00, real=0.02 secs] 
2021-03-17T00:33:05.034+0700: 33319.638: [GC pause (G1 Evacuation Pause) (young), 0.0142720 secs]
   [Parallel Time: 12.9 ms, GC Workers: 4]
      [GC Worker Start (ms): Min: 33319638.5, Avg: 33319638.5, Max: 33319638.6, Diff: 0.1]
      [Ext Root Scanning (ms): Min: 0.6, Avg: 0.7, Max: 0.8, Diff: 0.2, Sum: 2.7]
      [Update RS (ms): Min: 0.8, Avg: 0.9, Max: 1.1, Diff: 0.3, Sum: 3.7]
         [Processed Buffers: Min: 5, Avg: 10.2, Max: 17, Diff: 12, Sum: 41]
      [Scan RS (ms): Min: 2.4, Avg: 2.6, Max: 2.7, Diff: 0.3, Sum: 10.4]
      [Code Root Scanning (ms): Min: 0.0, Avg: 0.0, Max: 0.0, Diff: 0.0, Sum: 0.1]
      [Object Copy (ms): Min: 8.0, Avg: 8.2, Max: 8.3, Diff: 0.3, Sum: 32.7]
      [Termination (ms): Min: 0.0, Avg: 0.2, Max: 0.2, Diff: 0.2, Sum: 0.7]
         [Termination Attempts: Min: 1, Avg: 1.0, Max: 1, Diff: 0, Sum: 4]
      [GC Worker Other (ms): Min: 0.0, Avg: 0.0, Max: 0.0, Diff: 0.0, Sum: 0.1]
      [GC Worker Total (ms): Min: 12.5, Avg: 12.6, Max: 12.6, Diff: 0.1, Sum: 50.4]
      [GC Worker End (ms): Min: 33319651.0, Avg: 33319651.1, Max: 33319651.1, Diff: 0.1]
   [Code Root Fixup: 0.0 ms]
   [Code Root Purge: 0.0 ms]
   [Clear CT: 0.2 ms]
   [Other: 1.2 ms]
      [Choose CSet: 0.0 ms]
      [Ref Proc: 0.2 ms]
      [Ref Enq: 0.0 ms]
      [Redirty Cards: 0.2 ms]
      [Humongous Register: 0.3 ms]
      [Humongous Reclaim: 0.0 ms]
      [Free CSet: 0.1 ms]
   [Eden: 45056.0K(45056.0K)->0.0B(48128.0K) Survivors: 7168.0K->4096.0K Heap: 299.7M(1024.0M)->257.0M(1024.0M)]
 [Times: user=0.06 sys=0.00, real=0.02 secs] 
2021-03-17T00:37:52.712+0700: 33607.315: [GC pause (G1 Evacuation Pause) (young), 0.0111247 secs]
   [Parallel Time: 9.8 ms, GC Workers: 4]
      [GC Worker Start (ms): Min: 33607315.7, Avg: 33607315.7, Max: 33607315.8, Diff: 0.1]
      [Ext Root Scanning (ms): Min: 0.5, Avg: 0.6, Max: 0.6, Diff: 0.1, Sum: 2.4]
      [Update RS (ms): Min: 1.0, Avg: 1.1, Max: 1.1, Diff: 0.1, Sum: 4.2]
         [Processed Buffers: Min: 3, Avg: 11.2, Max: 18, Diff: 15, Sum: 45]
      [Scan RS (ms): Min: 0.0, Avg: 0.1, Max: 0.2, Diff: 0.1, Sum: 0.3]
      [Code Root Scanning (ms): Min: 0.0, Avg: 0.0, Max: 0.0, Diff: 0.0, Sum: 0.1]
      [Object Copy (ms): Min: 7.8, Avg: 7.8, Max: 7.9, Diff: 0.1, Sum: 31.3]
      [Termination (ms): Min: 0.0, Avg: 0.0, Max: 0.0, Diff: 0.0, Sum: 0.0]
         [Termination Attempts: Min: 1, Avg: 1.0, Max: 1, Diff: 0, Sum: 4]
      [GC Worker Other (ms): Min: 0.0, Avg: 0.0, Max: 0.1, Diff: 0.1, Sum: 0.2]
      [GC Worker Total (ms): Min: 9.6, Avg: 9.6, Max: 9.7, Diff: 0.1, Sum: 38.5]
      [GC Worker End (ms): Min: 33607325.3, Avg: 33607325.3, Max: 33607325.4, Diff: 0.1]
   [Code Root Fixup: 0.0 ms]
   [Code Root Purge: 0.0 ms]
   [Clear CT: 0.2 ms]
   [Other: 1.2 ms]
      [Choose CSet: 0.0 ms]
      [Ref Proc: 0.3 ms]
      [Ref Enq: 0.0 ms]
      [Redirty Cards: 0.2 ms]
      [Humongous Register: 0.3 ms]
      [Humongous Reclaim: 0.0 ms]
      [Free CSet: 0.1 ms]
   [Eden: 48128.0K(48128.0K)->0.0B(45056.0K) Survivors: 4096.0K->7168.0K Heap: 304.0M(1024.0M)->260.5M(1024.0M)]
 [Times: user=0.00 sys=0.00, real=0.01 secs] 
2021-03-17T00:42:20.189+0700: 33874.792: [GC pause (G1 Evacuation Pause) (young), 0.0230084 secs]
   [Parallel Time: 20.3 ms, GC Workers: 4]
      [GC Worker Start (ms): Min: 33874794.3, Avg: 33874795.3, Max: 33874796.7, Diff: 2.4]
      [Ext Root Scanning (ms): Min: 0.0, Avg: 0.6, Max: 1.2, Diff: 1.2, Sum: 2.5]
      [Update RS (ms): Min: 0.6, Avg: 4.3, Max: 13.6, Diff: 13.0, Sum: 17.0]
         [Processed Buffers: Min: 1, Avg: 10.0, Max: 22, Diff: 21, Sum: 40]
      [Scan RS (ms): Min: 0.0, Avg: 0.0, Max: 0.1, Diff: 0.1, Sum: 0.1]
      [Code Root Scanning (ms): Min: 0.0, Avg: 0.0, Max: 0.1, Diff: 0.1, Sum: 0.1]
      [Object Copy (ms): Min: 5.1, Avg: 14.1, Max: 17.3, Diff: 12.1, Sum: 56.3]
      [Termination (ms): Min: 0.0, Avg: 0.2, Max: 0.2, Diff: 0.2, Sum: 0.6]
         [Termination Attempts: Min: 1, Avg: 1.0, Max: 1, Diff: 0, Sum: 4]
      [GC Worker Other (ms): Min: 0.0, Avg: 0.0, Max: 0.0, Diff: 0.0, Sum: 0.1]
      [GC Worker Total (ms): Min: 17.8, Avg: 19.2, Max: 20.2, Diff: 2.4, Sum: 76.7]
      [GC Worker End (ms): Min: 33874814.5, Avg: 33874814.5, Max: 33874814.5, Diff: 0.0]
   [Code Root Fixup: 0.0 ms]
   [Code Root Purge: 0.0 ms]
   [Clear CT: 0.1 ms]
   [Other: 2.6 ms]
      [Choose CSet: 0.0 ms]
      [Ref Proc: 0.3 ms]
      [Ref Enq: 0.0 ms]
      [Redirty Cards: 0.1 ms]
      [Humongous Register: 1.7 ms]
      [Humongous Reclaim: 0.0 ms]
      [Free CSet: 0.0 ms]
   [Eden: 45056.0K(45056.0K)->0.0B(46080.0K) Survivors: 7168.0K->6144.0K Heap: 304.5M(1024.0M)->264.9M(1024.0M)]
 [Times: user=0.09 sys=0.00, real=0.02 secs] 
2021-03-17T00:46:55.585+0700: 34150.188: [GC pause (G1 Evacuation Pause) (young), 0.0231300 secs]
   [Parallel Time: 21.7 ms, GC Workers: 4]
      [GC Worker Start (ms): Min: 34150188.3, Avg: 34150188.3, Max: 34150188.3, Diff: 0.1]
      [Ext Root Scanning (ms): Min: 0.8, Avg: 0.9, Max: 1.0, Diff: 0.1, Sum: 3.5]
      [Update RS (ms): Min: 2.2, Avg: 2.9, Max: 5.1, Diff: 3.0, Sum: 11.8]
         [Processed Buffers: Min: 2, Avg: 10.2, Max: 30, Diff: 28, Sum: 41]
      [Scan RS (ms): Min: 0.0, Avg: 1.8, Max: 2.4, Diff: 2.4, Sum: 7.1]
      [Code Root Scanning (ms): Min: 0.0, Avg: 0.0, Max: 0.0, Diff: 0.0, Sum: 0.1]
      [Object Copy (ms): Min: 15.4, Avg: 15.8, Max: 15.9, Diff: 0.5, Sum: 63.0]
      [Termination (ms): Min: 0.0, Avg: 0.0, Max: 0.1, Diff: 0.1, Sum: 0.1]
         [Termination Attempts: Min: 1, Avg: 1.0, Max: 1, Diff: 0, Sum: 4]
      [GC Worker Other (ms): Min: 0.0, Avg: 0.0, Max: 0.0, Diff: 0.0, Sum: 0.2]
      [GC Worker Total (ms): Min: 21.4, Avg: 21.4, Max: 21.5, Diff: 0.1, Sum: 85.7]
      [GC Worker End (ms): Min: 34150209.7, Avg: 34150209.7, Max: 34150209.8, Diff: 0.1]
   [Code Root Fixup: 0.0 ms]
   [Code Root Purge: 0.0 ms]
   [Clear CT: 0.4 ms]
   [Other: 1.0 ms]
      [Choose CSet: 0.0 ms]
      [Ref Proc: 0.3 ms]
      [Ref Enq: 0.0 ms]
      [Redirty Cards: 0.3 ms]
      [Humongous Register: 0.1 ms]
      [Humongous Reclaim: 0.0 ms]
      [Free CSet: 0.1 ms]
   [Eden: 46080.0K(46080.0K)->0.0B(46080.0K) Survivors: 6144.0K->6144.0K Heap: 309.9M(1024.0M)->269.0M(1024.0M)]
 [Times: user=0.13 sys=0.00, real=0.03 secs] 
2021-03-17T00:51:31.263+0700: 34425.866: [GC pause (G1 Evacuation Pause) (young), 0.0138516 secs]
   [Parallel Time: 12.8 ms, GC Workers: 4]
      [GC Worker Start (ms): Min: 34425866.7, Avg: 34425866.8, Max: 34425866.8, Diff: 0.1]
      [Ext Root Scanning (ms): Min: 0.6, Avg: 0.7, Max: 0.7, Diff: 0.2, Sum: 2.6]
      [Update RS (ms): Min: 0.7, Avg: 0.8, Max: 0.9, Diff: 0.2, Sum: 3.3]
         [Processed Buffers: Min: 2, Avg: 10.5, Max: 26, Diff: 24, Sum: 42]
      [Scan RS (ms): Min: 1.1, Avg: 1.1, Max: 1.2, Diff: 0.1, Sum: 4.6]
      [Code Root Scanning (ms): Min: 0.0, Avg: 0.0, Max: 0.0, Diff: 0.0, Sum: 0.1]
      [Object Copy (ms): Min: 9.8, Avg: 9.9, Max: 10.0, Diff: 0.2, Sum: 39.6]
      [Termination (ms): Min: 0.0, Avg: 0.0, Max: 0.0, Diff: 0.0, Sum: 0.0]
         [Termination Attempts: Min: 1, Avg: 1.0, Max: 1, Diff: 0, Sum: 4]
      [GC Worker Other (ms): Min: 0.0, Avg: 0.0, Max: 0.0, Diff: 0.0, Sum: 0.1]
      [GC Worker Total (ms): Min: 12.5, Avg: 12.6, Max: 12.6, Diff: 0.1, Sum: 50.3]
      [GC Worker End (ms): Min: 34425879.3, Avg: 34425879.3, Max: 34425879.3, Diff: 0.0]
   [Code Root Fixup: 0.0 ms]
   [Code Root Purge: 0.0 ms]
   [Clear CT: 0.1 ms]
   [Other: 0.9 ms]
      [Choose CSet: 0.0 ms]
      [Ref Proc: 0.2 ms]
      [Ref Enq: 0.0 ms]
      [Redirty Cards: 0.2 ms]
      [Humongous Register: 0.2 ms]
      [Humongous Reclaim: 0.0 ms]
      [Free CSet: 0.0 ms]
   [Eden: 46080.0K(46080.0K)->0.0B(47104.0K) Survivors: 6144.0K->5120.0K Heap: 314.0M(1024.0M)->272.0M(1024.0M)]
 [Times: user=0.06 sys=0.00, real=0.02 secs] 
2021-03-17T03:55:27.357+0700: 45461.961: [GC pause (G1 Evacuation Pause) (young), 0.2420152 secs]
   [Parallel Time: 60.9 ms, GC Workers: 4]
      [GC Worker Start (ms): Min: 45461965.0, Avg: 45461985.4, Max: 45462008.9, Diff: 43.9]
      [Ext Root Scanning (ms): Min: 0.0, Avg: 0.7, Max: 2.7, Diff: 2.6, Sum: 2.8]
      [Update RS (ms): Min: 0.0, Avg: 1.0, Max: 4.1, Diff: 4.1, Sum: 4.1]
         [Processed Buffers: Min: 0, Avg: 11.8, Max: 47, Diff: 47, Sum: 47]
      [Scan RS (ms): Min: 0.0, Avg: 1.3, Max: 5.0, Diff: 5.0, Sum: 5.0]
      [Code Root Scanning (ms): Min: 0.0, Avg: 0.0, Max: 0.1, Diff: 0.1, Sum: 0.1]
      [Object Copy (ms): Min: 0.0, Avg: 17.5, Max: 28.0, Diff: 28.0, Sum: 70.0]
      [Termination (ms): Min: 0.0, Avg: 10.3, Max: 13.8, Diff: 13.7, Sum: 41.2]
         [Termination Attempts: Min: 1, Avg: 4.0, Max: 7, Diff: 6, Sum: 16]
      [GC Worker Other (ms): Min: 0.0, Avg: 0.0, Max: 0.0, Diff: 0.0, Sum: 0.1]
      [GC Worker Total (ms): Min: 0.1, Avg: 30.8, Max: 53.6, Diff: 53.6, Sum: 123.3]
      [GC Worker End (ms): Min: 45462009.0, Avg: 45462016.2, Max: 45462018.6, Diff: 9.6]
   [Code Root Fixup: 0.0 ms]
   [Code Root Purge: 0.0 ms]
   [Clear CT: 64.7 ms]
   [Other: 116.4 ms]
      [Choose CSet: 0.0 ms]
      [Ref Proc: 91.9 ms]
      [Ref Enq: 0.0 ms]
      [Redirty Cards: 23.7 ms]
      [Humongous Register: 0.4 ms]
      [Humongous Reclaim: 0.1 ms]
      [Free CSet: 0.1 ms]
   [Eden: 47104.0K(47104.0K)->0.0B(45056.0K) Survivors: 5120.0K->7168.0K Heap: 318.0M(1024.0M)->278.5M(1024.0M)]
 [Times: user=0.05 sys=0.02, real=0.24 secs] 
2021-03-17T03:55:31.760+0700: 45466.363: [GC pause (G1 Evacuation Pause) (young), 0.1155658 secs]
   [Parallel Time: 71.2 ms, GC Workers: 4]
      [GC Worker Start (ms): Min: 45466367.5, Avg: 45466397.6, Max: 45466424.9, Diff: 57.3]
      [Ext Root Scanning (ms): Min: 0.0, Avg: 0.7, Max: 2.7, Diff: 2.6, Sum: 3.0]
      [Update RS (ms): Min: 0.0, Avg: 1.9, Max: 7.7, Diff: 7.7, Sum: 7.7]
         [Processed Buffers: Min: 0, Avg: 10.8, Max: 43, Diff: 43, Sum: 43]
      [Scan RS (ms): Min: 0.0, Avg: 1.8, Max: 7.2, Diff: 7.2, Sum: 7.2]
      [Code Root Scanning (ms): Min: 0.0, Avg: 0.0, Max: 0.1, Diff: 0.1, Sum: 0.1]
      [Object Copy (ms): Min: 0.0, Avg: 10.1, Max: 22.5, Diff: 22.5, Sum: 40.3]
      [Termination (ms): Min: 0.0, Avg: 17.6, Max: 26.9, Diff: 26.9, Sum: 70.3]
         [Termination Attempts: Min: 1, Avg: 1.0, Max: 1, Diff: 0, Sum: 4]
      [GC Worker Other (ms): Min: 0.0, Avg: 0.0, Max: 0.0, Diff: 0.0, Sum: 0.1]
      [GC Worker Total (ms): Min: 0.1, Avg: 32.2, Max: 66.8, Diff: 66.7, Sum: 128.8]
      [GC Worker End (ms): Min: 45466425.0, Avg: 45466429.8, Max: 45466434.8, Diff: 9.8]
   [Code Root Fixup: 0.0 ms]
   [Code Root Purge: 0.0 ms]
   [Clear CT: 13.1 ms]
   [Other: 31.3 ms]
      [Choose CSet: 0.0 ms]
      [Ref Proc: 28.8 ms]
      [Ref Enq: 0.0 ms]
      [Redirty Cards: 1.8 ms]
      [Humongous Register: 0.1 ms]
      [Humongous Reclaim: 0.1 ms]
      [Free CSet: 0.1 ms]
   [Eden: 45056.0K(45056.0K)->0.0B(49152.0K) Survivors: 7168.0K->3072.0K Heap: 322.5M(1024.0M)->280.5M(1024.0M)]
 [Times: user=0.04 sys=0.00, real=0.11 secs] 
2021-03-17T03:55:40.868+0700: 45475.472: [GC pause (G1 Evacuation Pause) (young), 0.0098100 secs]
   [Parallel Time: 7.9 ms, GC Workers: 4]
      [GC Worker Start (ms): Min: 45475471.8, Avg: 45475473.7, Max: 45475479.1, Diff: 7.2]
      [Ext Root Scanning (ms): Min: 0.0, Avg: 0.4, Max: 0.6, Diff: 0.6, Sum: 1.8]
      [Update RS (ms): Min: 0.0, Avg: 1.1, Max: 1.6, Diff: 1.6, Sum: 4.3]
         [Processed Buffers: Min: 0, Avg: 9.8, Max: 18, Diff: 18, Sum: 39]
      [Scan RS (ms): Min: 0.0, Avg: 1.4, Max: 5.3, Diff: 5.3, Sum: 5.6]
      [Code Root Scanning (ms): Min: 0.0, Avg: 0.0, Max: 0.1, Diff: 0.1, Sum: 0.1]
      [Object Copy (ms): Min: 0.1, Avg: 2.5, Max: 4.9, Diff: 4.8, Sum: 9.8]
      [Termination (ms): Min: 0.0, Avg: 0.4, Max: 0.7, Diff: 0.7, Sum: 1.5]
         [Termination Attempts: Min: 1, Avg: 1.5, Max: 3, Diff: 2, Sum: 6]
      [GC Worker Other (ms): Min: 0.0, Avg: 0.0, Max: 0.0, Diff: 0.0, Sum: 0.1]
      [GC Worker Total (ms): Min: 0.2, Avg: 5.8, Max: 7.8, Diff: 7.7, Sum: 23.1]
      [GC Worker End (ms): Min: 45475479.2, Avg: 45475479.4, Max: 45475479.7, Diff: 0.5]
   [Code Root Fixup: 0.0 ms]
   [Code Root Purge: 0.0 ms]
   [Clear CT: 0.3 ms]
   [Other: 1.6 ms]
      [Choose CSet: 0.0 ms]
      [Ref Proc: 0.9 ms]
      [Ref Enq: 0.0 ms]
      [Redirty Cards: 0.3 ms]
      [Humongous Register: 0.0 ms]
      [Humongous Reclaim: 0.0 ms]
      [Free CSet: 0.1 ms]
   [Eden: 49152.0K(49152.0K)->0.0B(48128.0K) Survivors: 3072.0K->4096.0K Heap: 328.5M(1024.0M)->281.5M(1024.0M)]
 [Times: user=0.03 sys=0.00, real=0.01 secs] 
2021-03-17T09:40:26.907+0700: 66161.510: [GC pause (G1 Evacuation Pause) (young), 0.8867998 secs]
   [Parallel Time: 315.7 ms, GC Workers: 4]
      [GC Worker Start (ms): Min: 66161568.4, Avg: 66161665.4, Max: 66161755.0, Diff: 186.7]
      [Ext Root Scanning (ms): Min: 0.0, Avg: 4.6, Max: 18.2, Diff: 18.2, Sum: 18.3]
      [Update RS (ms): Min: 0.0, Avg: 1.7, Max: 7.0, Diff: 7.0, Sum: 7.0]
         [Processed Buffers: Min: 0, Avg: 12.0, Max: 48, Diff: 48, Sum: 48]
      [Scan RS (ms): Min: 0.0, Avg: 0.1, Max: 0.2, Diff: 0.2, Sum: 0.3]
      [Code Root Scanning (ms): Min: 0.0, Avg: 0.0, Max: 0.2, Diff: 0.2, Sum: 0.2]
      [Object Copy (ms): Min: 0.0, Avg: 6.6, Max: 26.5, Diff: 26.5, Sum: 26.6]
      [Termination (ms): Min: 0.0, Avg: 83.3, Max: 153.5, Diff: 153.5, Sum: 333.1]
         [Termination Attempts: Min: 1, Avg: 1.0, Max: 1, Diff: 0, Sum: 4]
      [GC Worker Other (ms): Min: 0.0, Avg: 0.0, Max: 0.0, Diff: 0.0, Sum: 0.1]
      [GC Worker Total (ms): Min: 0.1, Avg: 96.4, Max: 205.7, Diff: 205.6, Sum: 385.5]
      [GC Worker End (ms): Min: 66161755.1, Avg: 66161761.8, Max: 66161774.0, Diff: 18.9]
   [Code Root Fixup: 0.0 ms]
   [Code Root Purge: 0.0 ms]
   [Clear CT: 213.1 ms]
   [Other: 358.0 ms]
      [Choose CSet: 0.0 ms]
      [Ref Proc: 310.1 ms]
      [Ref Enq: 0.0 ms]
      [Redirty Cards: 38.1 ms]
      [Humongous Register: 9.1 ms]
      [Humongous Reclaim: 0.1 ms]
      [Free CSet: 0.1 ms]
   [Eden: 48128.0K(48128.0K)->0.0B(47104.0K) Survivors: 4096.0K->5120.0K Heap: 328.5M(1024.0M)->282.8M(1024.0M)]
 [Times: user=0.01 sys=0.00, real=0.88 secs] 
2021-03-17T09:40:49.343+0700: 66183.947: [GC pause (G1 Evacuation Pause) (young), 0.0255472 secs]
   [Parallel Time: 21.7 ms, GC Workers: 4]
      [GC Worker Start (ms): Min: 66183946.8, Avg: 66183946.9, Max: 66183947.0, Diff: 0.2]
      [Ext Root Scanning (ms): Min: 0.5, Avg: 0.7, Max: 0.7, Diff: 0.2, Sum: 2.6]
      [Update RS (ms): Min: 1.6, Avg: 1.6, Max: 1.7, Diff: 0.1, Sum: 6.4]
         [Processed Buffers: Min: 7, Avg: 13.5, Max: 24, Diff: 17, Sum: 54]
      [Scan RS (ms): Min: 0.7, Avg: 3.7, Max: 11.7, Diff: 11.0, Sum: 14.7]
      [Code Root Scanning (ms): Min: 0.0, Avg: 0.0, Max: 0.0, Diff: 0.0, Sum: 0.1]
      [Object Copy (ms): Min: 0.5, Avg: 10.5, Max: 15.5, Diff: 15.0, Sum: 41.9]
      [Termination (ms): Min: 0.0, Avg: 2.0, Max: 4.1, Diff: 4.1, Sum: 8.1]
         [Termination Attempts: Min: 1, Avg: 1.0, Max: 1, Diff: 0, Sum: 4]
      [GC Worker Other (ms): Min: 0.0, Avg: 0.8, Max: 3.1, Diff: 3.1, Sum: 3.2]
      [GC Worker Total (ms): Min: 18.5, Avg: 19.3, Max: 21.4, Diff: 2.9, Sum: 77.1]
      [GC Worker End (ms): Min: 66183965.4, Avg: 66183966.1, Max: 66183968.4, Diff: 3.1]
   [Code Root Fixup: 0.1 ms]
   [Code Root Purge: 0.0 ms]
   [Clear CT: 0.2 ms]
   [Other: 3.7 ms]
      [Choose CSet: 0.0 ms]
      [Ref Proc: 3.0 ms]
      [Ref Enq: 0.0 ms]
      [Redirty Cards: 0.2 ms]
      [Humongous Register: 0.1 ms]
      [Humongous Reclaim: 0.1 ms]
      [Free CSet: 0.1 ms]
   [Eden: 47104.0K(47104.0K)->0.0B(46080.0K) Survivors: 5120.0K->6144.0K Heap: 328.8M(1024.0M)->284.6M(1024.0M)]
 [Times: user=0.06 sys=0.00, real=0.03 secs] 
2021-03-17T09:40:55.787+0700: 66190.390: [GC pause (G1 Evacuation Pause) (young), 0.0199160 secs]
   [Parallel Time: 17.5 ms, GC Workers: 4]
      [GC Worker Start (ms): Min: 66190391.5, Avg: 66190399.0, Max: 66190407.5, Diff: 16.0]
      [Ext Root Scanning (ms): Min: 0.0, Avg: 0.5, Max: 1.9, Diff: 1.8, Sum: 2.1]
      [Update RS (ms): Min: 0.0, Avg: 1.4, Max: 2.9, Diff: 2.9, Sum: 5.7]
         [Processed Buffers: Min: 0, Avg: 10.0, Max: 26, Diff: 26, Sum: 40]
      [Scan RS (ms): Min: 0.0, Avg: 0.8, Max: 1.7, Diff: 1.7, Sum: 3.3]
      [Code Root Scanning (ms): Min: 0.0, Avg: 0.0, Max: 0.0, Diff: 0.0, Sum: 0.1]
      [Object Copy (ms): Min: 0.0, Avg: 5.4, Max: 9.2, Diff: 9.2, Sum: 21.8]
      [Termination (ms): Min: 0.0, Avg: 0.5, Max: 0.7, Diff: 0.7, Sum: 2.1]
         [Termination Attempts: Min: 1, Avg: 1.0, Max: 1, Diff: 0, Sum: 4]
      [GC Worker Other (ms): Min: 0.0, Avg: 0.0, Max: 0.0, Diff: 0.0, Sum: 0.1]
      [GC Worker Total (ms): Min: 0.1, Avg: 8.8, Max: 16.3, Diff: 16.2, Sum: 35.2]
      [GC Worker End (ms): Min: 66190407.6, Avg: 66190407.8, Max: 66190407.9, Diff: 0.3]
   [Code Root Fixup: 0.0 ms]
   [Code Root Purge: 0.0 ms]
   [Clear CT: 0.1 ms]
   [Other: 2.2 ms]
      [Choose CSet: 0.0 ms]
      [Ref Proc: 1.7 ms]
      [Ref Enq: 0.0 ms]
      [Redirty Cards: 0.1 ms]
      [Humongous Register: 0.1 ms]
      [Humongous Reclaim: 0.0 ms]
      [Free CSet: 0.1 ms]
   [Eden: 46080.0K(46080.0K)->0.0B(49152.0K) Survivors: 6144.0K->3072.0K Heap: 329.6M(1024.0M)->283.7M(1024.0M)]
 [Times: user=0.01 sys=0.00, real=0.02 secs] 
2021-03-17T09:41:15.990+0700: 66210.594: [GC pause (G1 Evacuation Pause) (young), 0.0463820 secs]
   [Parallel Time: 34.5 ms, GC Workers: 4]
      [GC Worker Start (ms): Min: 66210594.1, Avg: 66210600.1, Max: 66210610.3, Diff: 16.3]
      [Ext Root Scanning (ms): Min: 0.0, Avg: 0.5, Max: 1.1, Diff: 1.0, Sum: 2.0]
      [Update RS (ms): Min: 0.0, Avg: 2.9, Max: 5.7, Diff: 5.7, Sum: 11.5]
         [Processed Buffers: Min: 0, Avg: 10.5, Max: 38, Diff: 38, Sum: 42]
      [Scan RS (ms): Min: 0.0, Avg: 0.4, Max: 0.8, Diff: 0.8, Sum: 1.6]
      [Code Root Scanning (ms): Min: 0.0, Avg: 0.0, Max: 0.0, Diff: 0.0, Sum: 0.1]
      [Object Copy (ms): Min: 0.0, Avg: 4.4, Max: 6.1, Diff: 6.1, Sum: 17.7]
      [Termination (ms): Min: 0.0, Avg: 2.2, Max: 2.9, Diff: 2.9, Sum: 8.6]
         [Termination Attempts: Min: 1, Avg: 1.0, Max: 1, Diff: 0, Sum: 4]
      [GC Worker Other (ms): Min: 0.0, Avg: 0.0, Max: 0.0, Diff: 0.0, Sum: 0.1]
      [GC Worker Total (ms): Min: 0.1, Avg: 10.4, Max: 16.5, Diff: 16.4, Sum: 41.6]
      [GC Worker End (ms): Min: 66210610.4, Avg: 66210610.5, Max: 66210610.6, Diff: 0.2]
   [Code Root Fixup: 0.0 ms]
   [Code Root Purge: 0.0 ms]
   [Clear CT: 0.2 ms]
   [Other: 11.7 ms]
      [Choose CSet: 0.0 ms]
      [Ref Proc: 11.1 ms]
      [Ref Enq: 0.0 ms]
      [Redirty Cards: 0.1 ms]
      [Humongous Register: 0.1 ms]
      [Humongous Reclaim: 0.1 ms]
      [Free CSet: 0.0 ms]
   [Eden: 49152.0K(49152.0K)->0.0B(48128.0K) Survivors: 3072.0K->4096.0K Heap: 331.7M(1024.0M)->284.2M(1024.0M)]
 [Times: user=0.06 sys=0.00, real=0.05 secs] 
2021-03-17T09:41:30.932+0700: 66225.535: [GC pause (G1 Evacuation Pause) (young), 0.0229626 secs]
   [Parallel Time: 21.2 ms, GC Workers: 4]
      [GC Worker Start (ms): Min: 66225535.7, Avg: 66225540.7, Max: 66225546.6, Diff: 11.0]
      [Ext Root Scanning (ms): Min: 0.0, Avg: 2.1, Max: 5.2, Diff: 5.2, Sum: 8.4]
      [Update RS (ms): Min: 0.0, Avg: 4.6, Max: 11.5, Diff: 11.5, Sum: 18.3]
         [Processed Buffers: Min: 0, Avg: 10.5, Max: 31, Diff: 31, Sum: 42]
      [Scan RS (ms): Min: 0.0, Avg: 0.0, Max: 0.1, Diff: 0.1, Sum: 0.1]
      [Code Root Scanning (ms): Min: 0.0, Avg: 0.0, Max: 0.0, Diff: 0.0, Sum: 0.0]
      [Object Copy (ms): Min: 0.0, Avg: 8.5, Max: 13.4, Diff: 13.4, Sum: 34.2]
      [Termination (ms): Min: 0.0, Avg: 0.4, Max: 0.7, Diff: 0.7, Sum: 1.5]
         [Termination Attempts: Min: 1, Avg: 3.8, Max: 11, Diff: 10, Sum: 15]
      [GC Worker Other (ms): Min: 0.0, Avg: 0.1, Max: 0.1, Diff: 0.1, Sum: 0.2]
      [GC Worker Total (ms): Min: 9.9, Avg: 15.7, Max: 20.9, Diff: 11.0, Sum: 62.7]
      [GC Worker End (ms): Min: 66225556.3, Avg: 66225556.4, Max: 66225556.6, Diff: 0.3]
   [Code Root Fixup: 0.0 ms]
   [Code Root Purge: 0.0 ms]
   [Clear CT: 0.2 ms]
   [Other: 1.6 ms]
      [Choose CSet: 0.0 ms]
      [Ref Proc: 0.9 ms]
      [Ref Enq: 0.0 ms]
      [Redirty Cards: 0.1 ms]
      [Humongous Register: 0.1 ms]
      [Humongous Reclaim: 0.1 ms]
      [Free CSet: 0.0 ms]
   [Eden: 48128.0K(48128.0K)->0.0B(48128.0K) Survivors: 4096.0K->4096.0K Heap: 331.2M(1024.0M)->284.2M(1024.0M)]
 [Times: user=0.05 sys=0.00, real=0.02 secs] 
2021-03-17T09:41:41.322+0700: 66235.926: [GC pause (G1 Evacuation Pause) (young), 0.0086272 secs]
   [Parallel Time: 6.8 ms, GC Workers: 4]
      [GC Worker Start (ms): Min: 66235926.0, Avg: 66235926.0, Max: 66235926.0, Diff: 0.1]
      [Ext Root Scanning (ms): Min: 0.5, Avg: 0.5, Max: 0.6, Diff: 0.1, Sum: 2.1]
      [Update RS (ms): Min: 0.6, Avg: 0.9, Max: 1.0, Diff: 0.4, Sum: 3.7]
         [Processed Buffers: Min: 3, Avg: 9.2, Max: 16, Diff: 13, Sum: 37]
      [Scan RS (ms): Min: 0.1, Avg: 0.2, Max: 0.2, Diff: 0.1, Sum: 0.6]
      [Code Root Scanning (ms): Min: 0.0, Avg: 0.0, Max: 0.0, Diff: 0.0, Sum: 0.0]
      [Object Copy (ms): Min: 4.6, Avg: 4.8, Max: 5.2, Diff: 0.5, Sum: 19.1]
      [Termination (ms): Min: 0.0, Avg: 0.2, Max: 0.3, Diff: 0.3, Sum: 0.7]
         [Termination Attempts: Min: 1, Avg: 1.0, Max: 1, Diff: 0, Sum: 4]
      [GC Worker Other (ms): Min: 0.0, Avg: 0.0, Max: 0.0, Diff: 0.0, Sum: 0.1]
      [GC Worker Total (ms): Min: 6.5, Avg: 6.6, Max: 6.7, Diff: 0.2, Sum: 26.4]
      [GC Worker End (ms): Min: 66235932.5, Avg: 66235932.6, Max: 66235932.7, Diff: 0.2]
   [Code Root Fixup: 0.0 ms]
   [Code Root Purge: 0.0 ms]
   [Clear CT: 0.2 ms]
   [Other: 1.7 ms]
      [Choose CSet: 0.0 ms]
      [Ref Proc: 1.1 ms]
      [Ref Enq: 0.0 ms]
      [Redirty Cards: 0.2 ms]
      [Humongous Register: 0.0 ms]
      [Humongous Reclaim: 0.0 ms]
      [Free CSet: 0.1 ms]
   [Eden: 48128.0K(48128.0K)->0.0B(48128.0K) Survivors: 4096.0K->4096.0K Heap: 331.2M(1024.0M)->284.7M(1024.0M)]
 [Times: user=0.00 sys=0.00, real=0.01 secs] 
2021-03-17T09:42:43.536+0700: 66298.140: [GC pause (G1 Evacuation Pause) (young), 0.0219282 secs]
   [Parallel Time: 19.6 ms, GC Workers: 4]
      [GC Worker Start (ms): Min: 66298140.1, Avg: 66298140.2, Max: 66298140.3, Diff: 0.1]
      [Ext Root Scanning (ms): Min: 1.1, Avg: 1.2, Max: 1.3, Diff: 0.3, Sum: 4.7]
      [Update RS (ms): Min: 3.4, Avg: 3.8, Max: 4.3, Diff: 0.9, Sum: 15.0]
         [Processed Buffers: Min: 4, Avg: 11.0, Max: 25, Diff: 21, Sum: 44]
      [Scan RS (ms): Min: 0.0, Avg: 0.2, Max: 0.4, Diff: 0.4, Sum: 0.8]
      [Code Root Scanning (ms): Min: 0.0, Avg: 0.0, Max: 0.1, Diff: 0.1, Sum: 0.1]
      [Object Copy (ms): Min: 13.4, Avg: 13.7, Max: 13.9, Diff: 0.6, Sum: 55.0]
      [Termination (ms): Min: 0.0, Avg: 0.0, Max: 0.0, Diff: 0.0, Sum: 0.1]
         [Termination Attempts: Min: 1, Avg: 2.5, Max: 4, Diff: 3, Sum: 10]
      [GC Worker Other (ms): Min: 0.0, Avg: 0.2, Max: 0.4, Diff: 0.3, Sum: 0.8]
      [GC Worker Total (ms): Min: 19.0, Avg: 19.1, Max: 19.3, Diff: 0.3, Sum: 76.6]
      [GC Worker End (ms): Min: 66298159.2, Avg: 66298159.4, Max: 66298159.5, Diff: 0.3]
   [Code Root Fixup: 0.0 ms]
   [Code Root Purge: 0.0 ms]
   [Clear CT: 0.4 ms]
   [Other: 1.9 ms]
      [Choose CSet: 0.0 ms]
      [Ref Proc: 1.3 ms]
      [Ref Enq: 0.0 ms]
      [Redirty Cards: 0.2 ms]
      [Humongous Register: 0.1 ms]
      [Humongous Reclaim: 0.0 ms]
      [Free CSet: 0.1 ms]
   [Eden: 48128.0K(48128.0K)->0.0B(47104.0K) Survivors: 4096.0K->5120.0K Heap: 331.7M(1024.0M)->285.7M(1024.0M)]
 [Times: user=0.12 sys=0.00, real=0.03 secs] 
2021-03-17T09:47:20.538+0700: 66575.141: [GC pause (G1 Evacuation Pause) (young), 0.0330627 secs]
   [Parallel Time: 29.8 ms, GC Workers: 4]
      [GC Worker Start (ms): Min: 66575142.3, Avg: 66575142.4, Max: 66575142.5, Diff: 0.2]
      [Ext Root Scanning (ms): Min: 1.3, Avg: 1.5, Max: 1.6, Diff: 0.3, Sum: 5.8]
      [Update RS (ms): Min: 3.0, Avg: 3.2, Max: 3.6, Diff: 0.6, Sum: 12.8]
         [Processed Buffers: Min: 3, Avg: 11.2, Max: 25, Diff: 22, Sum: 45]
      [Scan RS (ms): Min: 0.7, Avg: 1.1, Max: 1.3, Diff: 0.6, Sum: 4.5]
      [Code Root Scanning (ms): Min: 0.0, Avg: 0.0, Max: 0.1, Diff: 0.1, Sum: 0.1]
      [Object Copy (ms): Min: 23.6, Avg: 23.7, Max: 23.8, Diff: 0.1, Sum: 94.7]
      [Termination (ms): Min: 0.0, Avg: 0.0, Max: 0.0, Diff: 0.0, Sum: 0.0]
         [Termination Attempts: Min: 1, Avg: 1.0, Max: 1, Diff: 0, Sum: 4]
      [GC Worker Other (ms): Min: 0.1, Avg: 0.1, Max: 0.1, Diff: 0.0, Sum: 0.2]
      [GC Worker Total (ms): Min: 29.5, Avg: 29.6, Max: 29.7, Diff: 0.2, Sum: 118.3]
      [GC Worker End (ms): Min: 66575172.0, Avg: 66575172.0, Max: 66575172.0, Diff: 0.0]
   [Code Root Fixup: 0.0 ms]
   [Code Root Purge: 0.0 ms]
   [Clear CT: 0.4 ms]
   [Other: 2.8 ms]
      [Choose CSet: 0.0 ms]
      [Ref Proc: 1.1 ms]
      [Ref Enq: 0.0 ms]
      [Redirty Cards: 0.4 ms]
      [Humongous Register: 0.7 ms]
      [Humongous Reclaim: 0.1 ms]
      [Free CSet: 0.1 ms]
   [Eden: 47104.0K(47104.0K)->0.0B(45056.0K) Survivors: 5120.0K->7168.0K Heap: 331.7M(1024.0M)->289.2M(1024.0M)]
 [Times: user=0.14 sys=0.00, real=0.03 secs] 
2021-03-17T09:51:49.070+0700: 66843.673: [GC pause (G1 Evacuation Pause) (young), 0.0308745 secs]
   [Parallel Time: 28.4 ms, GC Workers: 4]
      [GC Worker Start (ms): Min: 66843674.6, Avg: 66843675.3, Max: 66843677.2, Diff: 2.5]
      [Ext Root Scanning (ms): Min: 0.1, Avg: 1.4, Max: 1.9, Diff: 1.8, Sum: 5.5]
      [Update RS (ms): Min: 4.2, Avg: 4.2, Max: 4.3, Diff: 0.2, Sum: 17.0]
         [Processed Buffers: Min: 7, Avg: 11.2, Max: 16, Diff: 9, Sum: 45]
      [Scan RS (ms): Min: 0.9, Avg: 1.3, Max: 1.5, Diff: 0.5, Sum: 5.3]
      [Code Root Scanning (ms): Min: 0.0, Avg: 0.0, Max: 0.0, Diff: 0.0, Sum: 0.1]
      [Object Copy (ms): Min: 19.8, Avg: 20.1, Max: 20.4, Diff: 0.5, Sum: 80.2]
      [Termination (ms): Min: 0.0, Avg: 0.3, Max: 0.6, Diff: 0.6, Sum: 1.3]
         [Termination Attempts: Min: 1, Avg: 1.0, Max: 1, Diff: 0, Sum: 4]
      [GC Worker Other (ms): Min: 0.0, Avg: 0.1, Max: 0.1, Diff: 0.1, Sum: 0.3]
      [GC Worker Total (ms): Min: 25.7, Avg: 27.4, Max: 28.1, Diff: 2.4, Sum: 109.6]
      [GC Worker End (ms): Min: 66843702.5, Avg: 66843702.7, Max: 66843702.9, Diff: 0.4]
   [Code Root Fixup: 0.0 ms]
   [Code Root Purge: 0.0 ms]
   [Clear CT: 0.3 ms]
   [Other: 2.1 ms]
      [Choose CSet: 0.0 ms]
      [Ref Proc: 0.5 ms]
      [Ref Enq: 0.0 ms]
      [Redirty Cards: 0.2 ms]
      [Humongous Register: 0.9 ms]
      [Humongous Reclaim: 0.0 ms]
      [Free CSet: 0.1 ms]
   [Eden: 45056.0K(45056.0K)->0.0B(46080.0K) Survivors: 7168.0K->6144.0K Heap: 333.2M(1024.0M)->293.2M(1024.0M)]
 [Times: user=0.06 sys=0.00, real=0.03 secs] 
2021-03-17T09:56:21.282+0700: 67115.886: [GC pause (G1 Evacuation Pause) (young), 0.0348276 secs]
   [Parallel Time: 31.8 ms, GC Workers: 4]
      [GC Worker Start (ms): Min: 67115886.7, Avg: 67115886.8, Max: 67115886.9, Diff: 0.2]
      [Ext Root Scanning (ms): Min: 1.7, Avg: 1.7, Max: 1.8, Diff: 0.2, Sum: 6.9]
      [Update RS (ms): Min: 2.8, Avg: 3.0, Max: 3.2, Diff: 0.4, Sum: 11.9]
         [Processed Buffers: Min: 2, Avg: 10.8, Max: 20, Diff: 18, Sum: 43]
      [Scan RS (ms): Min: 2.4, Avg: 2.7, Max: 2.8, Diff: 0.4, Sum: 10.8]
      [Code Root Scanning (ms): Min: 0.0, Avg: 0.0, Max: 0.1, Diff: 0.1, Sum: 0.1]
      [Object Copy (ms): Min: 23.5, Avg: 23.6, Max: 23.7, Diff: 0.2, Sum: 94.2]
      [Termination (ms): Min: 0.0, Avg: 0.0, Max: 0.0, Diff: 0.0, Sum: 0.0]
         [Termination Attempts: Min: 1, Avg: 1.0, Max: 1, Diff: 0, Sum: 4]
      [GC Worker Other (ms): Min: 0.1, Avg: 0.3, Max: 0.5, Diff: 0.4, Sum: 1.1]
      [GC Worker Total (ms): Min: 31.1, Avg: 31.3, Max: 31.5, Diff: 0.4, Sum: 125.1]
      [GC Worker End (ms): Min: 67115917.8, Avg: 67115918.1, Max: 67115918.3, Diff: 0.5]
   [Code Root Fixup: 0.0 ms]
   [Code Root Purge: 0.0 ms]
   [Clear CT: 0.4 ms]
   [Other: 2.5 ms]
      [Choose CSet: 0.0 ms]
      [Ref Proc: 0.6 ms]
      [Ref Enq: 0.0 ms]
      [Redirty Cards: 0.4 ms]
      [Humongous Register: 0.7 ms]
      [Humongous Reclaim: 0.1 ms]
      [Free CSet: 0.1 ms]
   [Eden: 46080.0K(46080.0K)->0.0B(47104.0K) Survivors: 6144.0K->5120.0K Heap: 338.2M(1024.0M)->296.0M(1024.0M)]
 [Times: user=0.12 sys=0.00, real=0.04 secs] 
2021-03-17T10:01:00.963+0700: 67395.567: [GC pause (G1 Evacuation Pause) (young), 0.0459784 secs]
   [Parallel Time: 43.5 ms, GC Workers: 4]
      [GC Worker Start (ms): Min: 67395567.6, Avg: 67395573.4, Max: 67395590.7, Diff: 23.1]
      [Ext Root Scanning (ms): Min: 0.2, Avg: 1.4, Max: 1.9, Diff: 1.7, Sum: 5.8]
      [Update RS (ms): Min: 0.0, Avg: 5.8, Max: 7.9, Diff: 7.9, Sum: 23.1]
         [Processed Buffers: Min: 0, Avg: 11.0, Max: 35, Diff: 35, Sum: 44]
      [Scan RS (ms): Min: 0.0, Avg: 7.5, Max: 12.4, Diff: 12.4, Sum: 30.0]
      [Code Root Scanning (ms): Min: 0.0, Avg: 0.0, Max: 0.1, Diff: 0.1, Sum: 0.1]
      [Object Copy (ms): Min: 19.4, Avg: 22.1, Max: 24.3, Diff: 4.9, Sum: 88.2]
      [Termination (ms): Min: 0.0, Avg: 0.4, Max: 0.7, Diff: 0.7, Sum: 1.6]
         [Termination Attempts: Min: 1, Avg: 1.2, Max: 2, Diff: 1, Sum: 5]
      [GC Worker Other (ms): Min: 0.0, Avg: 0.1, Max: 0.1, Diff: 0.0, Sum: 0.2]
      [GC Worker Total (ms): Min: 19.7, Avg: 37.3, Max: 43.3, Diff: 23.6, Sum: 149.1]
      [GC Worker End (ms): Min: 67395610.4, Avg: 67395610.7, Max: 67395610.9, Diff: 0.5]
   [Code Root Fixup: 0.0 ms]
   [Code Root Purge: 0.0 ms]
   [Clear CT: 0.2 ms]
   [Other: 2.2 ms]
      [Choose CSet: 0.0 ms]
      [Ref Proc: 0.5 ms]
      [Ref Enq: 0.0 ms]
      [Redirty Cards: 0.3 ms]
      [Humongous Register: 0.7 ms]
      [Humongous Reclaim: 0.0 ms]
      [Free CSet: 0.1 ms]
   [Eden: 47104.0K(47104.0K)->0.0B(47104.0K) Survivors: 5120.0K->5120.0K Heap: 342.0M(1024.0M)->300.0M(1024.0M)]
 [Times: user=0.11 sys=0.00, real=0.05 secs] 
2021-03-17T10:07:28.112+0700: 67782.715: [GC pause (G1 Evacuation Pause) (young), 0.0295786 secs]
   [Parallel Time: 27.0 ms, GC Workers: 4]
      [GC Worker Start (ms): Min: 67782715.9, Avg: 67782716.0, Max: 67782716.3, Diff: 0.4]
      [Ext Root Scanning (ms): Min: 1.0, Avg: 1.2, Max: 1.4, Diff: 0.4, Sum: 4.9]
      [Update RS (ms): Min: 1.5, Avg: 1.7, Max: 2.0, Diff: 0.5, Sum: 6.8]
         [Processed Buffers: Min: 2, Avg: 11.8, Max: 21, Diff: 19, Sum: 47]
      [Scan RS (ms): Min: 2.4, Avg: 2.7, Max: 2.8, Diff: 0.4, Sum: 10.8]
      [Code Root Scanning (ms): Min: 0.0, Avg: 0.0, Max: 0.0, Diff: 0.0, Sum: 0.1]
      [Object Copy (ms): Min: 20.4, Avg: 20.6, Max: 20.7, Diff: 0.3, Sum: 82.3]
      [Termination (ms): Min: 0.0, Avg: 0.0, Max: 0.0, Diff: 0.0, Sum: 0.1]
         [Termination Attempts: Min: 1, Avg: 1.8, Max: 4, Diff: 3, Sum: 7]
      [GC Worker Other (ms): Min: 0.0, Avg: 0.1, Max: 0.2, Diff: 0.1, Sum: 0.3]
      [GC Worker Total (ms): Min: 26.1, Avg: 26.3, Max: 26.4, Diff: 0.3, Sum: 105.3]
      [GC Worker End (ms): Min: 67782742.3, Avg: 67782742.3, Max: 67782742.4, Diff: 0.1]
   [Code Root Fixup: 0.0 ms]
   [Code Root Purge: 0.0 ms]
   [Clear CT: 0.3 ms]
   [Other: 2.3 ms]
      [Choose CSet: 0.0 ms]
      [Ref Proc: 0.6 ms]
      [Ref Enq: 0.0 ms]
      [Redirty Cards: 0.5 ms]
      [Humongous Register: 0.5 ms]
      [Humongous Reclaim: 0.1 ms]
      [Free CSet: 0.1 ms]
   [Eden: 47104.0K(47104.0K)->0.0B(47104.0K) Survivors: 5120.0K->5120.0K Heap: 346.0M(1024.0M)->303.5M(1024.0M)]
 [Times: user=0.11 sys=0.01, real=0.03 secs] 
2021-03-17T10:12:07.562+0700: 68062.165: [GC pause (G1 Evacuation Pause) (young), 0.0362500 secs]
   [Parallel Time: 33.1 ms, GC Workers: 4]
      [GC Worker Start (ms): Min: 68062166.3, Avg: 68062166.4, Max: 68062166.4, Diff: 0.2]
      [Ext Root Scanning (ms): Min: 1.2, Avg: 1.2, Max: 1.3, Diff: 0.1, Sum: 4.9]
      [Update RS (ms): Min: 2.0, Avg: 2.2, Max: 2.6, Diff: 0.6, Sum: 8.9]
         [Processed Buffers: Min: 3, Avg: 10.8, Max: 15, Diff: 12, Sum: 43]
      [Scan RS (ms): Min: 2.5, Avg: 2.8, Max: 3.0, Diff: 0.5, Sum: 11.3]
      [Code Root Scanning (ms): Min: 0.0, Avg: 0.0, Max: 0.1, Diff: 0.1, Sum: 0.1]
      [Object Copy (ms): Min: 26.3, Avg: 26.4, Max: 26.4, Diff: 0.1, Sum: 105.4]
      [Termination (ms): Min: 0.0, Avg: 0.0, Max: 0.0, Diff: 0.0, Sum: 0.0]
         [Termination Attempts: Min: 1, Avg: 1.0, Max: 1, Diff: 0, Sum: 4]
      [GC Worker Other (ms): Min: 0.1, Avg: 0.1, Max: 0.1, Diff: 0.0, Sum: 0.3]
      [GC Worker Total (ms): Min: 32.7, Avg: 32.7, Max: 32.8, Diff: 0.2, Sum: 130.9]
      [GC Worker End (ms): Min: 68062199.1, Avg: 68062199.1, Max: 68062199.1, Diff: 0.0]
   [Code Root Fixup: 0.0 ms]
   [Code Root Purge: 0.0 ms]
   [Clear CT: 0.4 ms]
   [Other: 2.7 ms]
      [Choose CSet: 0.0 ms]
      [Ref Proc: 0.6 ms]
      [Ref Enq: 0.0 ms]
      [Redirty Cards: 0.4 ms]
      [Humongous Register: 0.7 ms]
      [Humongous Reclaim: 0.1 ms]
      [Free CSet: 0.2 ms]
   [Eden: 47104.0K(47104.0K)->0.0B(47104.0K) Survivors: 5120.0K->5120.0K Heap: 349.5M(1024.0M)->308.0M(1024.0M)]
 [Times: user=0.12 sys=0.00, real=0.04 secs] 
2021-03-17T10:16:45.639+0700: 68340.243: [GC pause (G1 Evacuation Pause) (young), 0.0345897 secs]
   [Parallel Time: 33.0 ms, GC Workers: 4]
      [GC Worker Start (ms): Min: 68340243.3, Avg: 68340243.3, Max: 68340243.4, Diff: 0.2]
      [Ext Root Scanning (ms): Min: 1.0, Avg: 1.0, Max: 1.1, Diff: 0.1, Sum: 4.1]
      [Update RS (ms): Min: 2.0, Avg: 2.3, Max: 2.9, Diff: 0.9, Sum: 9.4]
         [Processed Buffers: Min: 6, Avg: 10.0, Max: 15, Diff: 9, Sum: 40]
      [Scan RS (ms): Min: 2.5, Avg: 3.1, Max: 3.4, Diff: 0.9, Sum: 12.4]
      [Code Root Scanning (ms): Min: 0.0, Avg: 0.0, Max: 0.1, Diff: 0.1, Sum: 0.1]
      [Object Copy (ms): Min: 25.9, Avg: 26.1, Max: 26.1, Diff: 0.2, Sum: 104.2]
      [Termination (ms): Min: 0.0, Avg: 0.0, Max: 0.1, Diff: 0.0, Sum: 0.2]
         [Termination Attempts: Min: 1, Avg: 1.0, Max: 1, Diff: 0, Sum: 4]
      [GC Worker Other (ms): Min: 0.1, Avg: 0.1, Max: 0.1, Diff: 0.1, Sum: 0.3]
      [GC Worker Total (ms): Min: 32.6, Avg: 32.7, Max: 32.7, Diff: 0.1, Sum: 130.6]
      [GC Worker End (ms): Min: 68340276.0, Avg: 68340276.0, Max: 68340276.1, Diff: 0.1]
   [Code Root Fixup: 0.0 ms]
   [Code Root Purge: 0.0 ms]
   [Clear CT: 0.5 ms]
   [Other: 1.1 ms]
      [Choose CSet: 0.0 ms]
      [Ref Proc: 0.3 ms]
      [Ref Enq: 0.0 ms]
      [Redirty Cards: 0.3 ms]
      [Humongous Register: 0.1 ms]
      [Humongous Reclaim: 0.0 ms]
      [Free CSet: 0.1 ms]
   [Eden: 47104.0K(47104.0K)->0.0B(46080.0K) Survivors: 5120.0K->6144.0K Heap: 354.0M(1024.0M)->313.5M(1024.0M)]
 [Times: user=0.11 sys=0.02, real=0.03 secs] 
2021-03-17T10:21:22.770+0700: 68617.373: [GC pause (G1 Evacuation Pause) (young), 0.0389461 secs]
   [Parallel Time: 34.8 ms, GC Workers: 4]
      [GC Worker Start (ms): Min: 68617373.6, Avg: 68617373.7, Max: 68617373.8, Diff: 0.1]
      [Ext Root Scanning (ms): Min: 0.9, Avg: 1.0, Max: 1.1, Diff: 0.2, Sum: 4.1]
      [Update RS (ms): Min: 1.7, Avg: 2.1, Max: 2.8, Diff: 1.0, Sum: 8.4]
         [Processed Buffers: Min: 2, Avg: 10.2, Max: 24, Diff: 22, Sum: 41]
      [Scan RS (ms): Min: 3.1, Avg: 3.7, Max: 3.9, Diff: 0.8, Sum: 14.8]
      [Code Root Scanning (ms): Min: 0.0, Avg: 0.0, Max: 0.1, Diff: 0.1, Sum: 0.1]
      [Object Copy (ms): Min: 26.8, Avg: 27.0, Max: 27.5, Diff: 0.7, Sum: 108.1]
      [Termination (ms): Min: 0.0, Avg: 0.5, Max: 0.7, Diff: 0.7, Sum: 2.1]
         [Termination Attempts: Min: 1, Avg: 1.0, Max: 1, Diff: 0, Sum: 4]
      [GC Worker Other (ms): Min: 0.0, Avg: 0.1, Max: 0.1, Diff: 0.0, Sum: 0.2]
      [GC Worker Total (ms): Min: 34.4, Avg: 34.5, Max: 34.6, Diff: 0.2, Sum: 138.0]
      [GC Worker End (ms): Min: 68617408.2, Avg: 68617408.2, Max: 68617408.2, Diff: 0.1]
   [Code Root Fixup: 0.0 ms]
   [Code Root Purge: 0.0 ms]
   [Clear CT: 0.9 ms]
   [Other: 3.2 ms]
      [Choose CSet: 0.0 ms]
      [Ref Proc: 1.1 ms]
      [Ref Enq: 0.0 ms]
      [Redirty Cards: 1.1 ms]
      [Humongous Register: 0.1 ms]
      [Humongous Reclaim: 0.1 ms]
      [Free CSet: 0.2 ms]
   [Eden: 46080.0K(46080.0K)->0.0B(45056.0K) Survivors: 6144.0K->7168.0K Heap: 358.5M(1024.0M)->318.0M(1024.0M)]
 [Times: user=0.13 sys=0.01, real=0.04 secs] 
2021-03-17T10:25:50.479+0700: 68885.083: [GC pause (G1 Evacuation Pause) (young), 0.0376165 secs]
   [Parallel Time: 34.0 ms, GC Workers: 4]
      [GC Worker Start (ms): Min: 68885084.0, Avg: 68885084.1, Max: 68885084.2, Diff: 0.2]
      [Ext Root Scanning (ms): Min: 1.4, Avg: 1.5, Max: 1.7, Diff: 0.3, Sum: 6.0]
      [Update RS (ms): Min: 1.3, Avg: 1.5, Max: 1.6, Diff: 0.3, Sum: 5.9]
         [Processed Buffers: Min: 1, Avg: 9.8, Max: 21, Diff: 20, Sum: 39]
      [Scan RS (ms): Min: 3.3, Avg: 3.4, Max: 3.6, Diff: 0.3, Sum: 13.6]
      [Code Root Scanning (ms): Min: 0.0, Avg: 0.1, Max: 0.2, Diff: 0.2, Sum: 0.3]
      [Object Copy (ms): Min: 26.3, Avg: 26.5, Max: 26.7, Diff: 0.4, Sum: 106.2]
      [Termination (ms): Min: 0.0, Avg: 0.1, Max: 0.1, Diff: 0.1, Sum: 0.3]
         [Termination Attempts: Min: 1, Avg: 2.5, Max: 5, Diff: 4, Sum: 10]
      [GC Worker Other (ms): Min: 0.1, Avg: 0.1, Max: 0.1, Diff: 0.0, Sum: 0.2]
      [GC Worker Total (ms): Min: 33.0, Avg: 33.1, Max: 33.2, Diff: 0.2, Sum: 132.5]
      [GC Worker End (ms): Min: 68885117.2, Avg: 68885117.2, Max: 68885117.2, Diff: 0.0]
   [Code Root Fixup: 0.0 ms]
   [Code Root Purge: 0.0 ms]
   [Clear CT: 0.5 ms]
   [Other: 3.1 ms]
      [Choose CSet: 0.0 ms]
      [Ref Proc: 1.2 ms]
      [Ref Enq: 0.0 ms]
      [Redirty Cards: 0.4 ms]
      [Humongous Register: 0.7 ms]
      [Humongous Reclaim: 0.1 ms]
      [Free CSet: 0.1 ms]
   [Eden: 45056.0K(45056.0K)->0.0B(47104.0K) Survivors: 7168.0K->5120.0K Heap: 362.0M(1024.0M)->320.5M(1024.0M)]
 [Times: user=0.12 sys=0.00, real=0.04 secs] 
2021-03-17T10:30:29.072+0700: 69163.675: [GC pause (G1 Evacuation Pause) (young), 0.0367230 secs]
   [Parallel Time: 33.5 ms, GC Workers: 4]
      [GC Worker Start (ms): Min: 69163676.2, Avg: 69163676.6, Max: 69163677.9, Diff: 1.7]
      [Ext Root Scanning (ms): Min: 0.4, Avg: 1.6, Max: 2.0, Diff: 1.6, Sum: 6.4]
      [Update RS (ms): Min: 1.6, Avg: 1.9, Max: 2.1, Diff: 0.5, Sum: 7.7]
         [Processed Buffers: Min: 2, Avg: 10.5, Max: 19, Diff: 17, Sum: 42]
      [Scan RS (ms): Min: 3.4, Avg: 3.6, Max: 3.9, Diff: 0.6, Sum: 14.2]
      [Code Root Scanning (ms): Min: 0.0, Avg: 0.1, Max: 0.2, Diff: 0.1, Sum: 0.2]
      [Object Copy (ms): Min: 23.8, Avg: 24.4, Max: 25.0, Diff: 1.1, Sum: 97.4]
      [Termination (ms): Min: 0.0, Avg: 0.0, Max: 0.0, Diff: 0.0, Sum: 0.1]
         [Termination Attempts: Min: 1, Avg: 1.2, Max: 2, Diff: 1, Sum: 5]
      [GC Worker Other (ms): Min: 0.1, Avg: 0.1, Max: 0.1, Diff: 0.0, Sum: 0.3]
      [GC Worker Total (ms): Min: 30.3, Avg: 31.6, Max: 32.0, Diff: 1.7, Sum: 126.3]
      [GC Worker End (ms): Min: 69163708.2, Avg: 69163708.2, Max: 69163708.2, Diff: 0.0]
   [Code Root Fixup: 0.0 ms]
   [Code Root Purge: 0.0 ms]
   [Clear CT: 0.5 ms]
   [Other: 2.7 ms]
      [Choose CSet: 0.0 ms]
      [Ref Proc: 0.7 ms]
      [Ref Enq: 0.0 ms]
      [Redirty Cards: 0.6 ms]
      [Humongous Register: 0.7 ms]
      [Humongous Reclaim: 0.0 ms]
      [Free CSet: 0.1 ms]
   [Eden: 47104.0K(47104.0K)->0.0B(45056.0K) Survivors: 5120.0K->7168.0K Heap: 366.5M(1024.0M)->324.0M(1024.0M)]
 [Times: user=0.13 sys=0.00, real=0.04 secs] 
2021-03-17T10:34:57.517+0700: 69432.121: [GC pause (G1 Evacuation Pause) (young), 0.0432413 secs]
   [Parallel Time: 41.0 ms, GC Workers: 4]
      [GC Worker Start (ms): Min: 69432121.6, Avg: 69432121.7, Max: 69432121.7, Diff: 0.1]
      [Ext Root Scanning (ms): Min: 1.5, Avg: 1.6, Max: 1.7, Diff: 0.2, Sum: 6.2]
      [Update RS (ms): Min: 1.7, Avg: 2.3, Max: 3.0, Diff: 1.4, Sum: 9.1]
         [Processed Buffers: Min: 1, Avg: 10.5, Max: 25, Diff: 24, Sum: 42]
      [Scan RS (ms): Min: 2.6, Avg: 6.1, Max: 15.3, Diff: 12.6, Sum: 24.4]
      [Code Root Scanning (ms): Min: 0.0, Avg: 0.0, Max: 0.1, Diff: 0.1, Sum: 0.1]
      [Object Copy (ms): Min: 22.3, Avg: 30.8, Max: 33.8, Diff: 11.5, Sum: 123.2]
      [Termination (ms): Min: 0.0, Avg: 0.0, Max: 0.0, Diff: 0.0, Sum: 0.0]
         [Termination Attempts: Min: 1, Avg: 1.5, Max: 3, Diff: 2, Sum: 6]
      [GC Worker Other (ms): Min: 0.1, Avg: 0.1, Max: 0.1, Diff: 0.0, Sum: 0.2]
      [GC Worker Total (ms): Min: 40.8, Avg: 40.8, Max: 40.9, Diff: 0.1, Sum: 163.3]
      [GC Worker End (ms): Min: 69432162.5, Avg: 69432162.5, Max: 69432162.5, Diff: 0.0]
   [Code Root Fixup: 0.0 ms]
   [Code Root Purge: 0.0 ms]
   [Clear CT: 0.3 ms]
   [Other: 1.9 ms]
      [Choose CSet: 0.0 ms]
      [Ref Proc: 0.4 ms]
      [Ref Enq: 0.0 ms]
      [Redirty Cards: 0.2 ms]
      [Humongous Register: 0.7 ms]
      [Humongous Reclaim: 0.1 ms]
      [Free CSet: 0.1 ms]
   [Eden: 45056.0K(45056.0K)->0.0B(47104.0K) Survivors: 7168.0K->5120.0K Heap: 368.0M(1024.0M)->329.7M(1024.0M)]
 [Times: user=0.18 sys=0.00, real=0.04 secs] 
2021-03-17T10:39:37.381+0700: 69711.984: [GC pause (G1 Evacuation Pause) (young), 0.0427129 secs]
   [Parallel Time: 41.0 ms, GC Workers: 4]
      [GC Worker Start (ms): Min: 69711984.7, Avg: 69711985.5, Max: 69711987.5, Diff: 2.8]
      [Ext Root Scanning (ms): Min: 0.4, Avg: 1.9, Max: 3.1, Diff: 2.7, Sum: 7.5]
      [Update RS (ms): Min: 1.4, Avg: 2.2, Max: 3.9, Diff: 2.5, Sum: 8.8]
         [Processed Buffers: Min: 2, Avg: 10.5, Max: 19, Diff: 17, Sum: 42]
      [Scan RS (ms): Min: 2.9, Avg: 4.2, Max: 4.9, Diff: 2.0, Sum: 16.7]
      [Code Root Scanning (ms): Min: 0.0, Avg: 0.1, Max: 0.2, Diff: 0.2, Sum: 0.2]
      [Object Copy (ms): Min: 30.9, Avg: 31.3, Max: 31.5, Diff: 0.6, Sum: 125.3]
      [Termination (ms): Min: 0.0, Avg: 0.2, Max: 0.3, Diff: 0.3, Sum: 0.9]
         [Termination Attempts: Min: 1, Avg: 1.0, Max: 1, Diff: 0, Sum: 4]
      [GC Worker Other (ms): Min: 0.1, Avg: 0.1, Max: 0.2, Diff: 0.2, Sum: 0.4]
      [GC Worker Total (ms): Min: 37.9, Avg: 40.0, Max: 40.8, Diff: 2.9, Sum: 160.0]
      [GC Worker End (ms): Min: 69712025.4, Avg: 69712025.5, Max: 69712025.5, Diff: 0.1]
   [Code Root Fixup: 0.0 ms]
   [Code Root Purge: 0.0 ms]
   [Clear CT: 0.3 ms]
   [Other: 1.4 ms]
      [Choose CSet: 0.1 ms]
      [Ref Proc: 0.4 ms]
      [Ref Enq: 0.0 ms]
      [Redirty Cards: 0.2 ms]
      [Humongous Register: 0.1 ms]
      [Humongous Reclaim: 0.1 ms]
      [Free CSet: 0.1 ms]
   [Eden: 47104.0K(47104.0K)->0.0B(46080.0K) Survivors: 5120.0K->6144.0K Heap: 375.7M(1024.0M)->334.5M(1024.0M)]
 [Times: user=0.16 sys=0.01, real=0.04 secs] 
2021-03-17T10:43:44.275+0700: 69958.879: [GC pause (G1 Evacuation Pause) (young), 0.0457394 secs]
   [Parallel Time: 43.5 ms, GC Workers: 4]
      [GC Worker Start (ms): Min: 69958879.6, Avg: 69958880.0, Max: 69958881.0, Diff: 1.5]
      [Ext Root Scanning (ms): Min: 0.2, Avg: 1.2, Max: 1.5, Diff: 1.4, Sum: 4.6]
      [Update RS (ms): Min: 1.8, Avg: 2.0, Max: 2.1, Diff: 0.3, Sum: 7.9]
         [Processed Buffers: Min: 2, Avg: 9.8, Max: 24, Diff: 22, Sum: 39]
      [Scan RS (ms): Min: 4.4, Avg: 4.6, Max: 4.8, Diff: 0.4, Sum: 18.6]
      [Code Root Scanning (ms): Min: 0.0, Avg: 0.0, Max: 0.1, Diff: 0.1, Sum: 0.1]
      [Object Copy (ms): Min: 34.7, Avg: 34.8, Max: 34.9, Diff: 0.2, Sum: 139.3]
      [Termination (ms): Min: 0.0, Avg: 0.2, Max: 0.3, Diff: 0.3, Sum: 1.0]
         [Termination Attempts: Min: 1, Avg: 1.0, Max: 1, Diff: 0, Sum: 4]
      [GC Worker Other (ms): Min: 0.1, Avg: 0.1, Max: 0.1, Diff: 0.0, Sum: 0.2]
      [GC Worker Total (ms): Min: 41.8, Avg: 42.9, Max: 43.4, Diff: 1.6, Sum: 171.8]
      [GC Worker End (ms): Min: 69958922.9, Avg: 69958922.9, Max: 69958923.0, Diff: 0.1]
   [Code Root Fixup: 0.0 ms]
   [Code Root Purge: 0.0 ms]
   [Clear CT: 0.2 ms]
   [Other: 2.0 ms]
      [Choose CSet: 0.0 ms]
      [Ref Proc: 0.4 ms]
      [Ref Enq: 0.0 ms]
      [Redirty Cards: 0.2 ms]
      [Humongous Register: 0.6 ms]
      [Humongous Reclaim: 0.1 ms]
      [Free CSet: 0.1 ms]
   [Eden: 46080.0K(46080.0K)->0.0B(45056.0K) Survivors: 6144.0K->7168.0K Heap: 379.5M(1024.0M)->340.0M(1024.0M)]
 [Times: user=0.13 sys=0.00, real=0.05 secs] 
2021-03-17T10:48:13.862+0700: 70228.466: [GC pause (G1 Evacuation Pause) (young), 0.0320396 secs]
   [Parallel Time: 28.1 ms, GC Workers: 4]
      [GC Worker Start (ms): Min: 70228466.8, Avg: 70228466.9, Max: 70228467.0, Diff: 0.2]
      [Ext Root Scanning (ms): Min: 1.2, Avg: 1.3, Max: 1.5, Diff: 0.3, Sum: 5.4]
      [Update RS (ms): Min: 1.2, Avg: 1.3, Max: 1.5, Diff: 0.4, Sum: 5.4]
         [Processed Buffers: Min: 1, Avg: 10.2, Max: 20, Diff: 19, Sum: 41]
      [Scan RS (ms): Min: 4.9, Avg: 5.2, Max: 5.5, Diff: 0.6, Sum: 20.6]
      [Code Root Scanning (ms): Min: 0.0, Avg: 0.0, Max: 0.0, Diff: 0.0, Sum: 0.1]
      [Object Copy (ms): Min: 19.0, Avg: 19.1, Max: 19.3, Diff: 0.3, Sum: 76.4]
      [Termination (ms): Min: 0.0, Avg: 0.0, Max: 0.0, Diff: 0.0, Sum: 0.0]
         [Termination Attempts: Min: 1, Avg: 1.0, Max: 1, Diff: 0, Sum: 4]
      [GC Worker Other (ms): Min: 0.1, Avg: 0.4, Max: 0.6, Diff: 0.6, Sum: 1.5]
      [GC Worker Total (ms): Min: 27.0, Avg: 27.4, Max: 27.7, Diff: 0.6, Sum: 109.5]
      [GC Worker End (ms): Min: 70228494.0, Avg: 70228494.3, Max: 70228494.6, Diff: 0.6]
   [Code Root Fixup: 0.0 ms]
   [Code Root Purge: 0.0 ms]
   [Clear CT: 0.7 ms]
   [Other: 3.3 ms]
      [Choose CSet: 0.0 ms]
      [Ref Proc: 1.2 ms]
      [Ref Enq: 0.0 ms]
      [Redirty Cards: 0.6 ms]
      [Humongous Register: 0.6 ms]
      [Humongous Reclaim: 0.1 ms]
      [Free CSet: 0.2 ms]
   [Eden: 45056.0K(45056.0K)->0.0B(48128.0K) Survivors: 7168.0K->4096.0K Heap: 384.0M(1024.0M)->341.0M(1024.0M)]
 [Times: user=0.12 sys=0.00, real=0.03 secs] 
2021-03-17T10:53:00.590+0700: 70515.194: [GC pause (G1 Evacuation Pause) (young), 0.0330865 secs]
   [Parallel Time: 29.7 ms, GC Workers: 4]
      [GC Worker Start (ms): Min: 70515194.8, Avg: 70515195.1, Max: 70515195.7, Diff: 0.9]
      [Ext Root Scanning (ms): Min: 1.1, Avg: 2.8, Max: 6.4, Diff: 5.3, Sum: 11.4]
      [Update RS (ms): Min: 0.0, Avg: 2.9, Max: 4.2, Diff: 4.2, Sum: 11.7]
         [Processed Buffers: Min: 0, Avg: 10.5, Max: 21, Diff: 21, Sum: 42]
      [Scan RS (ms): Min: 0.0, Avg: 0.2, Max: 0.5, Diff: 0.5, Sum: 1.0]
      [Code Root Scanning (ms): Min: 0.0, Avg: 0.0, Max: 0.1, Diff: 0.1, Sum: 0.1]
      [Object Copy (ms): Min: 21.6, Avg: 21.7, Max: 21.8, Diff: 0.3, Sum: 86.7]
      [Termination (ms): Min: 0.0, Avg: 1.2, Max: 1.6, Diff: 1.6, Sum: 4.7]
         [Termination Attempts: Min: 1, Avg: 1.0, Max: 1, Diff: 0, Sum: 4]
      [GC Worker Other (ms): Min: 0.1, Avg: 0.1, Max: 0.1, Diff: 0.0, Sum: 0.2]
      [GC Worker Total (ms): Min: 28.1, Avg: 29.0, Max: 29.5, Diff: 1.4, Sum: 115.9]
      [GC Worker End (ms): Min: 70515223.1, Avg: 70515224.1, Max: 70515224.4, Diff: 1.3]
   [Code Root Fixup: 0.0 ms]
   [Code Root Purge: 0.0 ms]
   [Clear CT: 0.4 ms]
   [Other: 2.9 ms]
      [Choose CSet: 0.0 ms]
      [Ref Proc: 0.9 ms]
      [Ref Enq: 0.0 ms]
      [Redirty Cards: 0.4 ms]
      [Humongous Register: 0.8 ms]
      [Humongous Reclaim: 0.1 ms]
      [Free CSet: 0.1 ms]
   [Eden: 48128.0K(48128.0K)->0.0B(45056.0K) Survivors: 4096.0K->7168.0K Heap: 388.0M(1024.0M)->344.5M(1024.0M)]
 [Times: user=0.12 sys=0.00, real=0.03 secs] 
2021-03-17T10:57:31.486+0700: 70786.090: [GC pause (G1 Evacuation Pause) (young), 0.0439645 secs]
   [Parallel Time: 39.5 ms, GC Workers: 4]
      [GC Worker Start (ms): Min: 70786090.7, Avg: 70786090.8, Max: 70786090.9, Diff: 0.2]
      [Ext Root Scanning (ms): Min: 1.3, Avg: 1.5, Max: 1.7, Diff: 0.4, Sum: 6.0]
      [Update RS (ms): Min: 1.3, Avg: 1.7, Max: 2.0, Diff: 0.7, Sum: 6.6]
         [Processed Buffers: Min: 1, Avg: 9.8, Max: 18, Diff: 17, Sum: 39]
      [Scan RS (ms): Min: 0.3, Avg: 0.6, Max: 0.8, Diff: 0.6, Sum: 2.3]
      [Code Root Scanning (ms): Min: 0.0, Avg: 0.0, Max: 0.0, Diff: 0.0, Sum: 0.1]
      [Object Copy (ms): Min: 34.5, Avg: 34.7, Max: 34.9, Diff: 0.4, Sum: 138.9]
      [Termination (ms): Min: 0.0, Avg: 0.6, Max: 0.8, Diff: 0.8, Sum: 2.3]
         [Termination Attempts: Min: 1, Avg: 1.0, Max: 1, Diff: 0, Sum: 4]
      [GC Worker Other (ms): Min: 0.1, Avg: 0.1, Max: 0.1, Diff: 0.0, Sum: 0.2]
      [GC Worker Total (ms): Min: 38.7, Avg: 39.1, Max: 39.3, Diff: 0.6, Sum: 156.4]
      [GC Worker End (ms): Min: 70786129.6, Avg: 70786129.9, Max: 70786130.1, Diff: 0.5]
   [Code Root Fixup: 0.0 ms]
   [Code Root Purge: 0.0 ms]
   [Clear CT: 0.3 ms]
   [Other: 4.2 ms]
      [Choose CSet: 0.0 ms]
      [Ref Proc: 2.4 ms]
      [Ref Enq: 0.0 ms]
      [Redirty Cards: 0.5 ms]
      [Humongous Register: 0.6 ms]
      [Humongous Reclaim: 0.1 ms]
      [Free CSet: 0.1 ms]
   [Eden: 45056.0K(45056.0K)->0.0B(46080.0K) Survivors: 7168.0K->6144.0K Heap: 388.5M(1024.0M)->349.0M(1024.0M)]
 [Times: user=0.12 sys=0.01, real=0.05 secs] 
2021-03-17T12:08:58.131+0700: 75072.735: [GC pause (G1 Evacuation Pause) (young), 1.8294462 secs]
   [Parallel Time: 271.6 ms, GC Workers: 4]
      [GC Worker Start (ms): Min: 75072789.6, Avg: 75072889.6, Max: 75072970.4, Diff: 180.7]
      [Ext Root Scanning (ms): Min: 0.0, Avg: 0.7, Max: 2.7, Diff: 2.6, Sum: 2.8]
      [Update RS (ms): Min: 0.0, Avg: 2.0, Max: 7.8, Diff: 7.8, Sum: 7.8]
         [Processed Buffers: Min: 0, Avg: 10.8, Max: 43, Diff: 43, Sum: 43]
      [Scan RS (ms): Min: 0.0, Avg: 1.5, Max: 6.1, Diff: 6.1, Sum: 6.1]
      [Code Root Scanning (ms): Min: 0.0, Avg: 0.0, Max: 0.1, Diff: 0.1, Sum: 0.1]
      [Object Copy (ms): Min: 0.0, Avg: 50.6, Max: 114.8, Diff: 114.8, Sum: 202.4]
      [Termination (ms): Min: 0.0, Avg: 37.2, Max: 75.4, Diff: 75.4, Sum: 148.9]
         [Termination Attempts: Min: 1, Avg: 1.5, Max: 3, Diff: 2, Sum: 6]
      [GC Worker Other (ms): Min: 0.0, Avg: 0.0, Max: 0.1, Diff: 0.0, Sum: 0.2]
      [GC Worker Total (ms): Min: 0.1, Avg: 92.1, Max: 206.9, Diff: 206.8, Sum: 368.3]
      [GC Worker End (ms): Min: 75072970.4, Avg: 75072981.7, Max: 75072996.5, Diff: 26.1]
   [Code Root Fixup: 0.0 ms]
   [Code Root Purge: 0.0 ms]
   [Clear CT: 688.1 ms]
   [Other: 869.6 ms]
      [Choose CSet: 0.0 ms]
      [Ref Proc: 559.0 ms]
      [Ref Enq: 0.0 ms]
      [Redirty Cards: 309.9 ms]
      [Humongous Register: 0.3 ms]
      [Humongous Reclaim: 0.1 ms]
      [Free CSet: 0.1 ms]
   [Eden: 46080.0K(46080.0K)->0.0B(45056.0K) Survivors: 6144.0K->7168.0K Heap: 394.0M(1024.0M)->354.0M(1024.0M)]
 [Times: user=0.07 sys=0.00, real=1.83 secs] 
2021-03-17T12:09:09.279+0700: 75083.882: [GC pause (G1 Evacuation Pause) (young), 0.0289926 secs]
   [Parallel Time: 23.6 ms, GC Workers: 4]
      [GC Worker Start (ms): Min: 75083882.4, Avg: 75083885.1, Max: 75083891.5, Diff: 9.0]
      [Ext Root Scanning (ms): Min: 0.0, Avg: 0.5, Max: 1.2, Diff: 1.2, Sum: 1.9]
      [Update RS (ms): Min: 0.0, Avg: 2.0, Max: 4.5, Diff: 4.5, Sum: 8.2]
         [Processed Buffers: Min: 0, Avg: 11.0, Max: 22, Diff: 22, Sum: 44]
      [Scan RS (ms): Min: 0.0, Avg: 2.3, Max: 5.8, Diff: 5.8, Sum: 9.0]
      [Code Root Scanning (ms): Min: 0.0, Avg: 0.1, Max: 0.5, Diff: 0.5, Sum: 0.5]
      [Object Copy (ms): Min: 13.2, Avg: 15.2, Max: 17.2, Diff: 4.0, Sum: 60.8]
      [Termination (ms): Min: 0.0, Avg: 0.6, Max: 1.2, Diff: 1.2, Sum: 2.4]
         [Termination Attempts: Min: 1, Avg: 1.0, Max: 1, Diff: 0, Sum: 4]
      [GC Worker Other (ms): Min: 0.0, Avg: 0.0, Max: 0.0, Diff: 0.0, Sum: 0.1]
      [GC Worker Total (ms): Min: 14.4, Avg: 20.8, Max: 23.5, Diff: 9.0, Sum: 83.0]
      [GC Worker End (ms): Min: 75083905.9, Avg: 75083905.9, Max: 75083905.9, Diff: 0.0]
   [Code Root Fixup: 0.0 ms]
   [Code Root Purge: 0.0 ms]
   [Clear CT: 0.1 ms]
   [Other: 5.2 ms]
      [Choose CSet: 0.0 ms]
      [Ref Proc: 4.5 ms]
      [Ref Enq: 0.0 ms]
      [Redirty Cards: 0.2 ms]
      [Humongous Register: 0.1 ms]
      [Humongous Reclaim: 0.1 ms]
      [Free CSet: 0.1 ms]
   [Eden: 45056.0K(45056.0K)->0.0B(48128.0K) Survivors: 7168.0K->4096.0K Heap: 398.0M(1024.0M)->357.5M(1024.0M)]
 [Times: user=0.05 sys=0.00, real=0.03 secs] 
2021-03-17T12:12:55.028+0700: 75309.631: [GC pause (G1 Evacuation Pause) (young), 0.0302542 secs]
   [Parallel Time: 25.8 ms, GC Workers: 4]
      [GC Worker Start (ms): Min: 75309632.3, Avg: 75309632.4, Max: 75309632.5, Diff: 0.2]
      [Ext Root Scanning (ms): Min: 1.2, Avg: 1.3, Max: 1.3, Diff: 0.2, Sum: 5.0]
      [Update RS (ms): Min: 2.4, Avg: 2.5, Max: 2.5, Diff: 0.2, Sum: 9.9]
         [Processed Buffers: Min: 2, Avg: 10.2, Max: 16, Diff: 14, Sum: 41]
      [Scan RS (ms): Min: 3.2, Avg: 3.3, Max: 3.3, Diff: 0.1, Sum: 13.1]
      [Code Root Scanning (ms): Min: 0.0, Avg: 0.1, Max: 0.1, Diff: 0.1, Sum: 0.2]
      [Object Copy (ms): Min: 17.7, Avg: 17.8, Max: 17.9, Diff: 0.2, Sum: 71.0]
      [Termination (ms): Min: 0.0, Avg: 0.1, Max: 0.1, Diff: 0.1, Sum: 0.3]
         [Termination Attempts: Min: 1, Avg: 1.0, Max: 1, Diff: 0, Sum: 4]
      [GC Worker Other (ms): Min: 0.1, Avg: 0.1, Max: 0.1, Diff: 0.0, Sum: 0.3]
      [GC Worker Total (ms): Min: 24.9, Avg: 25.0, Max: 25.0, Diff: 0.2, Sum: 99.8]
      [GC Worker End (ms): Min: 75309657.3, Avg: 75309657.3, Max: 75309657.3, Diff: 0.0]
   [Code Root Fixup: 0.0 ms]
   [Code Root Purge: 0.0 ms]
   [Clear CT: 0.7 ms]
   [Other: 3.8 ms]
      [Choose CSet: 0.0 ms]
      [Ref Proc: 1.7 ms]
      [Ref Enq: 0.0 ms]
      [Redirty Cards: 0.4 ms]
      [Humongous Register: 0.6 ms]
      [Humongous Reclaim: 0.1 ms]
      [Free CSet: 0.3 ms]
   [Eden: 48128.0K(48128.0K)->0.0B(45056.0K) Survivors: 4096.0K->7168.0K Heap: 404.5M(1024.0M)->361.5M(1024.0M)]
 [Times: user=0.11 sys=0.00, real=0.03 secs] 
2021-03-17T12:17:19.071+0700: 75573.675: [GC pause (G1 Evacuation Pause) (young), 0.0318409 secs]
   [Parallel Time: 30.6 ms, GC Workers: 4]
      [GC Worker Start (ms): Min: 75573675.3, Avg: 75573675.4, Max: 75573675.6, Diff: 0.3]
      [Ext Root Scanning (ms): Min: 0.8, Avg: 1.0, Max: 1.2, Diff: 0.4, Sum: 4.1]
      [Update RS (ms): Min: 1.1, Avg: 1.2, Max: 1.4, Diff: 0.3, Sum: 4.9]
         [Processed Buffers: Min: 6, Avg: 10.0, Max: 14, Diff: 8, Sum: 40]
      [Scan RS (ms): Min: 3.9, Avg: 4.1, Max: 4.3, Diff: 0.4, Sum: 16.3]
      [Code Root Scanning (ms): Min: 0.0, Avg: 0.0, Max: 0.1, Diff: 0.1, Sum: 0.2]
      [Object Copy (ms): Min: 23.8, Avg: 23.9, Max: 24.0, Diff: 0.2, Sum: 95.5]
      [Termination (ms): Min: 0.0, Avg: 0.0, Max: 0.0, Diff: 0.0, Sum: 0.0]
         [Termination Attempts: Min: 1, Avg: 1.0, Max: 1, Diff: 0, Sum: 4]
      [GC Worker Other (ms): Min: 0.1, Avg: 0.1, Max: 0.1, Diff: 0.1, Sum: 0.3]
      [GC Worker Total (ms): Min: 30.1, Avg: 30.3, Max: 30.5, Diff: 0.3, Sum: 121.3]
      [GC Worker End (ms): Min: 75573705.8, Avg: 75573705.8, Max: 75573705.8, Diff: 0.0]
   [Code Root Fixup: 0.0 ms]
   [Code Root Purge: 0.0 ms]
   [Clear CT: 0.2 ms]
   [Other: 1.1 ms]
      [Choose CSet: 0.0 ms]
      [Ref Proc: 0.4 ms]
      [Ref Enq: 0.0 ms]
      [Redirty Cards: 0.1 ms]
      [Humongous Register: 0.1 ms]
      [Humongous Reclaim: 0.0 ms]
      [Free CSet: 0.1 ms]
   [Eden: 45056.0K(45056.0K)->0.0B(47104.0K) Survivors: 7168.0K->5120.0K Heap: 405.5M(1024.0M)->364.4M(1024.0M)]
 [Times: user=0.13 sys=0.00, real=0.03 secs] 
2021-03-17T12:21:58.202+0700: 75852.805: [GC pause (G1 Evacuation Pause) (young) (initial-mark), 0.0272478 secs]
   [Parallel Time: 25.6 ms, GC Workers: 4]
      [GC Worker Start (ms): Min: 75852805.9, Avg: 75852806.0, Max: 75852806.1, Diff: 0.2]
      [Ext Root Scanning (ms): Min: 1.3, Avg: 1.5, Max: 1.5, Diff: 0.3, Sum: 5.8]
      [Update RS (ms): Min: 2.2, Avg: 2.4, Max: 2.7, Diff: 0.5, Sum: 9.7]
         [Processed Buffers: Min: 2, Avg: 10.2, Max: 17, Diff: 15, Sum: 41]
      [Scan RS (ms): Min: 3.0, Avg: 3.2, Max: 3.4, Diff: 0.4, Sum: 12.9]
      [Code Root Scanning (ms): Min: 0.0, Avg: 0.0, Max: 0.1, Diff: 0.1, Sum: 0.2]
      [Object Copy (ms): Min: 17.8, Avg: 17.9, Max: 18.0, Diff: 0.2, Sum: 71.7]
      [Termination (ms): Min: 0.0, Avg: 0.1, Max: 0.2, Diff: 0.2, Sum: 0.5]
         [Termination Attempts: Min: 1, Avg: 1.8, Max: 3, Diff: 2, Sum: 7]
      [GC Worker Other (ms): Min: 0.0, Avg: 0.1, Max: 0.1, Diff: 0.0, Sum: 0.2]
      [GC Worker Total (ms): Min: 25.1, Avg: 25.2, Max: 25.3, Diff: 0.2, Sum: 100.9]
      [GC Worker End (ms): Min: 75852831.2, Avg: 75852831.2, Max: 75852831.3, Diff: 0.1]
   [Code Root Fixup: 0.0 ms]
   [Code Root Purge: 0.0 ms]
   [Clear CT: 0.2 ms]
   [Other: 1.4 ms]
      [Choose CSet: 0.0 ms]
      [Ref Proc: 0.4 ms]
      [Ref Enq: 0.0 ms]
      [Redirty Cards: 0.2 ms]
      [Humongous Register: 0.1 ms]
      [Humongous Reclaim: 0.0 ms]
      [Free CSet: 0.0 ms]
   [Eden: 47104.0K(47104.0K)->0.0B(45056.0K) Survivors: 5120.0K->7168.0K Heap: 410.4M(1024.0M)->368.5M(1024.0M)]
 [Times: user=0.13 sys=0.00, real=0.03 secs] 
2021-03-17T12:21:58.229+0700: 75852.833: [GC concurrent-root-region-scan-start]
2021-03-17T12:21:58.243+0700: 75852.846: [GC concurrent-root-region-scan-end, 0.0130261 secs]
2021-03-17T12:21:58.243+0700: 75852.846: [GC concurrent-mark-start]
2021-03-17T12:21:58.268+0700: 75852.872: [GC concurrent-mark-end, 0.0258311 secs]
2021-03-17T12:21:58.269+0700: 75852.872: [GC remark 2021-03-17T12:21:58.269+0700: 75852.872: [Finalize Marking, 0.0002390 secs] 2021-03-17T12:21:58.269+0700: 75852.873: [GC ref-proc, 0.0004566 secs] 2021-03-17T12:21:58.269+0700: 75852.873: [Unloading, 0.0068595 secs], 0.0094946 secs]
 [Times: user=0.06 sys=0.00, real=0.01 secs] 
2021-03-17T12:21:58.279+0700: 75852.882: [GC cleanup 368M->257M(1024M), 0.0018617 secs]
 [Times: user=0.00 sys=0.00, real=0.00 secs] 
2021-03-17T12:21:58.281+0700: 75852.884: [GC concurrent-cleanup-start]
2021-03-17T12:21:58.281+0700: 75852.885: [GC concurrent-cleanup-end, 0.0003896 secs]
2021-03-17T12:26:22.317+0700: 76116.921: [GC pause (G1 Evacuation Pause) (young), 0.0318813 secs]
   [Parallel Time: 30.6 ms, GC Workers: 4]
      [GC Worker Start (ms): Min: 76116921.5, Avg: 76116921.6, Max: 76116921.7, Diff: 0.2]
      [Ext Root Scanning (ms): Min: 1.0, Avg: 1.1, Max: 1.2, Diff: 0.2, Sum: 4.3]
      [Update RS (ms): Min: 1.4, Avg: 1.6, Max: 2.0, Diff: 0.6, Sum: 6.3]
         [Processed Buffers: Min: 5, Avg: 11.2, Max: 18, Diff: 13, Sum: 45]
      [Scan RS (ms): Min: 2.5, Avg: 2.7, Max: 2.7, Diff: 0.3, Sum: 10.6]
      [Code Root Scanning (ms): Min: 0.0, Avg: 0.0, Max: 0.0, Diff: 0.0, Sum: 0.1]
      [Object Copy (ms): Min: 24.7, Avg: 24.9, Max: 25.0, Diff: 0.3, Sum: 99.5]
      [Termination (ms): Min: 0.0, Avg: 0.0, Max: 0.0, Diff: 0.0, Sum: 0.0]
         [Termination Attempts: Min: 1, Avg: 1.0, Max: 1, Diff: 0, Sum: 4]
      [GC Worker Other (ms): Min: 0.1, Avg: 0.1, Max: 0.1, Diff: 0.1, Sum: 0.3]
      [GC Worker Total (ms): Min: 30.2, Avg: 30.3, Max: 30.4, Diff: 0.2, Sum: 121.3]
      [GC Worker End (ms): Min: 76116951.9, Avg: 76116951.9, Max: 76116951.9, Diff: 0.0]
   [Code Root Fixup: 0.0 ms]
   [Code Root Purge: 0.0 ms]
   [Clear CT: 0.2 ms]
   [Other: 1.0 ms]
      [Choose CSet: 0.0 ms]
      [Ref Proc: 0.2 ms]
      [Ref Enq: 0.0 ms]
      [Redirty Cards: 0.1 ms]
      [Humongous Register: 0.1 ms]
      [Humongous Reclaim: 0.0 ms]
      [Free CSet: 0.1 ms]
   [Eden: 45056.0K(45056.0K)->0.0B(46080.0K) Survivors: 7168.0K->6144.0K Heap: 301.5M(1024.0M)->262.7M(1024.0M)]
 [Times: user=0.11 sys=0.02, real=0.03 secs] 
2021-03-17T12:30:52.356+0700: 76386.960: [GC pause (G1 Evacuation Pause) (mixed), 0.0272744 secs]
   [Parallel Time: 25.3 ms, GC Workers: 4]
      [GC Worker Start (ms): Min: 76386959.9, Avg: 76386960.0, Max: 76386960.0, Diff: 0.2]
      [Ext Root Scanning (ms): Min: 1.0, Avg: 1.1, Max: 1.2, Diff: 0.2, Sum: 4.4]
      [Update RS (ms): Min: 2.0, Avg: 2.2, Max: 2.5, Diff: 0.6, Sum: 8.7]
         [Processed Buffers: Min: 2, Avg: 10.5, Max: 26, Diff: 24, Sum: 42]
      [Scan RS (ms): Min: 3.3, Avg: 3.6, Max: 3.8, Diff: 0.5, Sum: 14.5]
      [Code Root Scanning (ms): Min: 0.0, Avg: 0.0, Max: 0.1, Diff: 0.1, Sum: 0.2]
      [Object Copy (ms): Min: 17.9, Avg: 18.0, Max: 18.2, Diff: 0.3, Sum: 72.2]
      [Termination (ms): Min: 0.0, Avg: 0.0, Max: 0.0, Diff: 0.0, Sum: 0.0]
         [Termination Attempts: Min: 1, Avg: 1.5, Max: 2, Diff: 1, Sum: 6]
      [GC Worker Other (ms): Min: 0.0, Avg: 0.1, Max: 0.1, Diff: 0.0, Sum: 0.2]
      [GC Worker Total (ms): Min: 25.0, Avg: 25.1, Max: 25.1, Diff: 0.2, Sum: 100.3]
      [GC Worker End (ms): Min: 76386985.0, Avg: 76386985.0, Max: 76386985.0, Diff: 0.0]
   [Code Root Fixup: 0.0 ms]
   [Code Root Purge: 0.0 ms]
   [Clear CT: 0.4 ms]
   [Other: 1.6 ms]
      [Choose CSet: 0.0 ms]
      [Ref Proc: 0.5 ms]
      [Ref Enq: 0.0 ms]
      [Redirty Cards: 0.3 ms]
      [Humongous Register: 0.1 ms]
      [Humongous Reclaim: 0.1 ms]
      [Free CSet: 0.2 ms]
   [Eden: 46080.0K(46080.0K)->0.0B(46080.0K) Survivors: 6144.0K->6144.0K Heap: 307.7M(1024.0M)->251.0M(1024.0M)]
 [Times: user=0.06 sys=0.01, real=0.03 secs] 
2021-03-17T12:35:24.060+0700: 76658.664: [GC pause (G1 Evacuation Pause) (mixed), 0.0283337 secs]
   [Parallel Time: 26.9 ms, GC Workers: 4]
      [GC Worker Start (ms): Min: 76658664.0, Avg: 76658664.1, Max: 76658664.1, Diff: 0.1]
      [Ext Root Scanning (ms): Min: 1.1, Avg: 1.1, Max: 1.2, Diff: 0.1, Sum: 4.4]
      [Update RS (ms): Min: 1.9, Avg: 2.1, Max: 2.3, Diff: 0.4, Sum: 8.2]
         [Processed Buffers: Min: 2, Avg: 10.0, Max: 24, Diff: 22, Sum: 40]
      [Scan RS (ms): Min: 3.2, Avg: 3.4, Max: 3.6, Diff: 0.4, Sum: 13.7]
      [Code Root Scanning (ms): Min: 0.0, Avg: 0.1, Max: 0.1, Diff: 0.1, Sum: 0.2]
      [Object Copy (ms): Min: 20.0, Avg: 20.0, Max: 20.1, Diff: 0.2, Sum: 80.1]
      [Termination (ms): Min: 0.0, Avg: 0.0, Max: 0.0, Diff: 0.0, Sum: 0.0]
         [Termination Attempts: Min: 1, Avg: 1.0, Max: 1, Diff: 0, Sum: 4]
      [GC Worker Other (ms): Min: 0.0, Avg: 0.1, Max: 0.1, Diff: 0.0, Sum: 0.2]
      [GC Worker Total (ms): Min: 26.7, Avg: 26.7, Max: 26.8, Diff: 0.1, Sum: 107.0]
      [GC Worker End (ms): Min: 76658690.8, Avg: 76658690.8, Max: 76658690.8, Diff: 0.0]
   [Code Root Fixup: 0.0 ms]
   [Code Root Purge: 0.0 ms]
   [Clear CT: 0.2 ms]
   [Other: 1.2 ms]
      [Choose CSet: 0.0 ms]
      [Ref Proc: 0.4 ms]
      [Ref Enq: 0.0 ms]
      [Redirty Cards: 0.2 ms]
      [Humongous Register: 0.1 ms]
      [Humongous Reclaim: 0.0 ms]
      [Free CSet: 0.1 ms]
   [Eden: 46080.0K(46080.0K)->0.0B(46080.0K) Survivors: 6144.0K->6144.0K Heap: 296.0M(1024.0M)->238.5M(1024.0M)]
 [Times: user=0.11 sys=0.02, real=0.03 secs] 
2021-03-17T12:39:55.311+0700: 76929.915: [GC pause (G1 Evacuation Pause) (mixed), 0.0323230 secs]
   [Parallel Time: 31.1 ms, GC Workers: 4]
      [GC Worker Start (ms): Min: 76929915.2, Avg: 76929915.3, Max: 76929915.4, Diff: 0.1]
      [Ext Root Scanning (ms): Min: 1.0, Avg: 1.1, Max: 1.2, Diff: 0.2, Sum: 4.2]
      [Update RS (ms): Min: 1.6, Avg: 1.9, Max: 2.3, Diff: 0.7, Sum: 7.7]
         [Processed Buffers: Min: 2, Avg: 9.8, Max: 21, Diff: 19, Sum: 39]
      [Scan RS (ms): Min: 3.0, Avg: 3.4, Max: 3.6, Diff: 0.6, Sum: 13.5]
      [Code Root Scanning (ms): Min: 0.0, Avg: 0.1, Max: 0.4, Diff: 0.4, Sum: 0.5]
      [Object Copy (ms): Min: 23.9, Avg: 24.2, Max: 24.4, Diff: 0.5, Sum: 96.9]
      [Termination (ms): Min: 0.0, Avg: 0.0, Max: 0.0, Diff: 0.0, Sum: 0.0]
         [Termination Attempts: Min: 1, Avg: 2.0, Max: 5, Diff: 4, Sum: 8]
      [GC Worker Other (ms): Min: 0.0, Avg: 0.1, Max: 0.2, Diff: 0.1, Sum: 0.4]
      [GC Worker Total (ms): Min: 30.8, Avg: 30.8, Max: 30.8, Diff: 0.1, Sum: 123.3]
      [GC Worker End (ms): Min: 76929946.1, Avg: 76929946.1, Max: 76929946.2, Diff: 0.1]
   [Code Root Fixup: 0.0 ms]
   [Code Root Purge: 0.0 ms]
   [Clear CT: 0.2 ms]
   [Other: 1.0 ms]
      [Choose CSet: 0.1 ms]
      [Ref Proc: 0.2 ms]
      [Ref Enq: 0.0 ms]
      [Redirty Cards: 0.2 ms]
      [Humongous Register: 0.1 ms]
      [Humongous Reclaim: 0.0 ms]
      [Free CSet: 0.1 ms]
   [Eden: 46080.0K(46080.0K)->0.0B(46080.0K) Survivors: 6144.0K->6144.0K Heap: 283.5M(1024.0M)->226.5M(1024.0M)]
 [Times: user=0.13 sys=0.00, real=0.03 secs] 
2021-03-17T12:44:28.113+0700: 77202.716: [GC pause (G1 Evacuation Pause) (mixed), 0.0291913 secs]
   [Parallel Time: 27.4 ms, GC Workers: 4]
      [GC Worker Start (ms): Min: 77202716.7, Avg: 77202716.7, Max: 77202716.8, Diff: 0.2]
      [Ext Root Scanning (ms): Min: 1.1, Avg: 1.1, Max: 1.2, Diff: 0.1, Sum: 4.6]
      [Update RS (ms): Min: 1.5, Avg: 1.9, Max: 2.2, Diff: 0.7, Sum: 7.8]
         [Processed Buffers: Min: 2, Avg: 10.0, Max: 16, Diff: 14, Sum: 40]
      [Scan RS (ms): Min: 3.2, Avg: 3.7, Max: 4.0, Diff: 0.8, Sum: 14.9]
      [Code Root Scanning (ms): Min: 0.1, Avg: 0.1, Max: 0.3, Diff: 0.3, Sum: 0.5]
      [Object Copy (ms): Min: 19.9, Avg: 20.0, Max: 20.3, Diff: 0.4, Sum: 80.0]
      [Termination (ms): Min: 0.0, Avg: 0.0, Max: 0.0, Diff: 0.0, Sum: 0.0]
         [Termination Attempts: Min: 1, Avg: 1.0, Max: 1, Diff: 0, Sum: 4]
      [GC Worker Other (ms): Min: 0.1, Avg: 0.2, Max: 0.3, Diff: 0.2, Sum: 0.7]
      [GC Worker Total (ms): Min: 27.0, Avg: 27.1, Max: 27.2, Diff: 0.2, Sum: 108.4]
      [GC Worker End (ms): Min: 77202743.7, Avg: 77202743.8, Max: 77202744.0, Diff: 0.2]
   [Code Root Fixup: 0.0 ms]
   [Code Root Purge: 0.0 ms]
   [Clear CT: 0.5 ms]
   [Other: 1.3 ms]
      [Choose CSet: 0.0 ms]
      [Ref Proc: 0.4 ms]
      [Ref Enq: 0.0 ms]
      [Redirty Cards: 0.2 ms]
      [Humongous Register: 0.1 ms]
      [Humongous Reclaim: 0.0 ms]
      [Free CSet: 0.1 ms]
   [Eden: 46080.0K(46080.0K)->0.0B(46080.0K) Survivors: 6144.0K->6144.0K Heap: 271.5M(1024.0M)->216.0M(1024.0M)]
 [Times: user=0.12 sys=0.00, real=0.03 secs] 
2021-03-17T12:49:00.648+0700: 77475.251: [GC pause (G1 Evacuation Pause) (young), 0.0230149 secs]
   [Parallel Time: 21.0 ms, GC Workers: 4]
      [GC Worker Start (ms): Min: 77475251.3, Avg: 77475253.3, Max: 77475257.3, Diff: 6.0]
      [Ext Root Scanning (ms): Min: 0.0, Avg: 0.5, Max: 1.1, Diff: 1.0, Sum: 2.2]
      [Update RS (ms): Min: 0.0, Avg: 1.8, Max: 4.5, Diff: 4.5, Sum: 7.2]
         [Processed Buffers: Min: 0, Avg: 10.5, Max: 25, Diff: 25, Sum: 42]
      [Scan RS (ms): Min: 0.0, Avg: 1.2, Max: 2.3, Diff: 2.3, Sum: 4.6]
      [Code Root Scanning (ms): Min: 0.0, Avg: 0.0, Max: 0.0, Diff: 0.0, Sum: 0.1]
      [Object Copy (ms): Min: 14.0, Avg: 14.7, Max: 15.2, Diff: 1.2, Sum: 58.6]
      [Termination (ms): Min: 0.0, Avg: 0.6, Max: 0.8, Diff: 0.8, Sum: 2.3]
         [Termination Attempts: Min: 1, Avg: 3.8, Max: 5, Diff: 4, Sum: 15]
      [GC Worker Other (ms): Min: 0.0, Avg: 0.0, Max: 0.1, Diff: 0.0, Sum: 0.1]
      [GC Worker Total (ms): Min: 14.9, Avg: 18.8, Max: 20.9, Diff: 6.0, Sum: 75.1]
      [GC Worker End (ms): Min: 77475271.6, Avg: 77475272.0, Max: 77475272.2, Diff: 0.5]
   [Code Root Fixup: 0.0 ms]
   [Code Root Purge: 0.0 ms]
   [Clear CT: 0.1 ms]
   [Other: 1.9 ms]
      [Choose CSet: 0.0 ms]
      [Ref Proc: 1.2 ms]
      [Ref Enq: 0.0 ms]
      [Redirty Cards: 0.1 ms]
      [Humongous Register: 0.1 ms]
      [Humongous Reclaim: 0.1 ms]
      [Free CSet: 0.1 ms]
   [Eden: 46080.0K(46080.0K)->0.0B(47104.0K) Survivors: 6144.0K->5120.0K Heap: 261.0M(1024.0M)->219.5M(1024.0M)]
 [Times: user=0.08 sys=0.00, real=0.02 secs] 
2021-03-17T12:53:38.066+0700: 77752.670: [GC pause (G1 Evacuation Pause) (young), 0.0302486 secs]
   [Parallel Time: 28.1 ms, GC Workers: 4]
      [GC Worker Start (ms): Min: 77752670.5, Avg: 77752670.6, Max: 77752670.7, Diff: 0.2]
      [Ext Root Scanning (ms): Min: 0.9, Avg: 1.4, Max: 1.6, Diff: 0.7, Sum: 5.5]
      [Update RS (ms): Min: 1.9, Avg: 2.1, Max: 2.3, Diff: 0.4, Sum: 8.6]
         [Processed Buffers: Min: 3, Avg: 10.5, Max: 20, Diff: 17, Sum: 42]
      [Scan RS (ms): Min: 4.0, Avg: 4.3, Max: 4.8, Diff: 0.9, Sum: 17.1]
      [Code Root Scanning (ms): Min: 0.0, Avg: 0.0, Max: 0.1, Diff: 0.0, Sum: 0.1]
      [Object Copy (ms): Min: 19.6, Avg: 19.7, Max: 19.9, Diff: 0.3, Sum: 78.7]
      [Termination (ms): Min: 0.0, Avg: 0.0, Max: 0.0, Diff: 0.0, Sum: 0.0]
         [Termination Attempts: Min: 1, Avg: 1.0, Max: 1, Diff: 0, Sum: 4]
      [GC Worker Other (ms): Min: 0.1, Avg: 0.1, Max: 0.1, Diff: 0.0, Sum: 0.2]
      [GC Worker Total (ms): Min: 27.5, Avg: 27.6, Max: 27.7, Diff: 0.2, Sum: 110.3]
      [GC Worker End (ms): Min: 77752698.2, Avg: 77752698.2, Max: 77752698.2, Diff: 0.0]
   [Code Root Fixup: 0.0 ms]
   [Code Root Purge: 0.0 ms]
   [Clear CT: 0.4 ms]
   [Other: 1.7 ms]
      [Choose CSet: 0.0 ms]
      [Ref Proc: 0.2 ms]
      [Ref Enq: 0.0 ms]
      [Redirty Cards: 0.4 ms]
      [Humongous Register: 0.6 ms]
      [Humongous Reclaim: 0.0 ms]
      [Free CSet: 0.0 ms]
   [Eden: 47104.0K(47104.0K)->0.0B(47104.0K) Survivors: 5120.0K->5120.0K Heap: 265.5M(1024.0M)->223.5M(1024.0M)]
 [Times: user=0.12 sys=0.00, real=0.03 secs] 
2021-03-17T12:58:17.718+0700: 78032.321: [GC pause (G1 Evacuation Pause) (young), 0.0140485 secs]
   [Parallel Time: 13.0 ms, GC Workers: 4]
      [GC Worker Start (ms): Min: 78032321.3, Avg: 78032321.3, Max: 78032321.3, Diff: 0.1]
      [Ext Root Scanning (ms): Min: 0.4, Avg: 0.5, Max: 0.6, Diff: 0.1, Sum: 2.0]
      [Update RS (ms): Min: 0.6, Avg: 0.7, Max: 0.8, Diff: 0.1, Sum: 2.8]
         [Processed Buffers: Min: 3, Avg: 10.5, Max: 18, Diff: 15, Sum: 42]
      [Scan RS (ms): Min: 0.9, Avg: 1.0, Max: 1.2, Diff: 0.3, Sum: 4.1]
      [Code Root Scanning (ms): Min: 0.0, Avg: 0.0, Max: 0.0, Diff: 0.0, Sum: 0.1]
      [Object Copy (ms): Min: 10.3, Avg: 10.5, Max: 10.6, Diff: 0.3, Sum: 41.9]
      [Termination (ms): Min: 0.0, Avg: 0.0, Max: 0.0, Diff: 0.0, Sum: 0.0]
         [Termination Attempts: Min: 1, Avg: 1.0, Max: 1, Diff: 0, Sum: 4]
      [GC Worker Other (ms): Min: 0.0, Avg: 0.1, Max: 0.2, Diff: 0.2, Sum: 0.4]
      [GC Worker Total (ms): Min: 12.7, Avg: 12.8, Max: 12.9, Diff: 0.2, Sum: 51.2]
      [GC Worker End (ms): Min: 78032334.0, Avg: 78032334.1, Max: 78032334.2, Diff: 0.1]
   [Code Root Fixup: 0.0 ms]
   [Code Root Purge: 0.0 ms]
   [Clear CT: 0.2 ms]
   [Other: 0.9 ms]
      [Choose CSet: 0.0 ms]
      [Ref Proc: 0.3 ms]
      [Ref Enq: 0.0 ms]
      [Redirty Cards: 0.2 ms]
      [Humongous Register: 0.0 ms]
      [Humongous Reclaim: 0.0 ms]
      [Free CSet: 0.0 ms]
   [Eden: 47104.0K(47104.0K)->0.0B(46080.0K) Survivors: 5120.0K->6144.0K Heap: 269.5M(1024.0M)->228.0M(1024.0M)]
 [Times: user=0.06 sys=0.00, real=0.01 secs] 
2021-03-17T13:02:53.348+0700: 78307.952: [GC pause (G1 Evacuation Pause) (young), 0.0166103 secs]
   [Parallel Time: 15.0 ms, GC Workers: 4]
      [GC Worker Start (ms): Min: 78307952.2, Avg: 78307952.3, Max: 78307952.3, Diff: 0.1]
      [Ext Root Scanning (ms): Min: 0.6, Avg: 0.7, Max: 0.8, Diff: 0.1, Sum: 2.8]
      [Update RS (ms): Min: 0.9, Avg: 1.0, Max: 1.0, Diff: 0.1, Sum: 3.9]
         [Processed Buffers: Min: 7, Avg: 10.5, Max: 14, Diff: 7, Sum: 42]
      [Scan RS (ms): Min: 1.2, Avg: 1.2, Max: 1.2, Diff: 0.0, Sum: 4.8]
      [Code Root Scanning (ms): Min: 0.0, Avg: 0.0, Max: 0.0, Diff: 0.0, Sum: 0.1]
      [Object Copy (ms): Min: 10.9, Avg: 11.0, Max: 11.1, Diff: 0.2, Sum: 44.0]
      [Termination (ms): Min: 0.0, Avg: 0.8, Max: 1.0, Diff: 1.0, Sum: 3.1]
         [Termination Attempts: Min: 1, Avg: 1.0, Max: 1, Diff: 0, Sum: 4]
      [GC Worker Other (ms): Min: 0.0, Avg: 0.0, Max: 0.0, Diff: 0.0, Sum: 0.1]
      [GC Worker Total (ms): Min: 14.0, Avg: 14.7, Max: 15.0, Diff: 1.0, Sum: 58.8]
      [GC Worker End (ms): Min: 78307966.3, Avg: 78307967.0, Max: 78307967.2, Diff: 0.9]
   [Code Root Fixup: 0.0 ms]
   [Code Root Purge: 0.0 ms]
   [Clear CT: 0.1 ms]
   [Other: 1.4 ms]
      [Choose CSet: 0.0 ms]
      [Ref Proc: 0.5 ms]
      [Ref Enq: 0.0 ms]
      [Redirty Cards: 0.1 ms]
      [Humongous Register: 0.3 ms]
      [Humongous Reclaim: 0.0 ms]
      [Free CSet: 0.1 ms]
   [Eden: 46080.0K(46080.0K)->0.0B(46080.0K) Survivors: 6144.0K->6144.0K Heap: 273.0M(1024.0M)->233.0M(1024.0M)]
 [Times: user=0.07 sys=0.00, real=0.01 secs] 
2021-03-17T13:07:26.740+0700: 78581.343: [GC pause (G1 Evacuation Pause) (young), 0.0434551 secs]
   [Parallel Time: 40.8 ms, GC Workers: 4]
      [GC Worker Start (ms): Min: 78581345.1, Avg: 78581345.2, Max: 78581345.4, Diff: 0.3]
      [Ext Root Scanning (ms): Min: 1.7, Avg: 1.9, Max: 2.1, Diff: 0.4, Sum: 7.6]
      [Update RS (ms): Min: 5.0, Avg: 5.3, Max: 5.9, Diff: 0.9, Sum: 21.2]
         [Processed Buffers: Min: 1, Avg: 10.8, Max: 23, Diff: 22, Sum: 43]
      [Scan RS (ms): Min: 2.5, Avg: 3.0, Max: 3.2, Diff: 0.8, Sum: 11.9]
      [Code Root Scanning (ms): Min: 0.0, Avg: 0.0, Max: 0.1, Diff: 0.1, Sum: 0.1]
      [Object Copy (ms): Min: 29.9, Avg: 30.1, Max: 30.2, Diff: 0.3, Sum: 120.2]
      [Termination (ms): Min: 0.0, Avg: 0.1, Max: 0.1, Diff: 0.1, Sum: 0.4]
         [Termination Attempts: Min: 1, Avg: 1.0, Max: 1, Diff: 0, Sum: 4]
      [GC Worker Other (ms): Min: 0.1, Avg: 0.1, Max: 0.1, Diff: 0.0, Sum: 0.2]
      [GC Worker Total (ms): Min: 40.2, Avg: 40.4, Max: 40.6, Diff: 0.3, Sum: 161.8]
      [GC Worker End (ms): Min: 78581385.7, Avg: 78581385.7, Max: 78581385.7, Diff: 0.0]
   [Code Root Fixup: 0.0 ms]
   [Code Root Purge: 0.0 ms]
   [Clear CT: 0.1 ms]
   [Other: 2.5 ms]
      [Choose CSet: 0.0 ms]
      [Ref Proc: 0.5 ms]
      [Ref Enq: 0.0 ms]
      [Redirty Cards: 0.2 ms]
      [Humongous Register: 1.1 ms]
      [Humongous Reclaim: 0.0 ms]
      [Free CSet: 0.1 ms]
   [Eden: 46080.0K(46080.0K)->0.0B(46080.0K) Survivors: 6144.0K->6144.0K Heap: 278.0M(1024.0M)->236.5M(1024.0M)]
 [Times: user=0.15 sys=0.00, real=0.04 secs] 
2021-03-17T13:11:28.258+0700: 78822.862: [GC pause (G1 Evacuation Pause) (young), 0.0319358 secs]
   [Parallel Time: 30.4 ms, GC Workers: 4]
      [GC Worker Start (ms): Min: 78822862.4, Avg: 78822862.5, Max: 78822862.7, Diff: 0.4]
      [Ext Root Scanning (ms): Min: 1.8, Avg: 2.1, Max: 2.2, Diff: 0.4, Sum: 8.4]
      [Update RS (ms): Min: 2.8, Avg: 3.3, Max: 3.7, Diff: 0.9, Sum: 13.1]
         [Processed Buffers: Min: 4, Avg: 12.0, Max: 27, Diff: 23, Sum: 48]
      [Scan RS (ms): Min: 3.8, Avg: 4.4, Max: 5.3, Diff: 1.5, Sum: 17.5]
      [Code Root Scanning (ms): Min: 0.0, Avg: 0.1, Max: 0.1, Diff: 0.1, Sum: 0.2]
      [Object Copy (ms): Min: 19.6, Avg: 20.1, Max: 20.4, Diff: 0.8, Sum: 80.4]
      [Termination (ms): Min: 0.0, Avg: 0.0, Max: 0.0, Diff: 0.0, Sum: 0.0]
         [Termination Attempts: Min: 1, Avg: 1.0, Max: 1, Diff: 0, Sum: 4]
      [GC Worker Other (ms): Min: 0.0, Avg: 0.1, Max: 0.1, Diff: 0.0, Sum: 0.2]
      [GC Worker Total (ms): Min: 29.7, Avg: 30.0, Max: 30.1, Diff: 0.4, Sum: 119.9]
      [GC Worker End (ms): Min: 78822892.5, Avg: 78822892.5, Max: 78822892.5, Diff: 0.0]
   [Code Root Fixup: 0.0 ms]
   [Code Root Purge: 0.0 ms]
   [Clear CT: 0.1 ms]
   [Other: 1.4 ms]
      [Choose CSet: 0.0 ms]
      [Ref Proc: 0.3 ms]
      [Ref Enq: 0.0 ms]
      [Redirty Cards: 0.1 ms]
      [Humongous Register: 0.2 ms]
      [Humongous Reclaim: 0.0 ms]
      [Free CSet: 0.1 ms]
   [Eden: 46080.0K(46080.0K)->0.0B(45056.0K) Survivors: 6144.0K->7168.0K Heap: 281.5M(1024.0M)->242.5M(1024.0M)]
 [Times: user=0.08 sys=0.02, real=0.03 secs] 
2021-03-17T13:15:39.182+0700: 79073.786: [GC pause (G1 Evacuation Pause) (young), 0.0277709 secs]
   [Parallel Time: 25.3 ms, GC Workers: 4]
      [GC Worker Start (ms): Min: 79073786.8, Avg: 79073787.1, Max: 79073787.6, Diff: 0.7]
      [Ext Root Scanning (ms): Min: 0.9, Avg: 4.4, Max: 14.0, Diff: 13.2, Sum: 17.7]
      [Update RS (ms): Min: 0.0, Avg: 1.6, Max: 2.3, Diff: 2.3, Sum: 6.4]
         [Processed Buffers: Min: 0, Avg: 11.2, Max: 17, Diff: 17, Sum: 45]
      [Scan RS (ms): Min: 0.0, Avg: 6.0, Max: 8.1, Diff: 8.0, Sum: 24.0]
      [Code Root Scanning (ms): Min: 0.0, Avg: 0.1, Max: 0.2, Diff: 0.2, Sum: 0.3]
      [Object Copy (ms): Min: 10.8, Avg: 12.7, Max: 13.6, Diff: 2.8, Sum: 50.9]
      [Termination (ms): Min: 0.0, Avg: 0.0, Max: 0.0, Diff: 0.0, Sum: 0.0]
         [Termination Attempts: Min: 1, Avg: 1.0, Max: 1, Diff: 0, Sum: 4]
      [GC Worker Other (ms): Min: 0.0, Avg: 0.1, Max: 0.1, Diff: 0.1, Sum: 0.3]
      [GC Worker Total (ms): Min: 24.5, Avg: 24.9, Max: 25.2, Diff: 0.7, Sum: 99.7]
      [GC Worker End (ms): Min: 79073812.0, Avg: 79073812.0, Max: 79073812.0, Diff: 0.0]
   [Code Root Fixup: 0.0 ms]
   [Code Root Purge: 0.0 ms]
   [Clear CT: 0.5 ms]
   [Other: 2.0 ms]
      [Choose CSet: 0.1 ms]
      [Ref Proc: 0.3 ms]
      [Ref Enq: 0.0 ms]
      [Redirty Cards: 0.3 ms]
      [Humongous Register: 0.7 ms]
      [Humongous Reclaim: 0.1 ms]
      [Free CSet: 0.1 ms]
   [Eden: 45056.0K(45056.0K)->0.0B(47104.0K) Survivors: 7168.0K->5120.0K Heap: 286.5M(1024.0M)->244.0M(1024.0M)]
 [Times: user=0.04 sys=0.00, real=0.03 secs] 
2021-03-17T13:20:17.705+0700: 79352.308: [GC pause (G1 Evacuation Pause) (young), 0.0214430 secs]
   [Parallel Time: 19.4 ms, GC Workers: 4]
      [GC Worker Start (ms): Min: 79352309.2, Avg: 79352309.3, Max: 79352309.4, Diff: 0.2]
      [Ext Root Scanning (ms): Min: 1.2, Avg: 1.4, Max: 1.6, Diff: 0.4, Sum: 5.6]
      [Update RS (ms): Min: 2.6, Avg: 2.8, Max: 3.0, Diff: 0.4, Sum: 11.0]
         [Processed Buffers: Min: 2, Avg: 10.8, Max: 19, Diff: 17, Sum: 43]
      [Scan RS (ms): Min: 0.0, Avg: 0.3, Max: 0.6, Diff: 0.6, Sum: 1.4]
      [Code Root Scanning (ms): Min: 0.0, Avg: 0.0, Max: 0.1, Diff: 0.1, Sum: 0.2]
      [Object Copy (ms): Min: 14.4, Avg: 14.5, Max: 14.6, Diff: 0.2, Sum: 58.1]
      [Termination (ms): Min: 0.0, Avg: 0.0, Max: 0.0, Diff: 0.0, Sum: 0.0]
         [Termination Attempts: Min: 1, Avg: 1.0, Max: 1, Diff: 0, Sum: 4]
      [GC Worker Other (ms): Min: 0.0, Avg: 0.1, Max: 0.1, Diff: 0.0, Sum: 0.2]
      [GC Worker Total (ms): Min: 19.1, Avg: 19.1, Max: 19.2, Diff: 0.2, Sum: 76.6]
      [GC Worker End (ms): Min: 79352328.4, Avg: 79352328.4, Max: 79352328.4, Diff: 0.0]
   [Code Root Fixup: 0.0 ms]
   [Code Root Purge: 0.0 ms]
   [Clear CT: 0.2 ms]
   [Other: 1.8 ms]
      [Choose CSet: 0.0 ms]
      [Ref Proc: 0.3 ms]
      [Ref Enq: 0.0 ms]
      [Redirty Cards: 0.3 ms]
      [Humongous Register: 0.6 ms]
      [Humongous Reclaim: 0.0 ms]
      [Free CSet: 0.1 ms]
   [Eden: 47104.0K(47104.0K)->0.0B(45056.0K) Survivors: 5120.0K->7168.0K Heap: 290.0M(1024.0M)->247.0M(1024.0M)]
 [Times: user=0.06 sys=0.00, real=0.02 secs] 
2021-03-17T13:24:42.843+0700: 79617.447: [GC pause (G1 Evacuation Pause) (young), 0.0276055 secs]
   [Parallel Time: 24.5 ms, GC Workers: 4]
      [GC Worker Start (ms): Min: 79617447.3, Avg: 79617447.4, Max: 79617447.5, Diff: 0.2]
      [Ext Root Scanning (ms): Min: 1.0, Avg: 1.2, Max: 1.3, Diff: 0.3, Sum: 4.7]
      [Update RS (ms): Min: 0.1, Avg: 1.5, Max: 2.4, Diff: 2.2, Sum: 5.8]
         [Processed Buffers: Min: 3, Avg: 10.2, Max: 26, Diff: 23, Sum: 41]
      [Scan RS (ms): Min: 0.0, Avg: 0.5, Max: 0.8, Diff: 0.8, Sum: 1.9]
      [Code Root Scanning (ms): Min: 0.0, Avg: 0.1, Max: 0.2, Diff: 0.2, Sum: 0.3]
      [Object Copy (ms): Min: 20.6, Avg: 21.1, Max: 22.0, Diff: 1.4, Sum: 84.3]
      [Termination (ms): Min: 0.0, Avg: 0.0, Max: 0.0, Diff: 0.0, Sum: 0.0]
         [Termination Attempts: Min: 1, Avg: 1.0, Max: 1, Diff: 0, Sum: 4]
      [GC Worker Other (ms): Min: 0.0, Avg: 0.1, Max: 0.1, Diff: 0.0, Sum: 0.2]
      [GC Worker Total (ms): Min: 24.2, Avg: 24.3, Max: 24.4, Diff: 0.2, Sum: 97.3]
      [GC Worker End (ms): Min: 79617471.7, Avg: 79617471.7, Max: 79617471.8, Diff: 0.0]
   [Code Root Fixup: 0.0 ms]
   [Code Root Purge: 0.0 ms]
   [Clear CT: 0.4 ms]
   [Other: 2.7 ms]
      [Choose CSet: 0.0 ms]
      [Ref Proc: 1.9 ms]
      [Ref Enq: 0.0 ms]
      [Redirty Cards: 0.2 ms]
      [Humongous Register: 0.1 ms]
      [Humongous Reclaim: 0.0 ms]
      [Free CSet: 0.1 ms]
   [Eden: 45056.0K(45056.0K)->0.0B(47104.0K) Survivors: 7168.0K->5120.0K Heap: 291.0M(1024.0M)->250.0M(1024.0M)]
 [Times: user=0.13 sys=0.00, real=0.03 secs] 
2021-03-17T13:29:19.216+0700: 79893.820: [GC pause (G1 Evacuation Pause) (young), 0.0350227 secs]
   [Parallel Time: 33.0 ms, GC Workers: 4]
      [GC Worker Start (ms): Min: 79893821.0, Avg: 79893821.1, Max: 79893821.3, Diff: 0.4]
      [Ext Root Scanning (ms): Min: 1.8, Avg: 2.2, Max: 2.8, Diff: 0.9, Sum: 9.0]
      [Update RS (ms): Min: 2.5, Avg: 2.6, Max: 2.8, Diff: 0.3, Sum: 10.6]
         [Processed Buffers: Min: 3, Avg: 11.0, Max: 27, Diff: 24, Sum: 44]
      [Scan RS (ms): Min: 2.7, Avg: 2.9, Max: 3.3, Diff: 0.6, Sum: 11.7]
      [Code Root Scanning (ms): Min: 0.0, Avg: 0.0, Max: 0.0, Diff: 0.0, Sum: 0.1]
      [Object Copy (ms): Min: 24.2, Avg: 24.4, Max: 24.7, Diff: 0.5, Sum: 97.5]
      [Termination (ms): Min: 0.0, Avg: 0.0, Max: 0.0, Diff: 0.0, Sum: 0.1]
         [Termination Attempts: Min: 1, Avg: 2.2, Max: 4, Diff: 3, Sum: 9]
      [GC Worker Other (ms): Min: 0.1, Avg: 0.1, Max: 0.2, Diff: 0.1, Sum: 0.4]
      [GC Worker Total (ms): Min: 32.1, Avg: 32.3, Max: 32.4, Diff: 0.4, Sum: 129.3]
      [GC Worker End (ms): Min: 79893853.4, Avg: 79893853.4, Max: 79893853.4, Diff: 0.0]
   [Code Root Fixup: 0.0 ms]
   [Code Root Purge: 0.0 ms]
   [Clear CT: 0.1 ms]
   [Other: 1.9 ms]
      [Choose CSet: 0.0 ms]
      [Ref Proc: 0.7 ms]
      [Ref Enq: 0.0 ms]
      [Redirty Cards: 0.1 ms]
      [Humongous Register: 0.6 ms]
      [Humongous Reclaim: 0.0 ms]
      [Free CSet: 0.0 ms]
   [Eden: 47104.0K(47104.0K)->0.0B(45056.0K) Survivors: 5120.0K->7168.0K Heap: 296.0M(1024.0M)->253.5M(1024.0M)]
 [Times: user=0.11 sys=0.00, real=0.04 secs] 
2021-03-17T13:33:45.627+0700: 80160.230: [GC pause (G1 Evacuation Pause) (young), 0.0334835 secs]
   [Parallel Time: 32.1 ms, GC Workers: 4]
      [GC Worker Start (ms): Min: 80160230.7, Avg: 80160230.7, Max: 80160230.8, Diff: 0.2]
      [Ext Root Scanning (ms): Min: 1.1, Avg: 1.2, Max: 1.3, Diff: 0.2, Sum: 4.8]
      [Update RS (ms): Min: 1.7, Avg: 2.0, Max: 2.1, Diff: 0.4, Sum: 7.9]
         [Processed Buffers: Min: 3, Avg: 11.8, Max: 20, Diff: 17, Sum: 47]
      [Scan RS (ms): Min: 2.6, Avg: 2.8, Max: 3.0, Diff: 0.4, Sum: 11.1]
      [Code Root Scanning (ms): Min: 0.0, Avg: 0.0, Max: 0.1, Diff: 0.1, Sum: 0.1]
      [Object Copy (ms): Min: 25.5, Avg: 25.6, Max: 25.7, Diff: 0.2, Sum: 102.4]
      [Termination (ms): Min: 0.0, Avg: 0.0, Max: 0.0, Diff: 0.0, Sum: 0.0]
         [Termination Attempts: Min: 1, Avg: 1.2, Max: 2, Diff: 1, Sum: 5]
      [GC Worker Other (ms): Min: 0.0, Avg: 0.1, Max: 0.1, Diff: 0.0, Sum: 0.2]
      [GC Worker Total (ms): Min: 31.6, Avg: 31.6, Max: 31.7, Diff: 0.2, Sum: 126.5]
      [GC Worker End (ms): Min: 80160262.4, Avg: 80160262.4, Max: 80160262.4, Diff: 0.0]
   [Code Root Fixup: 0.0 ms]
   [Code Root Purge: 0.0 ms]
   [Clear CT: 0.2 ms]
   [Other: 1.2 ms]
      [Choose CSet: 0.0 ms]
      [Ref Proc: 0.3 ms]
      [Ref Enq: 0.0 ms]
      [Redirty Cards: 0.4 ms]
      [Humongous Register: 0.1 ms]
      [Humongous Reclaim: 0.0 ms]
      [Free CSet: 0.0 ms]
   [Eden: 45056.0K(45056.0K)->0.0B(47104.0K) Survivors: 7168.0K->5120.0K Heap: 297.5M(1024.0M)->260.5M(1024.0M)]
 [Times: user=0.12 sys=0.00, real=0.03 secs] 
2021-03-17T13:38:24.921+0700: 80439.525: [GC pause (G1 Evacuation Pause) (young), 0.0327178 secs]
   [Parallel Time: 31.4 ms, GC Workers: 4]
      [GC Worker Start (ms): Min: 80439525.2, Avg: 80439525.3, Max: 80439525.3, Diff: 0.1]
      [Ext Root Scanning (ms): Min: 1.1, Avg: 1.2, Max: 1.3, Diff: 0.2, Sum: 4.7]
      [Update RS (ms): Min: 2.4, Avg: 2.6, Max: 2.7, Diff: 0.3, Sum: 10.3]
         [Processed Buffers: Min: 2, Avg: 11.0, Max: 19, Diff: 17, Sum: 44]
      [Scan RS (ms): Min: 2.8, Avg: 3.1, Max: 3.5, Diff: 0.7, Sum: 12.2]
      [Code Root Scanning (ms): Min: 0.0, Avg: 0.0, Max: 0.1, Diff: 0.1, Sum: 0.1]
      [Object Copy (ms): Min: 23.8, Avg: 24.0, Max: 24.1, Diff: 0.2, Sum: 96.1]
      [Termination (ms): Min: 0.0, Avg: 0.0, Max: 0.0, Diff: 0.0, Sum: 0.0]
         [Termination Attempts: Min: 1, Avg: 1.0, Max: 1, Diff: 0, Sum: 4]
      [GC Worker Other (ms): Min: 0.1, Avg: 0.1, Max: 0.3, Diff: 0.2, Sum: 0.5]
      [GC Worker Total (ms): Min: 30.9, Avg: 31.0, Max: 31.2, Diff: 0.4, Sum: 124.0]
      [GC Worker End (ms): Min: 80439556.2, Avg: 80439556.3, Max: 80439556.4, Diff: 0.2]
   [Code Root Fixup: 0.0 ms]
   [Code Root Purge: 0.0 ms]
   [Clear CT: 0.2 ms]
   [Other: 1.0 ms]
      [Choose CSet: 0.0 ms]
      [Ref Proc: 0.3 ms]
      [Ref Enq: 0.0 ms]
      [Redirty Cards: 0.2 ms]
      [Humongous Register: 0.1 ms]
      [Humongous Reclaim: 0.0 ms]
      [Free CSet: 0.0 ms]
   [Eden: 47104.0K(47104.0K)->0.0B(46080.0K) Survivors: 5120.0K->6144.0K Heap: 306.5M(1024.0M)->265.5M(1024.0M)]
 [Times: user=0.13 sys=0.00, real=0.03 secs] 
2021-03-17T13:42:57.336+0700: 80711.940: [GC pause (G1 Evacuation Pause) (young), 0.0243397 secs]
   [Parallel Time: 22.1 ms, GC Workers: 4]
      [GC Worker Start (ms): Min: 80711940.3, Avg: 80711940.3, Max: 80711940.4, Diff: 0.1]
      [Ext Root Scanning (ms): Min: 0.7, Avg: 3.3, Max: 10.8, Diff: 10.2, Sum: 13.0]
      [Update RS (ms): Min: 0.0, Avg: 3.4, Max: 4.7, Diff: 4.7, Sum: 13.6]
         [Processed Buffers: Min: 0, Avg: 10.5, Max: 39, Diff: 39, Sum: 42]
      [Scan RS (ms): Min: 0.0, Avg: 1.6, Max: 2.2, Diff: 2.2, Sum: 6.4]
      [Code Root Scanning (ms): Min: 0.0, Avg: 0.0, Max: 0.1, Diff: 0.1, Sum: 0.1]
      [Object Copy (ms): Min: 9.9, Avg: 12.5, Max: 13.4, Diff: 3.5, Sum: 50.0]
      [Termination (ms): Min: 0.0, Avg: 0.3, Max: 0.9, Diff: 0.9, Sum: 1.0]
         [Termination Attempts: Min: 1, Avg: 1.2, Max: 2, Diff: 1, Sum: 5]
      [GC Worker Other (ms): Min: 0.0, Avg: 0.0, Max: 0.0, Diff: 0.0, Sum: 0.2]
      [GC Worker Total (ms): Min: 20.8, Avg: 21.1, Max: 21.7, Diff: 0.9, Sum: 84.2]
      [GC Worker End (ms): Min: 80711961.2, Avg: 80711961.4, Max: 80711962.0, Diff: 0.8]
   [Code Root Fixup: 0.0 ms]
   [Code Root Purge: 0.0 ms]
   [Clear CT: 0.2 ms]
   [Other: 2.0 ms]
      [Choose CSet: 0.0 ms]
      [Ref Proc: 0.9 ms]
      [Ref Enq: 0.0 ms]
      [Redirty Cards: 0.2 ms]
      [Humongous Register: 0.4 ms]
      [Humongous Reclaim: 0.1 ms]
      [Free CSet: 0.1 ms]
   [Eden: 46080.0K(46080.0K)->0.0B(47104.0K) Survivors: 6144.0K->5120.0K Heap: 310.5M(1024.0M)->269.0M(1024.0M)]
 [Times: user=0.07 sys=0.02, real=0.03 secs] 
2021-03-17T13:47:35.154+0700: 80989.757: [GC pause (G1 Evacuation Pause) (young), 0.0319895 secs]
   [Parallel Time: 30.3 ms, GC Workers: 4]
      [GC Worker Start (ms): Min: 80989758.0, Avg: 80989758.2, Max: 80989758.3, Diff: 0.3]
      [Ext Root Scanning (ms): Min: 1.6, Avg: 2.1, Max: 2.7, Diff: 1.1, Sum: 8.5]
      [Update RS (ms): Min: 1.2, Avg: 1.8, Max: 2.2, Diff: 1.0, Sum: 7.2]
         [Processed Buffers: Min: 2, Avg: 10.2, Max: 19, Diff: 17, Sum: 41]
      [Scan RS (ms): Min: 3.4, Avg: 3.6, Max: 3.8, Diff: 0.4, Sum: 14.5]
      [Code Root Scanning (ms): Min: 0.0, Avg: 0.0, Max: 0.1, Diff: 0.1, Sum: 0.1]
      [Object Copy (ms): Min: 22.1, Avg: 22.1, Max: 22.2, Diff: 0.1, Sum: 88.5]
      [Termination (ms): Min: 0.0, Avg: 0.0, Max: 0.0, Diff: 0.0, Sum: 0.0]
         [Termination Attempts: Min: 1, Avg: 1.2, Max: 2, Diff: 1, Sum: 5]
      [GC Worker Other (ms): Min: 0.1, Avg: 0.2, Max: 0.3, Diff: 0.3, Sum: 0.8]
      [GC Worker Total (ms): Min: 29.7, Avg: 29.9, Max: 30.1, Diff: 0.5, Sum: 119.5]
      [GC Worker End (ms): Min: 80989788.0, Avg: 80989788.0, Max: 80989788.2, Diff: 0.3]
   [Code Root Fixup: 0.0 ms]
   [Code Root Purge: 0.0 ms]
   [Clear CT: 0.2 ms]
   [Other: 1.5 ms]
      [Choose CSet: 0.0 ms]
      [Ref Proc: 0.2 ms]
      [Ref Enq: 0.0 ms]
      [Redirty Cards: 0.1 ms]
      [Humongous Register: 0.7 ms]
      [Humongous Reclaim: 0.0 ms]
      [Free CSet: 0.0 ms]
   [Eden: 47104.0K(47104.0K)->0.0B(45056.0K) Survivors: 5120.0K->7168.0K Heap: 315.0M(1024.0M)->274.5M(1024.0M)]
 [Times: user=0.11 sys=0.00, real=0.03 secs] 
2021-03-17T13:52:01.942+0700: 81256.545: [GC pause (G1 Evacuation Pause) (young), 0.0172713 secs]
   [Parallel Time: 16.0 ms, GC Workers: 4]
      [GC Worker Start (ms): Min: 81256545.6, Avg: 81256549.6, Max: 81256561.4, Diff: 15.8]
      [Ext Root Scanning (ms): Min: 0.0, Avg: 0.6, Max: 0.9, Diff: 0.8, Sum: 2.5]
      [Update RS (ms): Min: 0.0, Avg: 0.9, Max: 1.3, Diff: 1.3, Sum: 3.7]
         [Processed Buffers: Min: 0, Avg: 10.8, Max: 33, Diff: 33, Sum: 43]
      [Scan RS (ms): Min: 0.0, Avg: 1.3, Max: 2.3, Diff: 2.3, Sum: 5.4]
      [Code Root Scanning (ms): Min: 0.0, Avg: 0.0, Max: 0.0, Diff: 0.0, Sum: 0.1]
      [Object Copy (ms): Min: 0.0, Avg: 8.8, Max: 12.1, Diff: 12.1, Sum: 35.3]
      [Termination (ms): Min: 0.0, Avg: 0.2, Max: 0.3, Diff: 0.3, Sum: 0.9]
         [Termination Attempts: Min: 1, Avg: 1.0, Max: 1, Diff: 0, Sum: 4]
      [GC Worker Other (ms): Min: 0.0, Avg: 0.0, Max: 0.0, Diff: 0.0, Sum: 0.1]
      [GC Worker Total (ms): Min: 0.1, Avg: 12.0, Max: 15.9, Diff: 15.9, Sum: 47.8]
      [GC Worker End (ms): Min: 81256561.4, Avg: 81256561.5, Max: 81256561.5, Diff: 0.1]
   [Code Root Fixup: 0.0 ms]
   [Code Root Purge: 0.0 ms]
   [Clear CT: 0.2 ms]
   [Other: 1.1 ms]
      [Choose CSet: 0.0 ms]
      [Ref Proc: 0.3 ms]
      [Ref Enq: 0.0 ms]
      [Redirty Cards: 0.2 ms]
      [Humongous Register: 0.3 ms]
      [Humongous Reclaim: 0.0 ms]
      [Free CSet: 0.0 ms]
   [Eden: 45056.0K(45056.0K)->0.0B(47104.0K) Survivors: 7168.0K->5120.0K Heap: 318.5M(1024.0M)->277.5M(1024.0M)]
 [Times: user=0.04 sys=0.00, real=0.02 secs] 
2021-03-17T13:56:38.927+0700: 81533.531: [GC pause (G1 Evacuation Pause) (young), 0.0142076 secs]
   [Parallel Time: 12.9 ms, GC Workers: 4]
      [GC Worker Start (ms): Min: 81533531.2, Avg: 81533531.3, Max: 81533531.3, Diff: 0.1]
      [Ext Root Scanning (ms): Min: 0.6, Avg: 0.6, Max: 0.7, Diff: 0.1, Sum: 2.6]
      [Update RS (ms): Min: 1.0, Avg: 1.0, Max: 1.2, Diff: 0.2, Sum: 4.2]
         [Processed Buffers: Min: 3, Avg: 10.8, Max: 24, Diff: 21, Sum: 43]
      [Scan RS (ms): Min: 1.0, Avg: 1.6, Max: 2.7, Diff: 1.7, Sum: 6.3]
      [Code Root Scanning (ms): Min: 0.0, Avg: 0.0, Max: 0.0, Diff: 0.0, Sum: 0.1]
      [Object Copy (ms): Min: 8.2, Avg: 9.3, Max: 9.7, Diff: 1.5, Sum: 37.2]
      [Termination (ms): Min: 0.0, Avg: 0.0, Max: 0.0, Diff: 0.0, Sum: 0.0]
         [Termination Attempts: Min: 1, Avg: 1.0, Max: 1, Diff: 0, Sum: 4]
      [GC Worker Other (ms): Min: 0.0, Avg: 0.1, Max: 0.1, Diff: 0.1, Sum: 0.2]
      [GC Worker Total (ms): Min: 12.6, Avg: 12.6, Max: 12.7, Diff: 0.1, Sum: 50.6]
      [GC Worker End (ms): Min: 81533543.9, Avg: 81533543.9, Max: 81533544.0, Diff: 0.1]
   [Code Root Fixup: 0.0 ms]
   [Code Root Purge: 0.0 ms]
   [Clear CT: 0.2 ms]
   [Other: 1.1 ms]
      [Choose CSet: 0.0 ms]
      [Ref Proc: 0.2 ms]
      [Ref Enq: 0.0 ms]
      [Redirty Cards: 0.2 ms]
      [Humongous Register: 0.3 ms]
      [Humongous Reclaim: 0.0 ms]
      [Free CSet: 0.0 ms]
   [Eden: 47104.0K(47104.0K)->0.0B(45056.0K) Survivors: 5120.0K->7168.0K Heap: 323.5M(1024.0M)->281.0M(1024.0M)]
 [Times: user=0.07 sys=0.00, real=0.01 secs] 
2021-03-17T14:01:01.349+0700: 81795.952: [GC pause (G1 Evacuation Pause) (young), 0.0247286 secs]
   [Parallel Time: 23.1 ms, GC Workers: 4]
      [GC Worker Start (ms): Min: 81795952.9, Avg: 81795952.9, Max: 81795953.1, Diff: 0.2]
      [Ext Root Scanning (ms): Min: 0.8, Avg: 6.3, Max: 22.7, Diff: 21.9, Sum: 25.2]
      [Update RS (ms): Min: 0.0, Avg: 1.0, Max: 1.5, Diff: 1.5, Sum: 4.1]
         [Processed Buffers: Min: 0, Avg: 12.0, Max: 26, Diff: 26, Sum: 48]
      [Scan RS (ms): Min: 0.0, Avg: 1.4, Max: 2.1, Diff: 2.1, Sum: 5.5]
      [Code Root Scanning (ms): Min: 0.0, Avg: 0.0, Max: 0.0, Diff: 0.0, Sum: 0.1]
      [Object Copy (ms): Min: 0.0, Avg: 14.0, Max: 18.9, Diff: 18.9, Sum: 56.0]
      [Termination (ms): Min: 0.0, Avg: 0.2, Max: 0.3, Diff: 0.3, Sum: 0.9]
         [Termination Attempts: Min: 1, Avg: 1.0, Max: 1, Diff: 0, Sum: 4]
      [GC Worker Other (ms): Min: 0.0, Avg: 0.0, Max: 0.0, Diff: 0.0, Sum: 0.1]
      [GC Worker Total (ms): Min: 22.7, Avg: 23.0, Max: 23.1, Diff: 0.3, Sum: 91.9]
      [GC Worker End (ms): Min: 81795975.8, Avg: 81795975.9, Max: 81795975.9, Diff: 0.1]
   [Code Root Fixup: 0.0 ms]
   [Code Root Purge: 0.0 ms]
   [Clear CT: 0.2 ms]
   [Other: 1.4 ms]
      [Choose CSet: 0.0 ms]
      [Ref Proc: 0.3 ms]
      [Ref Enq: 0.0 ms]
      [Redirty Cards: 0.2 ms]
      [Humongous Register: 0.5 ms]
      [Humongous Reclaim: 0.0 ms]
      [Free CSet: 0.1 ms]
   [Eden: 45056.0K(45056.0K)->0.0B(47104.0K) Survivors: 7168.0K->5120.0K Heap: 325.0M(1024.0M)->286.6M(1024.0M)]
 [Times: user=0.10 sys=0.00, real=0.02 secs] 
2021-03-17T14:05:34.616+0700: 82069.220: [GC pause (G1 Evacuation Pause) (young), 0.0328021 secs]
   [Parallel Time: 31.3 ms, GC Workers: 4]
      [GC Worker Start (ms): Min: 82069220.4, Avg: 82069220.5, Max: 82069220.8, Diff: 0.4]
      [Ext Root Scanning (ms): Min: 1.5, Avg: 1.7, Max: 2.1, Diff: 0.6, Sum: 6.8]
      [Update RS (ms): Min: 5.2, Avg: 9.0, Max: 18.4, Diff: 13.2, Sum: 35.8]
         [Processed Buffers: Min: 1, Avg: 12.0, Max: 31, Diff: 30, Sum: 48]
      [Scan RS (ms): Min: 0.0, Avg: 4.1, Max: 5.8, Diff: 5.8, Sum: 16.3]
      [Code Root Scanning (ms): Min: 0.0, Avg: 0.0, Max: 0.1, Diff: 0.1, Sum: 0.2]
      [Object Copy (ms): Min: 10.9, Avg: 15.8, Max: 17.5, Diff: 6.6, Sum: 63.0]
      [Termination (ms): Min: 0.0, Avg: 0.1, Max: 0.2, Diff: 0.2, Sum: 0.4]
         [Termination Attempts: Min: 1, Avg: 3.0, Max: 7, Diff: 6, Sum: 12]
      [GC Worker Other (ms): Min: 0.0, Avg: 0.3, Max: 1.1, Diff: 1.0, Sum: 1.3]
      [GC Worker Total (ms): Min: 30.7, Avg: 31.0, Max: 31.2, Diff: 0.5, Sum: 123.9]
      [GC Worker End (ms): Min: 82069251.4, Avg: 82069251.5, Max: 82069251.6, Diff: 0.1]
   [Code Root Fixup: 0.0 ms]
   [Code Root Purge: 0.0 ms]
   [Clear CT: 0.2 ms]
   [Other: 1.3 ms]
      [Choose CSet: 0.0 ms]
      [Ref Proc: 0.5 ms]
      [Ref Enq: 0.0 ms]
      [Redirty Cards: 0.2 ms]
      [Humongous Register: 0.1 ms]
      [Humongous Reclaim: 0.1 ms]
      [Free CSet: 0.1 ms]
   [Eden: 47104.0K(47104.0K)->0.0B(46080.0K) Survivors: 5120.0K->6144.0K Heap: 332.6M(1024.0M)->292.0M(1024.0M)]
 [Times: user=0.10 sys=0.01, real=0.04 secs] 
2021-03-17T14:09:30.898+0700: 82305.502: [GC pause (G1 Evacuation Pause) (young), 0.0346367 secs]
   [Parallel Time: 32.6 ms, GC Workers: 4]
      [GC Worker Start (ms): Min: 82305502.7, Avg: 82305503.0, Max: 82305503.4, Diff: 0.7]
      [Ext Root Scanning (ms): Min: 1.3, Avg: 1.7, Max: 2.0, Diff: 0.7, Sum: 7.0]
      [Update RS (ms): Min: 3.4, Avg: 3.7, Max: 3.8, Diff: 0.4, Sum: 14.6]
         [Processed Buffers: Min: 3, Avg: 12.0, Max: 19, Diff: 16, Sum: 48]
      [Scan RS (ms): Min: 3.4, Avg: 3.5, Max: 3.6, Diff: 0.2, Sum: 13.9]
      [Code Root Scanning (ms): Min: 0.0, Avg: 0.0, Max: 0.0, Diff: 0.0, Sum: 0.1]
      [Object Copy (ms): Min: 22.1, Avg: 22.8, Max: 23.0, Diff: 0.9, Sum: 91.0]
      [Termination (ms): Min: 0.0, Avg: 0.0, Max: 0.0, Diff: 0.0, Sum: 0.1]
         [Termination Attempts: Min: 1, Avg: 1.0, Max: 1, Diff: 0, Sum: 4]
      [GC Worker Other (ms): Min: 0.1, Avg: 0.3, Max: 0.9, Diff: 0.9, Sum: 1.1]
      [GC Worker Total (ms): Min: 31.6, Avg: 32.0, Max: 32.3, Diff: 0.7, Sum: 127.9]
      [GC Worker End (ms): Min: 82305535.0, Avg: 82305535.0, Max: 82305535.0, Diff: 0.0]
   [Code Root Fixup: 0.0 ms]
   [Code Root Purge: 0.0 ms]
   [Clear CT: 0.2 ms]
   [Other: 1.8 ms]
      [Choose CSet: 0.0 ms]
      [Ref Proc: 0.3 ms]
      [Ref Enq: 0.0 ms]
      [Redirty Cards: 0.2 ms]
      [Humongous Register: 0.6 ms]
      [Humongous Reclaim: 0.1 ms]
      [Free CSet: 0.1 ms]
   [Eden: 46080.0K(46080.0K)->0.0B(45056.0K) Survivors: 6144.0K->7168.0K Heap: 337.0M(1024.0M)->298.0M(1024.0M)]
 [Times: user=0.14 sys=0.01, real=0.03 secs] 
2021-03-17T14:13:46.672+0700: 82561.276: [GC pause (G1 Evacuation Pause) (young), 0.0352994 secs]
   [Parallel Time: 33.4 ms, GC Workers: 4]
      [GC Worker Start (ms): Min: 82561276.9, Avg: 82561277.0, Max: 82561277.2, Diff: 0.3]
      [Ext Root Scanning (ms): Min: 1.1, Avg: 1.3, Max: 1.5, Diff: 0.4, Sum: 5.2]
      [Update RS (ms): Min: 1.8, Avg: 2.2, Max: 2.6, Diff: 0.8, Sum: 9.0]
         [Processed Buffers: Min: 6, Avg: 11.0, Max: 17, Diff: 11, Sum: 44]
      [Scan RS (ms): Min: 4.7, Avg: 5.2, Max: 5.5, Diff: 0.9, Sum: 20.9]
      [Code Root Scanning (ms): Min: 0.0, Avg: 0.0, Max: 0.1, Diff: 0.1, Sum: 0.1]
      [Object Copy (ms): Min: 23.7, Avg: 24.1, Max: 24.6, Diff: 0.8, Sum: 96.4]
      [Termination (ms): Min: 0.0, Avg: 0.1, Max: 0.1, Diff: 0.1, Sum: 0.3]
         [Termination Attempts: Min: 1, Avg: 1.0, Max: 1, Diff: 0, Sum: 4]
      [GC Worker Other (ms): Min: 0.1, Avg: 0.1, Max: 0.1, Diff: 0.1, Sum: 0.3]
      [GC Worker Total (ms): Min: 32.9, Avg: 33.1, Max: 33.2, Diff: 0.2, Sum: 132.2]
      [GC Worker End (ms): Min: 82561310.1, Avg: 82561310.1, Max: 82561310.1, Diff: 0.0]
   [Code Root Fixup: 0.0 ms]
   [Code Root Purge: 0.0 ms]
   [Clear CT: 0.1 ms]
   [Other: 1.8 ms]
      [Choose CSet: 0.0 ms]
      [Ref Proc: 0.3 ms]
      [Ref Enq: 0.0 ms]
      [Redirty Cards: 0.1 ms]
      [Humongous Register: 0.6 ms]
      [Humongous Reclaim: 0.1 ms]
      [Free CSet: 0.1 ms]
   [Eden: 45056.0K(45056.0K)->0.0B(47104.0K) Survivors: 7168.0K->5120.0K Heap: 342.0M(1024.0M)->301.5M(1024.0M)]
 [Times: user=0.11 sys=0.01, real=0.04 secs] 
2021-03-17T14:17:54.977+0700: 82809.580: [GC pause (G1 Evacuation Pause) (young), 0.0323964 secs]
   [Parallel Time: 29.0 ms, GC Workers: 4]
      [GC Worker Start (ms): Min: 82809581.3, Avg: 82809581.5, Max: 82809581.6, Diff: 0.3]
      [Ext Root Scanning (ms): Min: 1.1, Avg: 1.3, Max: 1.5, Diff: 0.4, Sum: 5.3]
      [Update RS (ms): Min: 3.7, Avg: 3.9, Max: 4.1, Diff: 0.4, Sum: 15.4]
         [Processed Buffers: Min: 2, Avg: 11.5, Max: 23, Diff: 21, Sum: 46]
      [Scan RS (ms): Min: 1.4, Avg: 1.6, Max: 1.9, Diff: 0.4, Sum: 6.4]
      [Code Root Scanning (ms): Min: 0.0, Avg: 0.0, Max: 0.0, Diff: 0.0, Sum: 0.1]
      [Object Copy (ms): Min: 21.3, Avg: 21.4, Max: 21.4, Diff: 0.2, Sum: 85.6]
      [Termination (ms): Min: 0.0, Avg: 0.2, Max: 0.2, Diff: 0.2, Sum: 0.7]
         [Termination Attempts: Min: 1, Avg: 1.0, Max: 1, Diff: 0, Sum: 4]
      [GC Worker Other (ms): Min: 0.1, Avg: 0.1, Max: 0.1, Diff: 0.0, Sum: 0.2]
      [GC Worker Total (ms): Min: 28.3, Avg: 28.5, Max: 28.6, Diff: 0.3, Sum: 113.8]
      [GC Worker End (ms): Min: 82809609.9, Avg: 82809609.9, Max: 82809609.9, Diff: 0.0]
   [Code Root Fixup: 0.0 ms]
   [Code Root Purge: 0.0 ms]
   [Clear CT: 0.4 ms]
   [Other: 3.0 ms]
      [Choose CSet: 0.0 ms]
      [Ref Proc: 0.7 ms]
      [Ref Enq: 0.0 ms]
      [Redirty Cards: 0.7 ms]
      [Humongous Register: 0.6 ms]
      [Humongous Reclaim: 0.2 ms]
      [Free CSet: 0.1 ms]
   [Eden: 47104.0K(47104.0K)->0.0B(45056.0K) Survivors: 5120.0K->7168.0K Heap: 347.5M(1024.0M)->304.5M(1024.0M)]
 [Times: user=0.10 sys=0.00, real=0.03 secs] 
2021-03-17T14:22:17.885+0700: 83072.489: [GC pause (G1 Evacuation Pause) (young), 0.0306307 secs]
   [Parallel Time: 28.8 ms, GC Workers: 4]
      [GC Worker Start (ms): Min: 83072489.0, Avg: 83072489.1, Max: 83072489.2, Diff: 0.2]
      [Ext Root Scanning (ms): Min: 1.0, Avg: 1.2, Max: 1.5, Diff: 0.5, Sum: 5.0]
      [Update RS (ms): Min: 1.4, Avg: 1.6, Max: 1.9, Diff: 0.5, Sum: 6.5]
         [Processed Buffers: Min: 1, Avg: 10.5, Max: 18, Diff: 17, Sum: 42]
      [Scan RS (ms): Min: 1.3, Avg: 1.4, Max: 1.7, Diff: 0.4, Sum: 5.8]
      [Code Root Scanning (ms): Min: 0.0, Avg: 0.0, Max: 0.1, Diff: 0.1, Sum: 0.1]
      [Object Copy (ms): Min: 22.9, Avg: 23.3, Max: 24.0, Diff: 1.1, Sum: 93.2]
      [Termination (ms): Min: 0.0, Avg: 0.0, Max: 0.0, Diff: 0.0, Sum: 0.0]
         [Termination Attempts: Min: 1, Avg: 1.0, Max: 1, Diff: 0, Sum: 4]
      [GC Worker Other (ms): Min: 0.0, Avg: 0.6, Max: 0.9, Diff: 0.8, Sum: 2.5]
      [GC Worker Total (ms): Min: 27.7, Avg: 28.3, Max: 28.6, Diff: 0.9, Sum: 113.1]
      [GC Worker End (ms): Min: 83072516.9, Avg: 83072517.4, Max: 83072517.6, Diff: 0.7]
   [Code Root Fixup: 0.0 ms]
   [Code Root Purge: 0.0 ms]
   [Clear CT: 0.3 ms]
   [Other: 1.5 ms]
      [Choose CSet: 0.0 ms]
      [Ref Proc: 0.5 ms]
      [Ref Enq: 0.0 ms]
      [Redirty Cards: 0.2 ms]
      [Humongous Register: 0.1 ms]
      [Humongous Reclaim: 0.1 ms]
      [Free CSet: 0.2 ms]
   [Eden: 45056.0K(45056.0K)->0.0B(46080.0K) Survivors: 7168.0K->6144.0K Heap: 348.5M(1024.0M)->310.1M(1024.0M)]
 [Times: user=0.07 sys=0.00, real=0.03 secs] 
2021-03-17T14:26:47.737+0700: 83342.341: [GC pause (G1 Evacuation Pause) (young), 0.0289973 secs]
   [Parallel Time: 26.6 ms, GC Workers: 4]
      [GC Worker Start (ms): Min: 83342342.0, Avg: 83342342.1, Max: 83342342.2, Diff: 0.2]
      [Ext Root Scanning (ms): Min: 1.2, Avg: 1.3, Max: 1.4, Diff: 0.2, Sum: 5.2]
      [Update RS (ms): Min: 2.7, Avg: 2.8, Max: 3.0, Diff: 0.3, Sum: 11.1]
         [Processed Buffers: Min: 3, Avg: 10.5, Max: 22, Diff: 19, Sum: 42]
      [Scan RS (ms): Min: 3.6, Avg: 3.6, Max: 3.7, Diff: 0.1, Sum: 14.5]
      [Code Root Scanning (ms): Min: 0.0, Avg: 0.0, Max: 0.1, Diff: 0.0, Sum: 0.1]
      [Object Copy (ms): Min: 18.1, Avg: 18.2, Max: 18.4, Diff: 0.3, Sum: 73.0]
      [Termination (ms): Min: 0.0, Avg: 0.0, Max: 0.1, Diff: 0.1, Sum: 0.1]
         [Termination Attempts: Min: 1, Avg: 1.5, Max: 2, Diff: 1, Sum: 6]
      [GC Worker Other (ms): Min: 0.1, Avg: 0.2, Max: 0.3, Diff: 0.2, Sum: 0.7]
      [GC Worker Total (ms): Min: 26.0, Avg: 26.2, Max: 26.3, Diff: 0.3, Sum: 104.8]
      [GC Worker End (ms): Min: 83342368.2, Avg: 83342368.3, Max: 83342368.4, Diff: 0.2]
   [Code Root Fixup: 0.0 ms]
   [Code Root Purge: 0.0 ms]
   [Clear CT: 0.4 ms]
   [Other: 2.0 ms]
      [Choose CSet: 0.0 ms]
      [Ref Proc: 0.4 ms]
      [Ref Enq: 0.0 ms]
      [Redirty Cards: 0.3 ms]
      [Humongous Register: 0.6 ms]
      [Humongous Reclaim: 0.1 ms]
      [Free CSet: 0.1 ms]
   [Eden: 46080.0K(46080.0K)->0.0B(46080.0K) Survivors: 6144.0K->6144.0K Heap: 355.1M(1024.0M)->314.5M(1024.0M)]
 [Times: user=0.13 sys=0.00, real=0.03 secs] 
2021-03-17T14:31:17.712+0700: 83612.316: [GC pause (G1 Evacuation Pause) (young), 0.0228959 secs]
   [Parallel Time: 20.4 ms, GC Workers: 4]
      [GC Worker Start (ms): Min: 83612317.2, Avg: 83612317.3, Max: 83612317.4, Diff: 0.2]
      [Ext Root Scanning (ms): Min: 1.4, Avg: 1.7, Max: 2.4, Diff: 1.0, Sum: 6.6]
      [Update RS (ms): Min: 1.4, Avg: 2.0, Max: 2.4, Diff: 1.0, Sum: 8.0]
         [Processed Buffers: Min: 2, Avg: 10.5, Max: 19, Diff: 17, Sum: 42]
      [Scan RS (ms): Min: 2.8, Avg: 3.0, Max: 3.1, Diff: 0.2, Sum: 12.0]
      [Code Root Scanning (ms): Min: 0.0, Avg: 0.0, Max: 0.1, Diff: 0.1, Sum: 0.1]
      [Object Copy (ms): Min: 13.1, Avg: 13.2, Max: 13.4, Diff: 0.2, Sum: 52.9]
      [Termination (ms): Min: 0.0, Avg: 0.0, Max: 0.0, Diff: 0.0, Sum: 0.0]
         [Termination Attempts: Min: 1, Avg: 1.0, Max: 1, Diff: 0, Sum: 4]
      [GC Worker Other (ms): Min: 0.0, Avg: 0.1, Max: 0.2, Diff: 0.2, Sum: 0.5]
      [GC Worker Total (ms): Min: 20.0, Avg: 20.0, Max: 20.1, Diff: 0.1, Sum: 80.1]
      [GC Worker End (ms): Min: 83612337.3, Avg: 83612337.3, Max: 83612337.4, Diff: 0.2]
   [Code Root Fixup: 0.0 ms]
   [Code Root Purge: 0.0 ms]
   [Clear CT: 0.3 ms]
   [Other: 2.3 ms]
      [Choose CSet: 0.0 ms]
      [Ref Proc: 0.2 ms]
      [Ref Enq: 0.0 ms]
      [Redirty Cards: 0.3 ms]
      [Humongous Register: 0.8 ms]
      [Humongous Reclaim: 0.1 ms]
      [Free CSet: 0.1 ms]
   [Eden: 46080.0K(46080.0K)->0.0B(47104.0K) Survivors: 6144.0K->5120.0K Heap: 359.5M(1024.0M)->318.5M(1024.0M)]
 [Times: user=0.07 sys=0.00, real=0.02 secs] 
2021-03-17T14:35:57.856+0700: 83892.460: [GC pause (G1 Evacuation Pause) (young), 0.0361632 secs]
   [Parallel Time: 34.5 ms, GC Workers: 4]
      [GC Worker Start (ms): Min: 83892460.6, Avg: 83892460.8, Max: 83892461.3, Diff: 0.7]
      [Ext Root Scanning (ms): Min: 1.1, Avg: 1.5, Max: 1.8, Diff: 0.7, Sum: 6.0]
      [Update RS (ms): Min: 2.2, Avg: 2.3, Max: 2.5, Diff: 0.4, Sum: 9.3]
         [Processed Buffers: Min: 2, Avg: 10.2, Max: 21, Diff: 19, Sum: 41]
      [Scan RS (ms): Min: 1.8, Avg: 3.1, Max: 3.5, Diff: 1.7, Sum: 12.3]
      [Code Root Scanning (ms): Min: 0.0, Avg: 0.4, Max: 1.4, Diff: 1.4, Sum: 1.6]
      [Object Copy (ms): Min: 26.3, Avg: 26.4, Max: 26.5, Diff: 0.3, Sum: 105.6]
      [Termination (ms): Min: 0.0, Avg: 0.0, Max: 0.0, Diff: 0.0, Sum: 0.0]
         [Termination Attempts: Min: 1, Avg: 1.5, Max: 2, Diff: 1, Sum: 6]
      [GC Worker Other (ms): Min: 0.1, Avg: 0.1, Max: 0.2, Diff: 0.2, Sum: 0.4]
      [GC Worker Total (ms): Min: 33.3, Avg: 33.8, Max: 34.0, Diff: 0.7, Sum: 135.3]
      [GC Worker End (ms): Min: 83892494.6, Avg: 83892494.6, Max: 83892494.7, Diff: 0.2]
   [Code Root Fixup: 0.0 ms]
   [Code Root Purge: 0.0 ms]
   [Clear CT: 0.1 ms]
   [Other: 1.5 ms]
      [Choose CSet: 0.0 ms]
      [Ref Proc: 0.2 ms]
      [Ref Enq: 0.0 ms]
      [Redirty Cards: 0.2 ms]
      [Humongous Register: 0.7 ms]
      [Humongous Reclaim: 0.0 ms]
      [Free CSet: 0.1 ms]
   [Eden: 47104.0K(47104.0K)->0.0B(47104.0K) Survivors: 5120.0K->5120.0K Heap: 364.5M(1024.0M)->322.0M(1024.0M)]
 [Times: user=0.10 sys=0.00, real=0.04 secs] 
2021-03-17T14:40:32.973+0700: 84167.576: [GC pause (G1 Evacuation Pause) (young), 0.0290188 secs]
   [Parallel Time: 26.7 ms, GC Workers: 4]
      [GC Worker Start (ms): Min: 84167577.3, Avg: 84167577.5, Max: 84167577.5, Diff: 0.2]
      [Ext Root Scanning (ms): Min: 1.3, Avg: 1.4, Max: 1.5, Diff: 0.3, Sum: 5.4]
      [Update RS (ms): Min: 3.2, Avg: 3.5, Max: 4.0, Diff: 0.8, Sum: 14.0]
         [Processed Buffers: Min: 2, Avg: 11.0, Max: 24, Diff: 22, Sum: 44]
      [Scan RS (ms): Min: 3.1, Avg: 3.6, Max: 3.9, Diff: 0.8, Sum: 14.4]
      [Code Root Scanning (ms): Min: 0.0, Avg: 0.0, Max: 0.1, Diff: 0.1, Sum: 0.1]
      [Object Copy (ms): Min: 17.5, Avg: 17.6, Max: 17.7, Diff: 0.2, Sum: 70.6]
      [Termination (ms): Min: 0.0, Avg: 0.0, Max: 0.0, Diff: 0.0, Sum: 0.0]
         [Termination Attempts: Min: 1, Avg: 2.2, Max: 4, Diff: 3, Sum: 9]
      [GC Worker Other (ms): Min: 0.1, Avg: 0.1, Max: 0.1, Diff: 0.0, Sum: 0.3]
      [GC Worker Total (ms): Min: 26.1, Avg: 26.2, Max: 26.3, Diff: 0.2, Sum: 104.8]
      [GC Worker End (ms): Min: 84167603.7, Avg: 84167603.7, Max: 84167603.7, Diff: 0.0]
   [Code Root Fixup: 0.0 ms]
   [Code Root Purge: 0.1 ms]
   [Clear CT: 0.1 ms]
   [Other: 2.1 ms]
      [Choose CSet: 0.0 ms]
      [Ref Proc: 0.4 ms]
      [Ref Enq: 0.0 ms]
      [Redirty Cards: 0.4 ms]
      [Humongous Register: 0.7 ms]
      [Humongous Reclaim: 0.1 ms]
      [Free CSet: 0.1 ms]
   [Eden: 47104.0K(47104.0K)->0.0B(45056.0K) Survivors: 5120.0K->7168.0K Heap: 368.0M(1024.0M)->326.0M(1024.0M)]
 [Times: user=0.11 sys=0.00, real=0.03 secs] 
2021-03-17T14:44:53.111+0700: 84427.715: [GC pause (G1 Evacuation Pause) (young), 0.0419611 secs]
   [Parallel Time: 40.9 ms, GC Workers: 4]
      [GC Worker Start (ms): Min: 84427715.0, Avg: 84427715.0, Max: 84427715.1, Diff: 0.2]
      [Ext Root Scanning (ms): Min: 1.1, Avg: 1.2, Max: 1.4, Diff: 0.3, Sum: 5.0]
      [Update RS (ms): Min: 1.0, Avg: 1.4, Max: 1.8, Diff: 0.7, Sum: 5.6]
         [Processed Buffers: Min: 2, Avg: 9.8, Max: 16, Diff: 14, Sum: 39]
      [Scan RS (ms): Min: 2.7, Avg: 3.1, Max: 3.3, Diff: 0.6, Sum: 12.3]
      [Code Root Scanning (ms): Min: 0.0, Avg: 0.0, Max: 0.1, Diff: 0.1, Sum: 0.1]
      [Object Copy (ms): Min: 34.7, Avg: 34.9, Max: 35.1, Diff: 0.4, Sum: 139.7]
      [Termination (ms): Min: 0.0, Avg: 0.0, Max: 0.0, Diff: 0.0, Sum: 0.0]
         [Termination Attempts: Min: 1, Avg: 1.5, Max: 2, Diff: 1, Sum: 6]
      [GC Worker Other (ms): Min: 0.0, Avg: 0.1, Max: 0.1, Diff: 0.0, Sum: 0.2]
      [GC Worker Total (ms): Min: 40.6, Avg: 40.7, Max: 40.8, Diff: 0.2, Sum: 162.8]
      [GC Worker End (ms): Min: 84427755.7, Avg: 84427755.7, Max: 84427755.7, Diff: 0.0]
   [Code Root Fixup: 0.0 ms]
   [Code Root Purge: 0.0 ms]
   [Clear CT: 0.1 ms]
   [Other: 0.9 ms]
      [Choose CSet: 0.0 ms]
      [Ref Proc: 0.2 ms]
      [Ref Enq: 0.0 ms]
      [Redirty Cards: 0.1 ms]
      [Humongous Register: 0.1 ms]
      [Humongous Reclaim: 0.0 ms]
      [Free CSet: 0.0 ms]
   [Eden: 45056.0K(45056.0K)->0.0B(47104.0K) Survivors: 7168.0K->5120.0K Heap: 370.0M(1024.0M)->331.7M(1024.0M)]
 [Times: user=0.18 sys=0.00, real=0.04 secs] 
2021-03-17T14:49:24.691+0700: 84699.295: [GC pause (G1 Evacuation Pause) (young), 0.0287125 secs]
   [Parallel Time: 26.6 ms, GC Workers: 4]
      [GC Worker Start (ms): Min: 84699295.7, Avg: 84699295.8, Max: 84699295.9, Diff: 0.2]
      [Ext Root Scanning (ms): Min: 1.1, Avg: 1.4, Max: 1.6, Diff: 0.5, Sum: 5.5]
      [Update RS (ms): Min: 1.9, Avg: 2.1, Max: 2.3, Diff: 0.4, Sum: 8.5]
         [Processed Buffers: Min: 1, Avg: 10.5, Max: 25, Diff: 24, Sum: 42]
      [Scan RS (ms): Min: 4.4, Avg: 4.6, Max: 4.8, Diff: 0.4, Sum: 18.4]
      [Code Root Scanning (ms): Min: 0.0, Avg: 0.0, Max: 0.1, Diff: 0.1, Sum: 0.1]
      [Object Copy (ms): Min: 17.8, Avg: 18.0, Max: 18.2, Diff: 0.5, Sum: 72.0]
      [Termination (ms): Min: 0.0, Avg: 0.0, Max: 0.0, Diff: 0.0, Sum: 0.0]
         [Termination Attempts: Min: 1, Avg: 2.5, Max: 4, Diff: 3, Sum: 10]
      [GC Worker Other (ms): Min: 0.1, Avg: 0.1, Max: 0.1, Diff: 0.0, Sum: 0.2]
      [GC Worker Total (ms): Min: 26.1, Avg: 26.2, Max: 26.3, Diff: 0.2, Sum: 104.8]
      [GC Worker End (ms): Min: 84699322.0, Avg: 84699322.0, Max: 84699322.0, Diff: 0.0]
   [Code Root Fixup: 0.0 ms]
   [Code Root Purge: 0.0 ms]
   [Clear CT: 0.2 ms]
   [Other: 1.9 ms]
      [Choose CSet: 0.0 ms]
      [Ref Proc: 0.5 ms]
      [Ref Enq: 0.0 ms]
      [Redirty Cards: 0.3 ms]
      [Humongous Register: 0.7 ms]
      [Humongous Reclaim: 0.0 ms]
      [Free CSet: 0.1 ms]
   [Eden: 47104.0K(47104.0K)->0.0B(46080.0K) Survivors: 5120.0K->6144.0K Heap: 377.7M(1024.0M)->336.5M(1024.0M)]
 [Times: user=0.13 sys=0.00, real=0.03 secs] 
2021-03-17T14:53:51.721+0700: 84966.324: [GC pause (G1 Evacuation Pause) (young), 0.0300590 secs]
   [Parallel Time: 27.8 ms, GC Workers: 4]
      [GC Worker Start (ms): Min: 84966325.3, Avg: 84966325.3, Max: 84966325.4, Diff: 0.2]
      [Ext Root Scanning (ms): Min: 1.3, Avg: 1.4, Max: 1.4, Diff: 0.1, Sum: 5.4]
      [Update RS (ms): Min: 2.2, Avg: 2.3, Max: 2.5, Diff: 0.2, Sum: 9.4]
         [Processed Buffers: Min: 1, Avg: 10.0, Max: 25, Diff: 24, Sum: 40]
      [Scan RS (ms): Min: 2.7, Avg: 2.8, Max: 3.1, Diff: 0.4, Sum: 11.3]
      [Code Root Scanning (ms): Min: 0.0, Avg: 0.0, Max: 0.0, Diff: 0.0, Sum: 0.1]
      [Object Copy (ms): Min: 20.5, Avg: 20.8, Max: 20.9, Diff: 0.4, Sum: 83.1]
      [Termination (ms): Min: 0.0, Avg: 0.0, Max: 0.0, Diff: 0.0, Sum: 0.0]
         [Termination Attempts: Min: 1, Avg: 1.0, Max: 1, Diff: 0, Sum: 4]
      [GC Worker Other (ms): Min: 0.1, Avg: 0.1, Max: 0.2, Diff: 0.1, Sum: 0.4]
      [GC Worker Total (ms): Min: 27.4, Avg: 27.5, Max: 27.6, Diff: 0.2, Sum: 109.9]
      [GC Worker End (ms): Min: 84966352.8, Avg: 84966352.8, Max: 84966352.9, Diff: 0.1]
   [Code Root Fixup: 0.0 ms]
   [Code Root Purge: 0.0 ms]
   [Clear CT: 0.5 ms]
   [Other: 1.8 ms]
      [Choose CSet: 0.0 ms]
      [Ref Proc: 0.3 ms]
      [Ref Enq: 0.0 ms]
      [Redirty Cards: 0.3 ms]
      [Humongous Register: 0.7 ms]
      [Humongous Reclaim: 0.0 ms]
      [Free CSet: 0.1 ms]
   [Eden: 46080.0K(46080.0K)->0.0B(46080.0K) Survivors: 6144.0K->6144.0K Heap: 381.5M(1024.0M)->341.0M(1024.0M)]
 [Times: user=0.13 sys=0.00, real=0.03 secs] 
2021-03-17T14:58:25.149+0700: 85239.753: [GC pause (G1 Evacuation Pause) (young), 0.0166310 secs]
   [Parallel Time: 15.3 ms, GC Workers: 4]
      [GC Worker Start (ms): Min: 85239753.2, Avg: 85239753.4, Max: 85239753.7, Diff: 0.5]
      [Ext Root Scanning (ms): Min: 0.7, Avg: 1.0, Max: 1.1, Diff: 0.4, Sum: 4.0]
      [Update RS (ms): Min: 0.0, Avg: 0.7, Max: 1.0, Diff: 1.0, Sum: 2.9]
         [Processed Buffers: Min: 0, Avg: 9.8, Max: 34, Diff: 34, Sum: 39]
      [Scan RS (ms): Min: 0.0, Avg: 1.2, Max: 1.6, Diff: 1.6, Sum: 4.7]
      [Code Root Scanning (ms): Min: 0.0, Avg: 0.0, Max: 0.0, Diff: 0.0, Sum: 0.1]
      [Object Copy (ms): Min: 11.1, Avg: 11.8, Max: 13.7, Diff: 2.6, Sum: 47.3]
      [Termination (ms): Min: 0.0, Avg: 0.1, Max: 0.2, Diff: 0.2, Sum: 0.5]
         [Termination Attempts: Min: 1, Avg: 1.0, Max: 1, Diff: 0, Sum: 4]
      [GC Worker Other (ms): Min: 0.0, Avg: 0.0, Max: 0.0, Diff: 0.0, Sum: 0.1]
      [GC Worker Total (ms): Min: 14.6, Avg: 14.9, Max: 15.1, Diff: 0.5, Sum: 59.5]
      [GC Worker End (ms): Min: 85239768.3, Avg: 85239768.3, Max: 85239768.4, Diff: 0.1]
   [Code Root Fixup: 0.0 ms]
   [Code Root Purge: 0.0 ms]
   [Clear CT: 0.2 ms]
   [Other: 1.2 ms]
      [Choose CSet: 0.0 ms]
      [Ref Proc: 0.3 ms]
      [Ref Enq: 0.0 ms]
      [Redirty Cards: 0.2 ms]
      [Humongous Register: 0.3 ms]
      [Humongous Reclaim: 0.0 ms]
      [Free CSet: 0.1 ms]
   [Eden: 46080.0K(46080.0K)->0.0B(46080.0K) Survivors: 6144.0K->6144.0K Heap: 386.0M(1024.0M)->345.5M(1024.0M)]
 [Times: user=0.06 sys=0.00, real=0.01 secs] 
2021-03-17T15:02:58.959+0700: 85513.562: [GC pause (G1 Evacuation Pause) (young), 0.0438519 secs]
   [Parallel Time: 41.9 ms, GC Workers: 4]
      [GC Worker Start (ms): Min: 85513563.2, Avg: 85513563.3, Max: 85513563.4, Diff: 0.2]
      [Ext Root Scanning (ms): Min: 1.4, Avg: 1.7, Max: 2.6, Diff: 1.2, Sum: 6.8]
      [Update RS (ms): Min: 2.0, Avg: 2.5, Max: 2.8, Diff: 0.8, Sum: 10.2]
         [Processed Buffers: Min: 2, Avg: 9.8, Max: 22, Diff: 20, Sum: 39]
      [Scan RS (ms): Min: 3.4, Avg: 3.8, Max: 4.2, Diff: 0.7, Sum: 15.0]
      [Code Root Scanning (ms): Min: 0.0, Avg: 0.0, Max: 0.1, Diff: 0.0, Sum: 0.1]
      [Object Copy (ms): Min: 32.6, Avg: 33.4, Max: 33.8, Diff: 1.2, Sum: 133.5]
      [Termination (ms): Min: 0.0, Avg: 0.2, Max: 0.4, Diff: 0.4, Sum: 0.6]
         [Termination Attempts: Min: 1, Avg: 1.8, Max: 3, Diff: 2, Sum: 7]
      [GC Worker Other (ms): Min: 0.1, Avg: 0.1, Max: 0.1, Diff: 0.0, Sum: 0.2]
      [GC Worker Total (ms): Min: 41.5, Avg: 41.6, Max: 41.7, Diff: 0.2, Sum: 166.5]
      [GC Worker End (ms): Min: 85513604.9, Avg: 85513604.9, Max: 85513605.0, Diff: 0.0]
   [Code Root Fixup: 0.0 ms]
   [Code Root Purge: 0.0 ms]
   [Clear CT: 0.1 ms]
   [Other: 1.8 ms]
      [Choose CSet: 0.0 ms]
      [Ref Proc: 0.3 ms]
      [Ref Enq: 0.0 ms]
      [Redirty Cards: 0.1 ms]
      [Humongous Register: 0.7 ms]
      [Humongous Reclaim: 0.1 ms]
      [Free CSet: 0.2 ms]
   [Eden: 46080.0K(46080.0K)->0.0B(45056.0K) Survivors: 6144.0K->7168.0K Heap: 390.5M(1024.0M)->350.0M(1024.0M)]
 [Times: user=0.15 sys=0.00, real=0.04 secs] 
2021-03-17T15:07:22.659+0700: 85777.263: [GC pause (G1 Evacuation Pause) (young), 0.0310041 secs]
   [Parallel Time: 28.7 ms, GC Workers: 4]
      [GC Worker Start (ms): Min: 85777263.7, Avg: 85777263.9, Max: 85777264.0, Diff: 0.3]
      [Ext Root Scanning (ms): Min: 2.7, Avg: 4.1, Max: 8.0, Diff: 5.3, Sum: 16.6]
      [Update RS (ms): Min: 0.0, Avg: 3.3, Max: 4.7, Diff: 4.7, Sum: 13.3]
         [Processed Buffers: Min: 0, Avg: 9.5, Max: 21, Diff: 21, Sum: 38]
      [Scan RS (ms): Min: 2.8, Avg: 3.2, Max: 3.7, Diff: 0.9, Sum: 13.0]
      [Code Root Scanning (ms): Min: 0.0, Avg: 0.0, Max: 0.1, Diff: 0.1, Sum: 0.1]
      [Object Copy (ms): Min: 17.2, Avg: 17.5, Max: 17.8, Diff: 0.6, Sum: 69.8]
      [Termination (ms): Min: 0.0, Avg: 0.0, Max: 0.1, Diff: 0.0, Sum: 0.1]
         [Termination Attempts: Min: 1, Avg: 2.8, Max: 7, Diff: 6, Sum: 11]
      [GC Worker Other (ms): Min: 0.0, Avg: 0.1, Max: 0.1, Diff: 0.0, Sum: 0.2]
      [GC Worker Total (ms): Min: 28.1, Avg: 28.3, Max: 28.4, Diff: 0.3, Sum: 113.1]
      [GC Worker End (ms): Min: 85777292.1, Avg: 85777292.1, Max: 85777292.1, Diff: 0.0]
   [Code Root Fixup: 0.0 ms]
   [Code Root Purge: 0.0 ms]
   [Clear CT: 0.3 ms]
   [Other: 2.0 ms]
      [Choose CSet: 0.0 ms]
      [Ref Proc: 0.3 ms]
      [Ref Enq: 0.0 ms]
      [Redirty Cards: 0.3 ms]
      [Humongous Register: 0.8 ms]
      [Humongous Reclaim: 0.1 ms]
      [Free CSet: 0.1 ms]
   [Eden: 45056.0K(45056.0K)->0.0B(47104.0K) Survivors: 7168.0K->5120.0K Heap: 394.0M(1024.0M)->352.0M(1024.0M)]
 [Times: user=0.08 sys=0.00, real=0.03 secs] 
2021-03-17T15:11:33.092+0700: 86027.695: [GC pause (G1 Evacuation Pause) (young), 0.0157587 secs]
   [Parallel Time: 14.7 ms, GC Workers: 4]
      [GC Worker Start (ms): Min: 86027695.6, Avg: 86027695.7, Max: 86027695.9, Diff: 0.3]
      [Ext Root Scanning (ms): Min: 0.7, Avg: 0.8, Max: 0.9, Diff: 0.2, Sum: 3.2]
      [Update RS (ms): Min: 0.5, Avg: 0.7, Max: 0.7, Diff: 0.2, Sum: 2.6]
         [Processed Buffers: Min: 1, Avg: 9.5, Max: 18, Diff: 17, Sum: 38]
      [Scan RS (ms): Min: 1.7, Avg: 1.8, Max: 1.8, Diff: 0.1, Sum: 7.1]
      [Code Root Scanning (ms): Min: 0.0, Avg: 0.0, Max: 0.0, Diff: 0.0, Sum: 0.1]
      [Object Copy (ms): Min: 10.9, Avg: 11.1, Max: 11.3, Diff: 0.4, Sum: 44.3]
      [Termination (ms): Min: 0.0, Avg: 0.0, Max: 0.0, Diff: 0.0, Sum: 0.0]
         [Termination Attempts: Min: 1, Avg: 1.0, Max: 1, Diff: 0, Sum: 4]
      [GC Worker Other (ms): Min: 0.0, Avg: 0.1, Max: 0.2, Diff: 0.2, Sum: 0.3]
      [GC Worker Total (ms): Min: 14.3, Avg: 14.4, Max: 14.4, Diff: 0.1, Sum: 57.6]
      [GC Worker End (ms): Min: 86027710.1, Avg: 86027710.1, Max: 86027710.2, Diff: 0.2]
   [Code Root Fixup: 0.0 ms]
   [Code Root Purge: 0.0 ms]
   [Clear CT: 0.2 ms]
   [Other: 0.9 ms]
      [Choose CSet: 0.0 ms]
      [Ref Proc: 0.3 ms]
      [Ref Enq: 0.0 ms]
      [Redirty Cards: 0.1 ms]
      [Humongous Register: 0.1 ms]
      [Humongous Reclaim: 0.0 ms]
      [Free CSet: 0.1 ms]
   [Eden: 47104.0K(47104.0K)->0.0B(45056.0K) Survivors: 5120.0K->7168.0K Heap: 398.0M(1024.0M)->357.0M(1024.0M)]
 [Times: user=0.06 sys=0.00, real=0.02 secs] 
2021-03-17T15:15:58.633+0700: 86293.237: [GC pause (G1 Evacuation Pause) (young), 0.0442390 secs]
   [Parallel Time: 42.4 ms, GC Workers: 4]
      [GC Worker Start (ms): Min: 86293238.0, Avg: 86293238.7, Max: 86293240.2, Diff: 2.2]
      [Ext Root Scanning (ms): Min: 0.1, Avg: 1.3, Max: 1.9, Diff: 1.8, Sum: 5.3]
      [Update RS (ms): Min: 2.1, Avg: 2.2, Max: 2.5, Diff: 0.4, Sum: 9.0]
         [Processed Buffers: Min: 1, Avg: 9.8, Max: 16, Diff: 15, Sum: 39]
      [Scan RS (ms): Min: 5.3, Avg: 5.4, Max: 5.5, Diff: 0.2, Sum: 21.6]
      [Code Root Scanning (ms): Min: 0.0, Avg: 0.0, Max: 0.1, Diff: 0.0, Sum: 0.2]
      [Object Copy (ms): Min: 32.2, Avg: 32.5, Max: 32.8, Diff: 0.6, Sum: 130.0]
      [Termination (ms): Min: 0.0, Avg: 0.0, Max: 0.0, Diff: 0.0, Sum: 0.0]
         [Termination Attempts: Min: 2, Avg: 3.2, Max: 5, Diff: 3, Sum: 13]
      [GC Worker Other (ms): Min: 0.1, Avg: 0.1, Max: 0.1, Diff: 0.0, Sum: 0.2]
      [GC Worker Total (ms): Min: 40.0, Avg: 41.6, Max: 42.3, Diff: 2.2, Sum: 166.2]
      [GC Worker End (ms): Min: 86293280.2, Avg: 86293280.2, Max: 86293280.2, Diff: 0.0]
   [Code Root Fixup: 0.0 ms]
   [Code Root Purge: 0.0 ms]
   [Clear CT: 0.2 ms]
   [Other: 1.7 ms]
      [Choose CSet: 0.0 ms]
      [Ref Proc: 0.3 ms]
      [Ref Enq: 0.0 ms]
      [Redirty Cards: 0.1 ms]
      [Humongous Register: 0.8 ms]
      [Humongous Reclaim: 0.0 ms]
      [Free CSet: 0.1 ms]
   [Eden: 45056.0K(45056.0K)->0.0B(47104.0K) Survivors: 7168.0K->5120.0K Heap: 401.0M(1024.0M)->363.8M(1024.0M)]
 [Times: user=0.10 sys=0.01, real=0.05 secs] 
2021-03-17T15:22:47.984+0700: 86702.588: [GC pause (G1 Evacuation Pause) (young) (initial-mark), 0.0381247 secs]
   [Parallel Time: 36.4 ms, GC Workers: 4]
      [GC Worker Start (ms): Min: 86702588.9, Avg: 86702589.0, Max: 86702589.2, Diff: 0.3]
      [Ext Root Scanning (ms): Min: 1.9, Avg: 2.1, Max: 2.3, Diff: 0.4, Sum: 8.2]
      [Update RS (ms): Min: 2.3, Avg: 2.7, Max: 3.3, Diff: 1.0, Sum: 10.9]
         [Processed Buffers: Min: 6, Avg: 10.8, Max: 16, Diff: 10, Sum: 43]
      [Scan RS (ms): Min: 4.0, Avg: 4.2, Max: 4.5, Diff: 0.5, Sum: 17.0]
      [Code Root Scanning (ms): Min: 0.0, Avg: 0.0, Max: 0.1, Diff: 0.1, Sum: 0.1]
      [Object Copy (ms): Min: 26.7, Avg: 26.9, Max: 27.1, Diff: 0.4, Sum: 107.8]
      [Termination (ms): Min: 0.0, Avg: 0.0, Max: 0.0, Diff: 0.0, Sum: 0.0]
         [Termination Attempts: Min: 1, Avg: 1.5, Max: 3, Diff: 2, Sum: 6]
      [GC Worker Other (ms): Min: 0.1, Avg: 0.1, Max: 0.1, Diff: 0.0, Sum: 0.2]
      [GC Worker Total (ms): Min: 35.9, Avg: 36.1, Max: 36.2, Diff: 0.3, Sum: 144.3]
      [GC Worker End (ms): Min: 86702625.1, Avg: 86702625.1, Max: 86702625.1, Diff: 0.0]
   [Code Root Fixup: 0.0 ms]
   [Code Root Purge: 0.0 ms]
   [Clear CT: 0.1 ms]
   [Other: 1.6 ms]
      [Choose CSet: 0.0 ms]
      [Ref Proc: 0.2 ms]
      [Ref Enq: 0.0 ms]
      [Redirty Cards: 0.1 ms]
      [Humongous Register: 0.1 ms]
      [Humongous Reclaim: 0.0 ms]
      [Free CSet: 0.1 ms]
   [Eden: 47104.0K(47104.0K)->0.0B(47104.0K) Survivors: 5120.0K->5120.0K Heap: 409.8M(1024.0M)->368.0M(1024.0M)]
 [Times: user=0.11 sys=0.02, real=0.04 secs] 
2021-03-17T15:22:48.023+0700: 86702.626: [GC concurrent-root-region-scan-start]
2021-03-17T15:22:48.031+0700: 86702.635: [GC concurrent-root-region-scan-end, 0.0086105 secs]
2021-03-17T15:22:48.031+0700: 86702.635: [GC concurrent-mark-start]
2021-03-17T15:22:48.055+0700: 86702.659: [GC concurrent-mark-end, 0.0242519 secs]
2021-03-17T15:22:48.056+0700: 86702.659: [GC remark 2021-03-17T15:22:48.056+0700: 86702.659: [Finalize Marking, 0.0001753 secs] 2021-03-17T15:22:48.056+0700: 86702.660: [GC ref-proc, 0.0004599 secs] 2021-03-17T15:22:48.057+0700: 86702.660: [Unloading, 0.0084308 secs], 0.0108137 secs]
 [Times: user=0.00 sys=0.00, real=0.02 secs] 
2021-03-17T15:22:48.067+0700: 86702.670: [GC cleanup 368M->281M(1024M), 0.0019513 secs]
 [Times: user=0.00 sys=0.00, real=0.00 secs] 
2021-03-17T15:22:48.069+0700: 86702.673: [GC concurrent-cleanup-start]
2021-03-17T15:22:48.069+0700: 86702.673: [GC concurrent-cleanup-end, 0.0003540 secs]
2021-03-17T15:27:24.870+0700: 86979.473: [GC pause (G1 Evacuation Pause) (young), 0.0283188 secs]
   [Parallel Time: 26.2 ms, GC Workers: 4]
      [GC Worker Start (ms): Min: 86979474.2, Avg: 86979474.3, Max: 86979474.4, Diff: 0.2]
      [Ext Root Scanning (ms): Min: 1.4, Avg: 1.5, Max: 1.6, Diff: 0.2, Sum: 5.8]
      [Update RS (ms): Min: 1.4, Avg: 1.6, Max: 1.9, Diff: 0.5, Sum: 6.4]
         [Processed Buffers: Min: 5, Avg: 8.8, Max: 12, Diff: 7, Sum: 35]
      [Scan RS (ms): Min: 4.3, Avg: 4.4, Max: 4.5, Diff: 0.2, Sum: 17.5]
      [Code Root Scanning (ms): Min: 0.0, Avg: 0.0, Max: 0.1, Diff: 0.1, Sum: 0.2]
      [Object Copy (ms): Min: 18.1, Avg: 18.2, Max: 18.3, Diff: 0.3, Sum: 72.9]
      [Termination (ms): Min: 0.0, Avg: 0.0, Max: 0.0, Diff: 0.0, Sum: 0.0]
         [Termination Attempts: Min: 1, Avg: 1.0, Max: 1, Diff: 0, Sum: 4]
      [GC Worker Other (ms): Min: 0.1, Avg: 0.1, Max: 0.2, Diff: 0.1, Sum: 0.3]
      [GC Worker Total (ms): Min: 25.7, Avg: 25.8, Max: 25.9, Diff: 0.2, Sum: 103.2]
      [GC Worker End (ms): Min: 86979500.1, Avg: 86979500.1, Max: 86979500.2, Diff: 0.1]
   [Code Root Fixup: 0.0 ms]
   [Code Root Purge: 0.0 ms]
   [Clear CT: 0.1 ms]
   [Other: 2.0 ms]
      [Choose CSet: 0.0 ms]
      [Ref Proc: 0.4 ms]
      [Ref Enq: 0.0 ms]
      [Redirty Cards: 0.2 ms]
      [Humongous Register: 0.6 ms]
      [Humongous Reclaim: 0.1 ms]
      [Free CSet: 0.1 ms]
   [Eden: 47104.0K(47104.0K)->0.0B(45056.0K) Survivors: 5120.0K->7168.0K Heap: 327.0M(1024.0M)->284.5M(1024.0M)]
 [Times: user=0.06 sys=0.00, real=0.03 secs] 
2021-03-17T15:31:52.489+0700: 87247.093: [GC pause (G1 Evacuation Pause) (mixed), 0.0387918 secs]
   [Parallel Time: 37.0 ms, GC Workers: 4]
      [GC Worker Start (ms): Min: 87247093.9, Avg: 87247094.0, Max: 87247094.1, Diff: 0.2]
      [Ext Root Scanning (ms): Min: 2.4, Avg: 2.8, Max: 3.3, Diff: 0.8, Sum: 11.2]
      [Update RS (ms): Min: 1.3, Avg: 1.7, Max: 2.3, Diff: 1.0, Sum: 6.7]
         [Processed Buffers: Min: 5, Avg: 9.8, Max: 13, Diff: 8, Sum: 39]
      [Scan RS (ms): Min: 3.8, Avg: 4.3, Max: 4.5, Diff: 0.7, Sum: 17.1]
      [Code Root Scanning (ms): Min: 0.0, Avg: 0.1, Max: 0.2, Diff: 0.2, Sum: 0.3]
      [Object Copy (ms): Min: 27.7, Avg: 27.9, Max: 28.1, Diff: 0.5, Sum: 111.5]
      [Termination (ms): Min: 0.0, Avg: 0.0, Max: 0.0, Diff: 0.0, Sum: 0.0]
         [Termination Attempts: Min: 1, Avg: 1.0, Max: 1, Diff: 0, Sum: 4]
      [GC Worker Other (ms): Min: 0.1, Avg: 0.1, Max: 0.1, Diff: 0.0, Sum: 0.2]
      [GC Worker Total (ms): Min: 36.7, Avg: 36.8, Max: 36.9, Diff: 0.2, Sum: 147.2]
      [GC Worker End (ms): Min: 87247130.8, Avg: 87247130.8, Max: 87247130.8, Diff: 0.0]
   [Code Root Fixup: 0.0 ms]
   [Code Root Purge: 0.0 ms]
   [Clear CT: 0.1 ms]
   [Other: 1.6 ms]
      [Choose CSet: 0.1 ms]
      [Ref Proc: 0.2 ms]
      [Ref Enq: 0.0 ms]
      [Redirty Cards: 0.1 ms]
      [Humongous Register: 0.6 ms]
      [Humongous Reclaim: 0.0 ms]
      [Free CSet: 0.1 ms]
   [Eden: 45056.0K(45056.0K)->0.0B(47104.0K) Survivors: 7168.0K->5120.0K Heap: 328.5M(1024.0M)->270.5M(1024.0M)]
 [Times: user=0.17 sys=0.02, real=0.04 secs] 
2021-03-17T15:36:28.168+0700: 87522.772: [GC pause (G1 Evacuation Pause) (mixed), 0.0308193 secs]
   [Parallel Time: 28.5 ms, GC Workers: 4]
      [GC Worker Start (ms): Min: 87522773.4, Avg: 87522774.5, Max: 87522777.1, Diff: 3.7]
      [Ext Root Scanning (ms): Min: 0.1, Avg: 1.6, Max: 2.3, Diff: 2.3, Sum: 6.6]
      [Update RS (ms): Min: 1.9, Avg: 2.6, Max: 3.1, Diff: 1.2, Sum: 10.2]
         [Processed Buffers: Min: 2, Avg: 10.0, Max: 23, Diff: 21, Sum: 40]
      [Scan RS (ms): Min: 4.5, Avg: 4.6, Max: 4.7, Diff: 0.3, Sum: 18.2]
      [Code Root Scanning (ms): Min: 0.0, Avg: 0.1, Max: 0.3, Diff: 0.2, Sum: 0.4]
      [Object Copy (ms): Min: 17.9, Avg: 18.2, Max: 18.8, Diff: 0.9, Sum: 72.6]
      [Termination (ms): Min: 0.0, Avg: 0.0, Max: 0.0, Diff: 0.0, Sum: 0.0]
         [Termination Attempts: Min: 1, Avg: 1.2, Max: 2, Diff: 1, Sum: 5]
      [GC Worker Other (ms): Min: 0.0, Avg: 0.1, Max: 0.2, Diff: 0.2, Sum: 0.4]
      [GC Worker Total (ms): Min: 24.5, Avg: 27.1, Max: 28.2, Diff: 3.7, Sum: 108.5]
      [GC Worker End (ms): Min: 87522801.6, Avg: 87522801.7, Max: 87522801.8, Diff: 0.2]
   [Code Root Fixup: 0.0 ms]
   [Code Root Purge: 0.0 ms]
   [Clear CT: 0.2 ms]
   [Other: 2.1 ms]
      [Choose CSet: 0.1 ms]
      [Ref Proc: 0.3 ms]
      [Ref Enq: 0.0 ms]
      [Redirty Cards: 0.1 ms]
      [Humongous Register: 0.8 ms]
      [Humongous Reclaim: 0.0 ms]
      [Free CSet: 0.1 ms]
   [Eden: 47104.0K(47104.0K)->0.0B(46080.0K) Survivors: 5120.0K->6144.0K Heap: 316.5M(1024.0M)->256.5M(1024.0M)]
 [Times: user=0.12 sys=0.00, real=0.03 secs] 
2021-03-17T15:40:52.420+0700: 87787.023: [GC pause (G1 Evacuation Pause) (mixed), 0.0187452 secs]
   [Parallel Time: 17.4 ms, GC Workers: 4]
      [GC Worker Start (ms): Min: 87787023.8, Avg: 87787023.9, Max: 87787024.0, Diff: 0.2]
      [Ext Root Scanning (ms): Min: 0.7, Avg: 0.8, Max: 0.9, Diff: 0.2, Sum: 3.0]
      [Update RS (ms): Min: 0.8, Avg: 1.0, Max: 1.4, Diff: 0.6, Sum: 3.9]
         [Processed Buffers: Min: 7, Avg: 10.2, Max: 14, Diff: 7, Sum: 41]
      [Scan RS (ms): Min: 2.3, Avg: 2.7, Max: 2.9, Diff: 0.6, Sum: 10.8]
      [Code Root Scanning (ms): Min: 0.0, Avg: 0.0, Max: 0.0, Diff: 0.0, Sum: 0.1]
      [Object Copy (ms): Min: 12.6, Avg: 12.6, Max: 12.7, Diff: 0.1, Sum: 50.5]
      [Termination (ms): Min: 0.0, Avg: 0.0, Max: 0.0, Diff: 0.0, Sum: 0.0]
         [Termination Attempts: Min: 1, Avg: 1.8, Max: 4, Diff: 3, Sum: 7]
      [GC Worker Other (ms): Min: 0.0, Avg: 0.1, Max: 0.1, Diff: 0.1, Sum: 0.2]
      [GC Worker Total (ms): Min: 17.0, Avg: 17.2, Max: 17.3, Diff: 0.2, Sum: 68.6]
      [GC Worker End (ms): Min: 87787041.0, Avg: 87787041.0, Max: 87787041.1, Diff: 0.1]
   [Code Root Fixup: 0.0 ms]
   [Code Root Purge: 0.0 ms]
   [Clear CT: 0.2 ms]
   [Other: 1.2 ms]
      [Choose CSet: 0.1 ms]
      [Ref Proc: 0.2 ms]
      [Ref Enq: 0.0 ms]
      [Redirty Cards: 0.1 ms]
      [Humongous Register: 0.3 ms]
      [Humongous Reclaim: 0.0 ms]
      [Free CSet: 0.1 ms]
   [Eden: 46080.0K(46080.0K)->0.0B(46080.0K) Survivors: 6144.0K->6144.0K Heap: 301.5M(1024.0M)->242.0M(1024.0M)]
 [Times: user=0.06 sys=0.00, real=0.02 secs] 
2021-03-17T15:45:12.854+0700: 88047.458: [GC pause (G1 Evacuation Pause) (mixed), 0.0392293 secs]
   [Parallel Time: 38.0 ms, GC Workers: 4]
      [GC Worker Start (ms): Min: 88047458.1, Avg: 88047458.7, Max: 88047460.4, Diff: 2.3]
      [Ext Root Scanning (ms): Min: 0.2, Avg: 1.7, Max: 2.4, Diff: 2.2, Sum: 6.8]
      [Update RS (ms): Min: 1.7, Avg: 1.8, Max: 2.1, Diff: 0.4, Sum: 7.4]
         [Processed Buffers: Min: 1, Avg: 10.5, Max: 19, Diff: 18, Sum: 42]
      [Scan RS (ms): Min: 5.5, Avg: 5.6, Max: 5.6, Diff: 0.1, Sum: 22.3]
      [Code Root Scanning (ms): Min: 0.0, Avg: 0.1, Max: 0.1, Diff: 0.1, Sum: 0.3]
      [Object Copy (ms): Min: 27.5, Avg: 27.9, Max: 28.4, Diff: 0.8, Sum: 111.7]
      [Termination (ms): Min: 0.0, Avg: 0.1, Max: 0.1, Diff: 0.1, Sum: 0.2]
         [Termination Attempts: Min: 1, Avg: 1.0, Max: 1, Diff: 0, Sum: 4]
      [GC Worker Other (ms): Min: 0.1, Avg: 0.1, Max: 0.1, Diff: 0.0, Sum: 0.2]
      [GC Worker Total (ms): Min: 35.6, Avg: 37.3, Max: 37.9, Diff: 2.3, Sum: 149.0]
      [GC Worker End (ms): Min: 88047495.9, Avg: 88047495.9, Max: 88047495.9, Diff: 0.0]
   [Code Root Fixup: 0.0 ms]
   [Code Root Purge: 0.0 ms]
   [Clear CT: 0.2 ms]
   [Other: 1.1 ms]
      [Choose CSet: 0.1 ms]
      [Ref Proc: 0.2 ms]
      [Ref Enq: 0.0 ms]
      [Redirty Cards: 0.1 ms]
      [Humongous Register: 0.1 ms]
      [Humongous Reclaim: 0.0 ms]
      [Free CSet: 0.1 ms]
   [Eden: 46080.0K(46080.0K)->0.0B(46080.0K) Survivors: 6144.0K->6144.0K Heap: 287.0M(1024.0M)->227.0M(1024.0M)]
 [Times: user=0.12 sys=0.00, real=0.04 secs] 
2021-03-17T15:49:20.120+0700: 88294.724: [GC pause (G1 Evacuation Pause) (mixed), 0.0331068 secs]
   [Parallel Time: 31.1 ms, GC Workers: 4]
      [GC Worker Start (ms): Min: 88294724.7, Avg: 88294724.9, Max: 88294725.2, Diff: 0.4]
      [Ext Root Scanning (ms): Min: 1.2, Avg: 1.5, Max: 1.7, Diff: 0.5, Sum: 6.0]
      [Update RS (ms): Min: 1.6, Avg: 1.7, Max: 1.9, Diff: 0.3, Sum: 6.9]
         [Processed Buffers: Min: 1, Avg: 11.2, Max: 22, Diff: 21, Sum: 45]
      [Scan RS (ms): Min: 3.6, Avg: 3.8, Max: 4.0, Diff: 0.3, Sum: 15.1]
      [Code Root Scanning (ms): Min: 0.1, Avg: 0.1, Max: 0.2, Diff: 0.1, Sum: 0.5]
      [Object Copy (ms): Min: 23.4, Avg: 23.5, Max: 23.6, Diff: 0.2, Sum: 93.9]
      [Termination (ms): Min: 0.0, Avg: 0.0, Max: 0.0, Diff: 0.0, Sum: 0.0]
         [Termination Attempts: Min: 1, Avg: 1.0, Max: 1, Diff: 0, Sum: 4]
      [GC Worker Other (ms): Min: 0.1, Avg: 0.1, Max: 0.2, Diff: 0.1, Sum: 0.4]
      [GC Worker Total (ms): Min: 30.4, Avg: 30.7, Max: 30.8, Diff: 0.4, Sum: 122.7]
      [GC Worker End (ms): Min: 88294755.5, Avg: 88294755.5, Max: 88294755.5, Diff: 0.0]
   [Code Root Fixup: 0.0 ms]
   [Code Root Purge: 0.0 ms]
   [Clear CT: 0.2 ms]
   [Other: 1.8 ms]
      [Choose CSet: 0.1 ms]
      [Ref Proc: 0.3 ms]
      [Ref Enq: 0.0 ms]
      [Redirty Cards: 0.2 ms]
      [Humongous Register: 0.6 ms]
      [Humongous Reclaim: 0.0 ms]
      [Free CSet: 0.1 ms]
   [Eden: 46080.0K(46080.0K)->0.0B(46080.0K) Survivors: 6144.0K->6144.0K Heap: 272.0M(1024.0M)->220.0M(1024.0M)]
 [Times: user=0.11 sys=0.00, real=0.03 secs] 
2021-03-17T15:53:44.394+0700: 88558.998: [GC pause (G1 Evacuation Pause) (young), 0.0323846 secs]
   [Parallel Time: 30.1 ms, GC Workers: 4]
      [GC Worker Start (ms): Min: 88558998.9, Avg: 88558999.3, Max: 88559000.4, Diff: 1.5]
      [Ext Root Scanning (ms): Min: 0.5, Avg: 1.5, Max: 2.0, Diff: 1.5, Sum: 6.1]
      [Update RS (ms): Min: 3.3, Avg: 3.5, Max: 3.7, Diff: 0.4, Sum: 13.9]
         [Processed Buffers: Min: 2, Avg: 11.0, Max: 19, Diff: 17, Sum: 44]
      [Scan RS (ms): Min: 2.9, Avg: 3.1, Max: 3.7, Diff: 0.8, Sum: 12.5]
      [Code Root Scanning (ms): Min: 0.0, Avg: 0.0, Max: 0.1, Diff: 0.1, Sum: 0.2]
      [Object Copy (ms): Min: 20.5, Avg: 21.0, Max: 21.3, Diff: 0.8, Sum: 84.2]
      [Termination (ms): Min: 0.0, Avg: 0.1, Max: 0.2, Diff: 0.2, Sum: 0.6]
         [Termination Attempts: Min: 1, Avg: 1.0, Max: 1, Diff: 0, Sum: 4]
      [GC Worker Other (ms): Min: 0.1, Avg: 0.1, Max: 0.1, Diff: 0.0, Sum: 0.3]
      [GC Worker Total (ms): Min: 28.4, Avg: 29.4, Max: 29.9, Diff: 1.5, Sum: 117.6]
      [GC Worker End (ms): Min: 88559028.6, Avg: 88559028.7, Max: 88559028.8, Diff: 0.1]
   [Code Root Fixup: 0.0 ms]
   [Code Root Purge: 0.0 ms]
   [Clear CT: 0.2 ms]
   [Other: 2.1 ms]
      [Choose CSet: 0.0 ms]
      [Ref Proc: 0.3 ms]
      [Ref Enq: 0.0 ms]
      [Redirty Cards: 0.1 ms]
      [Humongous Register: 0.8 ms]
      [Humongous Reclaim: 0.1 ms]
      [Free CSet: 0.1 ms]
   [Eden: 46080.0K(46080.0K)->0.0B(46080.0K) Survivors: 6144.0K->6144.0K Heap: 265.0M(1024.0M)->224.5M(1024.0M)]
 [Times: user=0.10 sys=0.00, real=0.03 secs] 
2021-03-17T15:58:04.070+0700: 88818.673: [GC pause (G1 Evacuation Pause) (young), 0.0211107 secs]
   [Parallel Time: 19.2 ms, GC Workers: 4]
      [GC Worker Start (ms): Min: 88818673.6, Avg: 88818675.3, Max: 88818680.3, Diff: 6.6]
      [Ext Root Scanning (ms): Min: 0.0, Avg: 0.6, Max: 0.8, Diff: 0.8, Sum: 2.4]
      [Update RS (ms): Min: 0.0, Avg: 1.0, Max: 1.8, Diff: 1.8, Sum: 3.9]
         [Processed Buffers: Min: 0, Avg: 10.8, Max: 36, Diff: 36, Sum: 43]
      [Scan RS (ms): Min: 0.0, Avg: 1.3, Max: 1.9, Diff: 1.9, Sum: 5.1]
      [Code Root Scanning (ms): Min: 0.0, Avg: 0.0, Max: 0.1, Diff: 0.1, Sum: 0.1]
      [Object Copy (ms): Min: 12.1, Avg: 14.3, Max: 15.0, Diff: 2.9, Sum: 57.1]
      [Termination (ms): Min: 0.0, Avg: 0.2, Max: 0.3, Diff: 0.3, Sum: 0.9]
         [Termination Attempts: Min: 1, Avg: 1.8, Max: 3, Diff: 2, Sum: 7]
      [GC Worker Other (ms): Min: 0.0, Avg: 0.0, Max: 0.0, Diff: 0.0, Sum: 0.1]
      [GC Worker Total (ms): Min: 12.5, Avg: 17.4, Max: 19.1, Diff: 6.6, Sum: 69.6]
      [GC Worker End (ms): Min: 88818692.6, Avg: 88818692.7, Max: 88818692.8, Diff: 0.2]
   [Code Root Fixup: 0.0 ms]
   [Code Root Purge: 0.0 ms]
   [Clear CT: 0.1 ms]
   [Other: 1.8 ms]
      [Choose CSet: 0.0 ms]
      [Ref Proc: 0.8 ms]
      [Ref Enq: 0.0 ms]
      [Redirty Cards: 0.2 ms]
      [Humongous Register: 0.3 ms]
      [Humongous Reclaim: 0.1 ms]
      [Free CSet: 0.1 ms]
   [Eden: 46080.0K(46080.0K)->0.0B(45056.0K) Survivors: 6144.0K->7168.0K Heap: 269.5M(1024.0M)->229.0M(1024.0M)]
 [Times: user=0.09 sys=0.00, real=0.02 secs] 
2021-03-17T16:02:31.134+0700: 89085.738: [GC pause (G1 Evacuation Pause) (young), 0.0136351 secs]
   [Parallel Time: 12.4 ms, GC Workers: 4]
      [GC Worker Start (ms): Min: 89085738.1, Avg: 89085738.3, Max: 89085738.7, Diff: 0.6]
      [Ext Root Scanning (ms): Min: 0.4, Avg: 0.8, Max: 0.9, Diff: 0.5, Sum: 3.2]
      [Update RS (ms): Min: 0.8, Avg: 1.0, Max: 1.4, Diff: 0.6, Sum: 4.2]
         [Processed Buffers: Min: 1, Avg: 10.2, Max: 17, Diff: 16, Sum: 41]
      [Scan RS (ms): Min: 1.0, Avg: 1.2, Max: 1.3, Diff: 0.4, Sum: 4.9]
      [Code Root Scanning (ms): Min: 0.0, Avg: 0.0, Max: 0.0, Diff: 0.0, Sum: 0.1]
      [Object Copy (ms): Min: 9.0, Avg: 9.0, Max: 9.1, Diff: 0.1, Sum: 36.1]
      [Termination (ms): Min: 0.0, Avg: 0.0, Max: 0.0, Diff: 0.0, Sum: 0.0]
         [Termination Attempts: Min: 1, Avg: 1.2, Max: 2, Diff: 1, Sum: 5]
      [GC Worker Other (ms): Min: 0.0, Avg: 0.0, Max: 0.0, Diff: 0.0, Sum: 0.1]
      [GC Worker Total (ms): Min: 11.8, Avg: 12.1, Max: 12.4, Diff: 0.6, Sum: 48.5]
      [GC Worker End (ms): Min: 89085750.5, Avg: 89085750.5, Max: 89085750.5, Diff: 0.0]
   [Code Root Fixup: 0.0 ms]
   [Code Root Purge: 0.0 ms]
   [Clear CT: 0.1 ms]
   [Other: 1.0 ms]
      [Choose CSet: 0.0 ms]
      [Ref Proc: 0.4 ms]
      [Ref Enq: 0.0 ms]
      [Redirty Cards: 0.2 ms]
      [Humongous Register: 0.1 ms]
      [Humongous Reclaim: 0.1 ms]
      [Free CSet: 0.1 ms]
   [Eden: 45056.0K(45056.0K)->0.0B(47104.0K) Survivors: 7168.0K->5120.0K Heap: 273.0M(1024.0M)->231.0M(1024.0M)]
 [Times: user=0.00 sys=0.00, real=0.02 secs] 
2021-03-17T16:07:09.045+0700: 89363.649: [GC pause (G1 Evacuation Pause) (young), 0.0375340 secs]
   [Parallel Time: 35.9 ms, GC Workers: 4]
      [GC Worker Start (ms): Min: 89363650.1, Avg: 89363650.5, Max: 89363651.4, Diff: 1.4]
      [Ext Root Scanning (ms): Min: 0.5, Avg: 1.4, Max: 1.9, Diff: 1.4, Sum: 5.7]
      [Update RS (ms): Min: 2.6, Avg: 2.8, Max: 3.0, Diff: 0.4, Sum: 11.3]
         [Processed Buffers: Min: 2, Avg: 10.5, Max: 19, Diff: 17, Sum: 42]
      [Scan RS (ms): Min: 3.0, Avg: 3.3, Max: 3.5, Diff: 0.5, Sum: 13.0]
      [Code Root Scanning (ms): Min: 0.0, Avg: 0.0, Max: 0.2, Diff: 0.2, Sum: 0.2]
      [Object Copy (ms): Min: 27.3, Avg: 27.6, Max: 27.8, Diff: 0.4, Sum: 110.3]
      [Termination (ms): Min: 0.0, Avg: 0.0, Max: 0.0, Diff: 0.0, Sum: 0.0]
         [Termination Attempts: Min: 1, Avg: 1.2, Max: 2, Diff: 1, Sum: 5]
      [GC Worker Other (ms): Min: 0.0, Avg: 0.1, Max: 0.1, Diff: 0.1, Sum: 0.3]
      [GC Worker Total (ms): Min: 34.3, Avg: 35.2, Max: 35.6, Diff: 1.4, Sum: 140.9]
      [GC Worker End (ms): Min: 89363685.7, Avg: 89363685.7, Max: 89363685.7, Diff: 0.0]
   [Code Root Fixup: 0.0 ms]
   [Code Root Purge: 0.0 ms]
   [Clear CT: 0.1 ms]
   [Other: 1.5 ms]
      [Choose CSet: 0.0 ms]
      [Ref Proc: 0.2 ms]
      [Ref Enq: 0.0 ms]
      [Redirty Cards: 0.1 ms]
      [Humongous Register: 0.6 ms]
      [Humongous Reclaim: 0.0 ms]
      [Free CSet: 0.1 ms]
   [Eden: 47104.0K(47104.0K)->0.0B(45056.0K) Survivors: 5120.0K->7168.0K Heap: 277.0M(1024.0M)->234.5M(1024.0M)]
 [Times: user=0.11 sys=0.00, real=0.04 secs] 
2021-03-17T16:11:05.769+0700: 89600.372: [GC pause (G1 Evacuation Pause) (young), 0.0371522 secs]
   [Parallel Time: 34.1 ms, GC Workers: 4]
      [GC Worker Start (ms): Min: 89600372.7, Avg: 89600372.8, Max: 89600373.1, Diff: 0.4]
      [Ext Root Scanning (ms): Min: 0.9, Avg: 1.1, Max: 1.3, Diff: 0.4, Sum: 4.5]
      [Update RS (ms): Min: 2.1, Avg: 2.2, Max: 2.4, Diff: 0.3, Sum: 9.0]
         [Processed Buffers: Min: 2, Avg: 10.2, Max: 20, Diff: 18, Sum: 41]
      [Scan RS (ms): Min: 7.1, Avg: 7.5, Max: 7.7, Diff: 0.6, Sum: 29.9]
      [Code Root Scanning (ms): Min: 0.0, Avg: 0.0, Max: 0.1, Diff: 0.1, Sum: 0.2]
      [Object Copy (ms): Min: 22.3, Avg: 22.6, Max: 23.0, Diff: 0.8, Sum: 90.5]
      [Termination (ms): Min: 0.0, Avg: 0.0, Max: 0.1, Diff: 0.0, Sum: 0.1]
         [Termination Attempts: Min: 1, Avg: 1.0, Max: 1, Diff: 0, Sum: 4]
      [GC Worker Other (ms): Min: 0.0, Avg: 0.1, Max: 0.1, Diff: 0.0, Sum: 0.2]
      [GC Worker Total (ms): Min: 33.3, Avg: 33.6, Max: 33.7, Diff: 0.4, Sum: 134.3]
      [GC Worker End (ms): Min: 89600406.4, Avg: 89600406.4, Max: 89600406.4, Diff: 0.0]
   [Code Root Fixup: 0.0 ms]
   [Code Root Purge: 0.0 ms]
   [Clear CT: 0.5 ms]
   [Other: 2.5 ms]
      [Choose CSet: 0.0 ms]
      [Ref Proc: 1.4 ms]
      [Ref Enq: 0.0 ms]
      [Redirty Cards: 0.2 ms]
      [Humongous Register: 0.2 ms]
      [Humongous Reclaim: 0.1 ms]
      [Free CSet: 0.1 ms]
   [Eden: 45056.0K(45056.0K)->0.0B(45056.0K) Survivors: 7168.0K->7168.0K Heap: 278.5M(1024.0M)->242.7M(1024.0M)]
 [Times: user=0.14 sys=0.00, real=0.03 secs] 
2021-03-17T16:15:31.948+0700: 89866.551: [GC pause (G1 Evacuation Pause) (young), 0.0131001 secs]
   [Parallel Time: 11.7 ms, GC Workers: 4]
      [GC Worker Start (ms): Min: 89866552.0, Avg: 89866552.4, Max: 89866552.8, Diff: 0.9]
      [Ext Root Scanning (ms): Min: 0.7, Avg: 1.3, Max: 1.7, Diff: 1.0, Sum: 5.0]
      [Update RS (ms): Min: 0.3, Avg: 0.7, Max: 1.2, Diff: 0.9, Sum: 3.0]
         [Processed Buffers: Min: 1, Avg: 9.8, Max: 16, Diff: 15, Sum: 39]
      [Scan RS (ms): Min: 1.4, Avg: 1.8, Max: 1.9, Diff: 0.5, Sum: 7.1]
      [Code Root Scanning (ms): Min: 0.0, Avg: 0.0, Max: 0.0, Diff: 0.0, Sum: 0.1]
      [Object Copy (ms): Min: 7.1, Avg: 7.3, Max: 7.6, Diff: 0.6, Sum: 29.3]
      [Termination (ms): Min: 0.0, Avg: 0.0, Max: 0.0, Diff: 0.0, Sum: 0.0]
         [Termination Attempts: Min: 1, Avg: 1.0, Max: 1, Diff: 0, Sum: 4]
      [GC Worker Other (ms): Min: 0.0, Avg: 0.0, Max: 0.0, Diff: 0.0, Sum: 0.1]
      [GC Worker Total (ms): Min: 10.7, Avg: 11.1, Max: 11.6, Diff: 0.9, Sum: 44.5]
      [GC Worker End (ms): Min: 89866563.5, Avg: 89866563.5, Max: 89866563.6, Diff: 0.0]
   [Code Root Fixup: 0.0 ms]
   [Code Root Purge: 0.0 ms]
   [Clear CT: 0.2 ms]
   [Other: 1.2 ms]
      [Choose CSet: 0.0 ms]
      [Ref Proc: 0.2 ms]
      [Ref Enq: 0.0 ms]
      [Redirty Cards: 0.1 ms]
      [Humongous Register: 0.3 ms]
      [Humongous Reclaim: 0.0 ms]
      [Free CSet: 0.1 ms]
   [Eden: 45056.0K(45056.0K)->0.0B(48128.0K) Survivors: 7168.0K->4096.0K Heap: 286.7M(1024.0M)->244.5M(1024.0M)]
 [Times: user=0.00 sys=0.00, real=0.01 secs] 
2021-03-17T16:20:15.295+0700: 90149.898: [GC pause (G1 Evacuation Pause) (young), 0.0255214 secs]
   [Parallel Time: 23.2 ms, GC Workers: 4]
      [GC Worker Start (ms): Min: 90149898.6, Avg: 90149898.7, Max: 90149898.7, Diff: 0.1]
      [Ext Root Scanning (ms): Min: 1.1, Avg: 1.1, Max: 1.2, Diff: 0.1, Sum: 4.6]
      [Update RS (ms): Min: 1.8, Avg: 2.0, Max: 2.4, Diff: 0.7, Sum: 8.2]
         [Processed Buffers: Min: 2, Avg: 10.0, Max: 26, Diff: 24, Sum: 40]
      [Scan RS (ms): Min: 0.0, Avg: 0.2, Max: 0.5, Diff: 0.5, Sum: 0.9]
      [Code Root Scanning (ms): Min: 0.0, Avg: 0.0, Max: 0.1, Diff: 0.1, Sum: 0.2]
      [Object Copy (ms): Min: 19.1, Avg: 19.2, Max: 19.3, Diff: 0.2, Sum: 76.8]
      [Termination (ms): Min: 0.0, Avg: 0.0, Max: 0.0, Diff: 0.0, Sum: 0.0]
         [Termination Attempts: Min: 1, Avg: 1.0, Max: 1, Diff: 0, Sum: 4]
      [GC Worker Other (ms): Min: 0.1, Avg: 0.1, Max: 0.4, Diff: 0.3, Sum: 0.6]
      [GC Worker Total (ms): Min: 22.6, Avg: 22.8, Max: 23.0, Diff: 0.4, Sum: 91.2]
      [GC Worker End (ms): Min: 90149921.4, Avg: 90149921.5, Max: 90149921.7, Diff: 0.3]
   [Code Root Fixup: 0.0 ms]
   [Code Root Purge: 0.0 ms]
   [Clear CT: 0.6 ms]
   [Other: 1.6 ms]
      [Choose CSet: 0.0 ms]
      [Ref Proc: 0.4 ms]
      [Ref Enq: 0.0 ms]
      [Redirty Cards: 0.4 ms]
      [Humongous Register: 0.1 ms]
      [Humongous Reclaim: 0.1 ms]
      [Free CSet: 0.2 ms]
   [Eden: 48128.0K(48128.0K)->0.0B(45056.0K) Survivors: 4096.0K->7168.0K Heap: 291.5M(1024.0M)->247.5M(1024.0M)]
 [Times: user=0.07 sys=0.00, real=0.03 secs] 
2021-03-17T16:24:39.073+0700: 90413.677: [GC pause (G1 Evacuation Pause) (young), 0.0247858 secs]
   [Parallel Time: 21.8 ms, GC Workers: 4]
      [GC Worker Start (ms): Min: 90413678.1, Avg: 90413678.3, Max: 90413678.6, Diff: 0.5]
      [Ext Root Scanning (ms): Min: 1.6, Avg: 1.8, Max: 1.9, Diff: 0.4, Sum: 7.1]
      [Update RS (ms): Min: 1.0, Avg: 1.4, Max: 1.9, Diff: 0.9, Sum: 5.6]
         [Processed Buffers: Min: 1, Avg: 9.8, Max: 25, Diff: 24, Sum: 39]
      [Scan RS (ms): Min: 0.0, Avg: 0.3, Max: 0.7, Diff: 0.7, Sum: 1.4]
      [Code Root Scanning (ms): Min: 0.0, Avg: 0.0, Max: 0.1, Diff: 0.1, Sum: 0.1]
      [Object Copy (ms): Min: 17.2, Avg: 17.5, Max: 17.7, Diff: 0.5, Sum: 70.0]
      [Termination (ms): Min: 0.0, Avg: 0.0, Max: 0.0, Diff: 0.0, Sum: 0.0]
         [Termination Attempts: Min: 1, Avg: 1.0, Max: 1, Diff: 0, Sum: 4]
      [GC Worker Other (ms): Min: 0.1, Avg: 0.1, Max: 0.1, Diff: 0.0, Sum: 0.2]
      [GC Worker Total (ms): Min: 20.9, Avg: 21.1, Max: 21.3, Diff: 0.5, Sum: 84.6]
      [GC Worker End (ms): Min: 90413699.5, Avg: 90413699.5, Max: 90413699.5, Diff: 0.0]
   [Code Root Fixup: 0.0 ms]
   [Code Root Purge: 0.0 ms]
   [Clear CT: 0.3 ms]
   [Other: 2.7 ms]
      [Choose CSet: 0.0 ms]
      [Ref Proc: 1.0 ms]
      [Ref Enq: 0.0 ms]
      [Redirty Cards: 0.3 ms]
      [Humongous Register: 0.6 ms]
      [Humongous Reclaim: 0.0 ms]
      [Free CSet: 0.1 ms]
   [Eden: 45056.0K(45056.0K)->0.0B(47104.0K) Survivors: 7168.0K->5120.0K Heap: 291.5M(1024.0M)->250.9M(1024.0M)]
 [Times: user=0.06 sys=0.00, real=0.03 secs] 
2021-03-17T16:29:17.246+0700: 90691.850: [GC pause (G1 Evacuation Pause) (young), 0.0298117 secs]
   [Parallel Time: 28.5 ms, GC Workers: 4]
      [GC Worker Start (ms): Min: 90691850.1, Avg: 90691850.2, Max: 90691850.3, Diff: 0.2]
      [Ext Root Scanning (ms): Min: 0.9, Avg: 1.0, Max: 1.1, Diff: 0.2, Sum: 4.2]
      [Update RS (ms): Min: 1.4, Avg: 1.8, Max: 2.4, Diff: 1.0, Sum: 7.2]
         [Processed Buffers: Min: 5, Avg: 10.2, Max: 23, Diff: 18, Sum: 41]
      [Scan RS (ms): Min: 4.1, Avg: 4.7, Max: 5.0, Diff: 0.9, Sum: 18.7]
      [Code Root Scanning (ms): Min: 0.0, Avg: 0.0, Max: 0.1, Diff: 0.1, Sum: 0.2]
      [Object Copy (ms): Min: 20.5, Avg: 20.6, Max: 20.7, Diff: 0.1, Sum: 82.4]
      [Termination (ms): Min: 0.0, Avg: 0.0, Max: 0.0, Diff: 0.0, Sum: 0.0]
         [Termination Attempts: Min: 1, Avg: 1.2, Max: 2, Diff: 1, Sum: 5]
      [GC Worker Other (ms): Min: 0.1, Avg: 0.1, Max: 0.1, Diff: 0.0, Sum: 0.2]
      [GC Worker Total (ms): Min: 28.1, Avg: 28.2, Max: 28.3, Diff: 0.2, Sum: 112.8]
      [GC Worker End (ms): Min: 90691878.4, Avg: 90691878.4, Max: 90691878.4, Diff: 0.0]
   [Code Root Fixup: 0.0 ms]
   [Code Root Purge: 0.0 ms]
   [Clear CT: 0.2 ms]
   [Other: 1.0 ms]
      [Choose CSet: 0.0 ms]
      [Ref Proc: 0.4 ms]
      [Ref Enq: 0.0 ms]
      [Redirty Cards: 0.2 ms]
      [Humongous Register: 0.1 ms]
      [Humongous Reclaim: 0.0 ms]
      [Free CSet: 0.0 ms]
   [Eden: 47104.0K(47104.0K)->0.0B(46080.0K) Survivors: 5120.0K->6144.0K Heap: 296.9M(1024.0M)->256.5M(1024.0M)]
 [Times: user=0.10 sys=0.00, real=0.03 secs] 
2021-03-17T16:33:47.545+0700: 90962.148: [GC pause (G1 Evacuation Pause) (young), 0.0303048 secs]
   [Parallel Time: 28.7 ms, GC Workers: 4]
      [GC Worker Start (ms): Min: 90962148.7, Avg: 90962148.8, Max: 90962148.8, Diff: 0.2]
      [Ext Root Scanning (ms): Min: 1.0, Avg: 1.1, Max: 1.2, Diff: 0.1, Sum: 4.4]
      [Update RS (ms): Min: 1.6, Avg: 1.7, Max: 1.8, Diff: 0.2, Sum: 6.7]
         [Processed Buffers: Min: 3, Avg: 10.5, Max: 22, Diff: 19, Sum: 42]
      [Scan RS (ms): Min: 2.7, Avg: 2.8, Max: 2.9, Diff: 0.3, Sum: 11.2]
      [Code Root Scanning (ms): Min: 0.0, Avg: 0.0, Max: 0.1, Diff: 0.1, Sum: 0.1]
      [Object Copy (ms): Min: 22.4, Avg: 22.6, Max: 22.7, Diff: 0.2, Sum: 90.4]
      [Termination (ms): Min: 0.0, Avg: 0.0, Max: 0.0, Diff: 0.0, Sum: 0.0]
         [Termination Attempts: Min: 1, Avg: 1.0, Max: 1, Diff: 0, Sum: 4]
      [GC Worker Other (ms): Min: 0.0, Avg: 0.1, Max: 0.1, Diff: 0.1, Sum: 0.3]
      [GC Worker Total (ms): Min: 28.2, Avg: 28.3, Max: 28.4, Diff: 0.1, Sum: 113.2]
      [GC Worker End (ms): Min: 90962177.0, Avg: 90962177.1, Max: 90962177.1, Diff: 0.1]
   [Code Root Fixup: 0.0 ms]
   [Code Root Purge: 0.0 ms]
   [Clear CT: 0.4 ms]
   [Other: 1.2 ms]
      [Choose CSet: 0.0 ms]
      [Ref Proc: 0.3 ms]
      [Ref Enq: 0.0 ms]
      [Redirty Cards: 0.4 ms]
      [Humongous Register: 0.1 ms]
      [Humongous Reclaim: 0.0 ms]
      [Free CSet: 0.1 ms]
   [Eden: 46080.0K(46080.0K)->0.0B(45056.0K) Survivors: 6144.0K->7168.0K Heap: 301.5M(1024.0M)->261.0M(1024.0M)]
 [Times: user=0.12 sys=0.00, real=0.03 secs] 
2021-03-17T16:38:11.978+0700: 91226.582: [GC pause (G1 Evacuation Pause) (young), 0.0330923 secs]
   [Parallel Time: 30.3 ms, GC Workers: 4]
      [GC Worker Start (ms): Min: 91226582.3, Avg: 91226582.4, Max: 91226582.5, Diff: 0.2]
      [Ext Root Scanning (ms): Min: 1.0, Avg: 1.2, Max: 1.2, Diff: 0.2, Sum: 4.7]
      [Update RS (ms): Min: 2.2, Avg: 2.5, Max: 2.7, Diff: 0.5, Sum: 10.1]
         [Processed Buffers: Min: 3, Avg: 10.8, Max: 23, Diff: 20, Sum: 43]
      [Scan RS (ms): Min: 2.4, Avg: 2.6, Max: 2.7, Diff: 0.3, Sum: 10.4]
      [Code Root Scanning (ms): Min: 0.0, Avg: 0.0, Max: 0.1, Diff: 0.0, Sum: 0.1]
      [Object Copy (ms): Min: 22.7, Avg: 23.0, Max: 23.2, Diff: 0.5, Sum: 92.2]
      [Termination (ms): Min: 0.0, Avg: 0.0, Max: 0.0, Diff: 0.0, Sum: 0.0]
         [Termination Attempts: Min: 1, Avg: 1.0, Max: 1, Diff: 0, Sum: 4]
      [GC Worker Other (ms): Min: 0.1, Avg: 0.3, Max: 0.6, Diff: 0.5, Sum: 1.2]
      [GC Worker Total (ms): Min: 29.3, Avg: 29.7, Max: 30.0, Diff: 0.7, Sum: 118.8]
      [GC Worker End (ms): Min: 91226611.8, Avg: 91226612.1, Max: 91226612.4, Diff: 0.6]
   [Code Root Fixup: 0.0 ms]
   [Code Root Purge: 0.0 ms]
   [Clear CT: 0.7 ms]
   [Other: 2.1 ms]
      [Choose CSet: 0.0 ms]
      [Ref Proc: 0.7 ms]
      [Ref Enq: 0.0 ms]
      [Redirty Cards: 0.4 ms]
      [Humongous Register: 0.1 ms]
      [Humongous Reclaim: 0.1 ms]
      [Free CSet: 0.2 ms]
   [Eden: 45056.0K(45056.0K)->0.0B(47104.0K) Survivors: 7168.0K->5120.0K Heap: 305.0M(1024.0M)->263.0M(1024.0M)]
 [Times: user=0.06 sys=0.00, real=0.03 secs] 
2021-03-17T16:42:48.120+0700: 91502.724: [GC pause (G1 Evacuation Pause) (young), 0.0275220 secs]
   [Parallel Time: 25.9 ms, GC Workers: 4]
      [GC Worker Start (ms): Min: 91502724.5, Avg: 91502724.6, Max: 91502724.7, Diff: 0.2]
      [Ext Root Scanning (ms): Min: 1.0, Avg: 1.0, Max: 1.1, Diff: 0.1, Sum: 4.1]
      [Update RS (ms): Min: 2.2, Avg: 2.3, Max: 2.3, Diff: 0.1, Sum: 9.0]
         [Processed Buffers: Min: 2, Avg: 10.5, Max: 18, Diff: 16, Sum: 42]
      [Scan RS (ms): Min: 3.3, Avg: 4.0, Max: 5.4, Diff: 2.0, Sum: 15.8]
      [Code Root Scanning (ms): Min: 0.0, Avg: 0.0, Max: 0.1, Diff: 0.1, Sum: 0.2]
      [Object Copy (ms): Min: 16.7, Avg: 18.1, Max: 18.7, Diff: 2.0, Sum: 72.4]
      [Termination (ms): Min: 0.0, Avg: 0.0, Max: 0.0, Diff: 0.0, Sum: 0.0]
         [Termination Attempts: Min: 1, Avg: 1.0, Max: 1, Diff: 0, Sum: 4]
      [GC Worker Other (ms): Min: 0.0, Avg: 0.1, Max: 0.2, Diff: 0.1, Sum: 0.3]
      [GC Worker Total (ms): Min: 25.3, Avg: 25.5, Max: 25.5, Diff: 0.2, Sum: 101.9]
      [GC Worker End (ms): Min: 91502750.0, Avg: 91502750.0, Max: 91502750.1, Diff: 0.1]
   [Code Root Fixup: 0.0 ms]
   [Code Root Purge: 0.0 ms]
   [Clear CT: 0.3 ms]
   [Other: 1.3 ms]
      [Choose CSet: 0.0 ms]
      [Ref Proc: 0.3 ms]
      [Ref Enq: 0.0 ms]
      [Redirty Cards: 0.3 ms]
      [Humongous Register: 0.2 ms]
      [Humongous Reclaim: 0.0 ms]
      [Free CSet: 0.1 ms]
   [Eden: 47104.0K(47104.0K)->0.0B(45056.0K) Survivors: 5120.0K->7168.0K Heap: 309.0M(1024.0M)->267.0M(1024.0M)]
 [Times: user=0.07 sys=0.00, real=0.03 secs] 
2021-03-17T16:47:14.079+0700: 91768.682: [GC pause (G1 Evacuation Pause) (young), 0.0307254 secs]
   [Parallel Time: 29.1 ms, GC Workers: 4]
      [GC Worker Start (ms): Min: 91768682.9, Avg: 91768683.1, Max: 91768683.6, Diff: 0.7]
      [Ext Root Scanning (ms): Min: 0.7, Avg: 1.2, Max: 1.5, Diff: 0.8, Sum: 4.7]
      [Update RS (ms): Min: 1.1, Avg: 1.4, Max: 2.1, Diff: 1.1, Sum: 5.6]
         [Processed Buffers: Min: 2, Avg: 10.2, Max: 20, Diff: 18, Sum: 41]
      [Scan RS (ms): Min: 2.1, Avg: 3.2, Max: 4.3, Diff: 2.2, Sum: 12.9]
      [Code Root Scanning (ms): Min: 0.0, Avg: 0.0, Max: 0.1, Diff: 0.0, Sum: 0.1]
      [Object Copy (ms): Min: 21.6, Avg: 22.5, Max: 22.9, Diff: 1.4, Sum: 89.9]
      [Termination (ms): Min: 0.0, Avg: 0.0, Max: 0.0, Diff: 0.0, Sum: 0.0]
         [Termination Attempts: Min: 1, Avg: 1.0, Max: 1, Diff: 0, Sum: 4]
      [GC Worker Other (ms): Min: 0.1, Avg: 0.2, Max: 0.4, Diff: 0.4, Sum: 0.6]
      [GC Worker Total (ms): Min: 27.9, Avg: 28.5, Max: 28.9, Diff: 1.0, Sum: 113.9]
      [GC Worker End (ms): Min: 91768711.5, Avg: 91768711.6, Max: 91768711.8, Diff: 0.4]
   [Code Root Fixup: 0.0 ms]
   [Code Root Purge: 0.0 ms]
   [Clear CT: 0.2 ms]
   [Other: 1.4 ms]
      [Choose CSet: 0.0 ms]
      [Ref Proc: 0.7 ms]
      [Ref Enq: 0.0 ms]
      [Redirty Cards: 0.2 ms]
      [Humongous Register: 0.1 ms]
      [Humongous Reclaim: 0.0 ms]
      [Free CSet: 0.1 ms]
   [Eden: 45056.0K(45056.0K)->0.0B(47104.0K) Survivors: 7168.0K->5120.0K Heap: 311.0M(1024.0M)->272.9M(1024.0M)]
 [Times: user=0.11 sys=0.00, real=0.03 secs] 
2021-03-17T16:51:50.782+0700: 92045.385: [GC pause (G1 Evacuation Pause) (young), 0.0990664 secs]
   [Parallel Time: 84.8 ms, GC Workers: 4]
      [GC Worker Start (ms): Min: 92045390.1, Avg: 92045419.9, Max: 92045445.9, Diff: 55.8]
      [Ext Root Scanning (ms): Min: 0.0, Avg: 2.1, Max: 8.2, Diff: 8.1, Sum: 8.4]
      [Update RS (ms): Min: 0.0, Avg: 1.1, Max: 4.5, Diff: 4.5, Sum: 4.5]
         [Processed Buffers: Min: 0, Avg: 10.8, Max: 43, Diff: 43, Sum: 43]
      [Scan RS (ms): Min: 0.0, Avg: 1.4, Max: 5.5, Diff: 5.5, Sum: 5.5]
      [Code Root Scanning (ms): Min: 0.0, Avg: 0.0, Max: 0.1, Diff: 0.1, Sum: 0.1]
      [Object Copy (ms): Min: 0.0, Avg: 15.7, Max: 37.9, Diff: 37.9, Sum: 62.7]
      [Termination (ms): Min: 0.0, Avg: 9.1, Max: 12.3, Diff: 12.3, Sum: 36.3]
         [Termination Attempts: Min: 1, Avg: 1.0, Max: 1, Diff: 0, Sum: 4]
      [GC Worker Other (ms): Min: 0.0, Avg: 0.0, Max: 0.0, Diff: 0.0, Sum: 0.1]
      [GC Worker Total (ms): Min: 12.4, Avg: 29.4, Max: 56.2, Diff: 43.8, Sum: 117.7]
      [GC Worker End (ms): Min: 92045446.3, Avg: 92045449.3, Max: 92045458.3, Diff: 12.0]
   [Code Root Fixup: 0.0 ms]
   [Code Root Purge: 0.0 ms]
   [Clear CT: 1.3 ms]
   [Other: 12.9 ms]
      [Choose CSet: 0.0 ms]
      [Ref Proc: 11.3 ms]
      [Ref Enq: 0.0 ms]
      [Redirty Cards: 0.8 ms]
      [Humongous Register: 0.1 ms]
      [Humongous Reclaim: 0.1 ms]
      [Free CSet: 0.3 ms]
   [Eden: 47104.0K(47104.0K)->0.0B(46080.0K) Survivors: 5120.0K->6144.0K Heap: 318.9M(1024.0M)->277.5M(1024.0M)]
 [Times: user=0.06 sys=0.00, real=0.10 secs] 
2021-03-17T16:56:22.909+0700: 92317.512: [GC pause (G1 Evacuation Pause) (young), 0.0361371 secs]
   [Parallel Time: 34.3 ms, GC Workers: 4]
      [GC Worker Start (ms): Min: 92317513.3, Avg: 92317513.4, Max: 92317513.5, Diff: 0.2]
      [Ext Root Scanning (ms): Min: 1.4, Avg: 1.6, Max: 2.1, Diff: 0.7, Sum: 6.5]
      [Update RS (ms): Min: 3.9, Avg: 5.4, Max: 7.1, Diff: 3.2, Sum: 21.6]
         [Processed Buffers: Min: 0, Avg: 10.8, Max: 34, Diff: 34, Sum: 43]
      [Scan RS (ms): Min: 1.8, Avg: 3.2, Max: 4.1, Diff: 2.3, Sum: 12.7]
      [Code Root Scanning (ms): Min: 0.0, Avg: 0.1, Max: 0.1, Diff: 0.1, Sum: 0.2]
      [Object Copy (ms): Min: 23.3, Avg: 23.5, Max: 23.6, Diff: 0.3, Sum: 93.9]
      [Termination (ms): Min: 0.0, Avg: 0.0, Max: 0.0, Diff: 0.0, Sum: 0.0]
         [Termination Attempts: Min: 1, Avg: 1.5, Max: 3, Diff: 2, Sum: 6]
      [GC Worker Other (ms): Min: 0.1, Avg: 0.1, Max: 0.1, Diff: 0.0, Sum: 0.2]
      [GC Worker Total (ms): Min: 33.7, Avg: 33.8, Max: 33.9, Diff: 0.1, Sum: 135.2]
      [GC Worker End (ms): Min: 92317547.2, Avg: 92317547.2, Max: 92317547.2, Diff: 0.0]
   [Code Root Fixup: 0.0 ms]
   [Code Root Purge: 0.0 ms]
   [Clear CT: 0.2 ms]
   [Other: 1.7 ms]
      [Choose CSet: 0.0 ms]
      [Ref Proc: 0.3 ms]
      [Ref Enq: 0.0 ms]
      [Redirty Cards: 0.1 ms]
      [Humongous Register: 0.6 ms]
      [Humongous Reclaim: 0.0 ms]
      [Free CSet: 0.1 ms]
   [Eden: 46080.0K(46080.0K)->0.0B(46080.0K) Survivors: 6144.0K->6144.0K Heap: 322.5M(1024.0M)->282.0M(1024.0M)]
 [Times: user=0.11 sys=0.00, real=0.03 secs] 
2021-03-17T17:00:53.306+0700: 92587.910: [GC pause (G1 Evacuation Pause) (young), 0.0351156 secs]
   [Parallel Time: 32.0 ms, GC Workers: 4]
      [GC Worker Start (ms): Min: 92587911.4, Avg: 92587911.7, Max: 92587912.5, Diff: 1.1]
      [Ext Root Scanning (ms): Min: 1.0, Avg: 3.8, Max: 10.2, Diff: 9.2, Sum: 15.4]
      [Update RS (ms): Min: 0.0, Avg: 2.3, Max: 3.2, Diff: 3.1, Sum: 9.1]
         [Processed Buffers: Min: 0, Avg: 10.5, Max: 25, Diff: 25, Sum: 42]
      [Scan RS (ms): Min: 0.0, Avg: 3.6, Max: 5.0, Diff: 5.0, Sum: 14.5]
      [Code Root Scanning (ms): Min: 0.0, Avg: 0.1, Max: 0.1, Diff: 0.1, Sum: 0.2]
      [Object Copy (ms): Min: 21.4, Avg: 21.6, Max: 21.9, Diff: 0.5, Sum: 86.3]
      [Termination (ms): Min: 0.0, Avg: 0.0, Max: 0.0, Diff: 0.0, Sum: 0.0]
         [Termination Attempts: Min: 1, Avg: 1.2, Max: 2, Diff: 1, Sum: 5]
      [GC Worker Other (ms): Min: 0.0, Avg: 0.1, Max: 0.1, Diff: 0.0, Sum: 0.2]
      [GC Worker Total (ms): Min: 30.7, Avg: 31.4, Max: 31.8, Diff: 1.1, Sum: 125.8]
      [GC Worker End (ms): Min: 92587943.1, Avg: 92587943.1, Max: 92587943.2, Diff: 0.0]
   [Code Root Fixup: 0.0 ms]
   [Code Root Purge: 0.0 ms]
   [Clear CT: 1.0 ms]
   [Other: 2.1 ms]
      [Choose CSet: 0.0 ms]
      [Ref Proc: 0.4 ms]
      [Ref Enq: 0.0 ms]
      [Redirty Cards: 0.2 ms]
      [Humongous Register: 0.9 ms]
      [Humongous Reclaim: 0.0 ms]
      [Free CSet: 0.1 ms]
   [Eden: 46080.0K(46080.0K)->0.0B(46080.0K) Survivors: 6144.0K->6144.0K Heap: 327.0M(1024.0M)->286.0M(1024.0M)]
 [Times: user=0.09 sys=0.00, real=0.04 secs] 
2021-03-17T17:05:24.070+0700: 92858.673: [GC pause (G1 Evacuation Pause) (young), 0.0246188 secs]
   [Parallel Time: 23.3 ms, GC Workers: 4]
      [GC Worker Start (ms): Min: 92858673.8, Avg: 92858674.1, Max: 92858674.8, Diff: 1.1]
      [Ext Root Scanning (ms): Min: 0.3, Avg: 1.0, Max: 1.3, Diff: 1.0, Sum: 4.0]
      [Update RS (ms): Min: 1.6, Avg: 1.8, Max: 1.9, Diff: 0.3, Sum: 7.1]
         [Processed Buffers: Min: 1, Avg: 10.0, Max: 35, Diff: 34, Sum: 40]
      [Scan RS (ms): Min: 2.8, Avg: 2.9, Max: 3.0, Diff: 0.2, Sum: 11.7]
      [Code Root Scanning (ms): Min: 0.0, Avg: 0.0, Max: 0.1, Diff: 0.1, Sum: 0.1]
      [Object Copy (ms): Min: 16.8, Avg: 16.9, Max: 17.0, Diff: 0.2, Sum: 67.6]
      [Termination (ms): Min: 0.0, Avg: 0.0, Max: 0.0, Diff: 0.0, Sum: 0.0]
         [Termination Attempts: Min: 1, Avg: 1.2, Max: 2, Diff: 1, Sum: 5]
      [GC Worker Other (ms): Min: 0.0, Avg: 0.1, Max: 0.1, Diff: 0.0, Sum: 0.2]
      [GC Worker Total (ms): Min: 21.9, Avg: 22.7, Max: 23.0, Diff: 1.1, Sum: 90.8]
      [GC Worker End (ms): Min: 92858696.8, Avg: 92858696.8, Max: 92858696.8, Diff: 0.0]
   [Code Root Fixup: 0.0 ms]
   [Code Root Purge: 0.0 ms]
   [Clear CT: 0.2 ms]
   [Other: 1.1 ms]
      [Choose CSet: 0.0 ms]
      [Ref Proc: 0.4 ms]
      [Ref Enq: 0.0 ms]
      [Redirty Cards: 0.2 ms]
      [Humongous Register: 0.1 ms]
      [Humongous Reclaim: 0.0 ms]
      [Free CSet: 0.0 ms]
   [Eden: 46080.0K(46080.0K)->0.0B(46080.0K) Survivors: 6144.0K->6144.0K Heap: 331.0M(1024.0M)->289.5M(1024.0M)]
 [Times: user=0.12 sys=0.00, real=0.02 secs] 
2021-03-17T17:09:29.702+0700: 93104.306: [GC pause (G1 Evacuation Pause) (young), 0.0318616 secs]
   [Parallel Time: 29.9 ms, GC Workers: 4]
      [GC Worker Start (ms): Min: 93104306.1, Avg: 93104306.1, Max: 93104306.2, Diff: 0.1]
      [Ext Root Scanning (ms): Min: 1.1, Avg: 1.2, Max: 1.4, Diff: 0.3, Sum: 4.8]
      [Update RS (ms): Min: 2.8, Avg: 3.1, Max: 3.6, Diff: 0.8, Sum: 12.3]
         [Processed Buffers: Min: 3, Avg: 10.5, Max: 18, Diff: 15, Sum: 42]
      [Scan RS (ms): Min: 4.0, Avg: 4.2, Max: 4.5, Diff: 0.5, Sum: 17.0]
      [Code Root Scanning (ms): Min: 0.0, Avg: 0.0, Max: 0.1, Diff: 0.0, Sum: 0.1]
      [Object Copy (ms): Min: 20.6, Avg: 20.8, Max: 21.0, Diff: 0.4, Sum: 83.4]
      [Termination (ms): Min: 0.0, Avg: 0.0, Max: 0.0, Diff: 0.0, Sum: 0.0]
         [Termination Attempts: Min: 1, Avg: 1.5, Max: 2, Diff: 1, Sum: 6]
      [GC Worker Other (ms): Min: 0.1, Avg: 0.1, Max: 0.1, Diff: 0.0, Sum: 0.2]
      [GC Worker Total (ms): Min: 29.4, Avg: 29.5, Max: 29.5, Diff: 0.1, Sum: 117.9]
      [GC Worker End (ms): Min: 93104335.6, Avg: 93104335.6, Max: 93104335.6, Diff: 0.0]
   [Code Root Fixup: 0.0 ms]
   [Code Root Purge: 0.0 ms]
   [Clear CT: 0.4 ms]
   [Other: 1.6 ms]
      [Choose CSet: 0.0 ms]
      [Ref Proc: 0.3 ms]
      [Ref Enq: 0.0 ms]
      [Redirty Cards: 0.6 ms]
      [Humongous Register: 0.1 ms]
      [Humongous Reclaim: 0.1 ms]
      [Free CSet: 0.1 ms]
   [Eden: 46080.0K(46080.0K)->0.0B(45056.0K) Survivors: 6144.0K->7168.0K Heap: 334.5M(1024.0M)->296.5M(1024.0M)]
 [Times: user=0.11 sys=0.01, real=0.03 secs] 
2021-03-17T17:13:56.468+0700: 93371.072: [GC pause (G1 Evacuation Pause) (young), 0.0396001 secs]
   [Parallel Time: 36.6 ms, GC Workers: 4]
      [GC Worker Start (ms): Min: 93371072.8, Avg: 93371072.9, Max: 93371073.0, Diff: 0.2]
      [Ext Root Scanning (ms): Min: 1.3, Avg: 1.3, Max: 1.4, Diff: 0.2, Sum: 5.3]
      [Update RS (ms): Min: 1.5, Avg: 1.7, Max: 1.9, Diff: 0.4, Sum: 7.0]
         [Processed Buffers: Min: 2, Avg: 10.2, Max: 26, Diff: 24, Sum: 41]
      [Scan RS (ms): Min: 5.4, Avg: 5.5, Max: 5.7, Diff: 0.2, Sum: 22.1]
      [Code Root Scanning (ms): Min: 0.0, Avg: 0.0, Max: 0.1, Diff: 0.0, Sum: 0.1]
      [Object Copy (ms): Min: 27.5, Avg: 27.6, Max: 27.7, Diff: 0.2, Sum: 110.5]
      [Termination (ms): Min: 0.0, Avg: 0.0, Max: 0.0, Diff: 0.0, Sum: 0.1]
         [Termination Attempts: Min: 1, Avg: 1.0, Max: 1, Diff: 0, Sum: 4]
      [GC Worker Other (ms): Min: 0.1, Avg: 0.1, Max: 0.1, Diff: 0.0, Sum: 0.2]
      [GC Worker Total (ms): Min: 36.3, Avg: 36.4, Max: 36.5, Diff: 0.2, Sum: 145.4]
      [GC Worker End (ms): Min: 93371109.3, Avg: 93371109.3, Max: 93371109.3, Diff: 0.0]
   [Code Root Fixup: 0.0 ms]
   [Code Root Purge: 0.0 ms]
   [Clear CT: 0.5 ms]
   [Other: 2.5 ms]
      [Choose CSet: 0.0 ms]
      [Ref Proc: 0.6 ms]
      [Ref Enq: 0.0 ms]
      [Redirty Cards: 0.4 ms]
      [Humongous Register: 0.6 ms]
      [Humongous Reclaim: 0.1 ms]
      [Free CSet: 0.1 ms]
   [Eden: 45056.0K(45056.0K)->0.0B(48128.0K) Survivors: 7168.0K->4096.0K Heap: 340.5M(1024.0M)->299.5M(1024.0M)]
 [Times: user=0.11 sys=0.00, real=0.04 secs] 
2021-03-17T17:18:39.035+0700: 93653.639: [GC pause (G1 Evacuation Pause) (young), 0.0310578 secs]
   [Parallel Time: 28.0 ms, GC Workers: 4]
      [GC Worker Start (ms): Min: 93653639.7, Avg: 93653639.9, Max: 93653640.0, Diff: 0.3]
      [Ext Root Scanning (ms): Min: 1.3, Avg: 1.5, Max: 1.7, Diff: 0.4, Sum: 5.9]
      [Update RS (ms): Min: 2.2, Avg: 2.8, Max: 3.7, Diff: 1.4, Sum: 11.3]
         [Processed Buffers: Min: 8, Avg: 10.5, Max: 15, Diff: 7, Sum: 42]
      [Scan RS (ms): Min: 1.2, Avg: 1.8, Max: 2.4, Diff: 1.2, Sum: 7.3]
      [Code Root Scanning (ms): Min: 0.0, Avg: 0.0, Max: 0.1, Diff: 0.1, Sum: 0.2]
      [Object Copy (ms): Min: 20.7, Avg: 20.8, Max: 21.0, Diff: 0.3, Sum: 83.4]
      [Termination (ms): Min: 0.0, Avg: 0.0, Max: 0.0, Diff: 0.0, Sum: 0.0]
         [Termination Attempts: Min: 1, Avg: 1.0, Max: 1, Diff: 0, Sum: 4]
      [GC Worker Other (ms): Min: 0.1, Avg: 0.3, Max: 0.5, Diff: 0.4, Sum: 1.1]
      [GC Worker Total (ms): Min: 27.2, Avg: 27.3, Max: 27.5, Diff: 0.4, Sum: 109.2]
      [GC Worker End (ms): Min: 93653667.0, Avg: 93653667.2, Max: 93653667.4, Diff: 0.4]
   [Code Root Fixup: 0.0 ms]
   [Code Root Purge: 0.0 ms]
   [Clear CT: 0.7 ms]
   [Other: 2.4 ms]
      [Choose CSet: 0.0 ms]
      [Ref Proc: 0.7 ms]
      [Ref Enq: 0.0 ms]
      [Redirty Cards: 0.4 ms]
      [Humongous Register: 0.6 ms]
      [Humongous Reclaim: 0.1 ms]
      [Free CSet: 0.1 ms]
   [Eden: 48128.0K(48128.0K)->0.0B(45056.0K) Survivors: 4096.0K->7168.0K Heap: 346.5M(1024.0M)->303.0M(1024.0M)]
 [Times: user=0.12 sys=0.00, real=0.04 secs] 
2021-03-17T17:23:05.143+0700: 93919.747: [GC pause (G1 Evacuation Pause) (young), 0.0407898 secs]
   [Parallel Time: 39.1 ms, GC Workers: 4]
      [GC Worker Start (ms): Min: 93919747.8, Avg: 93919747.9, Max: 93919747.9, Diff: 0.2]
      [Ext Root Scanning (ms): Min: 1.3, Avg: 1.4, Max: 1.6, Diff: 0.3, Sum: 5.6]
      [Update RS (ms): Min: 1.0, Avg: 1.4, Max: 1.9, Diff: 0.9, Sum: 5.5]
         [Processed Buffers: Min: 2, Avg: 10.0, Max: 24, Diff: 22, Sum: 40]
      [Scan RS (ms): Min: 0.9, Avg: 1.5, Max: 1.9, Diff: 1.0, Sum: 5.8]
      [Code Root Scanning (ms): Min: 0.0, Avg: 0.1, Max: 0.2, Diff: 0.2, Sum: 0.3]
      [Object Copy (ms): Min: 34.3, Avg: 34.5, Max: 34.6, Diff: 0.3, Sum: 137.8]
      [Termination (ms): Min: 0.0, Avg: 0.0, Max: 0.0, Diff: 0.0, Sum: 0.0]
         [Termination Attempts: Min: 1, Avg: 1.0, Max: 1, Diff: 0, Sum: 4]
      [GC Worker Other (ms): Min: 0.1, Avg: 0.1, Max: 0.1, Diff: 0.0, Sum: 0.2]
      [GC Worker Total (ms): Min: 38.8, Avg: 38.9, Max: 38.9, Diff: 0.2, Sum: 155.4]
      [GC Worker End (ms): Min: 93919786.7, Avg: 93919786.7, Max: 93919786.7, Diff: 0.0]
   [Code Root Fixup: 0.0 ms]
   [Code Root Purge: 0.0 ms]
   [Clear CT: 0.1 ms]
   [Other: 1.6 ms]
      [Choose CSet: 0.0 ms]
      [Ref Proc: 0.3 ms]
      [Ref Enq: 0.0 ms]
      [Redirty Cards: 0.1 ms]
      [Humongous Register: 0.7 ms]
      [Humongous Reclaim: 0.0 ms]
      [Free CSet: 0.1 ms]
   [Eden: 45056.0K(45056.0K)->0.0B(46080.0K) Survivors: 7168.0K->6144.0K Heap: 347.0M(1024.0M)->308.4M(1024.0M)]
 [Times: user=0.18 sys=0.00, real=0.04 secs] 
2021-03-17T17:27:35.661+0700: 94190.265: [GC pause (G1 Evacuation Pause) (young), 0.0325380 secs]
   [Parallel Time: 30.8 ms, GC Workers: 4]
      [GC Worker Start (ms): Min: 94190265.9, Avg: 94190266.1, Max: 94190266.1, Diff: 0.2]
      [Ext Root Scanning (ms): Min: 1.7, Avg: 1.8, Max: 1.9, Diff: 0.2, Sum: 7.0]
      [Update RS (ms): Min: 1.6, Avg: 1.9, Max: 2.3, Diff: 0.7, Sum: 7.7]
         [Processed Buffers: Min: 2, Avg: 10.2, Max: 31, Diff: 29, Sum: 41]
      [Scan RS (ms): Min: 2.6, Avg: 3.0, Max: 3.3, Diff: 0.7, Sum: 12.1]
      [Code Root Scanning (ms): Min: 0.0, Avg: 0.0, Max: 0.1, Diff: 0.1, Sum: 0.2]
      [Object Copy (ms): Min: 23.4, Avg: 23.6, Max: 23.7, Diff: 0.3, Sum: 94.2]
      [Termination (ms): Min: 0.0, Avg: 0.0, Max: 0.0, Diff: 0.0, Sum: 0.1]
         [Termination Attempts: Min: 3, Avg: 4.2, Max: 6, Diff: 3, Sum: 17]
      [GC Worker Other (ms): Min: 0.0, Avg: 0.1, Max: 0.3, Diff: 0.2, Sum: 0.4]
      [GC Worker Total (ms): Min: 30.3, Avg: 30.4, Max: 30.6, Diff: 0.3, Sum: 121.7]
      [GC Worker End (ms): Min: 94190296.4, Avg: 94190296.5, Max: 94190296.6, Diff: 0.2]
   [Code Root Fixup: 0.0 ms]
   [Code Root Purge: 0.0 ms]
   [Clear CT: 0.1 ms]
   [Other: 1.5 ms]
      [Choose CSet: 0.0 ms]
      [Ref Proc: 0.2 ms]
      [Ref Enq: 0.0 ms]
      [Redirty Cards: 0.1 ms]
      [Humongous Register: 0.6 ms]
      [Humongous Reclaim: 0.1 ms]
      [Free CSet: 0.1 ms]
   [Eden: 46080.0K(46080.0K)->0.0B(46080.0K) Survivors: 6144.0K->6144.0K Heap: 353.4M(1024.0M)->312.5M(1024.0M)]
 [Times: user=0.12 sys=0.00, real=0.03 secs] 
2021-03-17T17:32:05.980+0700: 94460.583: [GC pause (G1 Evacuation Pause) (young), 0.0243931 secs]
   [Parallel Time: 22.8 ms, GC Workers: 4]
      [GC Worker Start (ms): Min: 94460583.9, Avg: 94460584.1, Max: 94460584.1, Diff: 0.2]
      [Ext Root Scanning (ms): Min: 1.1, Avg: 1.3, Max: 1.4, Diff: 0.3, Sum: 5.1]
      [Update RS (ms): Min: 2.1, Avg: 2.4, Max: 3.0, Diff: 0.9, Sum: 9.5]
         [Processed Buffers: Min: 3, Avg: 10.8, Max: 19, Diff: 16, Sum: 43]
      [Scan RS (ms): Min: 2.7, Avg: 3.1, Max: 3.4, Diff: 0.7, Sum: 12.4]
      [Code Root Scanning (ms): Min: 0.0, Avg: 0.0, Max: 0.0, Diff: 0.0, Sum: 0.1]
      [Object Copy (ms): Min: 15.3, Avg: 15.5, Max: 15.7, Diff: 0.4, Sum: 61.9]
      [Termination (ms): Min: 0.0, Avg: 0.0, Max: 0.1, Diff: 0.0, Sum: 0.1]
         [Termination Attempts: Min: 1, Avg: 1.8, Max: 2, Diff: 1, Sum: 7]
      [GC Worker Other (ms): Min: 0.1, Avg: 0.2, Max: 0.2, Diff: 0.2, Sum: 0.7]
      [GC Worker Total (ms): Min: 22.4, Avg: 22.5, Max: 22.5, Diff: 0.1, Sum: 89.9]
      [GC Worker End (ms): Min: 94460606.4, Avg: 94460606.5, Max: 94460606.6, Diff: 0.2]
   [Code Root Fixup: 0.0 ms]
   [Code Root Purge: 0.0 ms]
   [Clear CT: 0.3 ms]
   [Other: 1.3 ms]
      [Choose CSet: 0.0 ms]
      [Ref Proc: 0.3 ms]
      [Ref Enq: 0.0 ms]
      [Redirty Cards: 0.3 ms]
      [Humongous Register: 0.1 ms]
      [Humongous Reclaim: 0.0 ms]
      [Free CSet: 0.1 ms]
   [Eden: 46080.0K(46080.0K)->0.0B(46080.0K) Survivors: 6144.0K->6144.0K Heap: 357.5M(1024.0M)->317.0M(1024.0M)]
 [Times: user=0.06 sys=0.00, real=0.02 secs] 
2021-03-17T17:36:37.336+0700: 94731.940: [GC pause (G1 Evacuation Pause) (young), 0.0360053 secs]
   [Parallel Time: 34.0 ms, GC Workers: 4]
      [GC Worker Start (ms): Min: 94731941.3, Avg: 94731941.4, Max: 94731941.7, Diff: 0.4]
      [Ext Root Scanning (ms): Min: 1.7, Avg: 2.1, Max: 3.1, Diff: 1.4, Sum: 8.2]
      [Update RS (ms): Min: 1.0, Avg: 2.2, Max: 3.2, Diff: 2.2, Sum: 8.7]
         [Processed Buffers: Min: 3, Avg: 10.0, Max: 20, Diff: 17, Sum: 40]
      [Scan RS (ms): Min: 2.4, Avg: 3.0, Max: 3.3, Diff: 0.9, Sum: 12.0]
      [Code Root Scanning (ms): Min: 0.0, Avg: 0.0, Max: 0.1, Diff: 0.1, Sum: 0.1]
      [Object Copy (ms): Min: 26.1, Avg: 26.2, Max: 26.3, Diff: 0.1, Sum: 104.9]
      [Termination (ms): Min: 0.0, Avg: 0.0, Max: 0.0, Diff: 0.0, Sum: 0.0]
         [Termination Attempts: Min: 1, Avg: 1.0, Max: 1, Diff: 0, Sum: 4]
      [GC Worker Other (ms): Min: 0.1, Avg: 0.1, Max: 0.1, Diff: 0.0, Sum: 0.3]
      [GC Worker Total (ms): Min: 33.3, Avg: 33.6, Max: 33.7, Diff: 0.4, Sum: 134.2]
      [GC Worker End (ms): Min: 94731975.0, Avg: 94731975.0, Max: 94731975.0, Diff: 0.0]
   [Code Root Fixup: 0.0 ms]
   [Code Root Purge: 0.0 ms]
   [Clear CT: 0.1 ms]
   [Other: 1.8 ms]
      [Choose CSet: 0.0 ms]
      [Ref Proc: 0.2 ms]
      [Ref Enq: 0.0 ms]
      [Redirty Cards: 0.2 ms]
      [Humongous Register: 0.7 ms]
      [Humongous Reclaim: 0.0 ms]
      [Free CSet: 0.1 ms]
   [Eden: 46080.0K(46080.0K)->0.0B(46080.0K) Survivors: 6144.0K->6144.0K Heap: 362.0M(1024.0M)->321.0M(1024.0M)]
 [Times: user=0.14 sys=0.00, real=0.04 secs] 
2021-03-17T17:41:08.868+0700: 95003.472: [GC pause (G1 Evacuation Pause) (young), 0.0171792 secs]
   [Parallel Time: 15.8 ms, GC Workers: 4]
      [GC Worker Start (ms): Min: 95003472.4, Avg: 95003476.3, Max: 95003488.0, Diff: 15.5]
      [Ext Root Scanning (ms): Min: 0.0, Avg: 0.6, Max: 0.8, Diff: 0.8, Sum: 2.3]
      [Update RS (ms): Min: 0.0, Avg: 0.8, Max: 1.2, Diff: 1.2, Sum: 3.4]
         [Processed Buffers: Min: 0, Avg: 10.5, Max: 24, Diff: 24, Sum: 42]
      [Scan RS (ms): Min: 0.0, Avg: 1.1, Max: 1.5, Diff: 1.5, Sum: 4.5]
      [Code Root Scanning (ms): Min: 0.0, Avg: 0.0, Max: 0.0, Diff: 0.0, Sum: 0.1]
      [Object Copy (ms): Min: 0.0, Avg: 9.0, Max: 12.0, Diff: 12.0, Sum: 35.9]
      [Termination (ms): Min: 0.0, Avg: 0.2, Max: 0.3, Diff: 0.3, Sum: 0.9]
         [Termination Attempts: Min: 1, Avg: 1.0, Max: 1, Diff: 0, Sum: 4]
      [GC Worker Other (ms): Min: 0.0, Avg: 0.0, Max: 0.0, Diff: 0.0, Sum: 0.1]
      [GC Worker Total (ms): Min: 0.1, Avg: 11.8, Max: 15.7, Diff: 15.6, Sum: 47.1]
      [GC Worker End (ms): Min: 95003488.0, Avg: 95003488.1, Max: 95003488.1, Diff: 0.1]
   [Code Root Fixup: 0.0 ms]
   [Code Root Purge: 0.0 ms]
   [Clear CT: 0.1 ms]
   [Other: 1.2 ms]
      [Choose CSet: 0.0 ms]
      [Ref Proc: 0.3 ms]
      [Ref Enq: 0.0 ms]
      [Redirty Cards: 0.2 ms]
      [Humongous Register: 0.3 ms]
      [Humongous Reclaim: 0.1 ms]
      [Free CSet: 0.1 ms]
   [Eden: 46080.0K(46080.0K)->0.0B(47104.0K) Survivors: 6144.0K->5120.0K Heap: 366.0M(1024.0M)->324.0M(1024.0M)]
 [Times: user=0.04 sys=0.00, real=0.01 secs] 
2021-03-17T17:45:48.330+0700: 95282.934: [GC pause (G1 Evacuation Pause) (young), 0.0291583 secs]
   [Parallel Time: 26.8 ms, GC Workers: 4]
      [GC Worker Start (ms): Min: 95282934.6, Avg: 95282934.8, Max: 95282935.0, Diff: 0.3]
      [Ext Root Scanning (ms): Min: 1.2, Avg: 1.4, Max: 1.7, Diff: 0.5, Sum: 5.6]
      [Update RS (ms): Min: 2.1, Avg: 2.5, Max: 2.8, Diff: 0.7, Sum: 10.0]
         [Processed Buffers: Min: 7, Avg: 10.2, Max: 16, Diff: 9, Sum: 41]
      [Scan RS (ms): Min: 3.6, Avg: 3.9, Max: 4.2, Diff: 0.6, Sum: 15.7]
      [Code Root Scanning (ms): Min: 0.0, Avg: 0.0, Max: 0.1, Diff: 0.1, Sum: 0.1]
      [Object Copy (ms): Min: 18.2, Avg: 18.4, Max: 18.6, Diff: 0.4, Sum: 73.4]
      [Termination (ms): Min: 0.0, Avg: 0.1, Max: 0.3, Diff: 0.3, Sum: 0.5]
         [Termination Attempts: Min: 1, Avg: 1.0, Max: 1, Diff: 0, Sum: 4]
      [GC Worker Other (ms): Min: 0.1, Avg: 0.1, Max: 0.1, Diff: 0.0, Sum: 0.2]
      [GC Worker Total (ms): Min: 26.2, Avg: 26.4, Max: 26.6, Diff: 0.4, Sum: 105.7]
      [GC Worker End (ms): Min: 95282961.2, Avg: 95282961.2, Max: 95282961.4, Diff: 0.2]
   [Code Root Fixup: 0.0 ms]
   [Code Root Purge: 0.0 ms]
   [Clear CT: 0.2 ms]
   [Other: 2.1 ms]
      [Choose CSet: 0.0 ms]
      [Ref Proc: 0.5 ms]
      [Ref Enq: 0.0 ms]
      [Redirty Cards: 0.2 ms]
      [Humongous Register: 0.7 ms]
      [Humongous Reclaim: 0.1 ms]
      [Free CSet: 0.1 ms]
   [Eden: 47104.0K(47104.0K)->0.0B(45056.0K) Survivors: 5120.0K->7168.0K Heap: 370.0M(1024.0M)->327.5M(1024.0M)]
 [Times: user=0.12 sys=0.00, real=0.03 secs] 
2021-03-17T17:50:15.268+0700: 95549.871: [GC pause (G1 Evacuation Pause) (young), 0.0195613 secs]
   [Parallel Time: 18.4 ms, GC Workers: 4]
      [GC Worker Start (ms): Min: 95549871.9, Avg: 95549873.4, Max: 95549877.8, Diff: 5.9]
      [Ext Root Scanning (ms): Min: 0.1, Avg: 0.6, Max: 0.8, Diff: 0.7, Sum: 2.6]
      [Update RS (ms): Min: 0.0, Avg: 0.6, Max: 1.1, Diff: 1.1, Sum: 2.6]
         [Processed Buffers: Min: 0, Avg: 10.2, Max: 22, Diff: 22, Sum: 41]
      [Scan RS (ms): Min: 0.1, Avg: 1.4, Max: 1.9, Diff: 1.8, Sum: 5.5]
      [Code Root Scanning (ms): Min: 0.0, Avg: 0.0, Max: 0.0, Diff: 0.0, Sum: 0.1]
      [Object Copy (ms): Min: 11.8, Avg: 13.9, Max: 14.6, Diff: 2.8, Sum: 55.6]
      [Termination (ms): Min: 0.0, Avg: 0.0, Max: 0.0, Diff: 0.0, Sum: 0.0]
         [Termination Attempts: Min: 1, Avg: 1.5, Max: 3, Diff: 2, Sum: 6]
      [GC Worker Other (ms): Min: 0.0, Avg: 0.2, Max: 0.2, Diff: 0.2, Sum: 0.6]
      [GC Worker Total (ms): Min: 12.3, Avg: 16.7, Max: 18.3, Diff: 5.9, Sum: 66.9]
      [GC Worker End (ms): Min: 95549890.0, Avg: 95549890.1, Max: 95549890.2, Diff: 0.2]
   [Code Root Fixup: 0.0 ms]
   [Code Root Purge: 0.0 ms]
   [Clear CT: 0.1 ms]
   [Other: 1.1 ms]
      [Choose CSet: 0.0 ms]
      [Ref Proc: 0.3 ms]
      [Ref Enq: 0.0 ms]
      [Redirty Cards: 0.1 ms]
      [Humongous Register: 0.3 ms]
      [Humongous Reclaim: 0.0 ms]
      [Free CSet: 0.1 ms]
   [Eden: 45056.0K(45056.0K)->0.0B(46080.0K) Survivors: 7168.0K->6144.0K Heap: 371.5M(1024.0M)->333.9M(1024.0M)]
 [Times: user=0.04 sys=0.00, real=0.02 secs] 
2021-03-17T17:54:46.510+0700: 95821.113: [GC pause (G1 Evacuation Pause) (young), 0.0401933 secs]
   [Parallel Time: 37.2 ms, GC Workers: 4]
      [GC Worker Start (ms): Min: 95821114.1, Avg: 95821114.3, Max: 95821114.8, Diff: 0.7]
      [Ext Root Scanning (ms): Min: 1.7, Avg: 1.8, Max: 2.0, Diff: 0.3, Sum: 7.4]
      [Update RS (ms): Min: 2.8, Avg: 3.1, Max: 3.7, Diff: 0.9, Sum: 12.4]
         [Processed Buffers: Min: 2, Avg: 10.2, Max: 25, Diff: 23, Sum: 41]
      [Scan RS (ms): Min: 2.5, Avg: 3.6, Max: 4.1, Diff: 1.6, Sum: 14.4]
      [Code Root Scanning (ms): Min: 0.0, Avg: 0.0, Max: 0.1, Diff: 0.1, Sum: 0.2]
      [Object Copy (ms): Min: 27.6, Avg: 27.8, Max: 27.9, Diff: 0.3, Sum: 111.1]
      [Termination (ms): Min: 0.0, Avg: 0.3, Max: 0.5, Diff: 0.5, Sum: 1.3]
         [Termination Attempts: Min: 1, Avg: 1.8, Max: 3, Diff: 2, Sum: 7]
      [GC Worker Other (ms): Min: 0.1, Avg: 0.1, Max: 0.1, Diff: 0.0, Sum: 0.2]
      [GC Worker Total (ms): Min: 36.3, Avg: 36.8, Max: 37.1, Diff: 0.8, Sum: 147.1]
      [GC Worker End (ms): Min: 95821151.0, Avg: 95821151.1, Max: 95821151.1, Diff: 0.1]
   [Code Root Fixup: 0.0 ms]
   [Code Root Purge: 0.0 ms]
   [Clear CT: 0.5 ms]
   [Other: 2.5 ms]
      [Choose CSet: 0.0 ms]
      [Ref Proc: 0.8 ms]
      [Ref Enq: 0.0 ms]
      [Redirty Cards: 0.4 ms]
      [Humongous Register: 0.2 ms]
      [Humongous Reclaim: 0.1 ms]
      [Free CSet: 0.1 ms]
   [Eden: 46080.0K(46080.0K)->0.0B(46080.0K) Survivors: 6144.0K->6144.0K Heap: 378.9M(1024.0M)->338.5M(1024.0M)]
 [Times: user=0.12 sys=0.00, real=0.04 secs] 
2021-03-17T17:59:18.827+0700: 96093.430: [GC pause (G1 Evacuation Pause) (young), 0.0362561 secs]
   [Parallel Time: 34.1 ms, GC Workers: 4]
      [GC Worker Start (ms): Min: 96093431.1, Avg: 96093431.2, Max: 96093431.3, Diff: 0.2]
      [Ext Root Scanning (ms): Min: 1.2, Avg: 1.4, Max: 1.5, Diff: 0.4, Sum: 5.4]
      [Update RS (ms): Min: 1.5, Avg: 1.9, Max: 2.2, Diff: 0.7, Sum: 7.6]
         [Processed Buffers: Min: 2, Avg: 10.5, Max: 17, Diff: 15, Sum: 42]
      [Scan RS (ms): Min: 3.4, Avg: 3.6, Max: 3.7, Diff: 0.3, Sum: 14.5]
      [Code Root Scanning (ms): Min: 0.0, Avg: 0.0, Max: 0.1, Diff: 0.1, Sum: 0.1]
      [Object Copy (ms): Min: 26.7, Avg: 26.9, Max: 27.0, Diff: 0.4, Sum: 107.6]
      [Termination (ms): Min: 0.0, Avg: 0.0, Max: 0.0, Diff: 0.0, Sum: 0.0]
         [Termination Attempts: Min: 1, Avg: 1.0, Max: 1, Diff: 0, Sum: 4]
      [GC Worker Other (ms): Min: 0.1, Avg: 0.1, Max: 0.1, Diff: 0.0, Sum: 0.2]
      [GC Worker Total (ms): Min: 33.8, Avg: 33.9, Max: 34.0, Diff: 0.1, Sum: 135.5]
      [GC Worker End (ms): Min: 96093465.1, Avg: 96093465.1, Max: 96093465.1, Diff: 0.0]
   [Code Root Fixup: 0.0 ms]
   [Code Root Purge: 0.0 ms]
   [Clear CT: 0.4 ms]
   [Other: 1.7 ms]
      [Choose CSet: 0.0 ms]
      [Ref Proc: 0.3 ms]
      [Ref Enq: 0.0 ms]
      [Redirty Cards: 0.2 ms]
      [Humongous Register: 0.6 ms]
      [Humongous Reclaim: 0.0 ms]
      [Free CSet: 0.1 ms]
   [Eden: 46080.0K(46080.0K)->0.0B(46080.0K) Survivors: 6144.0K->6144.0K Heap: 383.5M(1024.0M)->343.0M(1024.0M)]
 [Times: user=0.12 sys=0.00, real=0.04 secs] 
2021-03-17T18:03:51.391+0700: 96365.995: [GC pause (G1 Evacuation Pause) (young), 0.0287232 secs]
   [Parallel Time: 26.7 ms, GC Workers: 4]
      [GC Worker Start (ms): Min: 96365995.7, Avg: 96365995.8, Max: 96365995.9, Diff: 0.2]
      [Ext Root Scanning (ms): Min: 1.2, Avg: 1.3, Max: 1.4, Diff: 0.2, Sum: 5.3]
      [Update RS (ms): Min: 2.1, Avg: 2.3, Max: 2.5, Diff: 0.4, Sum: 9.2]
         [Processed Buffers: Min: 7, Avg: 10.5, Max: 15, Diff: 8, Sum: 42]
      [Scan RS (ms): Min: 3.1, Avg: 3.4, Max: 3.7, Diff: 0.7, Sum: 13.6]
      [Code Root Scanning (ms): Min: 0.0, Avg: 0.0, Max: 0.0, Diff: 0.0, Sum: 0.1]
      [Object Copy (ms): Min: 19.0, Avg: 19.1, Max: 19.2, Diff: 0.2, Sum: 76.5]
      [Termination (ms): Min: 0.0, Avg: 0.0, Max: 0.0, Diff: 0.0, Sum: 0.0]
         [Termination Attempts: Min: 1, Avg: 1.0, Max: 1, Diff: 0, Sum: 4]
      [GC Worker Other (ms): Min: 0.1, Avg: 0.1, Max: 0.2, Diff: 0.1, Sum: 0.5]
      [GC Worker Total (ms): Min: 26.2, Avg: 26.3, Max: 26.4, Diff: 0.2, Sum: 105.3]
      [GC Worker End (ms): Min: 96366022.1, Avg: 96366022.1, Max: 96366022.2, Diff: 0.1]
   [Code Root Fixup: 0.0 ms]
   [Code Root Purge: 0.0 ms]
   [Clear CT: 0.4 ms]
   [Other: 1.6 ms]
      [Choose CSet: 0.0 ms]
      [Ref Proc: 0.3 ms]
      [Ref Enq: 0.0 ms]
      [Redirty Cards: 0.2 ms]
      [Humongous Register: 0.7 ms]
      [Humongous Reclaim: 0.0 ms]
      [Free CSet: 0.1 ms]
   [Eden: 46080.0K(46080.0K)->0.0B(46080.0K) Survivors: 6144.0K->6144.0K Heap: 388.0M(1024.0M)->346.5M(1024.0M)]
 [Times: user=0.12 sys=0.00, real=0.03 secs] 
2021-03-17T18:08:22.333+0700: 96636.936: [GC pause (G1 Evacuation Pause) (young), 0.0312763 secs]
   [Parallel Time: 29.0 ms, GC Workers: 4]
      [GC Worker Start (ms): Min: 96636936.9, Avg: 96636937.0, Max: 96636937.0, Diff: 0.1]
      [Ext Root Scanning (ms): Min: 0.9, Avg: 1.1, Max: 1.4, Diff: 0.5, Sum: 4.3]
      [Update RS (ms): Min: 1.1, Avg: 1.4, Max: 1.7, Diff: 0.6, Sum: 5.6]
         [Processed Buffers: Min: 2, Avg: 10.5, Max: 15, Diff: 13, Sum: 42]
      [Scan RS (ms): Min: 2.5, Avg: 3.5, Max: 4.4, Diff: 1.9, Sum: 14.0]
      [Code Root Scanning (ms): Min: 0.0, Avg: 0.0, Max: 0.1, Diff: 0.1, Sum: 0.1]
      [Object Copy (ms): Min: 20.0, Avg: 21.3, Max: 23.4, Diff: 3.5, Sum: 85.2]
      [Termination (ms): Min: 0.0, Avg: 1.5, Max: 2.0, Diff: 2.0, Sum: 5.9]
         [Termination Attempts: Min: 1, Avg: 1.2, Max: 2, Diff: 1, Sum: 5]
      [GC Worker Other (ms): Min: 0.0, Avg: 0.0, Max: 0.0, Diff: 0.0, Sum: 0.2]
      [GC Worker Total (ms): Min: 28.7, Avg: 28.8, Max: 28.9, Diff: 0.2, Sum: 115.3]
      [GC Worker End (ms): Min: 96636965.7, Avg: 96636965.8, Max: 96636965.8, Diff: 0.1]
   [Code Root Fixup: 0.0 ms]
   [Code Root Purge: 0.0 ms]
   [Clear CT: 0.4 ms]
   [Other: 1.9 ms]
      [Choose CSet: 0.0 ms]
      [Ref Proc: 0.5 ms]
      [Ref Enq: 0.0 ms]
      [Redirty Cards: 0.3 ms]
      [Humongous Register: 0.4 ms]
      [Humongous Reclaim: 0.1 ms]
      [Free CSet: 0.1 ms]
   [Eden: 46080.0K(46080.0K)->0.0B(47104.0K) Survivors: 6144.0K->5120.0K Heap: 391.5M(1024.0M)->349.5M(1024.0M)]
 [Times: user=0.10 sys=0.00, real=0.03 secs] 
2021-03-17T18:12:34.070+0700: 96888.674: [GC pause (G1 Evacuation Pause) (young), 0.0419451 secs]
   [Parallel Time: 37.9 ms, GC Workers: 4]
      [GC Worker Start (ms): Min: 96888674.4, Avg: 96888674.5, Max: 96888674.5, Diff: 0.1]
      [Ext Root Scanning (ms): Min: 1.3, Avg: 1.4, Max: 1.5, Diff: 0.2, Sum: 5.7]
      [Update RS (ms): Min: 3.1, Avg: 3.5, Max: 4.4, Diff: 1.3, Sum: 14.0]
         [Processed Buffers: Min: 2, Avg: 10.5, Max: 28, Diff: 26, Sum: 42]
      [Scan RS (ms): Min: 4.9, Avg: 5.5, Max: 5.8, Diff: 0.9, Sum: 21.9]
      [Code Root Scanning (ms): Min: 0.0, Avg: 0.0, Max: 0.1, Diff: 0.0, Sum: 0.1]
      [Object Copy (ms): Min: 25.2, Avg: 25.5, Max: 25.7, Diff: 0.5, Sum: 102.2]
      [Termination (ms): Min: 0.0, Avg: 1.3, Max: 1.8, Diff: 1.8, Sum: 5.2]
         [Termination Attempts: Min: 1, Avg: 1.0, Max: 1, Diff: 0, Sum: 4]
      [GC Worker Other (ms): Min: 0.0, Avg: 0.0, Max: 0.1, Diff: 0.0, Sum: 0.2]
      [GC Worker Total (ms): Min: 36.2, Avg: 37.3, Max: 37.8, Diff: 1.6, Sum: 149.4]
      [GC Worker End (ms): Min: 96888710.6, Avg: 96888711.8, Max: 96888712.2, Diff: 1.6]
   [Code Root Fixup: 0.0 ms]
   [Code Root Purge: 0.0 ms]
   [Clear CT: 0.2 ms]
   [Other: 3.9 ms]
      [Choose CSet: 0.0 ms]
      [Ref Proc: 2.9 ms]
      [Ref Enq: 0.0 ms]
      [Redirty Cards: 0.2 ms]
      [Humongous Register: 0.3 ms]
      [Humongous Reclaim: 0.1 ms]
      [Free CSet: 0.1 ms]
   [Eden: 47104.0K(47104.0K)->0.0B(46080.0K) Survivors: 5120.0K->6144.0K Heap: 395.5M(1024.0M)->354.5M(1024.0M)]
 [Times: user=0.16 sys=0.00, real=0.04 secs] 
2021-03-17T18:17:07.490+0700: 97162.094: [GC pause (G1 Evacuation Pause) (young), 0.0272646 secs]
   [Parallel Time: 24.6 ms, GC Workers: 4]
      [GC Worker Start (ms): Min: 97162093.9, Avg: 97162094.1, Max: 97162094.2, Diff: 0.3]
      [Ext Root Scanning (ms): Min: 1.3, Avg: 1.4, Max: 1.6, Diff: 0.3, Sum: 5.4]
      [Update RS (ms): Min: 0.9, Avg: 1.9, Max: 2.8, Diff: 2.0, Sum: 7.8]
         [Processed Buffers: Min: 1, Avg: 9.8, Max: 26, Diff: 25, Sum: 39]
      [Scan RS (ms): Min: 4.3, Avg: 5.0, Max: 5.7, Diff: 1.4, Sum: 20.1]
      [Code Root Scanning (ms): Min: 0.0, Avg: 0.0, Max: 0.1, Diff: 0.1, Sum: 0.1]
      [Object Copy (ms): Min: 15.4, Avg: 15.6, Max: 15.9, Diff: 0.5, Sum: 62.3]
      [Termination (ms): Min: 0.0, Avg: 0.0, Max: 0.0, Diff: 0.0, Sum: 0.0]
         [Termination Attempts: Min: 1, Avg: 1.0, Max: 1, Diff: 0, Sum: 4]
      [GC Worker Other (ms): Min: 0.1, Avg: 0.1, Max: 0.1, Diff: 0.1, Sum: 0.4]
      [GC Worker Total (ms): Min: 23.9, Avg: 24.0, Max: 24.2, Diff: 0.3, Sum: 96.2]
      [GC Worker End (ms): Min: 97162118.1, Avg: 97162118.1, Max: 97162118.1, Diff: 0.0]
   [Code Root Fixup: 0.0 ms]
   [Code Root Purge: 0.0 ms]
   [Clear CT: 0.6 ms]
   [Other: 2.1 ms]
      [Choose CSet: 0.0 ms]
      [Ref Proc: 0.7 ms]
      [Ref Enq: 0.0 ms]
      [Redirty Cards: 0.7 ms]
      [Humongous Register: 0.1 ms]
      [Humongous Reclaim: 0.1 ms]
      [Free CSet: 0.1 ms]
   [Eden: 46080.0K(46080.0K)->0.0B(48128.0K) Survivors: 6144.0K->4096.0K Heap: 399.5M(1024.0M)->356.0M(1024.0M)]
 [Times: user=0.12 sys=0.00, real=0.03 secs] 
2021-03-17T18:48:56.921+0700: 99071.524: [GC pause (G1 Evacuation Pause) (young), 0.0099734 secs]
   [Parallel Time: 8.2 ms, GC Workers: 4]
      [GC Worker Start (ms): Min: 99071524.9, Avg: 99071524.9, Max: 99071525.1, Diff: 0.2]
      [Ext Root Scanning (ms): Min: 0.6, Avg: 1.1, Max: 2.3, Diff: 1.7, Sum: 4.4]
      [Update RS (ms): Min: 0.1, Avg: 1.2, Max: 1.6, Diff: 1.5, Sum: 4.7]
         [Processed Buffers: Min: 2, Avg: 12.5, Max: 31, Diff: 29, Sum: 50]
      [Scan RS (ms): Min: 0.1, Avg: 0.2, Max: 0.3, Diff: 0.1, Sum: 0.8]
      [Code Root Scanning (ms): Min: 0.0, Avg: 0.0, Max: 0.0, Diff: 0.0, Sum: 0.1]
      [Object Copy (ms): Min: 5.4, Avg: 5.5, Max: 5.5, Diff: 0.1, Sum: 22.0]
      [Termination (ms): Min: 0.0, Avg: 0.0, Max: 0.0, Diff: 0.0, Sum: 0.0]
         [Termination Attempts: Min: 1, Avg: 1.0, Max: 1, Diff: 0, Sum: 4]
      [GC Worker Other (ms): Min: 0.0, Avg: 0.0, Max: 0.0, Diff: 0.0, Sum: 0.1]
      [GC Worker Total (ms): Min: 7.9, Avg: 8.0, Max: 8.1, Diff: 0.2, Sum: 32.1]
      [GC Worker End (ms): Min: 99071533.0, Avg: 99071533.0, Max: 99071533.0, Diff: 0.0]
   [Code Root Fixup: 0.0 ms]
   [Code Root Purge: 0.0 ms]
   [Clear CT: 0.2 ms]
   [Other: 1.6 ms]
      [Choose CSet: 0.0 ms]
      [Ref Proc: 0.4 ms]
      [Ref Enq: 0.0 ms]
      [Redirty Cards: 0.3 ms]
      [Humongous Register: 0.4 ms]
      [Humongous Reclaim: 0.1 ms]
      [Free CSet: 0.1 ms]
   [Eden: 48128.0K(48128.0K)->0.0B(45056.0K) Survivors: 4096.0K->7168.0K Heap: 403.0M(1024.0M)->358.9M(1024.0M)]
 [Times: user=0.00 sys=0.02, real=0.01 secs] 
2021-03-17T18:53:23.057+0700: 99337.660: [GC pause (G1 Evacuation Pause) (young), 0.0257694 secs]
   [Parallel Time: 23.8 ms, GC Workers: 4]
      [GC Worker Start (ms): Min: 99337661.0, Avg: 99337661.1, Max: 99337661.2, Diff: 0.2]
      [Ext Root Scanning (ms): Min: 1.3, Avg: 1.4, Max: 1.6, Diff: 0.3, Sum: 5.7]
      [Update RS (ms): Min: 2.6, Avg: 2.7, Max: 2.9, Diff: 0.3, Sum: 10.9]
         [Processed Buffers: Min: 1, Avg: 10.8, Max: 26, Diff: 25, Sum: 43]
      [Scan RS (ms): Min: 0.0, Avg: 0.1, Max: 0.1, Diff: 0.1, Sum: 0.2]
      [Code Root Scanning (ms): Min: 0.0, Avg: 0.1, Max: 0.1, Diff: 0.1, Sum: 0.2]
      [Object Copy (ms): Min: 18.9, Avg: 19.1, Max: 19.3, Diff: 0.3, Sum: 76.3]
      [Termination (ms): Min: 0.0, Avg: 0.0, Max: 0.0, Diff: 0.0, Sum: 0.0]
         [Termination Attempts: Min: 1, Avg: 1.0, Max: 1, Diff: 0, Sum: 4]
      [GC Worker Other (ms): Min: 0.1, Avg: 0.1, Max: 0.2, Diff: 0.1, Sum: 0.3]
      [GC Worker Total (ms): Min: 23.4, Avg: 23.4, Max: 23.5, Diff: 0.2, Sum: 93.8]
      [GC Worker End (ms): Min: 99337684.6, Avg: 99337684.6, Max: 99337684.6, Diff: 0.0]
   [Code Root Fixup: 0.0 ms]
   [Code Root Purge: 0.0 ms]
   [Clear CT: 0.2 ms]
   [Other: 1.8 ms]
      [Choose CSet: 0.0 ms]
      [Ref Proc: 0.3 ms]
      [Ref Enq: 0.0 ms]
      [Redirty Cards: 0.2 ms]
      [Humongous Register: 0.7 ms]
      [Humongous Reclaim: 0.0 ms]
      [Free CSet: 0.1 ms]
   [Eden: 45056.0K(45056.0K)->0.0B(45056.0K) Survivors: 7168.0K->7168.0K Heap: 402.9M(1024.0M)->361.2M(1024.0M)]
 [Times: user=0.06 sys=0.00, real=0.03 secs] 
2021-03-17T18:57:51.514+0700: 99606.117: [GC pause (G1 Evacuation Pause) (young), 0.0174926 secs]
   [Parallel Time: 16.2 ms, GC Workers: 4]
      [GC Worker Start (ms): Min: 99606117.3, Avg: 99606117.3, Max: 99606117.5, Diff: 0.2]
      [Ext Root Scanning (ms): Min: 0.6, Avg: 0.7, Max: 0.9, Diff: 0.4, Sum: 3.0]
      [Update RS (ms): Min: 0.9, Avg: 1.2, Max: 1.4, Diff: 0.5, Sum: 4.8]
         [Processed Buffers: Min: 1, Avg: 10.2, Max: 14, Diff: 13, Sum: 41]
      [Scan RS (ms): Min: 1.3, Avg: 1.5, Max: 1.6, Diff: 0.3, Sum: 5.8]
      [Code Root Scanning (ms): Min: 0.0, Avg: 0.0, Max: 0.1, Diff: 0.1, Sum: 0.1]
      [Object Copy (ms): Min: 12.6, Avg: 12.7, Max: 12.7, Diff: 0.1, Sum: 50.6]
      [Termination (ms): Min: 0.0, Avg: 0.0, Max: 0.0, Diff: 0.0, Sum: 0.0]
         [Termination Attempts: Min: 1, Avg: 1.0, Max: 1, Diff: 0, Sum: 4]
      [GC Worker Other (ms): Min: 0.0, Avg: 0.0, Max: 0.0, Diff: 0.0, Sum: 0.1]
      [GC Worker Total (ms): Min: 16.0, Avg: 16.1, Max: 16.2, Diff: 0.2, Sum: 64.5]
      [GC Worker End (ms): Min: 99606133.5, Avg: 99606133.5, Max: 99606133.5, Diff: 0.0]
   [Code Root Fixup: 0.0 ms]
   [Code Root Purge: 0.0 ms]
   [Clear CT: 0.4 ms]
   [Other: 0.9 ms]
      [Choose CSet: 0.0 ms]
      [Ref Proc: 0.3 ms]
      [Ref Enq: 0.0 ms]
      [Redirty Cards: 0.2 ms]
      [Humongous Register: 0.0 ms]
      [Humongous Reclaim: 0.0 ms]
      [Free CSet: 0.1 ms]
   [Eden: 45056.0K(45056.0K)->0.0B(45056.0K) Survivors: 7168.0K->7168.0K Heap: 405.2M(1024.0M)->364.6M(1024.0M)]
 [Times: user=0.07 sys=0.00, real=0.02 secs] 
2021-03-17T19:02:18.102+0700: 99872.706: [GC pause (G1 Evacuation Pause) (young) (initial-mark), 0.0207415 secs]
   [Parallel Time: 19.0 ms, GC Workers: 4]
      [GC Worker Start (ms): Min: 99872706.2, Avg: 99872706.2, Max: 99872706.3, Diff: 0.1]
      [Ext Root Scanning (ms): Min: 1.3, Avg: 1.7, Max: 2.1, Diff: 0.8, Sum: 6.7]
      [Update RS (ms): Min: 0.5, Avg: 1.0, Max: 1.5, Diff: 1.0, Sum: 4.1]
         [Processed Buffers: Min: 2, Avg: 11.0, Max: 19, Diff: 17, Sum: 44]
      [Scan RS (ms): Min: 0.9, Avg: 1.1, Max: 1.2, Diff: 0.3, Sum: 4.3]
      [Code Root Scanning (ms): Min: 0.0, Avg: 0.0, Max: 0.0, Diff: 0.0, Sum: 0.1]
      [Object Copy (ms): Min: 14.7, Avg: 14.9, Max: 15.2, Diff: 0.5, Sum: 59.5]
      [Termination (ms): Min: 0.0, Avg: 0.0, Max: 0.0, Diff: 0.0, Sum: 0.0]
         [Termination Attempts: Min: 1, Avg: 3.8, Max: 7, Diff: 6, Sum: 15]
      [GC Worker Other (ms): Min: 0.0, Avg: 0.1, Max: 0.1, Diff: 0.1, Sum: 0.2]
      [GC Worker Total (ms): Min: 18.7, Avg: 18.7, Max: 18.8, Diff: 0.1, Sum: 75.0]
      [GC Worker End (ms): Min: 99872724.9, Avg: 99872725.0, Max: 99872725.1, Diff: 0.1]
   [Code Root Fixup: 0.0 ms]
   [Code Root Purge: 0.0 ms]
   [Clear CT: 0.4 ms]
   [Other: 1.4 ms]
      [Choose CSet: 0.0 ms]
      [Ref Proc: 0.3 ms]
      [Ref Enq: 0.0 ms]
      [Redirty Cards: 0.3 ms]
      [Humongous Register: 0.0 ms]
      [Humongous Reclaim: 0.0 ms]
      [Free CSet: 0.1 ms]
   [Eden: 45056.0K(45056.0K)->0.0B(47104.0K) Survivors: 7168.0K->5120.0K Heap: 408.6M(1024.0M)->370.8M(1024.0M)]
 [Times: user=0.08 sys=0.00, real=0.02 secs] 
2021-03-17T19:02:18.123+0700: 99872.727: [GC concurrent-root-region-scan-start]
2021-03-17T19:02:18.131+0700: 99872.735: [GC concurrent-root-region-scan-end, 0.0082248 secs]
2021-03-17T19:02:18.131+0700: 99872.735: [GC concurrent-mark-start]
2021-03-17T19:02:18.159+0700: 99872.762: [GC concurrent-mark-end, 0.0273720 secs]
2021-03-17T19:02:18.159+0700: 99872.763: [GC remark 2021-03-17T19:02:18.159+0700: 99872.763: [Finalize Marking, 0.0001538 secs] 2021-03-17T19:02:18.159+0700: 99872.763: [GC ref-proc, 0.0004784 secs] 2021-03-17T19:02:18.160+0700: 99872.763: [Unloading, 0.0088608 secs], 0.0112872 secs]
 [Times: user=0.03 sys=0.00, real=0.01 secs] 
2021-03-17T19:02:18.171+0700: 99872.774: [GC cleanup 371M->266M(1024M), 0.0021548 secs]
 [Times: user=0.00 sys=0.00, real=0.00 secs] 
2021-03-17T19:02:18.173+0700: 99872.777: [GC concurrent-cleanup-start]
2021-03-17T19:02:18.173+0700: 99872.777: [GC concurrent-cleanup-end, 0.0003867 secs]
2021-03-17T19:06:59.376+0700: 100153.980: [GC pause (G1 Evacuation Pause) (young), 0.0430277 secs]
   [Parallel Time: 40.1 ms, GC Workers: 4]
      [GC Worker Start (ms): Min: 100153982.3, Avg: 100153982.4, Max: 100153982.6, Diff: 0.3]
      [Ext Root Scanning (ms): Min: 1.8, Avg: 1.9, Max: 2.0, Diff: 0.2, Sum: 7.5]
      [Update RS (ms): Min: 2.3, Avg: 3.1, Max: 5.0, Diff: 2.7, Sum: 12.6]
         [Processed Buffers: Min: 1, Avg: 11.0, Max: 22, Diff: 21, Sum: 44]
      [Scan RS (ms): Min: 1.5, Avg: 3.1, Max: 3.8, Diff: 2.3, Sum: 12.4]
      [Code Root Scanning (ms): Min: 0.0, Avg: 0.3, Max: 0.8, Diff: 0.8, Sum: 1.3]
      [Object Copy (ms): Min: 30.1, Avg: 30.2, Max: 30.3, Diff: 0.2, Sum: 120.8]
      [Termination (ms): Min: 0.0, Avg: 0.0, Max: 0.0, Diff: 0.0, Sum: 0.1]
         [Termination Attempts: Min: 1, Avg: 1.0, Max: 1, Diff: 0, Sum: 4]
      [GC Worker Other (ms): Min: 0.1, Avg: 0.1, Max: 0.3, Diff: 0.2, Sum: 0.5]
      [GC Worker Total (ms): Min: 38.6, Avg: 38.8, Max: 38.9, Diff: 0.3, Sum: 155.1]
      [GC Worker End (ms): Min: 100154021.1, Avg: 100154021.2, Max: 100154021.4, Diff: 0.2]
   [Code Root Fixup: 0.0 ms]
   [Code Root Purge: 0.0 ms]
   [Clear CT: 0.2 ms]
   [Other: 2.7 ms]
      [Choose CSet: 0.0 ms]
      [Ref Proc: 0.5 ms]
      [Ref Enq: 0.0 ms]
      [Redirty Cards: 0.2 ms]
      [Humongous Register: 0.9 ms]
      [Humongous Reclaim: 0.1 ms]
      [Free CSet: 0.1 ms]
   [Eden: 47104.0K(47104.0K)->0.0B(46080.0K) Survivors: 5120.0K->6144.0K Heap: 311.8M(1024.0M)->270.0M(1024.0M)]
 [Times: user=0.09 sys=0.02, real=0.05 secs] 
2021-03-17T19:11:04.073+0700: 100398.676: [GC pause (G1 Evacuation Pause) (mixed), 0.0563609 secs]
   [Parallel Time: 53.7 ms, GC Workers: 4]
      [GC Worker Start (ms): Min: 100398677.7, Avg: 100398678.4, Max: 100398680.5, Diff: 2.8]
      [Ext Root Scanning (ms): Min: 0.1, Avg: 1.5, Max: 2.1, Diff: 2.1, Sum: 6.1]
      [Update RS (ms): Min: 3.6, Avg: 5.2, Max: 8.9, Diff: 5.2, Sum: 20.7]
         [Processed Buffers: Min: 2, Avg: 11.0, Max: 20, Diff: 18, Sum: 44]
      [Scan RS (ms): Min: 0.8, Avg: 4.3, Max: 5.9, Diff: 5.1, Sum: 17.0]
      [Code Root Scanning (ms): Min: 0.0, Avg: 0.1, Max: 0.4, Diff: 0.4, Sum: 0.5]
      [Object Copy (ms): Min: 41.5, Avg: 41.6, Max: 41.7, Diff: 0.2, Sum: 166.4]
      [Termination (ms): Min: 0.0, Avg: 0.0, Max: 0.0, Diff: 0.0, Sum: 0.0]
         [Termination Attempts: Min: 1, Avg: 1.0, Max: 1, Diff: 0, Sum: 4]
      [GC Worker Other (ms): Min: 0.1, Avg: 0.1, Max: 0.1, Diff: 0.0, Sum: 0.3]
      [GC Worker Total (ms): Min: 50.7, Avg: 52.7, Max: 53.5, Diff: 2.8, Sum: 211.0]
      [GC Worker End (ms): Min: 100398731.2, Avg: 100398731.2, Max: 100398731.2, Diff: 0.0]
   [Code Root Fixup: 0.0 ms]
   [Code Root Purge: 0.0 ms]
   [Clear CT: 0.3 ms]
   [Other: 2.3 ms]
      [Choose CSet: 0.1 ms]
      [Ref Proc: 0.3 ms]
      [Ref Enq: 0.0 ms]
      [Redirty Cards: 0.2 ms]
      [Humongous Register: 0.7 ms]
      [Humongous Reclaim: 0.0 ms]
      [Free CSet: 0.1 ms]
   [Eden: 46080.0K(46080.0K)->0.0B(45056.0K) Survivors: 6144.0K->7168.0K Heap: 315.0M(1024.0M)->259.0M(1024.0M)]
 [Times: user=0.15 sys=0.00, real=0.06 secs] 
2021-03-17T19:15:28.113+0700: 100662.717: [GC pause (G1 Evacuation Pause) (mixed), 0.0467622 secs]
   [Parallel Time: 40.3 ms, GC Workers: 4]
      [GC Worker Start (ms): Min: 100662717.9, Avg: 100662718.2, Max: 100662718.8, Diff: 0.9]
      [Ext Root Scanning (ms): Min: 0.7, Avg: 1.4, Max: 1.8, Diff: 1.1, Sum: 5.7]
      [Update RS (ms): Min: 2.4, Avg: 4.3, Max: 9.3, Diff: 6.9, Sum: 17.1]
         [Processed Buffers: Min: 0, Avg: 10.5, Max: 27, Diff: 27, Sum: 42]
      [Scan RS (ms): Min: 9.8, Avg: 11.4, Max: 15.0, Diff: 5.2, Sum: 45.7]
      [Code Root Scanning (ms): Min: 0.0, Avg: 0.1, Max: 0.2, Diff: 0.2, Sum: 0.4]
      [Object Copy (ms): Min: 14.1, Avg: 22.6, Max: 25.5, Diff: 11.4, Sum: 90.4]
      [Termination (ms): Min: 0.0, Avg: 0.0, Max: 0.0, Diff: 0.0, Sum: 0.0]
         [Termination Attempts: Min: 1, Avg: 1.8, Max: 3, Diff: 2, Sum: 7]
      [GC Worker Other (ms): Min: 0.1, Avg: 0.1, Max: 0.1, Diff: 0.0, Sum: 0.3]
      [GC Worker Total (ms): Min: 39.2, Avg: 39.9, Max: 40.2, Diff: 0.9, Sum: 159.6]
      [GC Worker End (ms): Min: 100662758.1, Avg: 100662758.1, Max: 100662758.1, Diff: 0.0]
   [Code Root Fixup: 0.0 ms]
   [Code Root Purge: 0.0 ms]
   [Clear CT: 0.2 ms]
   [Other: 6.2 ms]
      [Choose CSet: 0.1 ms]
      [Ref Proc: 4.0 ms]
      [Ref Enq: 0.0 ms]
      [Redirty Cards: 0.6 ms]
      [Humongous Register: 0.7 ms]
      [Humongous Reclaim: 0.1 ms]
      [Free CSet: 0.2 ms]
   [Eden: 45056.0K(45056.0K)->0.0B(48128.0K) Survivors: 7168.0K->4096.0K Heap: 303.0M(1024.0M)->243.0M(1024.0M)]
 [Times: user=0.13 sys=0.00, real=0.05 secs] 
2021-03-17T19:20:12.879+0700: 100947.483: [GC pause (G1 Evacuation Pause) (mixed), 0.0350574 secs]
   [Parallel Time: 33.1 ms, GC Workers: 4]
      [GC Worker Start (ms): Min: 100947483.2, Avg: 100947483.8, Max: 100947485.3, Diff: 2.0]
      [Ext Root Scanning (ms): Min: 0.1, Avg: 1.3, Max: 1.9, Diff: 1.8, Sum: 5.1]
      [Update RS (ms): Min: 2.0, Avg: 3.6, Max: 6.7, Diff: 4.7, Sum: 14.6]
         [Processed Buffers: Min: 5, Avg: 10.8, Max: 24, Diff: 19, Sum: 43]
      [Scan RS (ms): Min: 0.0, Avg: 1.8, Max: 2.6, Diff: 2.6, Sum: 7.2]
      [Code Root Scanning (ms): Min: 0.0, Avg: 0.1, Max: 0.2, Diff: 0.2, Sum: 0.4]
      [Object Copy (ms): Min: 23.7, Avg: 24.9, Max: 25.9, Diff: 2.2, Sum: 99.5]
      [Termination (ms): Min: 0.0, Avg: 0.5, Max: 0.7, Diff: 0.7, Sum: 2.0]
         [Termination Attempts: Min: 1, Avg: 1.0, Max: 1, Diff: 0, Sum: 4]
      [GC Worker Other (ms): Min: 0.0, Avg: 0.1, Max: 0.1, Diff: 0.0, Sum: 0.2]
      [GC Worker Total (ms): Min: 30.9, Avg: 32.2, Max: 32.9, Diff: 2.0, Sum: 128.9]
      [GC Worker End (ms): Min: 100947515.7, Avg: 100947516.1, Max: 100947516.2, Diff: 0.5]
   [Code Root Fixup: 0.0 ms]
   [Code Root Purge: 0.0 ms]
   [Clear CT: 0.3 ms]
   [Other: 1.7 ms]
      [Choose CSet: 0.1 ms]
      [Ref Proc: 0.6 ms]
      [Ref Enq: 0.0 ms]
      [Redirty Cards: 0.1 ms]
      [Humongous Register: 0.1 ms]
      [Humongous Reclaim: 0.1 ms]
      [Free CSet: 0.2 ms]
   [Eden: 48128.0K(48128.0K)->0.0B(45056.0K) Survivors: 4096.0K->7168.0K Heap: 290.0M(1024.0M)->232.0M(1024.0M)]
 [Times: user=0.12 sys=0.00, real=0.03 secs] 
2021-03-17T19:24:38.293+0700: 101212.896: [GC pause (G1 Evacuation Pause) (mixed), 0.0495546 secs]
   [Parallel Time: 46.2 ms, GC Workers: 4]
      [GC Worker Start (ms): Min: 101212897.6, Avg: 101212897.8, Max: 101212898.0, Diff: 0.3]
      [Ext Root Scanning (ms): Min: 1.2, Avg: 1.2, Max: 1.3, Diff: 0.2, Sum: 5.0]
      [Update RS (ms): Min: 0.9, Avg: 1.2, Max: 1.6, Diff: 0.7, Sum: 4.9]
         [Processed Buffers: Min: 1, Avg: 10.0, Max: 23, Diff: 22, Sum: 40]
      [Scan RS (ms): Min: 2.5, Avg: 3.9, Max: 5.5, Diff: 3.0, Sum: 15.6]
      [Code Root Scanning (ms): Min: 0.0, Avg: 0.2, Max: 0.6, Diff: 0.6, Sum: 1.0]
      [Object Copy (ms): Min: 37.1, Avg: 38.1, Max: 39.1, Diff: 2.0, Sum: 152.6]
      [Termination (ms): Min: 0.0, Avg: 0.7, Max: 1.0, Diff: 1.0, Sum: 2.9]
         [Termination Attempts: Min: 1, Avg: 1.0, Max: 1, Diff: 0, Sum: 4]
      [GC Worker Other (ms): Min: 0.1, Avg: 0.1, Max: 0.1, Diff: 0.1, Sum: 0.3]
      [GC Worker Total (ms): Min: 45.1, Avg: 45.6, Max: 45.9, Diff: 0.8, Sum: 182.3]
      [GC Worker End (ms): Min: 101212942.8, Avg: 101212943.3, Max: 101212943.6, Diff: 0.8]
   [Code Root Fixup: 0.0 ms]
   [Code Root Purge: 0.0 ms]
   [Clear CT: 0.2 ms]
   [Other: 3.1 ms]
      [Choose CSet: 0.2 ms]
      [Ref Proc: 1.3 ms]
      [Ref Enq: 0.0 ms]
      [Redirty Cards: 0.2 ms]
      [Humongous Register: 0.7 ms]
      [Humongous Reclaim: 0.1 ms]
      [Free CSet: 0.3 ms]
   [Eden: 45056.0K(45056.0K)->0.0B(46080.0K) Survivors: 7168.0K->6144.0K Heap: 276.0M(1024.0M)->219.7M(1024.0M)]
 [Times: user=0.14 sys=0.00, real=0.05 secs] 
2021-03-17T19:29:10.706+0700: 101485.310: [GC pause (G1 Evacuation Pause) (mixed), 0.0169749 secs]
   [Parallel Time: 15.5 ms, GC Workers: 4]
      [GC Worker Start (ms): Min: 101485310.0, Avg: 101485310.1, Max: 101485310.1, Diff: 0.1]
      [Ext Root Scanning (ms): Min: 0.6, Avg: 0.6, Max: 0.8, Diff: 0.2, Sum: 2.6]
      [Update RS (ms): Min: 1.0, Avg: 1.2, Max: 1.7, Diff: 0.7, Sum: 4.7]
         [Processed Buffers: Min: 0, Avg: 10.8, Max: 27, Diff: 27, Sum: 43]
      [Scan RS (ms): Min: 1.2, Avg: 1.7, Max: 1.9, Diff: 0.7, Sum: 6.9]
      [Code Root Scanning (ms): Min: 0.0, Avg: 0.0, Max: 0.1, Diff: 0.1, Sum: 0.2]
      [Object Copy (ms): Min: 11.5, Avg: 11.6, Max: 11.7, Diff: 0.2, Sum: 46.4]
      [Termination (ms): Min: 0.0, Avg: 0.0, Max: 0.0, Diff: 0.0, Sum: 0.0]
         [Termination Attempts: Min: 1, Avg: 1.0, Max: 1, Diff: 0, Sum: 4]
      [GC Worker Other (ms): Min: 0.0, Avg: 0.1, Max: 0.2, Diff: 0.2, Sum: 0.5]
      [GC Worker Total (ms): Min: 15.2, Avg: 15.3, Max: 15.4, Diff: 0.2, Sum: 61.3]
      [GC Worker End (ms): Min: 101485325.3, Avg: 101485325.4, Max: 101485325.5, Diff: 0.2]
   [Code Root Fixup: 0.0 ms]
   [Code Root Purge: 0.0 ms]
   [Clear CT: 0.2 ms]
   [Other: 1.2 ms]
      [Choose CSet: 0.0 ms]
      [Ref Proc: 0.3 ms]
      [Ref Enq: 0.0 ms]
      [Redirty Cards: 0.2 ms]
      [Humongous Register: 0.3 ms]
      [Humongous Reclaim: 0.0 ms]
      [Free CSet: 0.1 ms]
   [Eden: 46080.0K(46080.0K)->0.0B(47104.0K) Survivors: 6144.0K->5120.0K Heap: 264.7M(1024.0M)->219.5M(1024.0M)]
 [Times: user=0.03 sys=0.00, real=0.02 secs] 
2021-03-17T19:33:50.051+0700: 101764.654: [GC pause (G1 Evacuation Pause) (young), 0.0159924 secs]
   [Parallel Time: 14.7 ms, GC Workers: 4]
      [GC Worker Start (ms): Min: 101764654.8, Avg: 101764655.0, Max: 101764655.3, Diff: 0.5]
      [Ext Root Scanning (ms): Min: 0.7, Avg: 1.1, Max: 1.3, Diff: 0.6, Sum: 4.3]
      [Update RS (ms): Min: 0.5, Avg: 1.2, Max: 1.4, Diff: 0.9, Sum: 4.6]
         [Processed Buffers: Min: 2, Avg: 10.8, Max: 19, Diff: 17, Sum: 43]
      [Scan RS (ms): Min: 1.1, Avg: 1.2, Max: 1.2, Diff: 0.1, Sum: 4.7]
      [Code Root Scanning (ms): Min: 0.0, Avg: 0.0, Max: 0.0, Diff: 0.0, Sum: 0.1]
      [Object Copy (ms): Min: 10.4, Avg: 10.8, Max: 11.6, Diff: 1.2, Sum: 43.0]
      [Termination (ms): Min: 0.0, Avg: 0.2, Max: 0.3, Diff: 0.3, Sum: 0.9]
         [Termination Attempts: Min: 1, Avg: 2.0, Max: 3, Diff: 2, Sum: 8]
      [GC Worker Other (ms): Min: 0.0, Avg: 0.0, Max: 0.0, Diff: 0.0, Sum: 0.1]
      [GC Worker Total (ms): Min: 13.9, Avg: 14.4, Max: 14.6, Diff: 0.7, Sum: 57.6]
      [GC Worker End (ms): Min: 101764669.2, Avg: 101764669.4, Max: 101764669.4, Diff: 0.2]
   [Code Root Fixup: 0.0 ms]
   [Code Root Purge: 0.0 ms]
   [Clear CT: 0.2 ms]
   [Other: 1.1 ms]
      [Choose CSet: 0.0 ms]
      [Ref Proc: 0.3 ms]
      [Ref Enq: 0.0 ms]
      [Redirty Cards: 0.1 ms]
      [Humongous Register: 0.3 ms]
      [Humongous Reclaim: 0.0 ms]
      [Free CSet: 0.1 ms]
   [Eden: 47104.0K(47104.0K)->0.0B(45056.0K) Survivors: 5120.0K->7168.0K Heap: 265.5M(1024.0M)->223.0M(1024.0M)]
 [Times: user=0.06 sys=0.00, real=0.02 secs] 
2021-03-17T19:38:15.799+0700: 102030.402: [GC pause (G1 Evacuation Pause) (young), 0.0231538 secs]
   [Parallel Time: 21.6 ms, GC Workers: 4]
      [GC Worker Start (ms): Min: 102030402.6, Avg: 102030402.6, Max: 102030402.7, Diff: 0.1]
      [Ext Root Scanning (ms): Min: 0.7, Avg: 0.7, Max: 0.8, Diff: 0.1, Sum: 2.8]
      [Update RS (ms): Min: 0.8, Avg: 0.9, Max: 1.2, Diff: 0.4, Sum: 3.7]
         [Processed Buffers: Min: 3, Avg: 11.0, Max: 22, Diff: 19, Sum: 44]
      [Scan RS (ms): Min: 1.2, Avg: 1.5, Max: 1.8, Diff: 0.6, Sum: 5.9]
      [Code Root Scanning (ms): Min: 0.0, Avg: 0.0, Max: 0.0, Diff: 0.0, Sum: 0.1]
      [Object Copy (ms): Min: 18.0, Avg: 18.2, Max: 18.3, Diff: 0.3, Sum: 72.8]
      [Termination (ms): Min: 0.0, Avg: 0.0, Max: 0.0, Diff: 0.0, Sum: 0.1]
         [Termination Attempts: Min: 1, Avg: 1.2, Max: 2, Diff: 1, Sum: 5]
      [GC Worker Other (ms): Min: 0.0, Avg: 0.0, Max: 0.0, Diff: 0.0, Sum: 0.1]
      [GC Worker Total (ms): Min: 21.3, Avg: 21.3, Max: 21.4, Diff: 0.1, Sum: 85.4]
      [GC Worker End (ms): Min: 102030424.0, Avg: 102030424.0, Max: 102030424.0, Diff: 0.0]
   [Code Root Fixup: 0.0 ms]
   [Code Root Purge: 0.0 ms]
   [Clear CT: 0.4 ms]
   [Other: 1.1 ms]
      [Choose CSet: 0.0 ms]
      [Ref Proc: 0.3 ms]
      [Ref Enq: 0.0 ms]
      [Redirty Cards: 0.2 ms]
      [Humongous Register: 0.3 ms]
      [Humongous Reclaim: 0.0 ms]
      [Free CSet: 0.0 ms]
   [Eden: 45056.0K(45056.0K)->0.0B(45056.0K) Survivors: 7168.0K->7168.0K Heap: 267.0M(1024.0M)->227.5M(1024.0M)]
 [Times: user=0.13 sys=0.00, real=0.02 secs] 
2021-03-17T19:42:41.926+0700: 102296.530: [GC pause (G1 Evacuation Pause) (young), 0.0345760 secs]
   [Parallel Time: 32.5 ms, GC Workers: 4]
      [GC Worker Start (ms): Min: 102296530.8, Avg: 102296532.4, Max: 102296536.4, Diff: 5.6]
      [Ext Root Scanning (ms): Min: 0.0, Avg: 0.7, Max: 1.2, Diff: 1.1, Sum: 2.7]
      [Update RS (ms): Min: 0.0, Avg: 1.1, Max: 1.6, Diff: 1.6, Sum: 4.4]
         [Processed Buffers: Min: 0, Avg: 11.0, Max: 19, Diff: 19, Sum: 44]
      [Scan RS (ms): Min: 0.0, Avg: 2.0, Max: 2.8, Diff: 2.8, Sum: 8.1]
      [Code Root Scanning (ms): Min: 0.0, Avg: 0.0, Max: 0.0, Diff: 0.0, Sum: 0.1]
      [Object Copy (ms): Min: 26.2, Avg: 26.5, Max: 26.6, Diff: 0.4, Sum: 105.8]
      [Termination (ms): Min: 0.0, Avg: 0.0, Max: 0.0, Diff: 0.0, Sum: 0.0]
         [Termination Attempts: Min: 1, Avg: 2.0, Max: 4, Diff: 3, Sum: 8]
      [GC Worker Other (ms): Min: 0.0, Avg: 0.0, Max: 0.0, Diff: 0.0, Sum: 0.1]
      [GC Worker Total (ms): Min: 26.3, Avg: 30.3, Max: 31.9, Diff: 5.6, Sum: 121.3]
      [GC Worker End (ms): Min: 102296562.7, Avg: 102296562.7, Max: 102296562.7, Diff: 0.0]
   [Code Root Fixup: 0.0 ms]
   [Code Root Purge: 0.0 ms]
   [Clear CT: 0.2 ms]
   [Other: 1.9 ms]
      [Choose CSet: 0.0 ms]
      [Ref Proc: 0.3 ms]
      [Ref Enq: 0.0 ms]
      [Redirty Cards: 0.1 ms]
      [Humongous Register: 0.1 ms]
      [Humongous Reclaim: 0.0 ms]
      [Free CSet: 0.1 ms]
   [Eden: 45056.0K(45056.0K)->0.0B(45056.0K) Survivors: 7168.0K->7168.0K Heap: 271.5M(1024.0M)->233.0M(1024.0M)]
 [Times: user=0.08 sys=0.00, real=0.04 secs] 
2021-03-17T19:47:09.312+0700: 102563.916: [GC pause (G1 Evacuation Pause) (young), 0.0207794 secs]
   [Parallel Time: 19.3 ms, GC Workers: 4]
      [GC Worker Start (ms): Min: 102563916.3, Avg: 102563916.3, Max: 102563916.4, Diff: 0.1]
      [Ext Root Scanning (ms): Min: 0.5, Avg: 0.7, Max: 0.9, Diff: 0.4, Sum: 2.7]
      [Update RS (ms): Min: 1.2, Avg: 1.4, Max: 1.8, Diff: 0.7, Sum: 5.6]
         [Processed Buffers: Min: 2, Avg: 11.2, Max: 21, Diff: 19, Sum: 45]
      [Scan RS (ms): Min: 1.1, Avg: 1.3, Max: 1.4, Diff: 0.3, Sum: 5.3]
      [Code Root Scanning (ms): Min: 0.0, Avg: 0.0, Max: 0.0, Diff: 0.0, Sum: 0.1]
      [Object Copy (ms): Min: 14.9, Avg: 15.4, Max: 15.6, Diff: 0.7, Sum: 61.5]
      [Termination (ms): Min: 0.0, Avg: 0.2, Max: 0.3, Diff: 0.3, Sum: 1.0]
         [Termination Attempts: Min: 1, Avg: 1.5, Max: 3, Diff: 2, Sum: 6]
      [GC Worker Other (ms): Min: 0.0, Avg: 0.0, Max: 0.0, Diff: 0.0, Sum: 0.1]
      [GC Worker Total (ms): Min: 18.9, Avg: 19.0, Max: 19.1, Diff: 0.3, Sum: 76.2]
      [GC Worker End (ms): Min: 102563935.2, Avg: 102563935.4, Max: 102563935.4, Diff: 0.2]
   [Code Root Fixup: 0.0 ms]
   [Code Root Purge: 0.0 ms]
   [Clear CT: 0.2 ms]
   [Other: 1.3 ms]
      [Choose CSet: 0.0 ms]
      [Ref Proc: 0.4 ms]
      [Ref Enq: 0.0 ms]
      [Redirty Cards: 0.2 ms]
      [Humongous Register: 0.3 ms]
      [Humongous Reclaim: 0.1 ms]
      [Free CSet: 0.1 ms]
   [Eden: 45056.0K(45056.0K)->0.0B(46080.0K) Survivors: 7168.0K->6144.0K Heap: 277.0M(1024.0M)->239.5M(1024.0M)]
 [Times: user=0.04 sys=0.00, real=0.02 secs] 
2021-03-17T19:51:41.614+0700: 102836.217: [GC pause (G1 Evacuation Pause) (young), 0.0240898 secs]
   [Parallel Time: 22.4 ms, GC Workers: 4]
      [GC Worker Start (ms): Min: 102836217.9, Avg: 102836218.0, Max: 102836218.2, Diff: 0.3]
      [Ext Root Scanning (ms): Min: 0.8, Avg: 1.1, Max: 1.3, Diff: 0.5, Sum: 4.3]
      [Update RS (ms): Min: 1.4, Avg: 1.9, Max: 2.3, Diff: 1.0, Sum: 7.4]
         [Processed Buffers: Min: 10, Avg: 12.0, Max: 16, Diff: 6, Sum: 48]
      [Scan RS (ms): Min: 1.5, Avg: 1.6, Max: 1.7, Diff: 0.2, Sum: 6.5]
      [Code Root Scanning (ms): Min: 0.0, Avg: 0.0, Max: 0.0, Diff: 0.0, Sum: 0.1]
      [Object Copy (ms): Min: 17.1, Avg: 17.3, Max: 17.8, Diff: 0.7, Sum: 69.2]
      [Termination (ms): Min: 0.0, Avg: 0.2, Max: 0.4, Diff: 0.4, Sum: 0.6]
         [Termination Attempts: Min: 1, Avg: 1.0, Max: 1, Diff: 0, Sum: 4]
      [GC Worker Other (ms): Min: 0.0, Avg: 0.0, Max: 0.0, Diff: 0.0, Sum: 0.1]
      [GC Worker Total (ms): Min: 21.9, Avg: 22.1, Max: 22.2, Diff: 0.3, Sum: 88.4]
      [GC Worker End (ms): Min: 102836240.0, Avg: 102836240.1, Max: 102836240.3, Diff: 0.2]
   [Code Root Fixup: 0.0 ms]
   [Code Root Purge: 0.0 ms]
   [Clear CT: 0.2 ms]
   [Other: 1.4 ms]
      [Choose CSet: 0.0 ms]
      [Ref Proc: 0.3 ms]
      [Ref Enq: 0.0 ms]
      [Redirty Cards: 0.2 ms]
      [Humongous Register: 0.4 ms]
      [Humongous Reclaim: 0.0 ms]
      [Free CSet: 0.1 ms]
   [Eden: 46080.0K(46080.0K)->0.0B(46080.0K) Survivors: 6144.0K->6144.0K Heap: 284.5M(1024.0M)->243.5M(1024.0M)]
 [Times: user=0.13 sys=0.00, real=0.03 secs] 
2021-03-17T19:56:12.408+0700: 103107.012: [GC pause (G1 Evacuation Pause) (young), 0.0177615 secs]
   [Parallel Time: 16.4 ms, GC Workers: 4]
      [GC Worker Start (ms): Min: 103107012.0, Avg: 103107012.1, Max: 103107012.1, Diff: 0.1]
      [Ext Root Scanning (ms): Min: 0.6, Avg: 0.6, Max: 0.7, Diff: 0.1, Sum: 2.5]
      [Update RS (ms): Min: 1.5, Avg: 1.7, Max: 1.9, Diff: 0.4, Sum: 6.6]
         [Processed Buffers: Min: 3, Avg: 11.8, Max: 21, Diff: 18, Sum: 47]
      [Scan RS (ms): Min: 0.7, Avg: 0.9, Max: 1.1, Diff: 0.3, Sum: 3.8]
      [Code Root Scanning (ms): Min: 0.0, Avg: 0.0, Max: 0.0, Diff: 0.0, Sum: 0.0]
      [Object Copy (ms): Min: 12.6, Avg: 12.7, Max: 12.7, Diff: 0.1, Sum: 50.6]
      [Termination (ms): Min: 0.0, Avg: 0.3, Max: 0.4, Diff: 0.4, Sum: 1.2]
         [Termination Attempts: Min: 1, Avg: 1.0, Max: 1, Diff: 0, Sum: 4]
      [GC Worker Other (ms): Min: 0.0, Avg: 0.0, Max: 0.1, Diff: 0.0, Sum: 0.1]
      [GC Worker Total (ms): Min: 16.0, Avg: 16.2, Max: 16.4, Diff: 0.4, Sum: 65.0]
      [GC Worker End (ms): Min: 103107028.1, Avg: 103107028.3, Max: 103107028.4, Diff: 0.3]
   [Code Root Fixup: 0.0 ms]
   [Code Root Purge: 0.0 ms]
   [Clear CT: 0.2 ms]
   [Other: 1.2 ms]
      [Choose CSet: 0.0 ms]
      [Ref Proc: 0.4 ms]
      [Ref Enq: 0.0 ms]
      [Redirty Cards: 0.2 ms]
      [Humongous Register: 0.3 ms]
      [Humongous Reclaim: 0.0 ms]
      [Free CSet: 0.0 ms]
   [Eden: 46080.0K(46080.0K)->0.0B(46080.0K) Survivors: 6144.0K->6144.0K Heap: 288.5M(1024.0M)->248.0M(1024.0M)]
 [Times: user=0.03 sys=0.00, real=0.01 secs] 
2021-03-17T20:00:40.501+0700: 103375.104: [GC pause (G1 Evacuation Pause) (young), 0.0170824 secs]
   [Parallel Time: 15.7 ms, GC Workers: 4]
      [GC Worker Start (ms): Min: 103375104.9, Avg: 103375104.9, Max: 103375105.0, Diff: 0.1]
      [Ext Root Scanning (ms): Min: 0.7, Avg: 0.8, Max: 0.9, Diff: 0.1, Sum: 3.2]
      [Update RS (ms): Min: 1.2, Avg: 1.8, Max: 2.1, Diff: 0.9, Sum: 7.3]
         [Processed Buffers: Min: 3, Avg: 12.2, Max: 26, Diff: 23, Sum: 49]
      [Scan RS (ms): Min: 1.3, Avg: 1.4, Max: 1.8, Diff: 0.5, Sum: 5.7]
      [Code Root Scanning (ms): Min: 0.0, Avg: 0.0, Max: 0.0, Diff: 0.0, Sum: 0.1]
      [Object Copy (ms): Min: 10.6, Avg: 11.2, Max: 12.0, Diff: 1.5, Sum: 45.0]
      [Termination (ms): Min: 0.0, Avg: 0.0, Max: 0.0, Diff: 0.0, Sum: 0.0]
         [Termination Attempts: Min: 1, Avg: 1.0, Max: 1, Diff: 0, Sum: 4]
      [GC Worker Other (ms): Min: 0.0, Avg: 0.1, Max: 0.2, Diff: 0.2, Sum: 0.5]
      [GC Worker Total (ms): Min: 15.3, Avg: 15.4, Max: 15.5, Diff: 0.2, Sum: 61.7]
      [GC Worker End (ms): Min: 103375120.2, Avg: 103375120.3, Max: 103375120.5, Diff: 0.2]
   [Code Root Fixup: 0.0 ms]
   [Code Root Purge: 0.0 ms]
   [Clear CT: 0.3 ms]
   [Other: 1.2 ms]
      [Choose CSet: 0.0 ms]
      [Ref Proc: 0.2 ms]
      [Ref Enq: 0.0 ms]
      [Redirty Cards: 0.2 ms]
      [Humongous Register: 0.3 ms]
      [Humongous Reclaim: 0.0 ms]
      [Free CSet: 0.1 ms]
   [Eden: 46080.0K(46080.0K)->0.0B(47104.0K) Survivors: 6144.0K->5120.0K Heap: 293.0M(1024.0M)->251.0M(1024.0M)]
 [Times: user=0.06 sys=0.00, real=0.02 secs] 
2021-03-17T20:05:17.681+0700: 103652.285: [GC pause (G1 Evacuation Pause) (young), 0.0187540 secs]
   [Parallel Time: 16.8 ms, GC Workers: 4]
      [GC Worker Start (ms): Min: 103652285.4, Avg: 103652285.5, Max: 103652285.6, Diff: 0.3]
      [Ext Root Scanning (ms): Min: 0.6, Avg: 0.7, Max: 0.8, Diff: 0.3, Sum: 3.0]
      [Update RS (ms): Min: 1.2, Avg: 2.2, Max: 3.5, Diff: 2.3, Sum: 8.7]
         [Processed Buffers: Min: 4, Avg: 12.8, Max: 21, Diff: 17, Sum: 51]
      [Scan RS (ms): Min: 0.0, Avg: 1.2, Max: 2.6, Diff: 2.5, Sum: 4.9]
      [Code Root Scanning (ms): Min: 0.0, Avg: 0.0, Max: 0.0, Diff: 0.0, Sum: 0.1]
      [Object Copy (ms): Min: 10.9, Avg: 12.1, Max: 13.3, Diff: 2.4, Sum: 48.5]
      [Termination (ms): Min: 0.0, Avg: 0.2, Max: 0.4, Diff: 0.4, Sum: 0.8]
         [Termination Attempts: Min: 1, Avg: 1.0, Max: 1, Diff: 0, Sum: 4]
      [GC Worker Other (ms): Min: 0.0, Avg: 0.0, Max: 0.0, Diff: 0.0, Sum: 0.1]
      [GC Worker Total (ms): Min: 16.4, Avg: 16.5, Max: 16.6, Diff: 0.2, Sum: 66.0]
      [GC Worker End (ms): Min: 103652301.9, Avg: 103652302.0, Max: 103652302.0, Diff: 0.2]
   [Code Root Fixup: 0.0 ms]
   [Code Root Purge: 0.0 ms]
   [Clear CT: 0.2 ms]
   [Other: 1.8 ms]
      [Choose CSet: 0.0 ms]
      [Ref Proc: 0.8 ms]
      [Ref Enq: 0.0 ms]
      [Redirty Cards: 0.1 ms]
      [Humongous Register: 0.3 ms]
      [Humongous Reclaim: 0.1 ms]
      [Free CSet: 0.2 ms]
   [Eden: 47104.0K(47104.0K)->0.0B(45056.0K) Survivors: 5120.0K->7168.0K Heap: 297.0M(1024.0M)->254.5M(1024.0M)]
 [Times: user=0.06 sys=0.00, real=0.02 secs] 
2021-03-17T20:09:15.500+0700: 103890.103: [GC pause (G1 Evacuation Pause) (young), 0.0307522 secs]
   [Parallel Time: 29.8 ms, GC Workers: 4]
      [GC Worker Start (ms): Min: 103890103.4, Avg: 103890103.4, Max: 103890103.4, Diff: 0.1]
      [Ext Root Scanning (ms): Min: 0.6, Avg: 0.6, Max: 0.8, Diff: 0.2, Sum: 2.5]
      [Update RS (ms): Min: 2.9, Avg: 3.0, Max: 3.1, Diff: 0.2, Sum: 12.1]
         [Processed Buffers: Min: 1, Avg: 12.0, Max: 17, Diff: 16, Sum: 48]
      [Scan RS (ms): Min: 1.6, Avg: 1.9, Max: 2.6, Diff: 1.0, Sum: 7.7]
      [Code Root Scanning (ms): Min: 0.0, Avg: 0.0, Max: 0.0, Diff: 0.0, Sum: 0.1]
      [Object Copy (ms): Min: 23.1, Avg: 23.8, Max: 24.1, Diff: 1.0, Sum: 95.3]
      [Termination (ms): Min: 0.0, Avg: 0.1, Max: 0.1, Diff: 0.1, Sum: 0.3]
         [Termination Attempts: Min: 1, Avg: 1.0, Max: 1, Diff: 0, Sum: 4]
      [GC Worker Other (ms): Min: 0.0, Avg: 0.0, Max: 0.0, Diff: 0.0, Sum: 0.1]
      [GC Worker Total (ms): Min: 29.5, Avg: 29.6, Max: 29.6, Diff: 0.1, Sum: 118.2]
      [GC Worker End (ms): Min: 103890132.9, Avg: 103890132.9, Max: 103890133.0, Diff: 0.0]
   [Code Root Fixup: 0.0 ms]
   [Code Root Purge: 0.0 ms]
   [Clear CT: 0.1 ms]
   [Other: 0.8 ms]
      [Choose CSet: 0.0 ms]
      [Ref Proc: 0.3 ms]
      [Ref Enq: 0.0 ms]
      [Redirty Cards: 0.1 ms]
      [Humongous Register: 0.1 ms]
      [Humongous Reclaim: 0.0 ms]
      [Free CSet: 0.1 ms]
   [Eden: 45056.0K(45056.0K)->0.0B(45056.0K) Survivors: 7168.0K->7168.0K Heap: 298.5M(1024.0M)->262.8M(1024.0M)]
 [Times: user=0.11 sys=0.00, real=0.03 secs] 
2021-03-17T20:13:37.810+0700: 104152.414: [GC pause (G1 Evacuation Pause) (young), 0.0232690 secs]
   [Parallel Time: 20.7 ms, GC Workers: 4]
      [GC Worker Start (ms): Min: 104152414.4, Avg: 104152414.5, Max: 104152414.5, Diff: 0.1]
      [Ext Root Scanning (ms): Min: 0.8, Avg: 0.9, Max: 1.0, Diff: 0.3, Sum: 3.4]
      [Update RS (ms): Min: 0.7, Avg: 1.5, Max: 1.8, Diff: 1.1, Sum: 6.0]
         [Processed Buffers: Min: 1, Avg: 11.8, Max: 16, Diff: 15, Sum: 47]
      [Scan RS (ms): Min: 2.2, Avg: 2.5, Max: 3.1, Diff: 0.9, Sum: 10.0]
      [Code Root Scanning (ms): Min: 0.0, Avg: 0.0, Max: 0.0, Diff: 0.0, Sum: 0.1]
      [Object Copy (ms): Min: 14.3, Avg: 15.2, Max: 16.5, Diff: 2.2, Sum: 60.8]
      [Termination (ms): Min: 0.0, Avg: 0.4, Max: 0.5, Diff: 0.5, Sum: 1.5]
         [Termination Attempts: Min: 1, Avg: 1.5, Max: 3, Diff: 2, Sum: 6]
      [GC Worker Other (ms): Min: 0.0, Avg: 0.0, Max: 0.0, Diff: 0.0, Sum: 0.1]
      [GC Worker Total (ms): Min: 20.2, Avg: 20.5, Max: 20.7, Diff: 0.5, Sum: 82.0]
      [GC Worker End (ms): Min: 104152434.7, Avg: 104152435.0, Max: 104152435.1, Diff: 0.4]
   [Code Root Fixup: 0.0 ms]
   [Code Root Purge: 0.0 ms]
   [Clear CT: 0.2 ms]
   [Other: 2.3 ms]
      [Choose CSet: 0.0 ms]
      [Ref Proc: 1.2 ms]
      [Ref Enq: 0.0 ms]
      [Redirty Cards: 0.2 ms]
      [Humongous Register: 0.5 ms]
      [Humongous Reclaim: 0.0 ms]
      [Free CSet: 0.1 ms]
   [Eden: 45056.0K(45056.0K)->0.0B(48128.0K) Survivors: 7168.0K->4096.0K Heap: 306.8M(1024.0M)->265.0M(1024.0M)]
 [Times: user=0.03 sys=0.00, real=0.02 secs] 
2021-03-17T20:18:20.560+0700: 104435.164: [GC pause (G1 Evacuation Pause) (young), 0.0227807 secs]
   [Parallel Time: 19.0 ms, GC Workers: 4]
      [GC Worker Start (ms): Min: 104435164.3, Avg: 104435164.5, Max: 104435165.0, Diff: 0.8]
      [Ext Root Scanning (ms): Min: 0.6, Avg: 1.8, Max: 3.8, Diff: 3.2, Sum: 7.1]
      [Update RS (ms): Min: 0.6, Avg: 2.3, Max: 3.0, Diff: 2.4, Sum: 9.4]
         [Processed Buffers: Min: 7, Avg: 12.0, Max: 17, Diff: 10, Sum: 48]
      [Scan RS (ms): Min: 0.0, Avg: 0.1, Max: 0.3, Diff: 0.3, Sum: 0.5]
      [Code Root Scanning (ms): Min: 0.0, Avg: 0.0, Max: 0.0, Diff: 0.0, Sum: 0.1]
      [Object Copy (ms): Min: 13.9, Avg: 14.1, Max: 14.3, Diff: 0.3, Sum: 56.2]
      [Termination (ms): Min: 0.0, Avg: 0.3, Max: 0.4, Diff: 0.4, Sum: 1.1]
         [Termination Attempts: Min: 1, Avg: 2.5, Max: 4, Diff: 3, Sum: 10]
      [GC Worker Other (ms): Min: 0.0, Avg: 0.0, Max: 0.0, Diff: 0.0, Sum: 0.2]
      [GC Worker Total (ms): Min: 18.1, Avg: 18.6, Max: 18.9, Diff: 0.7, Sum: 74.5]
      [GC Worker End (ms): Min: 104435183.0, Avg: 104435183.1, Max: 104435183.2, Diff: 0.2]
   [Code Root Fixup: 0.0 ms]
   [Code Root Purge: 0.0 ms]
   [Clear CT: 1.1 ms]
   [Other: 2.6 ms]
      [Choose CSet: 0.0 ms]
      [Ref Proc: 1.4 ms]
      [Ref Enq: 0.0 ms]
      [Redirty Cards: 0.2 ms]
      [Humongous Register: 0.4 ms]
      [Humongous Reclaim: 0.0 ms]
      [Free CSet: 0.1 ms]
   [Eden: 48128.0K(48128.0K)->0.0B(45056.0K) Survivors: 4096.0K->7168.0K Heap: 312.0M(1024.0M)->268.5M(1024.0M)]
 [Times: user=0.05 sys=0.00, real=0.02 secs] 
2021-03-17T20:22:47.790+0700: 104702.394: [GC pause (G1 Evacuation Pause) (young), 0.0164640 secs]
   [Parallel Time: 14.9 ms, GC Workers: 4]
      [GC Worker Start (ms): Min: 104702394.3, Avg: 104702394.4, Max: 104702394.6, Diff: 0.3]
      [Ext Root Scanning (ms): Min: 0.6, Avg: 0.8, Max: 0.9, Diff: 0.3, Sum: 3.1]
      [Update RS (ms): Min: 0.0, Avg: 0.7, Max: 1.0, Diff: 1.0, Sum: 2.6]
         [Processed Buffers: Min: 0, Avg: 10.2, Max: 27, Diff: 27, Sum: 41]
      [Scan RS (ms): Min: 0.0, Avg: 0.0, Max: 0.1, Diff: 0.1, Sum: 0.1]
      [Code Root Scanning (ms): Min: 0.0, Avg: 0.0, Max: 0.1, Diff: 0.1, Sum: 0.1]
      [Object Copy (ms): Min: 12.7, Avg: 13.0, Max: 13.7, Diff: 1.0, Sum: 52.0]
      [Termination (ms): Min: 0.0, Avg: 0.0, Max: 0.0, Diff: 0.0, Sum: 0.0]
         [Termination Attempts: Min: 1, Avg: 1.0, Max: 1, Diff: 0, Sum: 4]
      [GC Worker Other (ms): Min: 0.0, Avg: 0.1, Max: 0.2, Diff: 0.2, Sum: 0.4]
      [GC Worker Total (ms): Min: 14.5, Avg: 14.6, Max: 14.7, Diff: 0.3, Sum: 58.4]
      [GC Worker End (ms): Min: 104702408.9, Avg: 104702409.0, Max: 104702409.1, Diff: 0.2]
   [Code Root Fixup: 0.0 ms]
   [Code Root Purge: 0.0 ms]
   [Clear CT: 0.2 ms]
   [Other: 1.4 ms]
      [Choose CSet: 0.0 ms]
      [Ref Proc: 0.4 ms]
      [Ref Enq: 0.0 ms]
      [Redirty Cards: 0.2 ms]
      [Humongous Register: 0.3 ms]
      [Humongous Reclaim: 0.0 ms]
      [Free CSet: 0.1 ms]
   [Eden: 45056.0K(45056.0K)->0.0B(46080.0K) Survivors: 7168.0K->6144.0K Heap: 312.5M(1024.0M)->273.9M(1024.0M)]
 [Times: user=0.00 sys=0.04, real=0.02 secs] 
2021-03-17T20:27:18.017+0700: 104972.621: [GC pause (G1 Evacuation Pause) (young), 0.0178259 secs]
   [Parallel Time: 16.4 ms, GC Workers: 4]
      [GC Worker Start (ms): Min: 104972621.3, Avg: 104972621.6, Max: 104972622.1, Diff: 0.8]
      [Ext Root Scanning (ms): Min: 0.9, Avg: 1.1, Max: 1.5, Diff: 0.5, Sum: 4.4]
      [Update RS (ms): Min: 1.1, Avg: 1.6, Max: 2.2, Diff: 1.0, Sum: 6.6]
         [Processed Buffers: Min: 5, Avg: 12.2, Max: 17, Diff: 12, Sum: 49]
      [Scan RS (ms): Min: 0.9, Avg: 0.9, Max: 1.0, Diff: 0.1, Sum: 3.6]
      [Code Root Scanning (ms): Min: 0.0, Avg: 0.0, Max: 0.0, Diff: 0.0, Sum: 0.0]
      [Object Copy (ms): Min: 12.2, Avg: 12.3, Max: 12.4, Diff: 0.2, Sum: 49.3]
      [Termination (ms): Min: 0.0, Avg: 0.0, Max: 0.0, Diff: 0.0, Sum: 0.0]
         [Termination Attempts: Min: 1, Avg: 1.0, Max: 1, Diff: 0, Sum: 4]
      [GC Worker Other (ms): Min: 0.0, Avg: 0.0, Max: 0.0, Diff: 0.0, Sum: 0.1]
      [GC Worker Total (ms): Min: 15.6, Avg: 16.0, Max: 16.4, Diff: 0.8, Sum: 64.1]
      [GC Worker End (ms): Min: 104972637.6, Avg: 104972637.6, Max: 104972637.6, Diff: 0.0]
   [Code Root Fixup: 0.0 ms]
   [Code Root Purge: 0.0 ms]
   [Clear CT: 0.2 ms]
   [Other: 1.2 ms]
      [Choose CSet: 0.0 ms]
      [Ref Proc: 0.4 ms]
      [Ref Enq: 0.0 ms]
      [Redirty Cards: 0.2 ms]
      [Humongous Register: 0.3 ms]
      [Humongous Reclaim: 0.0 ms]
      [Free CSet: 0.0 ms]
   [Eden: 46080.0K(46080.0K)->0.0B(45056.0K) Survivors: 6144.0K->7168.0K Heap: 318.9M(1024.0M)->278.5M(1024.0M)]
 [Times: user=0.07 sys=0.00, real=0.01 secs] 
2021-03-17T20:31:43.703+0700: 105238.307: [GC pause (G1 Evacuation Pause) (young), 0.0174311 secs]
   [Parallel Time: 16.3 ms, GC Workers: 4]
      [GC Worker Start (ms): Min: 105238306.9, Avg: 105238306.9, Max: 105238307.0, Diff: 0.1]
      [Ext Root Scanning (ms): Min: 0.5, Avg: 0.6, Max: 0.7, Diff: 0.2, Sum: 2.3]
      [Update RS (ms): Min: 1.5, Avg: 1.7, Max: 2.0, Diff: 0.4, Sum: 7.0]
         [Processed Buffers: Min: 4, Avg: 12.8, Max: 18, Diff: 14, Sum: 51]
      [Scan RS (ms): Min: 1.2, Avg: 1.3, Max: 1.4, Diff: 0.2, Sum: 5.2]
      [Code Root Scanning (ms): Min: 0.0, Avg: 0.0, Max: 0.0, Diff: 0.0, Sum: 0.1]
      [Object Copy (ms): Min: 12.3, Avg: 12.5, Max: 12.6, Diff: 0.2, Sum: 49.9]
      [Termination (ms): Min: 0.0, Avg: 0.0, Max: 0.0, Diff: 0.0, Sum: 0.0]
         [Termination Attempts: Min: 1, Avg: 1.0, Max: 1, Diff: 0, Sum: 4]
      [GC Worker Other (ms): Min: 0.0, Avg: 0.0, Max: 0.0, Diff: 0.0, Sum: 0.1]
      [GC Worker Total (ms): Min: 16.1, Avg: 16.2, Max: 16.2, Diff: 0.1, Sum: 64.6]
      [GC Worker End (ms): Min: 105238323.1, Avg: 105238323.1, Max: 105238323.1, Diff: 0.0]
   [Code Root Fixup: 0.0 ms]
   [Code Root Purge: 0.0 ms]
   [Clear CT: 0.2 ms]
   [Other: 0.9 ms]
      [Choose CSet: 0.0 ms]
      [Ref Proc: 0.3 ms]
      [Ref Enq: 0.0 ms]
      [Redirty Cards: 0.3 ms]
      [Humongous Register: 0.0 ms]
      [Humongous Reclaim: 0.0 ms]
      [Free CSet: 0.0 ms]
   [Eden: 45056.0K(45056.0K)->0.0B(46080.0K) Survivors: 7168.0K->7168.0K Heap: 322.5M(1024.0M)->283.0M(1024.0M)]
 [Times: user=0.03 sys=0.00, real=0.02 secs] 
2021-03-17T20:36:08.645+0700: 105503.248: [GC pause (G1 Evacuation Pause) (young), 0.0223565 secs]
   [Parallel Time: 20.1 ms, GC Workers: 4]
      [GC Worker Start (ms): Min: 105503248.6, Avg: 105503248.6, Max: 105503248.7, Diff: 0.1]
      [Ext Root Scanning (ms): Min: 0.8, Avg: 0.9, Max: 1.3, Diff: 0.4, Sum: 3.8]
      [Update RS (ms): Min: 1.9, Avg: 2.2, Max: 2.4, Diff: 0.6, Sum: 9.0]
         [Processed Buffers: Min: 3, Avg: 12.2, Max: 26, Diff: 23, Sum: 49]
      [Scan RS (ms): Min: 2.2, Avg: 2.4, Max: 2.9, Diff: 0.7, Sum: 9.5]
      [Code Root Scanning (ms): Min: 0.0, Avg: 0.0, Max: 0.0, Diff: 0.0, Sum: 0.1]
      [Object Copy (ms): Min: 13.4, Avg: 14.0, Max: 14.3, Diff: 0.9, Sum: 55.8]
      [Termination (ms): Min: 0.0, Avg: 0.0, Max: 0.0, Diff: 0.0, Sum: 0.0]
         [Termination Attempts: Min: 1, Avg: 1.0, Max: 1, Diff: 0, Sum: 4]
      [GC Worker Other (ms): Min: 0.0, Avg: 0.3, Max: 0.5, Diff: 0.4, Sum: 1.4]
      [GC Worker Total (ms): Min: 19.6, Avg: 19.9, Max: 20.0, Diff: 0.5, Sum: 79.6]
      [GC Worker End (ms): Min: 105503268.2, Avg: 105503268.5, Max: 105503268.7, Diff: 0.4]
   [Code Root Fixup: 0.0 ms]
   [Code Root Purge: 0.0 ms]
   [Clear CT: 0.2 ms]
   [Other: 2.0 ms]
      [Choose CSet: 0.0 ms]
      [Ref Proc: 0.9 ms]
      [Ref Enq: 0.0 ms]
      [Redirty Cards: 0.2 ms]
      [Humongous Register: 0.3 ms]
      [Humongous Reclaim: 0.1 ms]
      [Free CSet: 0.1 ms]
   [Eden: 45056.0K(45056.0K)->0.0B(46080.0K) Survivors: 7168.0K->6144.0K Heap: 327.0M(1024.0M)->286.5M(1024.0M)]
 [Times: user=0.06 sys=0.01, real=0.03 secs] 
2021-03-17T20:40:39.071+0700: 105773.675: [GC pause (G1 Evacuation Pause) (young), 0.0451393 secs]
   [Parallel Time: 42.2 ms, GC Workers: 4]
      [GC Worker Start (ms): Min: 105773675.9, Avg: 105773676.0, Max: 105773676.1, Diff: 0.2]
      [Ext Root Scanning (ms): Min: 1.4, Avg: 1.4, Max: 1.6, Diff: 0.2, Sum: 5.8]
      [Update RS (ms): Min: 6.5, Avg: 7.6, Max: 8.5, Diff: 2.0, Sum: 30.3]
         [Processed Buffers: Min: 4, Avg: 12.2, Max: 32, Diff: 28, Sum: 49]
      [Scan RS (ms): Min: 2.2, Avg: 3.3, Max: 4.2, Diff: 2.0, Sum: 13.2]
      [Code Root Scanning (ms): Min: 0.0, Avg: 0.0, Max: 0.1, Diff: 0.1, Sum: 0.1]
      [Object Copy (ms): Min: 28.9, Avg: 29.2, Max: 29.5, Diff: 0.6, Sum: 116.8]
      [Termination (ms): Min: 0.0, Avg: 0.0, Max: 0.0, Diff: 0.0, Sum: 0.0]
         [Termination Attempts: Min: 1, Avg: 1.0, Max: 1, Diff: 0, Sum: 4]
      [GC Worker Other (ms): Min: 0.1, Avg: 0.1, Max: 0.1, Diff: 0.0, Sum: 0.2]
      [GC Worker Total (ms): Min: 41.5, Avg: 41.6, Max: 41.7, Diff: 0.2, Sum: 166.4]
      [GC Worker End (ms): Min: 105773717.6, Avg: 105773717.6, Max: 105773717.6, Diff: 0.0]
   [Code Root Fixup: 0.0 ms]
   [Code Root Purge: 0.0 ms]
   [Clear CT: 0.3 ms]
   [Other: 2.5 ms]
      [Choose CSet: 0.0 ms]
      [Ref Proc: 1.0 ms]
      [Ref Enq: 0.0 ms]
      [Redirty Cards: 0.3 ms]
      [Humongous Register: 0.7 ms]
      [Humongous Reclaim: 0.0 ms]
      [Free CSet: 0.1 ms]
   [Eden: 46080.0K(46080.0K)->0.0B(47104.0K) Survivors: 6144.0K->5120.0K Heap: 331.5M(1024.0M)->290.0M(1024.0M)]
 [Times: user=0.08 sys=0.00, real=0.05 secs] 
2021-03-17T20:45:17.572+0700: 106052.175: [GC pause (G1 Evacuation Pause) (young), 0.0426430 secs]
   [Parallel Time: 38.6 ms, GC Workers: 4]
      [GC Worker Start (ms): Min: 106052176.6, Avg: 106052179.9, Max: 106052183.9, Diff: 7.3]
      [Ext Root Scanning (ms): Min: 0.1, Avg: 3.0, Max: 6.0, Diff: 6.0, Sum: 12.1]
      [Update RS (ms): Min: 2.3, Avg: 4.8, Max: 8.1, Diff: 5.8, Sum: 19.3]
         [Processed Buffers: Min: 3, Avg: 11.5, Max: 23, Diff: 20, Sum: 46]
      [Scan RS (ms): Min: 0.0, Avg: 2.8, Max: 4.5, Diff: 4.5, Sum: 11.1]
      [Code Root Scanning (ms): Min: 0.0, Avg: 0.0, Max: 0.1, Diff: 0.1, Sum: 0.2]
      [Object Copy (ms): Min: 23.2, Avg: 23.4, Max: 23.8, Diff: 0.6, Sum: 93.7]
      [Termination (ms): Min: 0.0, Avg: 0.0, Max: 0.0, Diff: 0.0, Sum: 0.0]
         [Termination Attempts: Min: 1, Avg: 1.0, Max: 1, Diff: 0, Sum: 4]
      [GC Worker Other (ms): Min: 0.1, Avg: 0.7, Max: 1.0, Diff: 0.9, Sum: 2.7]
      [GC Worker Total (ms): Min: 30.1, Avg: 34.8, Max: 38.3, Diff: 8.2, Sum: 139.2]
      [GC Worker End (ms): Min: 106052214.0, Avg: 106052214.7, Max: 106052214.9, Diff: 0.9]
   [Code Root Fixup: 0.0 ms]
   [Code Root Purge: 0.0 ms]
   [Clear CT: 0.3 ms]
   [Other: 3.8 ms]
      [Choose CSet: 0.0 ms]
      [Ref Proc: 0.8 ms]
      [Ref Enq: 0.0 ms]
      [Redirty Cards: 0.3 ms]
      [Humongous Register: 0.6 ms]
      [Humongous Reclaim: 0.1 ms]
      [Free CSet: 1.2 ms]
   [Eden: 47104.0K(47104.0K)->0.0B(45056.0K) Survivors: 5120.0K->7168.0K Heap: 336.0M(1024.0M)->294.0M(1024.0M)]
 [Times: user=0.10 sys=0.00, real=0.04 secs] 
2021-03-17T20:49:43.913+0700: 106318.516: [GC pause (G1 Evacuation Pause) (young), 0.0427033 secs]
   [Parallel Time: 40.9 ms, GC Workers: 4]
      [GC Worker Start (ms): Min: 106318516.5, Avg: 106318518.0, Max: 106318521.3, Diff: 4.7]
      [Ext Root Scanning (ms): Min: 0.0, Avg: 0.6, Max: 1.1, Diff: 1.1, Sum: 2.3]
      [Update RS (ms): Min: 0.0, Avg: 1.2, Max: 2.2, Diff: 2.2, Sum: 4.7]
         [Processed Buffers: Min: 0, Avg: 11.8, Max: 31, Diff: 31, Sum: 47]
      [Scan RS (ms): Min: 0.0, Avg: 1.1, Max: 1.6, Diff: 1.6, Sum: 4.2]
      [Code Root Scanning (ms): Min: 0.0, Avg: 0.0, Max: 0.0, Diff: 0.0, Sum: 0.1]
      [Object Copy (ms): Min: 32.3, Avg: 32.6, Max: 32.8, Diff: 0.5, Sum: 130.4]
      [Termination (ms): Min: 0.0, Avg: 0.5, Max: 1.1, Diff: 1.1, Sum: 2.1]
         [Termination Attempts: Min: 1, Avg: 1.2, Max: 2, Diff: 1, Sum: 5]
      [GC Worker Other (ms): Min: 0.0, Avg: 0.3, Max: 0.9, Diff: 0.9, Sum: 1.0]
      [GC Worker Total (ms): Min: 33.4, Avg: 36.2, Max: 38.2, Diff: 4.8, Sum: 144.9]
      [GC Worker End (ms): Min: 106318553.8, Avg: 106318554.2, Max: 106318554.7, Diff: 1.0]
   [Code Root Fixup: 0.0 ms]
   [Code Root Purge: 0.0 ms]
   [Clear CT: 0.2 ms]
   [Other: 1.6 ms]
      [Choose CSet: 0.0 ms]
      [Ref Proc: 0.8 ms]
      [Ref Enq: 0.0 ms]
      [Redirty Cards: 0.1 ms]
      [Humongous Register: 0.3 ms]
      [Humongous Reclaim: 0.0 ms]
      [Free CSet: 0.1 ms]
   [Eden: 45056.0K(45056.0K)->0.0B(47104.0K) Survivors: 7168.0K->5120.0K Heap: 338.0M(1024.0M)->299.8M(1024.0M)]
 [Times: user=0.12 sys=0.00, real=0.04 secs] 
2021-03-17T20:54:20.776+0700: 106595.380: [GC pause (G1 Evacuation Pause) (young), 0.0427863 secs]
   [Parallel Time: 40.4 ms, GC Workers: 4]
      [GC Worker Start (ms): Min: 106595380.7, Avg: 106595381.4, Max: 106595383.1, Diff: 2.4]
      [Ext Root Scanning (ms): Min: 0.1, Avg: 1.5, Max: 2.3, Diff: 2.2, Sum: 6.0]
      [Update RS (ms): Min: 0.5, Avg: 6.7, Max: 9.6, Diff: 9.2, Sum: 26.8]
         [Processed Buffers: Min: 2, Avg: 11.5, Max: 20, Diff: 18, Sum: 46]
      [Scan RS (ms): Min: 1.6, Avg: 3.3, Max: 4.3, Diff: 2.8, Sum: 13.2]
      [Code Root Scanning (ms): Min: 0.0, Avg: 0.0, Max: 0.1, Diff: 0.1, Sum: 0.1]
      [Object Copy (ms): Min: 25.0, Avg: 27.0, Max: 32.5, Diff: 7.5, Sum: 108.0]
      [Termination (ms): Min: 0.0, Avg: 0.0, Max: 0.0, Diff: 0.0, Sum: 0.0]
         [Termination Attempts: Min: 1, Avg: 1.0, Max: 1, Diff: 0, Sum: 4]
      [GC Worker Other (ms): Min: 0.1, Avg: 0.5, Max: 1.0, Diff: 0.9, Sum: 2.0]
      [GC Worker Total (ms): Min: 37.3, Avg: 39.0, Max: 40.2, Diff: 3.0, Sum: 156.2]
      [GC Worker End (ms): Min: 106595420.3, Avg: 106595420.5, Max: 106595420.9, Diff: 0.6]
   [Code Root Fixup: 0.0 ms]
   [Code Root Purge: 0.0 ms]
   [Clear CT: 0.2 ms]
   [Other: 2.2 ms]
      [Choose CSet: 0.0 ms]
      [Ref Proc: 0.6 ms]
      [Ref Enq: 0.0 ms]
      [Redirty Cards: 0.2 ms]
      [Humongous Register: 0.4 ms]
      [Humongous Reclaim: 0.0 ms]
      [Free CSet: 0.1 ms]
   [Eden: 47104.0K(47104.0K)->0.0B(46080.0K) Survivors: 5120.0K->6144.0K Heap: 345.8M(1024.0M)->304.5M(1024.0M)]
 [Times: user=0.13 sys=0.00, real=0.05 secs] 
2021-03-17T20:58:52.748+0700: 106867.352: [GC pause (G1 Evacuation Pause) (young), 0.0459499 secs]
   [Parallel Time: 43.5 ms, GC Workers: 4]
      [GC Worker Start (ms): Min: 106867352.7, Avg: 106867356.8, Max: 106867368.3, Diff: 15.6]
      [Ext Root Scanning (ms): Min: 0.1, Avg: 3.7, Max: 5.8, Diff: 5.7, Sum: 14.6]
      [Update RS (ms): Min: 0.0, Avg: 4.8, Max: 7.3, Diff: 7.2, Sum: 19.1]
         [Processed Buffers: Min: 0, Avg: 11.8, Max: 30, Diff: 30, Sum: 47]
      [Scan RS (ms): Min: 0.8, Avg: 3.8, Max: 7.3, Diff: 6.6, Sum: 15.2]
      [Code Root Scanning (ms): Min: 0.0, Avg: 0.0, Max: 0.1, Diff: 0.1, Sum: 0.1]
      [Object Copy (ms): Min: 25.9, Avg: 26.2, Max: 26.6, Diff: 0.7, Sum: 104.7]
      [Termination (ms): Min: 0.0, Avg: 0.4, Max: 0.8, Diff: 0.8, Sum: 1.6]
         [Termination Attempts: Min: 1, Avg: 1.2, Max: 2, Diff: 1, Sum: 5]
      [GC Worker Other (ms): Min: 0.1, Avg: 0.1, Max: 0.1, Diff: 0.0, Sum: 0.2]
      [GC Worker Total (ms): Min: 27.1, Avg: 38.9, Max: 43.3, Diff: 16.2, Sum: 155.7]
      [GC Worker End (ms): Min: 106867395.5, Avg: 106867395.8, Max: 106867396.1, Diff: 0.6]
   [Code Root Fixup: 0.0 ms]
   [Code Root Purge: 0.0 ms]
   [Clear CT: 0.3 ms]
   [Other: 2.1 ms]
      [Choose CSet: 0.0 ms]
      [Ref Proc: 0.5 ms]
      [Ref Enq: 0.0 ms]
      [Redirty Cards: 0.2 ms]
      [Humongous Register: 0.6 ms]
      [Humongous Reclaim: 0.1 ms]
      [Free CSet: 0.2 ms]
   [Eden: 46080.0K(46080.0K)->0.0B(46080.0K) Survivors: 6144.0K->6144.0K Heap: 349.5M(1024.0M)->309.0M(1024.0M)]
 [Times: user=0.14 sys=0.00, real=0.04 secs] 
2021-03-17T21:03:24.072+0700: 107138.675: [GC pause (G1 Evacuation Pause) (young), 0.0319202 secs]
   [Parallel Time: 29.9 ms, GC Workers: 4]
      [GC Worker Start (ms): Min: 107138676.2, Avg: 107138676.8, Max: 107138677.4, Diff: 1.2]
      [Ext Root Scanning (ms): Min: 0.5, Avg: 1.2, Max: 1.7, Diff: 1.2, Sum: 4.9]
      [Update RS (ms): Min: 1.3, Avg: 1.9, Max: 2.4, Diff: 1.1, Sum: 7.6]
         [Processed Buffers: Min: 2, Avg: 11.5, Max: 22, Diff: 20, Sum: 46]
      [Scan RS (ms): Min: 1.7, Avg: 1.9, Max: 2.2, Diff: 0.5, Sum: 7.7]
      [Code Root Scanning (ms): Min: 0.0, Avg: 0.0, Max: 0.0, Diff: 0.0, Sum: 0.1]
      [Object Copy (ms): Min: 23.3, Avg: 23.5, Max: 23.9, Diff: 0.7, Sum: 93.8]
      [Termination (ms): Min: 0.0, Avg: 0.0, Max: 0.0, Diff: 0.0, Sum: 0.0]
         [Termination Attempts: Min: 1, Avg: 1.0, Max: 1, Diff: 0, Sum: 4]
      [GC Worker Other (ms): Min: 0.0, Avg: 0.2, Max: 0.5, Diff: 0.4, Sum: 0.6]
      [GC Worker Total (ms): Min: 27.9, Avg: 28.7, Max: 29.2, Diff: 1.2, Sum: 114.7]
      [GC Worker End (ms): Min: 107138705.3, Avg: 107138705.4, Max: 107138705.8, Diff: 0.4]
   [Code Root Fixup: 0.0 ms]
   [Code Root Purge: 0.0 ms]
   [Clear CT: 0.2 ms]
   [Other: 1.8 ms]
      [Choose CSet: 0.0 ms]
      [Ref Proc: 0.7 ms]
      [Ref Enq: 0.0 ms]
      [Redirty Cards: 0.2 ms]
      [Humongous Register: 0.5 ms]
      [Humongous Reclaim: 0.0 ms]
      [Free CSet: 0.1 ms]
   [Eden: 46080.0K(46080.0K)->0.0B(46080.0K) Survivors: 6144.0K->6144.0K Heap: 354.0M(1024.0M)->313.0M(1024.0M)]
 [Times: user=0.06 sys=0.00, real=0.03 secs] 
2021-03-17T21:07:58.787+0700: 107413.391: [GC pause (G1 Evacuation Pause) (young), 0.0374615 secs]
   [Parallel Time: 34.9 ms, GC Workers: 4]
      [GC Worker Start (ms): Min: 107413391.8, Avg: 107413392.0, Max: 107413392.5, Diff: 0.7]
      [Ext Root Scanning (ms): Min: 2.1, Avg: 3.4, Max: 5.9, Diff: 3.8, Sum: 13.6]
      [Update RS (ms): Min: 3.0, Avg: 5.7, Max: 7.3, Diff: 4.3, Sum: 22.6]
         [Processed Buffers: Min: 3, Avg: 11.0, Max: 22, Diff: 19, Sum: 44]
      [Scan RS (ms): Min: 2.9, Avg: 4.3, Max: 5.6, Diff: 2.7, Sum: 17.3]
      [Code Root Scanning (ms): Min: 0.0, Avg: 0.0, Max: 0.1, Diff: 0.1, Sum: 0.1]
      [Object Copy (ms): Min: 19.3, Avg: 20.3, Max: 21.0, Diff: 1.7, Sum: 81.1]
      [Termination (ms): Min: 0.1, Avg: 0.4, Max: 0.7, Diff: 0.6, Sum: 1.8]
         [Termination Attempts: Min: 1, Avg: 1.0, Max: 1, Diff: 0, Sum: 4]
      [GC Worker Other (ms): Min: 0.1, Avg: 0.1, Max: 0.1, Diff: 0.0, Sum: 0.2]
      [GC Worker Total (ms): Min: 33.4, Avg: 34.2, Max: 34.6, Diff: 1.2, Sum: 136.8]
      [GC Worker End (ms): Min: 107413425.9, Avg: 107413426.2, Max: 107413426.5, Diff: 0.6]
   [Code Root Fixup: 0.0 ms]
   [Code Root Purge: 0.0 ms]
   [Clear CT: 0.2 ms]
   [Other: 2.3 ms]
      [Choose CSet: 0.0 ms]
      [Ref Proc: 0.5 ms]
      [Ref Enq: 0.0 ms]
      [Redirty Cards: 0.3 ms]
      [Humongous Register: 0.7 ms]
      [Humongous Reclaim: 0.0 ms]
      [Free CSet: 0.1 ms]
   [Eden: 46080.0K(46080.0K)->0.0B(46080.0K) Survivors: 6144.0K->6144.0K Heap: 358.0M(1024.0M)->317.0M(1024.0M)]
 [Times: user=0.18 sys=0.00, real=0.03 secs] 
2021-03-17T21:12:03.683+0700: 107658.287: [GC pause (G1 Evacuation Pause) (young), 0.0341031 secs]
   [Parallel Time: 24.6 ms, GC Workers: 4]
      [GC Worker Start (ms): Min: 107658287.5, Avg: 107658287.6, Max: 107658287.7, Diff: 0.1]
      [Ext Root Scanning (ms): Min: 1.1, Avg: 1.5, Max: 2.4, Diff: 1.3, Sum: 6.0]
      [Update RS (ms): Min: 1.8, Avg: 1.9, Max: 1.9, Diff: 0.1, Sum: 7.5]
         [Processed Buffers: Min: 4, Avg: 11.5, Max: 20, Diff: 16, Sum: 46]
      [Scan RS (ms): Min: 1.4, Avg: 4.5, Max: 10.1, Diff: 8.6, Sum: 17.8]
      [Code Root Scanning (ms): Min: 0.0, Avg: 0.0, Max: 0.0, Diff: 0.0, Sum: 0.1]
      [Object Copy (ms): Min: 9.7, Avg: 15.0, Max: 17.3, Diff: 7.5, Sum: 60.2]
      [Termination (ms): Min: 0.0, Avg: 0.5, Max: 0.7, Diff: 0.7, Sum: 2.0]
         [Termination Attempts: Min: 1, Avg: 1.0, Max: 1, Diff: 0, Sum: 4]
      [GC Worker Other (ms): Min: 0.0, Avg: 0.0, Max: 0.1, Diff: 0.1, Sum: 0.2]
      [GC Worker Total (ms): Min: 22.9, Avg: 23.4, Max: 23.6, Diff: 0.7, Sum: 93.7]
      [GC Worker End (ms): Min: 107658310.6, Avg: 107658311.0, Max: 107658311.2, Diff: 0.6]
   [Code Root Fixup: 0.0 ms]
   [Code Root Purge: 0.0 ms]
   [Clear CT: 0.2 ms]
   [Other: 9.3 ms]
      [Choose CSet: 0.0 ms]
      [Ref Proc: 7.8 ms]
      [Ref Enq: 0.0 ms]
      [Redirty Cards: 0.2 ms]
      [Humongous Register: 0.4 ms]
      [Humongous Reclaim: 0.1 ms]
      [Free CSet: 0.2 ms]
   [Eden: 46080.0K(46080.0K)->0.0B(46080.0K) Survivors: 6144.0K->6144.0K Heap: 362.0M(1024.0M)->321.5M(1024.0M)]
 [Times: user=0.05 sys=0.00, real=0.04 secs] 
2021-03-17T21:16:34.997+0700: 107929.601: [GC pause (G1 Evacuation Pause) (young), 0.0166402 secs]
   [Parallel Time: 15.3 ms, GC Workers: 4]
      [GC Worker Start (ms): Min: 107929601.2, Avg: 107929601.3, Max: 107929601.6, Diff: 0.4]
      [Ext Root Scanning (ms): Min: 0.5, Avg: 1.5, Max: 3.5, Diff: 2.9, Sum: 5.8]
      [Update RS (ms): Min: 0.0, Avg: 1.5, Max: 2.1, Diff: 2.1, Sum: 6.1]
         [Processed Buffers: Min: 0, Avg: 11.2, Max: 31, Diff: 31, Sum: 45]
      [Scan RS (ms): Min: 1.5, Avg: 2.1, Max: 2.4, Diff: 0.9, Sum: 8.3]
      [Code Root Scanning (ms): Min: 0.0, Avg: 0.0, Max: 0.0, Diff: 0.0, Sum: 0.1]
      [Object Copy (ms): Min: 9.7, Avg: 9.7, Max: 9.8, Diff: 0.1, Sum: 38.9]
      [Termination (ms): Min: 0.0, Avg: 0.3, Max: 0.4, Diff: 0.4, Sum: 1.1]
         [Termination Attempts: Min: 1, Avg: 1.0, Max: 1, Diff: 0, Sum: 4]
      [GC Worker Other (ms): Min: 0.0, Avg: 0.0, Max: 0.0, Diff: 0.0, Sum: 0.1]
      [GC Worker Total (ms): Min: 14.9, Avg: 15.1, Max: 15.3, Diff: 0.3, Sum: 60.4]
      [GC Worker End (ms): Min: 107929616.3, Avg: 107929616.4, Max: 107929616.5, Diff: 0.3]
   [Code Root Fixup: 0.0 ms]
   [Code Root Purge: 0.0 ms]
   [Clear CT: 0.3 ms]
   [Other: 1.0 ms]
      [Choose CSet: 0.0 ms]
      [Ref Proc: 0.3 ms]
      [Ref Enq: 0.0 ms]
      [Redirty Cards: 0.2 ms]
      [Humongous Register: 0.1 ms]
      [Humongous Reclaim: 0.0 ms]
      [Free CSet: 0.1 ms]
   [Eden: 46080.0K(46080.0K)->0.0B(49152.0K) Survivors: 6144.0K->3072.0K Heap: 366.5M(1024.0M)->322.5M(1024.0M)]
 [Times: user=0.05 sys=0.00, real=0.01 secs] 
2021-03-17T21:21:26.795+0700: 108221.398: [GC pause (G1 Evacuation Pause) (young), 0.0148503 secs]
   [Parallel Time: 13.4 ms, GC Workers: 4]
      [GC Worker Start (ms): Min: 108221399.1, Avg: 108221399.2, Max: 108221399.5, Diff: 0.4]
      [Ext Root Scanning (ms): Min: 0.6, Avg: 0.9, Max: 1.0, Diff: 0.4, Sum: 3.4]
      [Update RS (ms): Min: 2.1, Avg: 2.6, Max: 3.1, Diff: 1.0, Sum: 10.3]
         [Processed Buffers: Min: 2, Avg: 12.0, Max: 34, Diff: 32, Sum: 48]
      [Scan RS (ms): Min: 0.0, Avg: 0.1, Max: 0.1, Diff: 0.1, Sum: 0.3]
      [Code Root Scanning (ms): Min: 0.0, Avg: 0.0, Max: 0.0, Diff: 0.0, Sum: 0.1]
      [Object Copy (ms): Min: 8.9, Avg: 9.3, Max: 9.7, Diff: 0.8, Sum: 37.3]
      [Termination (ms): Min: 0.0, Avg: 0.2, Max: 0.3, Diff: 0.3, Sum: 0.9]
         [Termination Attempts: Min: 1, Avg: 1.0, Max: 1, Diff: 0, Sum: 4]
      [GC Worker Other (ms): Min: 0.0, Avg: 0.0, Max: 0.1, Diff: 0.1, Sum: 0.2]
      [GC Worker Total (ms): Min: 12.9, Avg: 13.1, Max: 13.3, Diff: 0.4, Sum: 52.5]
      [GC Worker End (ms): Min: 108221412.2, Avg: 108221412.4, Max: 108221412.4, Diff: 0.2]
   [Code Root Fixup: 0.0 ms]
   [Code Root Purge: 0.0 ms]
   [Clear CT: 0.1 ms]
   [Other: 1.3 ms]
      [Choose CSet: 0.0 ms]
      [Ref Proc: 0.3 ms]
      [Ref Enq: 0.0 ms]
      [Redirty Cards: 0.1 ms]
      [Humongous Register: 0.5 ms]
      [Humongous Reclaim: 0.0 ms]
      [Free CSet: 0.0 ms]
   [Eden: 49152.0K(49152.0K)->0.0B(45056.0K) Survivors: 3072.0K->7168.0K Heap: 370.5M(1024.0M)->327.0M(1024.0M)]
 [Times: user=0.07 sys=0.00, real=0.02 secs] 
2021-03-17T21:25:52.732+0700: 108487.336: [GC pause (G1 Evacuation Pause) (young), 0.0532181 secs]
   [Parallel Time: 51.2 ms, GC Workers: 4]
      [GC Worker Start (ms): Min: 108487336.6, Avg: 108487354.1, Max: 108487386.9, Diff: 50.3]
      [Ext Root Scanning (ms): Min: 0.0, Avg: 0.7, Max: 2.5, Diff: 2.4, Sum: 2.8]
      [Update RS (ms): Min: 0.0, Avg: 1.8, Max: 4.0, Diff: 4.0, Sum: 7.2]
         [Processed Buffers: Min: 0, Avg: 10.8, Max: 41, Diff: 41, Sum: 43]
      [Scan RS (ms): Min: 0.0, Avg: 0.0, Max: 0.1, Diff: 0.1, Sum: 0.2]
      [Code Root Scanning (ms): Min: 0.0, Avg: 0.0, Max: 0.1, Diff: 0.1, Sum: 0.1]
      [Object Copy (ms): Min: 0.0, Avg: 29.7, Max: 43.7, Diff: 43.7, Sum: 118.9]
      [Termination (ms): Min: 0.0, Avg: 1.1, Max: 1.5, Diff: 1.5, Sum: 4.3]
         [Termination Attempts: Min: 1, Avg: 1.0, Max: 1, Diff: 0, Sum: 4]
      [GC Worker Other (ms): Min: 0.0, Avg: 0.0, Max: 0.0, Diff: 0.0, Sum: 0.2]
      [GC Worker Total (ms): Min: 0.1, Avg: 33.4, Max: 51.0, Diff: 50.9, Sum: 133.6]
      [GC Worker End (ms): Min: 108487387.0, Avg: 108487387.5, Max: 108487387.7, Diff: 0.6]
   [Code Root Fixup: 0.0 ms]
   [Code Root Purge: 0.0 ms]
   [Clear CT: 0.2 ms]
   [Other: 1.8 ms]
      [Choose CSet: 0.0 ms]
      [Ref Proc: 0.5 ms]
      [Ref Enq: 0.0 ms]
      [Redirty Cards: 0.2 ms]
      [Humongous Register: 0.5 ms]
      [Humongous Reclaim: 0.1 ms]
      [Free CSet: 0.1 ms]
   [Eden: 45056.0K(45056.0K)->0.0B(47104.0K) Survivors: 7168.0K->5120.0K Heap: 371.0M(1024.0M)->330.7M(1024.0M)]
 [Times: user=0.05 sys=0.00, real=0.05 secs] 
2021-03-17T22:07:11.164+0700: 110965.767: [GC pause (G1 Evacuation Pause) (young), 1.4706958 secs]
   [Parallel Time: 258.6 ms, GC Workers: 4]
      [GC Worker Start (ms): Min: 110965812.8, Avg: 110965896.4, Max: 110965967.2, Diff: 154.4]
      [Ext Root Scanning (ms): Min: 0.0, Avg: 1.0, Max: 4.0, Diff: 4.0, Sum: 4.2]
      [Update RS (ms): Min: 0.0, Avg: 2.4, Max: 9.7, Diff: 9.7, Sum: 9.7]
         [Processed Buffers: Min: 0, Avg: 13.0, Max: 52, Diff: 52, Sum: 52]
      [Scan RS (ms): Min: 0.0, Avg: 1.4, Max: 5.6, Diff: 5.6, Sum: 5.6]
      [Code Root Scanning (ms): Min: 0.0, Avg: 0.0, Max: 0.1, Diff: 0.1, Sum: 0.1]
      [Object Copy (ms): Min: 0.0, Avg: 36.6, Max: 89.4, Diff: 89.4, Sum: 146.4]
      [Termination (ms): Min: 0.0, Avg: 45.4, Max: 99.9, Diff: 99.9, Sum: 181.8]
         [Termination Attempts: Min: 1, Avg: 1.5, Max: 3, Diff: 2, Sum: 6]
      [GC Worker Other (ms): Min: 0.0, Avg: 0.0, Max: 0.0, Diff: 0.0, Sum: 0.1]
      [GC Worker Total (ms): Min: 0.1, Avg: 87.0, Max: 208.7, Diff: 208.6, Sum: 347.8]
      [GC Worker End (ms): Min: 110965967.3, Avg: 110965983.4, Max: 110966021.5, Diff: 54.2]
   [Code Root Fixup: 0.0 ms]
   [Code Root Purge: 0.0 ms]
   [Clear CT: 516.1 ms]
   [Other: 696.0 ms]
      [Choose CSet: 0.0 ms]
      [Ref Proc: 350.7 ms]
      [Ref Enq: 0.0 ms]
      [Redirty Cards: 343.9 ms]
      [Humongous Register: 0.4 ms]
      [Humongous Reclaim: 0.1 ms]
      [Free CSet: 0.6 ms]
   [Eden: 47104.0K(47104.0K)->0.0B(47104.0K) Survivors: 5120.0K->5120.0K Heap: 376.7M(1024.0M)->335.0M(1024.0M)]
 [Times: user=0.08 sys=0.00, real=1.47 secs] 
2021-03-17T22:09:00.877+0700: 111075.481: [GC pause (G1 Evacuation Pause) (young), 0.0255599 secs]
   [Parallel Time: 23.8 ms, GC Workers: 4]
      [GC Worker Start (ms): Min: 111075480.9, Avg: 111075481.6, Max: 111075483.0, Diff: 2.0]
      [Ext Root Scanning (ms): Min: 0.0, Avg: 0.9, Max: 1.9, Diff: 1.9, Sum: 3.6]
      [Update RS (ms): Min: 0.9, Avg: 5.9, Max: 16.4, Diff: 15.4, Sum: 23.7]
         [Processed Buffers: Min: 1, Avg: 13.0, Max: 22, Diff: 21, Sum: 52]
      [Scan RS (ms): Min: 0.0, Avg: 1.3, Max: 2.6, Diff: 2.6, Sum: 5.1]
      [Code Root Scanning (ms): Min: 0.0, Avg: 0.0, Max: 0.0, Diff: 0.0, Sum: 0.1]
      [Object Copy (ms): Min: 5.8, Avg: 14.6, Max: 17.9, Diff: 12.1, Sum: 58.3]
      [Termination (ms): Min: 0.0, Avg: 0.0, Max: 0.0, Diff: 0.0, Sum: 0.0]
         [Termination Attempts: Min: 1, Avg: 1.5, Max: 3, Diff: 2, Sum: 6]
      [GC Worker Other (ms): Min: 0.0, Avg: 0.1, Max: 0.3, Diff: 0.3, Sum: 0.4]
      [GC Worker Total (ms): Min: 21.3, Avg: 22.8, Max: 23.7, Diff: 2.3, Sum: 91.2]
      [GC Worker End (ms): Min: 111075504.3, Avg: 111075504.4, Max: 111075504.6, Diff: 0.3]
   [Code Root Fixup: 0.0 ms]
   [Code Root Purge: 0.0 ms]
   [Clear CT: 0.1 ms]
   [Other: 1.6 ms]
      [Choose CSet: 0.0 ms]
      [Ref Proc: 0.6 ms]
      [Ref Enq: 0.0 ms]
      [Redirty Cards: 0.3 ms]
      [Humongous Register: 0.1 ms]
      [Humongous Reclaim: 0.1 ms]
      [Free CSet: 0.2 ms]
   [Eden: 47104.0K(47104.0K)->0.0B(46080.0K) Survivors: 5120.0K->6144.0K Heap: 381.0M(1024.0M)->340.0M(1024.0M)]
 [Times: user=0.10 sys=0.00, real=0.02 secs] 
2021-03-17T22:13:24.640+0700: 111339.244: [GC pause (G1 Evacuation Pause) (young), 0.0335243 secs]
   [Parallel Time: 29.4 ms, GC Workers: 4]
      [GC Worker Start (ms): Min: 111339244.7, Avg: 111339252.4, Max: 111339273.1, Diff: 28.4]
      [Ext Root Scanning (ms): Min: 0.0, Avg: 1.0, Max: 2.1, Diff: 2.1, Sum: 4.2]
      [Update RS (ms): Min: 0.0, Avg: 3.7, Max: 9.0, Diff: 9.0, Sum: 14.7]
         [Processed Buffers: Min: 0, Avg: 10.5, Max: 26, Diff: 26, Sum: 42]
      [Scan RS (ms): Min: 0.0, Avg: 3.6, Max: 8.8, Diff: 8.8, Sum: 14.4]
      [Code Root Scanning (ms): Min: 0.0, Avg: 0.0, Max: 0.1, Diff: 0.1, Sum: 0.1]
      [Object Copy (ms): Min: 0.0, Avg: 12.4, Max: 26.3, Diff: 26.3, Sum: 49.4]
      [Termination (ms): Min: 0.0, Avg: 0.5, Max: 1.0, Diff: 1.0, Sum: 2.0]
         [Termination Attempts: Min: 1, Avg: 1.0, Max: 1, Diff: 0, Sum: 4]
      [GC Worker Other (ms): Min: 0.0, Avg: 0.0, Max: 0.1, Diff: 0.1, Sum: 0.2]
      [GC Worker Total (ms): Min: 0.1, Avg: 21.3, Max: 29.3, Diff: 29.2, Sum: 85.0]
      [GC Worker End (ms): Min: 111339273.2, Avg: 111339273.6, Max: 111339274.0, Diff: 0.8]
   [Code Root Fixup: 0.0 ms]
   [Code Root Purge: 0.0 ms]
   [Clear CT: 0.2 ms]
   [Other: 4.0 ms]
      [Choose CSet: 0.0 ms]
      [Ref Proc: 2.7 ms]
      [Ref Enq: 0.0 ms]
      [Redirty Cards: 0.2 ms]
      [Humongous Register: 0.4 ms]
      [Humongous Reclaim: 0.1 ms]
      [Free CSet: 0.1 ms]
   [Eden: 46080.0K(46080.0K)->0.0B(47104.0K) Survivors: 6144.0K->5120.0K Heap: 385.0M(1024.0M)->342.5M(1024.0M)]
 [Times: user=0.04 sys=0.01, real=0.03 secs] 
2021-03-17T22:18:03.141+0700: 111617.745: [GC pause (G1 Evacuation Pause) (young), 0.0207658 secs]
   [Parallel Time: 19.1 ms, GC Workers: 4]
      [GC Worker Start (ms): Min: 111617745.6, Avg: 111617746.5, Max: 111617749.2, Diff: 3.6]
      [Ext Root Scanning (ms): Min: 0.0, Avg: 1.5, Max: 3.7, Diff: 3.6, Sum: 6.1]
      [Update RS (ms): Min: 0.0, Avg: 1.1, Max: 2.2, Diff: 2.2, Sum: 4.3]
         [Processed Buffers: Min: 0, Avg: 10.8, Max: 35, Diff: 35, Sum: 43]
      [Scan RS (ms): Min: 0.5, Avg: 2.2, Max: 4.1, Diff: 3.6, Sum: 8.8]
      [Code Root Scanning (ms): Min: 0.0, Avg: 0.0, Max: 0.0, Diff: 0.0, Sum: 0.1]
      [Object Copy (ms): Min: 11.1, Avg: 13.0, Max: 14.6, Diff: 3.4, Sum: 51.9]
      [Termination (ms): Min: 0.0, Avg: 0.2, Max: 0.3, Diff: 0.3, Sum: 0.9]
         [Termination Attempts: Min: 1, Avg: 1.0, Max: 1, Diff: 0, Sum: 4]
      [GC Worker Other (ms): Min: 0.0, Avg: 0.0, Max: 0.0, Diff: 0.0, Sum: 0.1]
      [GC Worker Total (ms): Min: 15.4, Avg: 18.0, Max: 19.0, Diff: 3.6, Sum: 72.1]
      [GC Worker End (ms): Min: 111617764.3, Avg: 111617764.5, Max: 111617764.6, Diff: 0.2]
   [Code Root Fixup: 0.0 ms]
   [Code Root Purge: 0.0 ms]
   [Clear CT: 0.2 ms]
   [Other: 1.5 ms]
      [Choose CSet: 0.0 ms]
      [Ref Proc: 0.5 ms]
      [Ref Enq: 0.0 ms]
      [Redirty Cards: 0.1 ms]
      [Humongous Register: 0.3 ms]
      [Humongous Reclaim: 0.1 ms]
      [Free CSet: 0.1 ms]
   [Eden: 47104.0K(47104.0K)->0.0B(45056.0K) Survivors: 5120.0K->7168.0K Heap: 388.5M(1024.0M)->345.5M(1024.0M)]
 [Times: user=0.05 sys=0.00, real=0.02 secs] 
2021-03-17T22:22:26.530+0700: 111881.134: [GC pause (G1 Evacuation Pause) (young), 0.0386339 secs]
   [Parallel Time: 36.2 ms, GC Workers: 4]
      [GC Worker Start (ms): Min: 111881135.1, Avg: 111881135.2, Max: 111881135.3, Diff: 0.2]
      [Ext Root Scanning (ms): Min: 1.5, Avg: 1.6, Max: 1.7, Diff: 0.2, Sum: 6.3]
      [Update RS (ms): Min: 2.8, Avg: 3.2, Max: 4.1, Diff: 1.4, Sum: 12.8]
         [Processed Buffers: Min: 2, Avg: 10.8, Max: 17, Diff: 15, Sum: 43]
      [Scan RS (ms): Min: 0.6, Avg: 1.6, Max: 2.0, Diff: 1.3, Sum: 6.2]
      [Code Root Scanning (ms): Min: 0.0, Avg: 0.0, Max: 0.1, Diff: 0.1, Sum: 0.1]
      [Object Copy (ms): Min: 29.1, Avg: 29.3, Max: 29.6, Diff: 0.5, Sum: 117.4]
      [Termination (ms): Min: 0.0, Avg: 0.2, Max: 0.3, Diff: 0.3, Sum: 0.9]
         [Termination Attempts: Min: 1, Avg: 1.0, Max: 1, Diff: 0, Sum: 4]
      [GC Worker Other (ms): Min: 0.0, Avg: 0.1, Max: 0.1, Diff: 0.0, Sum: 0.2]
      [GC Worker Total (ms): Min: 35.9, Avg: 36.0, Max: 36.1, Diff: 0.2, Sum: 144.0]
      [GC Worker End (ms): Min: 111881171.2, Avg: 111881171.2, Max: 111881171.2, Diff: 0.0]
   [Code Root Fixup: 0.0 ms]
   [Code Root Purge: 0.0 ms]
   [Clear CT: 0.3 ms]
   [Other: 2.1 ms]
      [Choose CSet: 0.0 ms]
      [Ref Proc: 0.5 ms]
      [Ref Enq: 0.0 ms]
      [Redirty Cards: 0.3 ms]
      [Humongous Register: 0.8 ms]
      [Humongous Reclaim: 0.0 ms]
      [Free CSet: 0.1 ms]
   [Eden: 45056.0K(45056.0K)->0.0B(46080.0K) Survivors: 7168.0K->6144.0K Heap: 389.5M(1024.0M)->350.1M(1024.0M)]
 [Times: user=0.11 sys=0.00, real=0.04 secs] 
2021-03-17T22:27:01.869+0700: 112156.472: [GC pause (G1 Evacuation Pause) (young), 0.0280448 secs]
   [Parallel Time: 26.5 ms, GC Workers: 4]
      [GC Worker Start (ms): Min: 112156472.6, Avg: 112156473.0, Max: 112156474.1, Diff: 1.5]
      [Ext Root Scanning (ms): Min: 0.0, Avg: 1.0, Max: 1.7, Diff: 1.7, Sum: 3.9]
      [Update RS (ms): Min: 3.4, Avg: 8.7, Max: 23.9, Diff: 20.5, Sum: 34.7]
         [Processed Buffers: Min: 0, Avg: 10.5, Max: 27, Diff: 27, Sum: 42]
      [Scan RS (ms): Min: 0.0, Avg: 1.9, Max: 2.7, Diff: 2.7, Sum: 7.7]
      [Code Root Scanning (ms): Min: 0.0, Avg: 0.0, Max: 0.0, Diff: 0.0, Sum: 0.1]
      [Object Copy (ms): Min: 1.2, Avg: 14.2, Max: 18.7, Diff: 17.5, Sum: 56.9]
      [Termination (ms): Min: 0.0, Avg: 0.0, Max: 0.0, Diff: 0.0, Sum: 0.0]
         [Termination Attempts: Min: 1, Avg: 1.0, Max: 1, Diff: 0, Sum: 4]
      [GC Worker Other (ms): Min: 0.0, Avg: 0.1, Max: 0.2, Diff: 0.2, Sum: 0.4]
      [GC Worker Total (ms): Min: 24.9, Avg: 25.9, Max: 26.5, Diff: 1.5, Sum: 103.7]
      [GC Worker End (ms): Min: 112156498.9, Avg: 112156499.0, Max: 112156499.1, Diff: 0.2]
   [Code Root Fixup: 0.0 ms]
   [Code Root Purge: 0.0 ms]
   [Clear CT: 0.2 ms]
   [Other: 1.3 ms]
      [Choose CSet: 0.0 ms]
      [Ref Proc: 0.4 ms]
      [Ref Enq: 0.0 ms]
      [Redirty Cards: 0.2 ms]
      [Humongous Register: 0.1 ms]
      [Humongous Reclaim: 0.1 ms]
      [Free CSet: 0.1 ms]
   [Eden: 46080.0K(46080.0K)->0.0B(45056.0K) Survivors: 6144.0K->7168.0K Heap: 395.1M(1024.0M)->355.5M(1024.0M)]
 [Times: user=0.05 sys=0.00, real=0.03 secs] 
2021-03-17T22:31:28.410+0700: 112423.014: [GC pause (G1 Evacuation Pause) (young), 0.0395410 secs]
   [Parallel Time: 37.3 ms, GC Workers: 4]
      [GC Worker Start (ms): Min: 112423015.2, Avg: 112423015.4, Max: 112423016.0, Diff: 0.9]
      [Ext Root Scanning (ms): Min: 1.0, Avg: 1.7, Max: 2.0, Diff: 1.0, Sum: 6.8]
      [Update RS (ms): Min: 2.1, Avg: 2.6, Max: 3.6, Diff: 1.4, Sum: 10.3]
         [Processed Buffers: Min: 2, Avg: 10.5, Max: 16, Diff: 14, Sum: 42]
      [Scan RS (ms): Min: 2.2, Avg: 3.1, Max: 3.5, Diff: 1.3, Sum: 12.4]
      [Code Root Scanning (ms): Min: 0.0, Avg: 0.0, Max: 0.1, Diff: 0.1, Sum: 0.1]
      [Object Copy (ms): Min: 28.5, Avg: 28.9, Max: 29.6, Diff: 1.1, Sum: 115.8]
      [Termination (ms): Min: 0.0, Avg: 0.3, Max: 0.6, Diff: 0.6, Sum: 1.4]
         [Termination Attempts: Min: 1, Avg: 2.5, Max: 4, Diff: 3, Sum: 10]
      [GC Worker Other (ms): Min: 0.1, Avg: 0.1, Max: 0.1, Diff: 0.0, Sum: 0.3]
      [GC Worker Total (ms): Min: 36.2, Avg: 36.8, Max: 37.1, Diff: 0.9, Sum: 147.1]
      [GC Worker End (ms): Min: 112423052.2, Avg: 112423052.2, Max: 112423052.2, Diff: 0.0]
   [Code Root Fixup: 0.0 ms]
   [Code Root Purge: 0.0 ms]
   [Clear CT: 0.3 ms]
   [Other: 2.0 ms]
      [Choose CSet: 0.0 ms]
      [Ref Proc: 0.3 ms]
      [Ref Enq: 0.0 ms]
      [Redirty Cards: 0.2 ms]
      [Humongous Register: 0.8 ms]
      [Humongous Reclaim: 0.1 ms]
      [Free CSet: 0.1 ms]
   [Eden: 45056.0K(45056.0K)->0.0B(46080.0K) Survivors: 7168.0K->6144.0K Heap: 399.5M(1024.0M)->359.0M(1024.0M)]
 [Times: user=0.17 sys=0.00, real=0.04 secs] 
2021-03-17T22:36:03.936+0700: 112698.540: [GC pause (G1 Evacuation Pause) (young), 0.0379287 secs]
   [Parallel Time: 35.1 ms, GC Workers: 4]
      [GC Worker Start (ms): Min: 112698541.0, Avg: 112698544.4, Max: 112698554.0, Diff: 13.0]
      [Ext Root Scanning (ms): Min: 0.1, Avg: 1.5, Max: 2.2, Diff: 2.1, Sum: 5.9]
      [Update RS (ms): Min: 0.0, Avg: 1.9, Max: 2.7, Diff: 2.7, Sum: 7.8]
         [Processed Buffers: Min: 0, Avg: 10.0, Max: 20, Diff: 20, Sum: 40]
      [Scan RS (ms): Min: 0.0, Avg: 3.3, Max: 4.5, Diff: 4.5, Sum: 13.3]
      [Code Root Scanning (ms): Min: 0.0, Avg: 0.0, Max: 0.1, Diff: 0.1, Sum: 0.2]
      [Object Copy (ms): Min: 21.4, Avg: 24.3, Max: 25.4, Diff: 4.0, Sum: 97.2]
      [Termination (ms): Min: 0.0, Avg: 0.0, Max: 0.0, Diff: 0.0, Sum: 0.0]
         [Termination Attempts: Min: 1, Avg: 2.0, Max: 3, Diff: 2, Sum: 8]
      [GC Worker Other (ms): Min: 0.0, Avg: 0.1, Max: 0.1, Diff: 0.0, Sum: 0.2]
      [GC Worker Total (ms): Min: 21.6, Avg: 31.2, Max: 34.6, Diff: 13.0, Sum: 124.6]
      [GC Worker End (ms): Min: 112698575.6, Avg: 112698575.6, Max: 112698575.6, Diff: 0.0]
   [Code Root Fixup: 0.1 ms]
   [Code Root Purge: 0.0 ms]
   [Clear CT: 0.3 ms]
   [Other: 2.5 ms]
      [Choose CSet: 0.0 ms]
      [Ref Proc: 0.7 ms]
      [Ref Enq: 0.0 ms]
      [Redirty Cards: 0.2 ms]
      [Humongous Register: 0.8 ms]
      [Humongous Reclaim: 0.0 ms]
      [Free CSet: 0.1 ms]
   [Eden: 46080.0K(46080.0K)->0.0B(47104.0K) Survivors: 6144.0K->5120.0K Heap: 404.0M(1024.0M)->361.5M(1024.0M)]
 [Times: user=0.09 sys=0.00, real=0.04 secs] 
2021-03-17T22:40:41.768+0700: 112976.372: [GC pause (G1 Evacuation Pause) (young), 0.0460067 secs]
   [Parallel Time: 40.7 ms, GC Workers: 4]
      [GC Worker Start (ms): Min: 112976373.1, Avg: 112976373.3, Max: 112976373.7, Diff: 0.6]
      [Ext Root Scanning (ms): Min: 3.4, Avg: 7.0, Max: 14.8, Diff: 11.4, Sum: 28.1]
      [Update RS (ms): Min: 0.0, Avg: 2.7, Max: 4.3, Diff: 4.3, Sum: 10.8]
         [Processed Buffers: Min: 0, Avg: 11.0, Max: 21, Diff: 21, Sum: 44]
      [Scan RS (ms): Min: 0.8, Avg: 5.6, Max: 7.3, Diff: 6.5, Sum: 22.2]
      [Code Root Scanning (ms): Min: 0.0, Avg: 0.0, Max: 0.1, Diff: 0.1, Sum: 0.1]
      [Object Copy (ms): Min: 24.8, Avg: 24.9, Max: 25.1, Diff: 0.3, Sum: 99.7]
      [Termination (ms): Min: 0.0, Avg: 0.0, Max: 0.0, Diff: 0.0, Sum: 0.0]
         [Termination Attempts: Min: 1, Avg: 1.8, Max: 2, Diff: 1, Sum: 7]
      [GC Worker Other (ms): Min: 0.1, Avg: 0.1, Max: 0.1, Diff: 0.0, Sum: 0.3]
      [GC Worker Total (ms): Min: 39.9, Avg: 40.4, Max: 40.5, Diff: 0.6, Sum: 161.4]
      [GC Worker End (ms): Min: 112976413.6, Avg: 112976413.6, Max: 112976413.6, Diff: 0.0]
   [Code Root Fixup: 0.0 ms]
   [Code Root Purge: 0.0 ms]
   [Clear CT: 1.1 ms]
   [Other: 4.2 ms]
      [Choose CSet: 0.0 ms]
      [Ref Proc: 2.6 ms]
      [Ref Enq: 0.0 ms]
      [Redirty Cards: 0.2 ms]
      [Humongous Register: 0.8 ms]
      [Humongous Reclaim: 0.0 ms]
      [Free CSet: 0.1 ms]
   [Eden: 47104.0K(47104.0K)->0.0B(47104.0K) Survivors: 5120.0K->5120.0K Heap: 407.5M(1024.0M)->366.0M(1024.0M)]
 [Times: user=0.16 sys=0.00, real=0.04 secs] 
2021-03-17T22:45:20.146+0700: 113254.749: [GC pause (G1 Evacuation Pause) (young) (initial-mark), 0.0444910 secs]
   [Parallel Time: 37.2 ms, GC Workers: 4]
      [GC Worker Start (ms): Min: 113254750.5, Avg: 113254750.6, Max: 113254750.7, Diff: 0.2]
      [Ext Root Scanning (ms): Min: 1.8, Avg: 2.0, Max: 2.1, Diff: 0.2, Sum: 8.1]
      [Update RS (ms): Min: 1.5, Avg: 1.8, Max: 2.0, Diff: 0.5, Sum: 7.3]
         [Processed Buffers: Min: 2, Avg: 10.2, Max: 20, Diff: 18, Sum: 41]
      [Scan RS (ms): Min: 4.4, Avg: 4.6, Max: 4.7, Diff: 0.4, Sum: 18.2]
      [Code Root Scanning (ms): Min: 0.0, Avg: 0.0, Max: 0.1, Diff: 0.1, Sum: 0.1]
      [Object Copy (ms): Min: 27.8, Avg: 28.0, Max: 28.4, Diff: 0.7, Sum: 111.8]
      [Termination (ms): Min: 0.0, Avg: 0.3, Max: 0.6, Diff: 0.6, Sum: 1.2]
         [Termination Attempts: Min: 1, Avg: 1.0, Max: 1, Diff: 0, Sum: 4]
      [GC Worker Other (ms): Min: 0.1, Avg: 0.1, Max: 0.1, Diff: 0.0, Sum: 0.3]
      [GC Worker Total (ms): Min: 36.6, Avg: 36.8, Max: 36.9, Diff: 0.2, Sum: 147.0]
      [GC Worker End (ms): Min: 113254787.3, Avg: 113254787.3, Max: 113254787.4, Diff: 0.2]
   [Code Root Fixup: 0.0 ms]
   [Code Root Purge: 0.0 ms]
   [Clear CT: 1.3 ms]
   [Other: 5.9 ms]
      [Choose CSet: 0.0 ms]
      [Ref Proc: 3.8 ms]
      [Ref Enq: 0.0 ms]
      [Redirty Cards: 0.4 ms]
      [Humongous Register: 0.1 ms]
      [Humongous Reclaim: 0.1 ms]
      [Free CSet: 0.1 ms]
   [Eden: 47104.0K(47104.0K)->0.0B(46080.0K) Survivors: 5120.0K->6144.0K Heap: 412.0M(1024.0M)->370.5M(1024.0M)]
 [Times: user=0.17 sys=0.02, real=0.05 secs] 
2021-03-17T22:45:20.191+0700: 113254.794: [GC concurrent-root-region-scan-start]
2021-03-17T22:45:20.208+0700: 113254.812: [GC concurrent-root-region-scan-end, 0.0174005 secs]
2021-03-17T22:45:20.208+0700: 113254.812: [GC concurrent-mark-start]
2021-03-17T22:45:20.247+0700: 113254.851: [GC concurrent-mark-end, 0.0389189 secs]
2021-03-17T22:45:20.247+0700: 113254.851: [GC remark 2021-03-17T22:45:20.248+0700: 113254.851: [Finalize Marking, 0.0002484 secs] 2021-03-17T22:45:20.248+0700: 113254.851: [GC ref-proc, 0.0006776 secs] 2021-03-17T22:45:20.249+0700: 113254.852: [Unloading, 0.0117446 secs], 0.0158046 secs]
 [Times: user=0.05 sys=0.00, real=0.01 secs] 
2021-03-17T22:45:20.264+0700: 113254.867: [GC cleanup 370M->284M(1024M), 0.0031245 secs]
 [Times: user=0.00 sys=0.00, real=0.01 secs] 
2021-03-17T22:45:20.267+0700: 113254.871: [GC concurrent-cleanup-start]
2021-03-17T22:45:20.268+0700: 113254.871: [GC concurrent-cleanup-end, 0.0003473 secs]
2021-03-17T22:49:53.781+0700: 113528.385: [GC pause (G1 Evacuation Pause) (young), 0.0305416 secs]
   [Parallel Time: 24.3 ms, GC Workers: 4]
      [GC Worker Start (ms): Min: 113528389.2, Avg: 113528389.8, Max: 113528391.6, Diff: 2.4]
      [Ext Root Scanning (ms): Min: 0.0, Avg: 5.4, Max: 18.4, Diff: 18.4, Sum: 21.7]
      [Update RS (ms): Min: 0.0, Avg: 1.2, Max: 2.0, Diff: 2.0, Sum: 4.7]
         [Processed Buffers: Min: 0, Avg: 10.8, Max: 30, Diff: 30, Sum: 43]
      [Scan RS (ms): Min: 0.0, Avg: 2.3, Max: 3.6, Diff: 3.5, Sum: 9.0]
      [Code Root Scanning (ms): Min: 0.0, Avg: 0.1, Max: 0.3, Diff: 0.3, Sum: 0.3]
      [Object Copy (ms): Min: 5.8, Avg: 14.6, Max: 17.9, Diff: 12.1, Sum: 58.3]
      [Termination (ms): Min: 0.0, Avg: 0.0, Max: 0.0, Diff: 0.0, Sum: 0.0]
         [Termination Attempts: Min: 1, Avg: 1.0, Max: 1, Diff: 0, Sum: 4]
      [GC Worker Other (ms): Min: 0.0, Avg: 0.1, Max: 0.3, Diff: 0.2, Sum: 0.4]
      [GC Worker Total (ms): Min: 21.8, Avg: 23.6, Max: 24.3, Diff: 2.4, Sum: 94.6]
      [GC Worker End (ms): Min: 113528413.5, Avg: 113528413.5, Max: 113528413.5, Diff: 0.0]
   [Code Root Fixup: 0.0 ms]
   [Code Root Purge: 0.0 ms]
   [Clear CT: 0.2 ms]
   [Other: 5.9 ms]
      [Choose CSet: 0.0 ms]
      [Ref Proc: 0.8 ms]
      [Ref Enq: 0.0 ms]
      [Redirty Cards: 0.2 ms]
      [Humongous Register: 3.9 ms]
      [Humongous Reclaim: 0.1 ms]
      [Free CSet: 0.1 ms]
   [Eden: 46080.0K(46080.0K)->0.0B(46080.0K) Survivors: 6144.0K->6144.0K Heap: 329.5M(1024.0M)->289.0M(1024.0M)]
 [Times: user=0.09 sys=0.02, real=0.03 secs] 
2021-03-17T22:54:25.620+0700: 113800.224: [GC pause (G1 Evacuation Pause) (mixed), 0.0406903 secs]
   [Parallel Time: 38.9 ms, GC Workers: 4]
      [GC Worker Start (ms): Min: 113800224.0, Avg: 113800224.1, Max: 113800224.2, Diff: 0.2]
      [Ext Root Scanning (ms): Min: 1.2, Avg: 1.3, Max: 1.6, Diff: 0.4, Sum: 5.4]
      [Update RS (ms): Min: 2.5, Avg: 2.6, Max: 2.6, Diff: 0.1, Sum: 10.2]
         [Processed Buffers: Min: 2, Avg: 10.8, Max: 22, Diff: 20, Sum: 43]
      [Scan RS (ms): Min: 4.1, Avg: 4.3, Max: 4.5, Diff: 0.3, Sum: 17.1]
      [Code Root Scanning (ms): Min: 0.0, Avg: 0.1, Max: 0.2, Diff: 0.1, Sum: 0.4]
      [Object Copy (ms): Min: 29.7, Avg: 30.1, Max: 30.3, Diff: 0.6, Sum: 120.3]
      [Termination (ms): Min: 0.0, Avg: 0.2, Max: 0.3, Diff: 0.3, Sum: 0.7]
         [Termination Attempts: Min: 1, Avg: 1.0, Max: 1, Diff: 0, Sum: 4]
      [GC Worker Other (ms): Min: 0.0, Avg: 0.1, Max: 0.1, Diff: 0.0, Sum: 0.2]
      [GC Worker Total (ms): Min: 38.5, Avg: 38.6, Max: 38.7, Diff: 0.2, Sum: 154.3]
      [GC Worker End (ms): Min: 113800262.6, Avg: 113800262.7, Max: 113800262.7, Diff: 0.1]
   [Code Root Fixup: 0.0 ms]
   [Code Root Purge: 0.0 ms]
   [Clear CT: 0.3 ms]
   [Other: 1.5 ms]
      [Choose CSet: 0.1 ms]
      [Ref Proc: 0.5 ms]
      [Ref Enq: 0.0 ms]
      [Redirty Cards: 0.2 ms]
      [Humongous Register: 0.1 ms]
      [Humongous Reclaim: 0.1 ms]
      [Free CSet: 0.1 ms]
   [Eden: 46080.0K(46080.0K)->0.0B(46080.0K) Survivors: 6144.0K->6144.0K Heap: 334.0M(1024.0M)->273.5M(1024.0M)]
 [Times: user=0.11 sys=0.00, real=0.04 secs] 
2021-03-17T22:58:57.848+0700: 114072.451: [GC pause (G1 Evacuation Pause) (mixed), 0.0373083 secs]
   [Parallel Time: 33.9 ms, GC Workers: 4]
      [GC Worker Start (ms): Min: 114072452.5, Avg: 114072452.6, Max: 114072452.6, Diff: 0.2]
      [Ext Root Scanning (ms): Min: 1.4, Avg: 2.2, Max: 4.3, Diff: 2.8, Sum: 8.7]
      [Update RS (ms): Min: 1.1, Avg: 3.8, Max: 6.1, Diff: 4.9, Sum: 15.3]
         [Processed Buffers: Min: 2, Avg: 10.8, Max: 26, Diff: 24, Sum: 43]
      [Scan RS (ms): Min: 1.8, Avg: 3.3, Max: 4.1, Diff: 2.3, Sum: 13.3]
      [Code Root Scanning (ms): Min: 0.0, Avg: 0.1, Max: 0.4, Diff: 0.4, Sum: 0.5]
      [Object Copy (ms): Min: 23.3, Avg: 23.5, Max: 23.6, Diff: 0.3, Sum: 93.9]
      [Termination (ms): Min: 0.0, Avg: 0.0, Max: 0.0, Diff: 0.0, Sum: 0.0]
         [Termination Attempts: Min: 1, Avg: 1.8, Max: 3, Diff: 2, Sum: 7]
      [GC Worker Other (ms): Min: 0.1, Avg: 0.1, Max: 0.1, Diff: 0.0, Sum: 0.2]
      [GC Worker Total (ms): Min: 33.0, Avg: 33.0, Max: 33.1, Diff: 0.1, Sum: 132.1]
      [GC Worker End (ms): Min: 114072485.6, Avg: 114072485.6, Max: 114072485.6, Diff: 0.0]
   [Code Root Fixup: 0.0 ms]
   [Code Root Purge: 0.0 ms]
   [Clear CT: 0.4 ms]
   [Other: 3.0 ms]
      [Choose CSet: 0.1 ms]
      [Ref Proc: 0.6 ms]
      [Ref Enq: 0.0 ms]
      [Redirty Cards: 0.4 ms]
      [Humongous Register: 0.6 ms]
      [Humongous Reclaim: 0.1 ms]
      [Free CSet: 0.5 ms]
   [Eden: 46080.0K(46080.0K)->0.0B(47104.0K) Survivors: 6144.0K->5120.0K Heap: 318.5M(1024.0M)->258.0M(1024.0M)]
 [Times: user=0.14 sys=0.00, real=0.03 secs] 
2021-03-17T23:03:35.845+0700: 114350.449: [GC pause (G1 Evacuation Pause) (mixed), 0.0394941 secs]
   [Parallel Time: 34.4 ms, GC Workers: 4]
      [GC Worker Start (ms): Min: 114350452.6, Avg: 114350459.5, Max: 114350473.7, Diff: 21.1]
      [Ext Root Scanning (ms): Min: 0.1, Avg: 3.1, Max: 7.1, Diff: 7.0, Sum: 12.5]
      [Update RS (ms): Min: 0.0, Avg: 3.8, Max: 8.3, Diff: 8.3, Sum: 15.2]
         [Processed Buffers: Min: 0, Avg: 10.2, Max: 36, Diff: 36, Sum: 41]
      [Scan RS (ms): Min: 0.0, Avg: 2.3, Max: 4.5, Diff: 4.5, Sum: 9.3]
      [Code Root Scanning (ms): Min: 0.0, Avg: 0.1, Max: 0.3, Diff: 0.3, Sum: 0.3]
      [Object Copy (ms): Min: 11.3, Avg: 16.2, Max: 18.1, Diff: 6.8, Sum: 64.9]
      [Termination (ms): Min: 0.0, Avg: 0.0, Max: 0.0, Diff: 0.0, Sum: 0.0]
         [Termination Attempts: Min: 1, Avg: 1.5, Max: 3, Diff: 2, Sum: 6]
      [GC Worker Other (ms): Min: 0.0, Avg: 0.1, Max: 0.2, Diff: 0.2, Sum: 0.4]
      [GC Worker Total (ms): Min: 11.4, Avg: 25.7, Max: 32.6, Diff: 21.1, Sum: 102.7]
      [GC Worker End (ms): Min: 114350485.1, Avg: 114350485.1, Max: 114350485.1, Diff: 0.0]
   [Code Root Fixup: 0.0 ms]
   [Code Root Purge: 0.0 ms]
   [Clear CT: 0.3 ms]
   [Other: 4.8 ms]
      [Choose CSet: 0.4 ms]
      [Ref Proc: 1.3 ms]
      [Ref Enq: 0.0 ms]
      [Redirty Cards: 0.2 ms]
      [Humongous Register: 1.4 ms]
      [Humongous Reclaim: 0.2 ms]
      [Free CSet: 0.2 ms]
   [Eden: 47104.0K(47104.0K)->0.0B(45056.0K) Survivors: 5120.0K->7168.0K Heap: 304.0M(1024.0M)->243.5M(1024.0M)]
 [Times: user=0.08 sys=0.00, real=0.04 secs] 
2021-03-17T23:08:01.523+0700: 114616.127: [GC pause (G1 Evacuation Pause) (mixed), 0.0181800 secs]
   [Parallel Time: 16.6 ms, GC Workers: 4]
      [GC Worker Start (ms): Min: 114616127.2, Avg: 114616127.2, Max: 114616127.3, Diff: 0.1]
      [Ext Root Scanning (ms): Min: 0.6, Avg: 0.6, Max: 0.7, Diff: 0.2, Sum: 2.6]
      [Update RS (ms): Min: 0.5, Avg: 0.7, Max: 1.1, Diff: 0.6, Sum: 2.7]
         [Processed Buffers: Min: 5, Avg: 10.0, Max: 17, Diff: 12, Sum: 40]
      [Scan RS (ms): Min: 1.3, Avg: 1.8, Max: 1.9, Diff: 0.7, Sum: 7.0]
      [Code Root Scanning (ms): Min: 0.0, Avg: 0.1, Max: 0.1, Diff: 0.1, Sum: 0.2]
      [Object Copy (ms): Min: 13.1, Avg: 13.2, Max: 13.3, Diff: 0.2, Sum: 52.7]
      [Termination (ms): Min: 0.0, Avg: 0.0, Max: 0.0, Diff: 0.0, Sum: 0.0]
         [Termination Attempts: Min: 1, Avg: 3.0, Max: 6, Diff: 5, Sum: 12]
      [GC Worker Other (ms): Min: 0.0, Avg: 0.0, Max: 0.0, Diff: 0.0, Sum: 0.1]
      [GC Worker Total (ms): Min: 16.3, Avg: 16.3, Max: 16.4, Diff: 0.1, Sum: 65.4]
      [GC Worker End (ms): Min: 114616143.6, Avg: 114616143.6, Max: 114616143.6, Diff: 0.0]
   [Code Root Fixup: 0.0 ms]
   [Code Root Purge: 0.0 ms]
   [Clear CT: 0.4 ms]
   [Other: 1.1 ms]
      [Choose CSet: 0.0 ms]
      [Ref Proc: 0.2 ms]
      [Ref Enq: 0.0 ms]
      [Redirty Cards: 0.2 ms]
      [Humongous Register: 0.0 ms]
      [Humongous Reclaim: 0.1 ms]
      [Free CSet: 0.3 ms]
   [Eden: 45056.0K(45056.0K)->0.0B(46080.0K) Survivors: 7168.0K->6144.0K Heap: 287.5M(1024.0M)->230.7M(1024.0M)]
 [Times: user=0.12 sys=0.00, real=0.02 secs] 
2021-03-17T23:12:05.265+0700: 114859.869: [GC pause (G1 Evacuation Pause) (mixed), 0.0391086 secs]
   [Parallel Time: 37.0 ms, GC Workers: 4]
      [GC Worker Start (ms): Min: 114859869.3, Avg: 114859869.4, Max: 114859869.5, Diff: 0.2]
      [Ext Root Scanning (ms): Min: 1.1, Avg: 1.2, Max: 1.2, Diff: 0.2, Sum: 4.7]
      [Update RS (ms): Min: 2.1, Avg: 2.2, Max: 2.3, Diff: 0.2, Sum: 8.6]
         [Processed Buffers: Min: 8, Avg: 10.0, Max: 12, Diff: 4, Sum: 40]
      [Scan RS (ms): Min: 4.9, Avg: 5.3, Max: 5.7, Diff: 0.8, Sum: 21.2]
      [Code Root Scanning (ms): Min: 0.0, Avg: 0.1, Max: 0.1, Diff: 0.1, Sum: 0.3]
      [Object Copy (ms): Min: 27.4, Avg: 28.0, Max: 28.5, Diff: 1.1, Sum: 111.9]
      [Termination (ms): Min: 0.0, Avg: 0.0, Max: 0.0, Diff: 0.0, Sum: 0.0]
         [Termination Attempts: Min: 1, Avg: 1.2, Max: 2, Diff: 1, Sum: 5]
      [GC Worker Other (ms): Min: 0.1, Avg: 0.1, Max: 0.1, Diff: 0.0, Sum: 0.3]
      [GC Worker Total (ms): Min: 36.7, Avg: 36.8, Max: 36.8, Diff: 0.2, Sum: 147.0]
      [GC Worker End (ms): Min: 114859906.2, Avg: 114859906.2, Max: 114859906.2, Diff: 0.0]
   [Code Root Fixup: 0.1 ms]
   [Code Root Purge: 0.0 ms]
   [Clear CT: 0.3 ms]
   [Other: 1.7 ms]
      [Choose CSet: 0.1 ms]
      [Ref Proc: 0.5 ms]
      [Ref Enq: 0.0 ms]
      [Redirty Cards: 0.4 ms]
      [Humongous Register: 0.1 ms]
      [Humongous Reclaim: 0.0 ms]
      [Free CSet: 0.2 ms]
   [Eden: 46080.0K(46080.0K)->0.0B(46080.0K) Survivors: 6144.0K->6144.0K Heap: 275.7M(1024.0M)->221.5M(1024.0M)]
 [Times: user=0.12 sys=0.01, real=0.04 secs] 
2021-03-17T23:16:38.479+0700: 115133.083: [GC pause (G1 Evacuation Pause) (young), 0.0336959 secs]
   [Parallel Time: 30.2 ms, GC Workers: 4]
      [GC Worker Start (ms): Min: 115133083.8, Avg: 115133097.9, Max: 115133113.4, Diff: 29.6]
      [Ext Root Scanning (ms): Min: 0.0, Avg: 3.7, Max: 10.9, Diff: 10.8, Sum: 14.9]
      [Update RS (ms): Min: 0.0, Avg: 1.3, Max: 5.3, Diff: 5.3, Sum: 5.3]
         [Processed Buffers: Min: 0, Avg: 9.5, Max: 38, Diff: 38, Sum: 38]
      [Scan RS (ms): Min: 0.0, Avg: 2.4, Max: 6.1, Diff: 6.1, Sum: 9.7]
      [Code Root Scanning (ms): Min: 0.0, Avg: 0.0, Max: 0.1, Diff: 0.1, Sum: 0.1]
      [Object Copy (ms): Min: 0.0, Avg: 7.2, Max: 13.1, Diff: 13.1, Sum: 28.9]
      [Termination (ms): Min: 0.0, Avg: 0.9, Max: 1.3, Diff: 1.3, Sum: 3.8]
         [Termination Attempts: Min: 1, Avg: 1.0, Max: 1, Diff: 0, Sum: 4]
      [GC Worker Other (ms): Min: 0.0, Avg: 0.0, Max: 0.0, Diff: 0.0, Sum: 0.1]
      [GC Worker Total (ms): Min: 0.1, Avg: 15.7, Max: 29.8, Diff: 29.7, Sum: 62.7]
      [GC Worker End (ms): Min: 115133113.5, Avg: 115133113.6, Max: 115133113.6, Diff: 0.1]
   [Code Root Fixup: 0.0 ms]
   [Code Root Purge: 0.0 ms]
   [Clear CT: 0.2 ms]
   [Other: 3.2 ms]
      [Choose CSet: 0.0 ms]
      [Ref Proc: 2.0 ms]
      [Ref Enq: 0.0 ms]
      [Redirty Cards: 0.2 ms]
      [Humongous Register: 0.6 ms]
      [Humongous Reclaim: 0.1 ms]
      [Free CSet: 0.1 ms]
   [Eden: 46080.0K(46080.0K)->0.0B(48128.0K) Survivors: 6144.0K->4096.0K Heap: 266.5M(1024.0M)->223.0M(1024.0M)]
 [Times: user=0.05 sys=0.00, real=0.03 secs] 
2021-03-17T23:21:24.070+0700: 115418.674: [GC pause (G1 Evacuation Pause) (young), 0.0184383 secs]
   [Parallel Time: 17.1 ms, GC Workers: 4]
      [GC Worker Start (ms): Min: 115418674.3, Avg: 115418674.3, Max: 115418674.5, Diff: 0.2]
      [Ext Root Scanning (ms): Min: 0.7, Avg: 1.5, Max: 2.1, Diff: 1.3, Sum: 5.9]
      [Update RS (ms): Min: 1.2, Avg: 4.5, Max: 13.4, Diff: 12.2, Sum: 17.8]
         [Processed Buffers: Min: 0, Avg: 10.2, Max: 25, Diff: 25, Sum: 41]
      [Scan RS (ms): Min: 0.0, Avg: 0.2, Max: 0.2, Diff: 0.2, Sum: 0.6]
      [Code Root Scanning (ms): Min: 0.0, Avg: 0.0, Max: 0.0, Diff: 0.0, Sum: 0.1]
      [Object Copy (ms): Min: 1.8, Avg: 9.4, Max: 12.5, Diff: 10.7, Sum: 37.6]
      [Termination (ms): Min: 0.2, Avg: 1.3, Max: 2.1, Diff: 1.9, Sum: 5.1]
         [Termination Attempts: Min: 1, Avg: 1.5, Max: 2, Diff: 1, Sum: 6]
      [GC Worker Other (ms): Min: 0.0, Avg: 0.2, Max: 0.7, Diff: 0.7, Sum: 0.8]
      [GC Worker Total (ms): Min: 16.9, Avg: 17.0, Max: 17.0, Diff: 0.1, Sum: 67.9]
      [GC Worker End (ms): Min: 115418691.3, Avg: 115418691.3, Max: 115418691.3, Diff: 0.1]
   [Code Root Fixup: 0.0 ms]
   [Code Root Purge: 0.0 ms]
   [Clear CT: 0.1 ms]
   [Other: 1.1 ms]
      [Choose CSet: 0.0 ms]
      [Ref Proc: 0.5 ms]
      [Ref Enq: 0.0 ms]
      [Redirty Cards: 0.1 ms]
      [Humongous Register: 0.1 ms]
      [Humongous Reclaim: 0.1 ms]
      [Free CSet: 0.1 ms]
   [Eden: 48128.0K(48128.0K)->0.0B(45056.0K) Survivors: 4096.0K->7168.0K Heap: 270.0M(1024.0M)->226.5M(1024.0M)]
 [Times: user=0.07 sys=0.01, real=0.02 secs] 
2021-03-17T23:25:50.444+0700: 115685.048: [GC pause (G1 Evacuation Pause) (young), 0.0302846 secs]
   [Parallel Time: 28.2 ms, GC Workers: 4]
      [GC Worker Start (ms): Min: 115685049.2, Avg: 115685049.3, Max: 115685049.4, Diff: 0.2]
      [Ext Root Scanning (ms): Min: 1.1, Avg: 1.2, Max: 1.3, Diff: 0.2, Sum: 4.8]
      [Update RS (ms): Min: 2.4, Avg: 3.0, Max: 4.2, Diff: 1.8, Sum: 12.0]
         [Processed Buffers: Min: 1, Avg: 9.5, Max: 29, Diff: 28, Sum: 38]
      [Scan RS (ms): Min: 0.0, Avg: 0.4, Max: 0.7, Diff: 0.7, Sum: 1.5]
      [Code Root Scanning (ms): Min: 0.0, Avg: 0.0, Max: 0.1, Diff: 0.1, Sum: 0.1]
      [Object Copy (ms): Min: 22.4, Avg: 23.2, Max: 23.5, Diff: 1.1, Sum: 92.8]
      [Termination (ms): Min: 0.0, Avg: 0.0, Max: 0.0, Diff: 0.0, Sum: 0.0]
         [Termination Attempts: Min: 1, Avg: 1.0, Max: 1, Diff: 0, Sum: 4]
      [GC Worker Other (ms): Min: 0.1, Avg: 0.1, Max: 0.1, Diff: 0.1, Sum: 0.4]
      [GC Worker Total (ms): Min: 27.8, Avg: 27.9, Max: 28.0, Diff: 0.2, Sum: 111.7]
      [GC Worker End (ms): Min: 115685077.2, Avg: 115685077.2, Max: 115685077.2, Diff: 0.0]
   [Code Root Fixup: 0.0 ms]
   [Code Root Purge: 0.0 ms]
   [Clear CT: 0.2 ms]
   [Other: 1.9 ms]
      [Choose CSet: 0.0 ms]
      [Ref Proc: 0.2 ms]
      [Ref Enq: 0.0 ms]
      [Redirty Cards: 0.1 ms]
      [Humongous Register: 0.8 ms]
      [Humongous Reclaim: 0.0 ms]
      [Free CSet: 0.1 ms]
   [Eden: 45056.0K(45056.0K)->0.0B(46080.0K) Survivors: 7168.0K->6144.0K Heap: 270.5M(1024.0M)->231.4M(1024.0M)]
 [Times: user=0.13 sys=0.00, real=0.03 secs] 
2021-03-17T23:30:23.189+0700: 115957.793: [GC pause (G1 Evacuation Pause) (young), 0.0166307 secs]
   [Parallel Time: 15.1 ms, GC Workers: 4]
      [GC Worker Start (ms): Min: 115957793.5, Avg: 115957793.7, Max: 115957793.7, Diff: 0.2]
      [Ext Root Scanning (ms): Min: 0.6, Avg: 0.6, Max: 0.8, Diff: 0.2, Sum: 2.6]
      [Update RS (ms): Min: 0.5, Avg: 0.6, Max: 0.8, Diff: 0.3, Sum: 2.5]
         [Processed Buffers: Min: 4, Avg: 10.0, Max: 18, Diff: 14, Sum: 40]
      [Scan RS (ms): Min: 1.2, Avg: 1.4, Max: 1.5, Diff: 0.4, Sum: 5.5]
      [Code Root Scanning (ms): Min: 0.0, Avg: 0.0, Max: 0.0, Diff: 0.0, Sum: 0.1]
      [Object Copy (ms): Min: 12.0, Avg: 12.0, Max: 12.1, Diff: 0.1, Sum: 48.2]
      [Termination (ms): Min: 0.0, Avg: 0.0, Max: 0.0, Diff: 0.0, Sum: 0.0]
         [Termination Attempts: Min: 1, Avg: 1.0, Max: 1, Diff: 0, Sum: 4]
      [GC Worker Other (ms): Min: 0.0, Avg: 0.1, Max: 0.2, Diff: 0.2, Sum: 0.5]
      [GC Worker Total (ms): Min: 14.7, Avg: 14.8, Max: 14.9, Diff: 0.2, Sum: 59.3]
      [GC Worker End (ms): Min: 115957808.4, Avg: 115957808.5, Max: 115957808.6, Diff: 0.2]
   [Code Root Fixup: 0.0 ms]
   [Code Root Purge: 0.0 ms]
   [Clear CT: 0.2 ms]
   [Other: 1.3 ms]
      [Choose CSet: 0.0 ms]
      [Ref Proc: 0.3 ms]
      [Ref Enq: 0.0 ms]
      [Redirty Cards: 0.2 ms]
      [Humongous Register: 0.4 ms]
      [Humongous Reclaim: 0.0 ms]
      [Free CSet: 0.1 ms]
   [Eden: 46080.0K(46080.0K)->0.0B(45056.0K) Survivors: 6144.0K->7168.0K Heap: 276.4M(1024.0M)->236.5M(1024.0M)]
 [Times: user=0.06 sys=0.00, real=0.01 secs] 
2021-03-17T23:34:48.649+0700: 116223.253: [GC pause (G1 Evacuation Pause) (young), 0.0279567 secs]
   [Parallel Time: 25.7 ms, GC Workers: 4]
      [GC Worker Start (ms): Min: 116223253.9, Avg: 116223254.2, Max: 116223254.6, Diff: 0.7]
      [Ext Root Scanning (ms): Min: 1.7, Avg: 2.3, Max: 2.6, Diff: 0.9, Sum: 9.1]
      [Update RS (ms): Min: 0.6, Avg: 2.0, Max: 3.1, Diff: 2.4, Sum: 7.9]
         [Processed Buffers: Min: 3, Avg: 9.8, Max: 23, Diff: 20, Sum: 39]
      [Scan RS (ms): Min: 2.5, Avg: 3.4, Max: 3.9, Diff: 1.3, Sum: 13.6]
      [Code Root Scanning (ms): Min: 0.0, Avg: 0.0, Max: 0.1, Diff: 0.1, Sum: 0.1]
      [Object Copy (ms): Min: 16.7, Avg: 17.1, Max: 18.2, Diff: 1.5, Sum: 68.4]
      [Termination (ms): Min: 0.0, Avg: 0.0, Max: 0.0, Diff: 0.0, Sum: 0.0]
         [Termination Attempts: Min: 1, Avg: 1.5, Max: 2, Diff: 1, Sum: 6]
      [GC Worker Other (ms): Min: 0.1, Avg: 0.2, Max: 0.5, Diff: 0.5, Sum: 0.9]
      [GC Worker Total (ms): Min: 24.6, Avg: 25.0, Max: 25.3, Diff: 0.7, Sum: 100.1]
      [GC Worker End (ms): Min: 116223279.2, Avg: 116223279.2, Max: 116223279.2, Diff: 0.0]
   [Code Root Fixup: 0.0 ms]
   [Code Root Purge: 0.0 ms]
   [Clear CT: 0.2 ms]
   [Other: 2.1 ms]
      [Choose CSet: 0.0 ms]
      [Ref Proc: 0.3 ms]
      [Ref Enq: 0.0 ms]
      [Redirty Cards: 0.2 ms]
      [Humongous Register: 0.8 ms]
      [Humongous Reclaim: 0.1 ms]
      [Free CSet: 0.1 ms]
   [Eden: 45056.0K(45056.0K)->0.0B(47104.0K) Survivors: 7168.0K->5120.0K Heap: 280.5M(1024.0M)->238.5M(1024.0M)]
 [Times: user=0.06 sys=0.00, real=0.03 secs] 
2021-03-17T23:39:26.835+0700: 116501.438: [GC pause (G1 Evacuation Pause) (young), 0.0287570 secs]
   [Parallel Time: 27.1 ms, GC Workers: 4]
      [GC Worker Start (ms): Min: 116501439.2, Avg: 116501439.3, Max: 116501439.4, Diff: 0.2]
      [Ext Root Scanning (ms): Min: 1.5, Avg: 2.1, Max: 2.6, Diff: 1.2, Sum: 8.4]
      [Update RS (ms): Min: 1.7, Avg: 2.0, Max: 2.3, Diff: 0.6, Sum: 8.1]
         [Processed Buffers: Min: 1, Avg: 10.5, Max: 25, Diff: 24, Sum: 42]
      [Scan RS (ms): Min: 3.5, Avg: 3.5, Max: 3.6, Diff: 0.2, Sum: 14.2]
      [Code Root Scanning (ms): Min: 0.0, Avg: 0.0, Max: 0.1, Diff: 0.1, Sum: 0.1]
      [Object Copy (ms): Min: 18.6, Avg: 18.9, Max: 19.2, Diff: 0.6, Sum: 75.4]
      [Termination (ms): Min: 0.0, Avg: 0.0, Max: 0.0, Diff: 0.0, Sum: 0.0]
         [Termination Attempts: Min: 1, Avg: 2.2, Max: 3, Diff: 2, Sum: 9]
      [GC Worker Other (ms): Min: 0.1, Avg: 0.2, Max: 0.3, Diff: 0.2, Sum: 0.9]
      [GC Worker Total (ms): Min: 26.5, Avg: 26.8, Max: 27.0, Diff: 0.4, Sum: 107.2]
      [GC Worker End (ms): Min: 116501465.9, Avg: 116501466.1, Max: 116501466.2, Diff: 0.2]
   [Code Root Fixup: 0.0 ms]
   [Code Root Purge: 0.0 ms]
   [Clear CT: 0.2 ms]
   [Other: 1.5 ms]
      [Choose CSet: 0.0 ms]
      [Ref Proc: 0.2 ms]
      [Ref Enq: 0.0 ms]
      [Redirty Cards: 0.1 ms]
      [Humongous Register: 0.7 ms]
      [Humongous Reclaim: 0.0 ms]
      [Free CSet: 0.1 ms]
   [Eden: 47104.0K(47104.0K)->0.0B(45056.0K) Survivors: 5120.0K->7168.0K Heap: 284.5M(1024.0M)->242.5M(1024.0M)]
 [Times: user=0.11 sys=0.00, real=0.03 secs] 
2021-03-17T23:43:52.349+0700: 116766.953: [GC pause (G1 Evacuation Pause) (young), 0.0170046 secs]
   [Parallel Time: 16.1 ms, GC Workers: 4]
      [GC Worker Start (ms): Min: 116766952.9, Avg: 116766952.9, Max: 116766952.9, Diff: 0.1]
      [Ext Root Scanning (ms): Min: 0.6, Avg: 0.7, Max: 0.7, Diff: 0.1, Sum: 2.7]
      [Update RS (ms): Min: 0.5, Avg: 0.6, Max: 0.7, Diff: 0.3, Sum: 2.4]
         [Processed Buffers: Min: 1, Avg: 9.8, Max: 20, Diff: 19, Sum: 39]
      [Scan RS (ms): Min: 1.0, Avg: 1.1, Max: 1.2, Diff: 0.2, Sum: 4.5]
      [Code Root Scanning (ms): Min: 0.0, Avg: 0.0, Max: 0.0, Diff: 0.0, Sum: 0.1]
      [Object Copy (ms): Min: 13.3, Avg: 13.4, Max: 13.5, Diff: 0.2, Sum: 53.8]
      [Termination (ms): Min: 0.0, Avg: 0.0, Max: 0.0, Diff: 0.0, Sum: 0.0]
         [Termination Attempts: Min: 1, Avg: 2.2, Max: 3, Diff: 2, Sum: 9]
      [GC Worker Other (ms): Min: 0.0, Avg: 0.0, Max: 0.0, Diff: 0.0, Sum: 0.1]
      [GC Worker Total (ms): Min: 15.9, Avg: 15.9, Max: 15.9, Diff: 0.1, Sum: 63.6]
      [GC Worker End (ms): Min: 116766968.8, Avg: 116766968.8, Max: 116766968.8, Diff: 0.0]
   [Code Root Fixup: 0.0 ms]
   [Code Root Purge: 0.0 ms]
   [Clear CT: 0.1 ms]
   [Other: 0.7 ms]
      [Choose CSet: 0.0 ms]
      [Ref Proc: 0.2 ms]
      [Ref Enq: 0.0 ms]
      [Redirty Cards: 0.1 ms]
      [Humongous Register: 0.0 ms]
      [Humongous Reclaim: 0.0 ms]
      [Free CSet: 0.1 ms]
   [Eden: 45056.0K(45056.0K)->0.0B(45056.0K) Survivors: 7168.0K->7168.0K Heap: 286.5M(1024.0M)->246.7M(1024.0M)]
 [Times: user=0.03 sys=0.03, real=0.01 secs] 
2021-03-17T23:48:17.704+0700: 117032.307: [GC pause (G1 Evacuation Pause) (young), 0.0270562 secs]
   [Parallel Time: 24.9 ms, GC Workers: 4]
      [GC Worker Start (ms): Min: 117032308.3, Avg: 117032308.4, Max: 117032308.5, Diff: 0.3]
      [Ext Root Scanning (ms): Min: 1.0, Avg: 1.2, Max: 1.4, Diff: 0.4, Sum: 4.9]
      [Update RS (ms): Min: 1.4, Avg: 1.7, Max: 2.0, Diff: 0.6, Sum: 6.9]
         [Processed Buffers: Min: 1, Avg: 10.2, Max: 25, Diff: 24, Sum: 41]
      [Scan RS (ms): Min: 1.7, Avg: 2.0, Max: 2.2, Diff: 0.5, Sum: 8.1]
      [Code Root Scanning (ms): Min: 0.0, Avg: 0.0, Max: 0.1, Diff: 0.1, Sum: 0.1]
      [Object Copy (ms): Min: 19.3, Avg: 19.5, Max: 19.6, Diff: 0.3, Sum: 77.8]
      [Termination (ms): Min: 0.0, Avg: 0.0, Max: 0.0, Diff: 0.0, Sum: 0.0]
         [Termination Attempts: Min: 1, Avg: 1.0, Max: 1, Diff: 0, Sum: 4]
      [GC Worker Other (ms): Min: 0.1, Avg: 0.1, Max: 0.2, Diff: 0.2, Sum: 0.5]
      [GC Worker Total (ms): Min: 24.5, Avg: 24.6, Max: 24.6, Diff: 0.1, Sum: 98.4]
      [GC Worker End (ms): Min: 117032332.9, Avg: 117032333.0, Max: 117032333.1, Diff: 0.2]
   [Code Root Fixup: 0.0 ms]
   [Code Root Purge: 0.0 ms]
   [Clear CT: 0.3 ms]
   [Other: 1.8 ms]
      [Choose CSet: 0.0 ms]
      [Ref Proc: 0.3 ms]
      [Ref Enq: 0.0 ms]
      [Redirty Cards: 0.2 ms]
      [Humongous Register: 0.6 ms]
      [Humongous Reclaim: 0.0 ms]
      [Free CSet: 0.1 ms]
   [Eden: 45056.0K(45056.0K)->0.0B(45056.0K) Survivors: 7168.0K->7168.0K Heap: 290.7M(1024.0M)->252.0M(1024.0M)]
 [Times: user=0.12 sys=0.00, real=0.03 secs] 
2021-03-17T23:52:43.921+0700: 117298.524: [GC pause (G1 Evacuation Pause) (young), 0.0402757 secs]
   [Parallel Time: 38.6 ms, GC Workers: 4]
      [GC Worker Start (ms): Min: 117298525.2, Avg: 117298525.3, Max: 117298525.5, Diff: 0.3]
      [Ext Root Scanning (ms): Min: 1.7, Avg: 1.8, Max: 1.8, Diff: 0.1, Sum: 7.1]
      [Update RS (ms): Min: 1.2, Avg: 1.8, Max: 2.2, Diff: 1.0, Sum: 7.0]
         [Processed Buffers: Min: 2, Avg: 10.5, Max: 20, Diff: 18, Sum: 42]
      [Scan RS (ms): Min: 2.9, Avg: 3.2, Max: 3.3, Diff: 0.4, Sum: 12.7]
      [Code Root Scanning (ms): Min: 0.0, Avg: 0.0, Max: 0.1, Diff: 0.1, Sum: 0.1]
      [Object Copy (ms): Min: 31.3, Avg: 31.5, Max: 31.9, Diff: 0.6, Sum: 125.9]
      [Termination (ms): Min: 0.0, Avg: 0.0, Max: 0.0, Diff: 0.0, Sum: 0.0]
         [Termination Attempts: Min: 1, Avg: 1.0, Max: 1, Diff: 0, Sum: 4]
      [GC Worker Other (ms): Min: 0.1, Avg: 0.1, Max: 0.1, Diff: 0.0, Sum: 0.4]
      [GC Worker Total (ms): Min: 38.1, Avg: 38.3, Max: 38.4, Diff: 0.4, Sum: 153.3]
      [GC Worker End (ms): Min: 117298563.6, Avg: 117298563.6, Max: 117298563.6, Diff: 0.0]
   [Code Root Fixup: 0.0 ms]
   [Code Root Purge: 0.0 ms]
   [Clear CT: 0.1 ms]
   [Other: 1.5 ms]
      [Choose CSet: 0.0 ms]
      [Ref Proc: 0.2 ms]
      [Ref Enq: 0.0 ms]
      [Redirty Cards: 0.1 ms]
      [Humongous Register: 0.6 ms]
      [Humongous Reclaim: 0.0 ms]
      [Free CSet: 0.1 ms]
   [Eden: 45056.0K(45056.0K)->0.0B(46080.0K) Survivors: 7168.0K->6144.0K Heap: 296.0M(1024.0M)->258.0M(1024.0M)]
 [Times: user=0.10 sys=0.00, real=0.04 secs] 
2021-03-17T23:57:18.141+0700: 117572.745: [GC pause (G1 Evacuation Pause) (young), 0.0281504 secs]
   [Parallel Time: 26.0 ms, GC Workers: 4]
      [GC Worker Start (ms): Min: 117572745.2, Avg: 117572745.3, Max: 117572745.4, Diff: 0.2]
      [Ext Root Scanning (ms): Min: 0.9, Avg: 1.1, Max: 1.2, Diff: 0.2, Sum: 4.2]
      [Update RS (ms): Min: 2.2, Avg: 2.4, Max: 3.0, Diff: 0.9, Sum: 9.7]
         [Processed Buffers: Min: 7, Avg: 10.5, Max: 17, Diff: 10, Sum: 42]
      [Scan RS (ms): Min: 3.1, Avg: 3.2, Max: 3.5, Diff: 0.4, Sum: 13.0]
      [Code Root Scanning (ms): Min: 0.0, Avg: 0.0, Max: 0.1, Diff: 0.1, Sum: 0.1]
      [Object Copy (ms): Min: 17.9, Avg: 18.8, Max: 19.3, Diff: 1.4, Sum: 75.4]
      [Termination (ms): Min: 0.0, Avg: 0.0, Max: 0.0, Diff: 0.0, Sum: 0.0]
         [Termination Attempts: Min: 1, Avg: 1.0, Max: 1, Diff: 0, Sum: 4]
      [GC Worker Other (ms): Min: 0.1, Avg: 0.1, Max: 0.2, Diff: 0.1, Sum: 0.5]
      [GC Worker Total (ms): Min: 25.6, Avg: 25.7, Max: 25.8, Diff: 0.2, Sum: 102.9]
      [GC Worker End (ms): Min: 117572771.0, Avg: 117572771.0, Max: 117572771.1, Diff: 0.1]
   [Code Root Fixup: 0.0 ms]
   [Code Root Purge: 0.0 ms]
   [Clear CT: 0.4 ms]
   [Other: 1.6 ms]
      [Choose CSet: 0.0 ms]
      [Ref Proc: 0.7 ms]
      [Ref Enq: 0.0 ms]
      [Redirty Cards: 0.3 ms]
      [Humongous Register: 0.1 ms]
      [Humongous Reclaim: 0.1 ms]
      [Free CSet: 0.1 ms]
   [Eden: 46080.0K(46080.0K)->0.0B(45056.0K) Survivors: 6144.0K->7168.0K Heap: 303.0M(1024.0M)->263.0M(1024.0M)]
 [Times: user=0.11 sys=0.00, real=0.03 secs] 
2021-03-18T00:01:44.070+0700: 117838.673: [GC pause (G1 Evacuation Pause) (young), 0.0393614 secs]
   [Parallel Time: 37.7 ms, GC Workers: 4]
      [GC Worker Start (ms): Min: 117838673.9, Avg: 117838674.0, Max: 117838674.1, Diff: 0.2]
      [Ext Root Scanning (ms): Min: 0.7, Avg: 1.3, Max: 1.6, Diff: 0.9, Sum: 5.3]
      [Update RS (ms): Min: 3.0, Avg: 3.3, Max: 3.7, Diff: 0.7, Sum: 13.3]
         [Processed Buffers: Min: 2, Avg: 10.8, Max: 15, Diff: 13, Sum: 43]
      [Scan RS (ms): Min: 2.4, Avg: 2.8, Max: 3.0, Diff: 0.7, Sum: 11.2]
      [Code Root Scanning (ms): Min: 0.0, Avg: 0.0, Max: 0.1, Diff: 0.1, Sum: 0.1]
      [Object Copy (ms): Min: 28.4, Avg: 28.9, Max: 30.0, Diff: 1.6, Sum: 115.7]
      [Termination (ms): Min: 0.0, Avg: 0.8, Max: 1.0, Diff: 1.0, Sum: 3.0]
         [Termination Attempts: Min: 1, Avg: 1.0, Max: 1, Diff: 0, Sum: 4]
      [GC Worker Other (ms): Min: 0.1, Avg: 0.2, Max: 0.8, Diff: 0.7, Sum: 1.0]
      [GC Worker Total (ms): Min: 37.3, Avg: 37.4, Max: 37.5, Diff: 0.2, Sum: 149.7]
      [GC Worker End (ms): Min: 117838711.4, Avg: 117838711.4, Max: 117838711.5, Diff: 0.1]
   [Code Root Fixup: 0.0 ms]
   [Code Root Purge: 0.0 ms]
   [Clear CT: 0.3 ms]
   [Other: 1.3 ms]
      [Choose CSet: 0.0 ms]
      [Ref Proc: 0.5 ms]
      [Ref Enq: 0.0 ms]
      [Redirty Cards: 0.2 ms]
      [Humongous Register: 0.1 ms]
      [Humongous Reclaim: 0.0 ms]
      [Free CSet: 0.1 ms]
   [Eden: 45056.0K(45056.0K)->0.0B(45056.0K) Survivors: 7168.0K->7168.0K Heap: 307.0M(1024.0M)->267.0M(1024.0M)]
 [Times: user=0.18 sys=0.00, real=0.04 secs] 
2021-03-18T00:06:09.070+0700: 118103.674: [GC pause (G1 Evacuation Pause) (young), 0.0316653 secs]
   [Parallel Time: 30.4 ms, GC Workers: 4]
      [GC Worker Start (ms): Min: 118103674.1, Avg: 118103674.2, Max: 118103674.3, Diff: 0.2]
      [Ext Root Scanning (ms): Min: 1.0, Avg: 1.1, Max: 1.1, Diff: 0.2, Sum: 4.2]
      [Update RS (ms): Min: 2.0, Avg: 2.9, Max: 4.3, Diff: 2.3, Sum: 11.4]
         [Processed Buffers: Min: 2, Avg: 10.0, Max: 32, Diff: 30, Sum: 40]
      [Scan RS (ms): Min: 2.3, Avg: 3.7, Max: 4.5, Diff: 2.2, Sum: 14.8]
      [Code Root Scanning (ms): Min: 0.0, Avg: 0.1, Max: 0.2, Diff: 0.2, Sum: 0.3]
      [Object Copy (ms): Min: 22.0, Avg: 22.0, Max: 22.0, Diff: 0.1, Sum: 87.9]
      [Termination (ms): Min: 0.0, Avg: 0.0, Max: 0.0, Diff: 0.0, Sum: 0.0]
         [Termination Attempts: Min: 1, Avg: 1.0, Max: 1, Diff: 0, Sum: 4]
      [GC Worker Other (ms): Min: 0.0, Avg: 0.2, Max: 0.5, Diff: 0.5, Sum: 0.7]
      [GC Worker Total (ms): Min: 29.6, Avg: 29.8, Max: 30.2, Diff: 0.6, Sum: 119.3]
      [GC Worker End (ms): Min: 118103703.9, Avg: 118103704.1, Max: 118103704.4, Diff: 0.5]
   [Code Root Fixup: 0.0 ms]
   [Code Root Purge: 0.0 ms]
   [Clear CT: 0.3 ms]
   [Other: 1.0 ms]
      [Choose CSet: 0.0 ms]
      [Ref Proc: 0.2 ms]
      [Ref Enq: 0.0 ms]
      [Redirty Cards: 0.2 ms]
      [Humongous Register: 0.1 ms]
      [Humongous Reclaim: 0.0 ms]
      [Free CSet: 0.1 ms]
   [Eden: 45056.0K(45056.0K)->0.0B(46080.0K) Survivors: 7168.0K->6144.0K Heap: 311.0M(1024.0M)->270.5M(1024.0M)]
 [Times: user=0.08 sys=0.00, real=0.03 secs] 
2021-03-18T00:10:14.070+0700: 118348.674: [GC pause (G1 Evacuation Pause) (young), 0.0420561 secs]
   [Parallel Time: 40.9 ms, GC Workers: 4]
      [GC Worker Start (ms): Min: 118348674.1, Avg: 118348674.3, Max: 118348674.7, Diff: 0.6]
      [Ext Root Scanning (ms): Min: 2.4, Avg: 2.6, Max: 2.9, Diff: 0.6, Sum: 10.4]
      [Update RS (ms): Min: 2.7, Avg: 3.0, Max: 3.2, Diff: 0.5, Sum: 12.1]
         [Processed Buffers: Min: 8, Avg: 9.8, Max: 15, Diff: 7, Sum: 39]
      [Scan RS (ms): Min: 3.9, Avg: 4.0, Max: 4.2, Diff: 0.3, Sum: 16.0]
      [Code Root Scanning (ms): Min: 0.0, Avg: 0.0, Max: 0.0, Diff: 0.0, Sum: 0.1]
      [Object Copy (ms): Min: 30.3, Avg: 30.7, Max: 31.1, Diff: 0.7, Sum: 122.6]
      [Termination (ms): Min: 0.0, Avg: 0.0, Max: 0.0, Diff: 0.0, Sum: 0.0]
         [Termination Attempts: Min: 1, Avg: 1.0, Max: 1, Diff: 0, Sum: 4]
      [GC Worker Other (ms): Min: 0.1, Avg: 0.1, Max: 0.1, Diff: 0.1, Sum: 0.4]
      [GC Worker Total (ms): Min: 40.1, Avg: 40.5, Max: 40.7, Diff: 0.6, Sum: 161.8]
      [GC Worker End (ms): Min: 118348714.8, Avg: 118348714.8, Max: 118348714.8, Diff: 0.1]
   [Code Root Fixup: 0.0 ms]
   [Code Root Purge: 0.0 ms]
   [Clear CT: 0.2 ms]
   [Other: 1.0 ms]
      [Choose CSet: 0.0 ms]
      [Ref Proc: 0.2 ms]
      [Ref Enq: 0.0 ms]
      [Redirty Cards: 0.2 ms]
      [Humongous Register: 0.1 ms]
      [Humongous Reclaim: 0.0 ms]
      [Free CSet: 0.1 ms]
   [Eden: 46080.0K(46080.0K)->0.0B(45056.0K) Survivors: 6144.0K->7168.0K Heap: 315.5M(1024.0M)->276.5M(1024.0M)]
 [Times: user=0.12 sys=0.02, real=0.04 secs] 
2021-03-18T00:14:40.428+0700: 118615.032: [GC pause (G1 Evacuation Pause) (young), 0.0294041 secs]
   [Parallel Time: 27.5 ms, GC Workers: 4]
      [GC Worker Start (ms): Min: 118615031.9, Avg: 118615032.0, Max: 118615032.1, Diff: 0.2]
      [Ext Root Scanning (ms): Min: 0.9, Avg: 1.1, Max: 1.2, Diff: 0.3, Sum: 4.2]
      [Update RS (ms): Min: 1.9, Avg: 2.7, Max: 4.4, Diff: 2.4, Sum: 10.9]
         [Processed Buffers: Min: 1, Avg: 9.5, Max: 14, Diff: 13, Sum: 38]
      [Scan RS (ms): Min: 3.5, Avg: 4.8, Max: 5.5, Diff: 2.0, Sum: 19.4]
      [Code Root Scanning (ms): Min: 0.0, Avg: 0.0, Max: 0.1, Diff: 0.1, Sum: 0.1]
      [Object Copy (ms): Min: 18.2, Avg: 18.6, Max: 18.8, Diff: 0.5, Sum: 74.3]
      [Termination (ms): Min: 0.0, Avg: 0.0, Max: 0.0, Diff: 0.0, Sum: 0.0]
         [Termination Attempts: Min: 1, Avg: 1.8, Max: 3, Diff: 2, Sum: 7]
      [GC Worker Other (ms): Min: 0.0, Avg: 0.1, Max: 0.1, Diff: 0.1, Sum: 0.3]
      [GC Worker Total (ms): Min: 27.2, Avg: 27.3, Max: 27.4, Diff: 0.2, Sum: 109.3]
      [GC Worker End (ms): Min: 118615059.3, Avg: 118615059.3, Max: 118615059.3, Diff: 0.0]
   [Code Root Fixup: 0.0 ms]
   [Code Root Purge: 0.0 ms]
   [Clear CT: 0.4 ms]
   [Other: 1.4 ms]
      [Choose CSet: 0.0 ms]
      [Ref Proc: 0.5 ms]
      [Ref Enq: 0.0 ms]
      [Redirty Cards: 0.2 ms]
      [Humongous Register: 0.1 ms]
      [Humongous Reclaim: 0.0 ms]
      [Free CSet: 0.1 ms]
   [Eden: 45056.0K(45056.0K)->0.0B(47104.0K) Survivors: 7168.0K->5120.0K Heap: 320.5M(1024.0M)->279.5M(1024.0M)]
 [Times: user=0.12 sys=0.00, real=0.03 secs] 
2021-03-18T00:19:19.070+0700: 118893.674: [GC pause (G1 Evacuation Pause) (young), 0.0266547 secs]
   [Parallel Time: 24.6 ms, GC Workers: 4]
      [GC Worker Start (ms): Min: 118893674.1, Avg: 118893674.2, Max: 118893674.3, Diff: 0.2]
      [Ext Root Scanning (ms): Min: 1.4, Avg: 1.8, Max: 2.4, Diff: 1.0, Sum: 7.2]
      [Update RS (ms): Min: 3.0, Avg: 3.8, Max: 4.4, Diff: 1.3, Sum: 15.2]
         [Processed Buffers: Min: 0, Avg: 9.5, Max: 22, Diff: 22, Sum: 38]
      [Scan RS (ms): Min: 1.4, Avg: 1.7, Max: 2.0, Diff: 0.6, Sum: 6.9]
      [Code Root Scanning (ms): Min: 0.0, Avg: 0.0, Max: 0.1, Diff: 0.1, Sum: 0.1]
      [Object Copy (ms): Min: 15.7, Avg: 16.5, Max: 17.9, Diff: 2.2, Sum: 66.1]
      [Termination (ms): Min: 0.0, Avg: 0.0, Max: 0.0, Diff: 0.0, Sum: 0.0]
         [Termination Attempts: Min: 1, Avg: 1.8, Max: 4, Diff: 3, Sum: 7]
      [GC Worker Other (ms): Min: 0.0, Avg: 0.1, Max: 0.2, Diff: 0.2, Sum: 0.4]
      [GC Worker Total (ms): Min: 24.0, Avg: 24.1, Max: 24.2, Diff: 0.2, Sum: 96.5]
      [GC Worker End (ms): Min: 118893698.3, Avg: 118893698.4, Max: 118893698.5, Diff: 0.2]
   [Code Root Fixup: 0.0 ms]
   [Code Root Purge: 0.0 ms]
   [Clear CT: 0.4 ms]
   [Other: 1.6 ms]
      [Choose CSet: 0.0 ms]
      [Ref Proc: 0.6 ms]
      [Ref Enq: 0.0 ms]
      [Redirty Cards: 0.4 ms]
      [Humongous Register: 0.1 ms]
      [Humongous Reclaim: 0.0 ms]
      [Free CSet: 0.1 ms]
   [Eden: 47104.0K(47104.0K)->0.0B(45056.0K) Survivors: 5120.0K->7168.0K Heap: 325.5M(1024.0M)->283.0M(1024.0M)]
 [Times: user=0.11 sys=0.02, real=0.03 secs] 
2021-03-18T00:23:46.428+0700: 119161.032: [GC pause (G1 Evacuation Pause) (young), 0.0303409 secs]
   [Parallel Time: 29.0 ms, GC Workers: 4]
      [GC Worker Start (ms): Min: 119161032.5, Avg: 119161032.6, Max: 119161032.6, Diff: 0.2]
      [Ext Root Scanning (ms): Min: 0.9, Avg: 1.0, Max: 1.1, Diff: 0.2, Sum: 4.0]
      [Update RS (ms): Min: 1.3, Avg: 1.9, Max: 2.8, Diff: 1.6, Sum: 7.4]
         [Processed Buffers: Min: 3, Avg: 9.0, Max: 15, Diff: 12, Sum: 36]
      [Scan RS (ms): Min: 1.4, Avg: 2.3, Max: 3.0, Diff: 1.6, Sum: 9.1]
      [Code Root Scanning (ms): Min: 0.0, Avg: 0.0, Max: 0.1, Diff: 0.1, Sum: 0.1]
      [Object Copy (ms): Min: 23.0, Avg: 23.2, Max: 23.5, Diff: 0.5, Sum: 92.8]
      [Termination (ms): Min: 0.0, Avg: 0.0, Max: 0.0, Diff: 0.0, Sum: 0.0]
         [Termination Attempts: Min: 1, Avg: 1.0, Max: 1, Diff: 0, Sum: 4]
      [GC Worker Other (ms): Min: 0.0, Avg: 0.1, Max: 0.4, Diff: 0.3, Sum: 0.5]
      [GC Worker Total (ms): Min: 28.4, Avg: 28.5, Max: 28.7, Diff: 0.4, Sum: 114.0]
      [GC Worker End (ms): Min: 119161061.0, Avg: 119161061.1, Max: 119161061.3, Diff: 0.3]
   [Code Root Fixup: 0.0 ms]
   [Code Root Purge: 0.0 ms]
   [Clear CT: 0.2 ms]
   [Other: 1.2 ms]
      [Choose CSet: 0.0 ms]
      [Ref Proc: 0.3 ms]
      [Ref Enq: 0.0 ms]
      [Redirty Cards: 0.2 ms]
      [Humongous Register: 0.1 ms]
      [Humongous Reclaim: 0.0 ms]
      [Free CSet: 0.1 ms]
   [Eden: 45056.0K(45056.0K)->0.0B(47104.0K) Survivors: 7168.0K->5120.0K Heap: 327.0M(1024.0M)->289.3M(1024.0M)]
 [Times: user=0.13 sys=0.00, real=0.03 secs] 
2021-03-18T00:28:28.291+0700: 119442.895: [GC pause (G1 Evacuation Pause) (young), 0.0358272 secs]
   [Parallel Time: 33.3 ms, GC Workers: 4]
      [GC Worker Start (ms): Min: 119442894.9, Avg: 119442895.0, Max: 119442895.2, Diff: 0.3]
      [Ext Root Scanning (ms): Min: 1.0, Avg: 1.2, Max: 1.3, Diff: 0.3, Sum: 4.6]
      [Update RS (ms): Min: 0.9, Avg: 1.3, Max: 1.8, Diff: 0.9, Sum: 5.2]
         [Processed Buffers: Min: 1, Avg: 9.5, Max: 15, Diff: 14, Sum: 38]
      [Scan RS (ms): Min: 3.1, Avg: 3.5, Max: 3.8, Diff: 0.7, Sum: 14.1]
      [Code Root Scanning (ms): Min: 0.0, Avg: 0.0, Max: 0.1, Diff: 0.1, Sum: 0.1]
      [Object Copy (ms): Min: 25.3, Avg: 25.7, Max: 26.2, Diff: 0.9, Sum: 102.8]
      [Termination (ms): Min: 0.0, Avg: 0.8, Max: 1.4, Diff: 1.4, Sum: 3.3]
         [Termination Attempts: Min: 1, Avg: 1.0, Max: 1, Diff: 0, Sum: 4]
      [GC Worker Other (ms): Min: 0.1, Avg: 0.3, Max: 1.0, Diff: 0.9, Sum: 1.3]
      [GC Worker Total (ms): Min: 32.3, Avg: 32.9, Max: 33.2, Diff: 0.9, Sum: 131.4]
      [GC Worker End (ms): Min: 119442927.3, Avg: 119442927.9, Max: 119442928.1, Diff: 0.8]
   [Code Root Fixup: 0.0 ms]
   [Code Root Purge: 0.0 ms]
   [Clear CT: 0.5 ms]
   [Other: 2.0 ms]
      [Choose CSet: 0.0 ms]
      [Ref Proc: 0.8 ms]
      [Ref Enq: 0.0 ms]
      [Redirty Cards: 0.4 ms]
      [Humongous Register: 0.1 ms]
      [Humongous Reclaim: 0.1 ms]
      [Free CSet: 0.1 ms]
   [Eden: 47104.0K(47104.0K)->0.0B(46080.0K) Survivors: 5120.0K->6144.0K Heap: 335.3M(1024.0M)->294.5M(1024.0M)]
 [Times: user=0.13 sys=0.00, real=0.04 secs] 
2021-03-18T00:33:03.304+0700: 119717.907: [GC pause (G1 Evacuation Pause) (young), 0.0161261 secs]
   [Parallel Time: 14.4 ms, GC Workers: 4]
      [GC Worker Start (ms): Min: 119717907.5, Avg: 119717908.1, Max: 119717909.4, Diff: 1.9]
      [Ext Root Scanning (ms): Min: 0.0, Avg: 0.8, Max: 1.6, Diff: 1.5, Sum: 3.2]
      [Update RS (ms): Min: 0.5, Avg: 0.7, Max: 1.1, Diff: 0.6, Sum: 2.9]
         [Processed Buffers: Min: 3, Avg: 9.5, Max: 16, Diff: 13, Sum: 38]
      [Scan RS (ms): Min: 0.9, Avg: 1.1, Max: 1.2, Diff: 0.2, Sum: 4.3]
      [Code Root Scanning (ms): Min: 0.0, Avg: 0.0, Max: 0.0, Diff: 0.0, Sum: 0.1]
      [Object Copy (ms): Min: 10.3, Avg: 10.5, Max: 11.0, Diff: 0.7, Sum: 42.0]
      [Termination (ms): Min: 0.0, Avg: 0.0, Max: 0.0, Diff: 0.0, Sum: 0.0]
         [Termination Attempts: Min: 1, Avg: 1.0, Max: 1, Diff: 0, Sum: 4]
      [GC Worker Other (ms): Min: 0.0, Avg: 0.0, Max: 0.0, Diff: 0.0, Sum: 0.1]
      [GC Worker Total (ms): Min: 11.9, Avg: 13.2, Max: 13.7, Diff: 1.9, Sum: 52.6]
      [GC Worker End (ms): Min: 119717921.3, Avg: 119717921.3, Max: 119717921.3, Diff: 0.0]
   [Code Root Fixup: 0.0 ms]
   [Code Root Purge: 0.0 ms]
   [Clear CT: 0.4 ms]
   [Other: 1.3 ms]
      [Choose CSet: 0.0 ms]
      [Ref Proc: 0.7 ms]
      [Ref Enq: 0.0 ms]
      [Redirty Cards: 0.1 ms]
      [Humongous Register: 0.1 ms]
      [Humongous Reclaim: 0.0 ms]
      [Free CSet: 0.1 ms]
   [Eden: 46080.0K(46080.0K)->0.0B(46080.0K) Survivors: 6144.0K->6144.0K Heap: 339.5M(1024.0M)->298.5M(1024.0M)]
 [Times: user=0.03 sys=0.00, real=0.02 secs] 
2021-03-18T00:37:37.615+0700: 119992.218: [GC pause (G1 Evacuation Pause) (young), 0.0265634 secs]
   [Parallel Time: 25.0 ms, GC Workers: 4]
      [GC Worker Start (ms): Min: 119992218.6, Avg: 119992218.7, Max: 119992218.7, Diff: 0.2]
      [Ext Root Scanning (ms): Min: 1.0, Avg: 1.1, Max: 1.1, Diff: 0.1, Sum: 4.3]
      [Update RS (ms): Min: 1.3, Avg: 1.5, Max: 1.7, Diff: 0.4, Sum: 5.9]
         [Processed Buffers: Min: 1, Avg: 9.8, Max: 27, Diff: 26, Sum: 39]
      [Scan RS (ms): Min: 3.4, Avg: 3.7, Max: 4.0, Diff: 0.6, Sum: 14.9]
      [Code Root Scanning (ms): Min: 0.0, Avg: 0.0, Max: 0.1, Diff: 0.1, Sum: 0.1]
      [Object Copy (ms): Min: 18.3, Avg: 18.5, Max: 18.6, Diff: 0.2, Sum: 73.9]
      [Termination (ms): Min: 0.0, Avg: 0.0, Max: 0.0, Diff: 0.0, Sum: 0.0]
         [Termination Attempts: Min: 1, Avg: 1.0, Max: 1, Diff: 0, Sum: 4]
      [GC Worker Other (ms): Min: 0.0, Avg: 0.1, Max: 0.1, Diff: 0.0, Sum: 0.2]
      [GC Worker Total (ms): Min: 24.8, Avg: 24.8, Max: 24.9, Diff: 0.2, Sum: 99.4]
      [GC Worker End (ms): Min: 119992243.5, Avg: 119992243.5, Max: 119992243.5, Diff: 0.0]
   [Code Root Fixup: 0.0 ms]
   [Code Root Purge: 0.0 ms]
   [Clear CT: 0.2 ms]
   [Other: 1.3 ms]
      [Choose CSet: 0.0 ms]
      [Ref Proc: 0.5 ms]
      [Ref Enq: 0.0 ms]
      [Redirty Cards: 0.2 ms]
      [Humongous Register: 0.1 ms]
      [Humongous Reclaim: 0.0 ms]
      [Free CSet: 0.1 ms]
   [Eden: 46080.0K(46080.0K)->0.0B(46080.0K) Survivors: 6144.0K->6144.0K Heap: 343.5M(1024.0M)->302.0M(1024.0M)]
 [Times: user=0.12 sys=0.00, real=0.03 secs] 
2021-03-18T00:42:12.024+0700: 120266.628: [GC pause (G1 Evacuation Pause) (young), 0.0176364 secs]
   [Parallel Time: 15.8 ms, GC Workers: 4]
      [GC Worker Start (ms): Min: 120266628.0, Avg: 120266628.6, Max: 120266629.7, Diff: 1.7]
      [Ext Root Scanning (ms): Min: 0.0, Avg: 1.3, Max: 2.4, Diff: 2.4, Sum: 5.1]
      [Update RS (ms): Min: 0.2, Avg: 1.4, Max: 2.1, Diff: 1.9, Sum: 5.4]
         [Processed Buffers: Min: 6, Avg: 10.2, Max: 17, Diff: 11, Sum: 41]
      [Scan RS (ms): Min: 0.8, Avg: 1.0, Max: 1.1, Diff: 0.3, Sum: 4.1]
      [Code Root Scanning (ms): Min: 0.0, Avg: 0.0, Max: 0.0, Diff: 0.0, Sum: 0.0]
      [Object Copy (ms): Min: 10.3, Avg: 10.4, Max: 10.4, Diff: 0.1, Sum: 41.5]
      [Termination (ms): Min: 0.0, Avg: 0.0, Max: 0.0, Diff: 0.0, Sum: 0.0]
         [Termination Attempts: Min: 1, Avg: 1.0, Max: 1, Diff: 0, Sum: 4]
      [GC Worker Other (ms): Min: 0.0, Avg: 0.2, Max: 0.6, Diff: 0.6, Sum: 0.7]
      [GC Worker Total (ms): Min: 13.0, Avg: 14.2, Max: 15.3, Diff: 2.3, Sum: 56.8]
      [GC Worker End (ms): Min: 120266642.7, Avg: 120266642.9, Max: 120266643.3, Diff: 0.6]
   [Code Root Fixup: 0.0 ms]
   [Code Root Purge: 0.0 ms]
   [Clear CT: 0.2 ms]
   [Other: 1.7 ms]
      [Choose CSet: 0.0 ms]
      [Ref Proc: 1.0 ms]
      [Ref Enq: 0.0 ms]
      [Redirty Cards: 0.2 ms]
      [Humongous Register: 0.1 ms]
      [Humongous Reclaim: 0.1 ms]
      [Free CSet: 0.1 ms]
   [Eden: 46080.0K(46080.0K)->0.0B(46080.0K) Survivors: 6144.0K->6144.0K Heap: 347.0M(1024.0M)->305.5M(1024.0M)]
 [Times: user=0.02 sys=0.00, real=0.02 secs] 
2021-03-18T00:46:45.100+0700: 120539.704: [GC pause (G1 Evacuation Pause) (young), 0.0301703 secs]
   [Parallel Time: 29.0 ms, GC Workers: 4]
      [GC Worker Start (ms): Min: 120539704.1, Avg: 120539704.2, Max: 120539704.3, Diff: 0.2]
      [Ext Root Scanning (ms): Min: 1.0, Avg: 1.0, Max: 1.1, Diff: 0.1, Sum: 4.1]
      [Update RS (ms): Min: 2.7, Avg: 2.9, Max: 3.1, Diff: 0.5, Sum: 11.4]
         [Processed Buffers: Min: 1, Avg: 10.2, Max: 17, Diff: 16, Sum: 41]
      [Scan RS (ms): Min: 2.7, Avg: 2.8, Max: 2.9, Diff: 0.1, Sum: 11.1]
      [Code Root Scanning (ms): Min: 0.0, Avg: 0.0, Max: 0.0, Diff: 0.0, Sum: 0.1]
      [Object Copy (ms): Min: 21.6, Avg: 21.8, Max: 21.9, Diff: 0.3, Sum: 87.1]
      [Termination (ms): Min: 0.0, Avg: 0.0, Max: 0.0, Diff: 0.0, Sum: 0.0]
         [Termination Attempts: Min: 1, Avg: 1.0, Max: 1, Diff: 0, Sum: 4]
      [GC Worker Other (ms): Min: 0.1, Avg: 0.1, Max: 0.2, Diff: 0.2, Sum: 0.4]
      [GC Worker Total (ms): Min: 28.5, Avg: 28.6, Max: 28.7, Diff: 0.2, Sum: 114.4]
      [GC Worker End (ms): Min: 120539732.8, Avg: 120539732.8, Max: 120539732.9, Diff: 0.2]
   [Code Root Fixup: 0.0 ms]
   [Code Root Purge: 0.0 ms]
   [Clear CT: 0.2 ms]
   [Other: 1.0 ms]
      [Choose CSet: 0.0 ms]
      [Ref Proc: 0.2 ms]
      [Ref Enq: 0.0 ms]
      [Redirty Cards: 0.2 ms]
      [Humongous Register: 0.2 ms]
      [Humongous Reclaim: 0.0 ms]
      [Free CSet: 0.1 ms]
   [Eden: 46080.0K(46080.0K)->0.0B(47104.0K) Survivors: 6144.0K->5120.0K Heap: 350.5M(1024.0M)->309.0M(1024.0M)]
 [Times: user=0.13 sys=0.00, real=0.03 secs] 
2021-03-18T00:51:22.107+0700: 120816.710: [GC pause (G1 Evacuation Pause) (young), 0.0246326 secs]
   [Parallel Time: 22.7 ms, GC Workers: 4]
      [GC Worker Start (ms): Min: 120816710.6, Avg: 120816710.8, Max: 120816711.0, Diff: 0.3]
      [Ext Root Scanning (ms): Min: 0.9, Avg: 1.1, Max: 1.3, Diff: 0.4, Sum: 4.5]
      [Update RS (ms): Min: 1.5, Avg: 1.7, Max: 2.0, Diff: 0.5, Sum: 6.7]
         [Processed Buffers: Min: 2, Avg: 10.2, Max: 24, Diff: 22, Sum: 41]
      [Scan RS (ms): Min: 2.4, Avg: 2.9, Max: 3.2, Diff: 0.9, Sum: 11.7]
      [Code Root Scanning (ms): Min: 0.0, Avg: 0.3, Max: 1.1, Diff: 1.1, Sum: 1.1]
      [Object Copy (ms): Min: 15.9, Avg: 16.0, Max: 16.1, Diff: 0.2, Sum: 63.9]
      [Termination (ms): Min: 0.0, Avg: 0.0, Max: 0.0, Diff: 0.0, Sum: 0.1]
         [Termination Attempts: Min: 1, Avg: 1.0, Max: 1, Diff: 0, Sum: 4]
      [GC Worker Other (ms): Min: 0.1, Avg: 0.1, Max: 0.3, Diff: 0.3, Sum: 0.5]
      [GC Worker Total (ms): Min: 21.9, Avg: 22.2, Max: 22.5, Diff: 0.5, Sum: 88.6]
      [GC Worker End (ms): Min: 120816732.9, Avg: 120816733.0, Max: 120816733.2, Diff: 0.3]
   [Code Root Fixup: 0.0 ms]
   [Code Root Purge: 0.0 ms]
   [Clear CT: 0.4 ms]
   [Other: 1.5 ms]
      [Choose CSet: 0.0 ms]
      [Ref Proc: 0.4 ms]
      [Ref Enq: 0.0 ms]
      [Redirty Cards: 0.4 ms]
      [Humongous Register: 0.1 ms]
      [Humongous Reclaim: 0.1 ms]
      [Free CSet: 0.1 ms]
   [Eden: 47104.0K(47104.0K)->0.0B(46080.0K) Survivors: 5120.0K->6144.0K Heap: 355.0M(1024.0M)->314.0M(1024.0M)]
 [Times: user=0.06 sys=0.00, real=0.02 secs] 
2021-03-18T00:55:55.990+0700: 121090.594: [GC pause (G1 Evacuation Pause) (young), 0.0217634 secs]
   [Parallel Time: 17.8 ms, GC Workers: 4]
      [GC Worker Start (ms): Min: 121090593.9, Avg: 121090594.0, Max: 121090594.2, Diff: 0.3]
      [Ext Root Scanning (ms): Min: 0.5, Avg: 2.0, Max: 6.1, Diff: 5.6, Sum: 8.1]
      [Update RS (ms): Min: 0.0, Avg: 2.4, Max: 4.9, Diff: 4.9, Sum: 9.7]
         [Processed Buffers: Min: 0, Avg: 10.2, Max: 27, Diff: 27, Sum: 41]
      [Scan RS (ms): Min: 0.0, Avg: 1.6, Max: 3.0, Diff: 3.0, Sum: 6.3]
      [Code Root Scanning (ms): Min: 0.0, Avg: 0.0, Max: 0.1, Diff: 0.1, Sum: 0.1]
      [Object Copy (ms): Min: 11.0, Avg: 11.1, Max: 11.2, Diff: 0.3, Sum: 44.5]
      [Termination (ms): Min: 0.0, Avg: 0.2, Max: 0.4, Diff: 0.4, Sum: 1.0]
         [Termination Attempts: Min: 1, Avg: 1.0, Max: 1, Diff: 0, Sum: 4]
      [GC Worker Other (ms): Min: 0.0, Avg: 0.0, Max: 0.1, Diff: 0.1, Sum: 0.2]
      [GC Worker Total (ms): Min: 17.4, Avg: 17.5, Max: 17.7, Diff: 0.3, Sum: 69.9]
      [GC Worker End (ms): Min: 121090611.3, Avg: 121090611.5, Max: 121090611.6, Diff: 0.3]
   [Code Root Fixup: 0.0 ms]
   [Code Root Purge: 0.0 ms]
   [Clear CT: 1.1 ms]
   [Other: 2.9 ms]
      [Choose CSet: 0.0 ms]
      [Ref Proc: 1.3 ms]
      [Ref Enq: 0.0 ms]
      [Redirty Cards: 1.1 ms]
      [Humongous Register: 0.0 ms]
      [Humongous Reclaim: 0.0 ms]
      [Free CSet: 0.1 ms]
   [Eden: 46080.0K(46080.0K)->0.0B(46080.0K) Survivors: 6144.0K->6144.0K Heap: 359.0M(1024.0M)->318.0M(1024.0M)]
 [Times: user=0.05 sys=0.00, real=0.02 secs] 
2021-03-18T01:00:30.676+0700: 121365.280: [GC pause (G1 Evacuation Pause) (young), 0.0203917 secs]
   [Parallel Time: 18.5 ms, GC Workers: 4]
      [GC Worker Start (ms): Min: 121365280.1, Avg: 121365280.1, Max: 121365280.2, Diff: 0.1]
      [Ext Root Scanning (ms): Min: 0.7, Avg: 0.7, Max: 0.9, Diff: 0.2, Sum: 2.9]
      [Update RS (ms): Min: 0.9, Avg: 0.9, Max: 1.1, Diff: 0.2, Sum: 3.8]
         [Processed Buffers: Min: 2, Avg: 10.2, Max: 22, Diff: 20, Sum: 41]
      [Scan RS (ms): Min: 1.1, Avg: 1.2, Max: 1.3, Diff: 0.2, Sum: 4.7]
      [Code Root Scanning (ms): Min: 0.0, Avg: 0.0, Max: 0.0, Diff: 0.0, Sum: 0.0]
      [Object Copy (ms): Min: 15.2, Avg: 15.2, Max: 15.3, Diff: 0.1, Sum: 61.0]
      [Termination (ms): Min: 0.0, Avg: 0.0, Max: 0.0, Diff: 0.0, Sum: 0.1]
         [Termination Attempts: Min: 1, Avg: 1.0, Max: 1, Diff: 0, Sum: 4]
      [GC Worker Other (ms): Min: 0.0, Avg: 0.1, Max: 0.2, Diff: 0.2, Sum: 0.5]
      [GC Worker Total (ms): Min: 18.2, Avg: 18.3, Max: 18.4, Diff: 0.2, Sum: 73.0]
      [GC Worker End (ms): Min: 121365298.3, Avg: 121365298.4, Max: 121365298.5, Diff: 0.2]
   [Code Root Fixup: 0.0 ms]
   [Code Root Purge: 0.0 ms]
   [Clear CT: 0.2 ms]
   [Other: 1.7 ms]
      [Choose CSet: 0.0 ms]
      [Ref Proc: 0.3 ms]
      [Ref Enq: 0.0 ms]
      [Redirty Cards: 0.4 ms]
      [Humongous Register: 0.3 ms]
      [Humongous Reclaim: 0.1 ms]
      [Free CSet: 0.1 ms]
   [Eden: 46080.0K(46080.0K)->0.0B(45056.0K) Survivors: 6144.0K->7168.0K Heap: 363.0M(1024.0M)->323.0M(1024.0M)]
 [Times: user=0.08 sys=0.00, real=0.03 secs] 
2021-03-18T01:05:00.590+0700: 121635.194: [GC pause (G1 Evacuation Pause) (young), 0.0220694 secs]
   [Parallel Time: 21.1 ms, GC Workers: 4]
      [GC Worker Start (ms): Min: 121635194.2, Avg: 121635194.3, Max: 121635194.3, Diff: 0.1]
      [Ext Root Scanning (ms): Min: 0.7, Avg: 0.7, Max: 0.8, Diff: 0.2, Sum: 3.0]
      [Update RS (ms): Min: 1.2, Avg: 1.3, Max: 1.5, Diff: 0.2, Sum: 5.3]
         [Processed Buffers: Min: 2, Avg: 10.5, Max: 34, Diff: 32, Sum: 42]
      [Scan RS (ms): Min: 2.0, Avg: 2.5, Max: 3.5, Diff: 1.6, Sum: 10.0]
      [Code Root Scanning (ms): Min: 0.0, Avg: 0.0, Max: 0.0, Diff: 0.0, Sum: 0.1]
      [Object Copy (ms): Min: 15.0, Avg: 16.1, Max: 16.8, Diff: 1.8, Sum: 64.6]
      [Termination (ms): Min: 0.0, Avg: 0.0, Max: 0.0, Diff: 0.0, Sum: 0.0]
         [Termination Attempts: Min: 1, Avg: 1.0, Max: 1, Diff: 0, Sum: 4]
      [GC Worker Other (ms): Min: 0.0, Avg: 0.0, Max: 0.0, Diff: 0.0, Sum: 0.1]
      [GC Worker Total (ms): Min: 20.7, Avg: 20.8, Max: 20.8, Diff: 0.1, Sum: 83.1]
      [GC Worker End (ms): Min: 121635215.1, Avg: 121635215.1, Max: 121635215.1, Diff: 0.0]
   [Code Root Fixup: 0.0 ms]
   [Code Root Purge: 0.0 ms]
   [Clear CT: 0.1 ms]
   [Other: 0.8 ms]
      [Choose CSet: 0.0 ms]
      [Ref Proc: 0.3 ms]
      [Ref Enq: 0.0 ms]
      [Redirty Cards: 0.1 ms]
      [Humongous Register: 0.1 ms]
      [Humongous Reclaim: 0.0 ms]
      [Free CSet: 0.0 ms]
   [Eden: 45056.0K(45056.0K)->0.0B(46080.0K) Survivors: 7168.0K->6144.0K Heap: 367.0M(1024.0M)->326.5M(1024.0M)]
 [Times: user=0.04 sys=0.00, real=0.02 secs] 
2021-03-18T01:09:17.693+0700: 121892.296: [GC pause (G1 Evacuation Pause) (young), 0.0254762 secs]
   [Parallel Time: 24.2 ms, GC Workers: 4]
      [GC Worker Start (ms): Min: 121892296.9, Avg: 121892296.9, Max: 121892297.0, Diff: 0.1]
      [Ext Root Scanning (ms): Min: 0.6, Avg: 0.6, Max: 0.6, Diff: 0.1, Sum: 2.4]
      [Update RS (ms): Min: 1.4, Avg: 1.7, Max: 2.4, Diff: 1.0, Sum: 6.9]
         [Processed Buffers: Min: 1, Avg: 10.8, Max: 26, Diff: 25, Sum: 43]
      [Scan RS (ms): Min: 3.8, Avg: 5.3, Max: 6.9, Diff: 3.0, Sum: 21.2]
      [Code Root Scanning (ms): Min: 0.0, Avg: 0.0, Max: 0.0, Diff: 0.0, Sum: 0.1]
      [Object Copy (ms): Min: 14.6, Avg: 16.0, Max: 16.8, Diff: 2.3, Sum: 63.9]
      [Termination (ms): Min: 0.0, Avg: 0.3, Max: 0.5, Diff: 0.5, Sum: 1.1]
         [Termination Attempts: Min: 1, Avg: 1.0, Max: 1, Diff: 0, Sum: 4]
      [GC Worker Other (ms): Min: 0.0, Avg: 0.0, Max: 0.0, Diff: 0.0, Sum: 0.1]
      [GC Worker Total (ms): Min: 23.7, Avg: 23.9, Max: 24.1, Diff: 0.4, Sum: 95.6]
      [GC Worker End (ms): Min: 121892320.6, Avg: 121892320.8, Max: 121892321.0, Diff: 0.4]
   [Code Root Fixup: 0.0 ms]
   [Code Root Purge: 0.0 ms]
   [Clear CT: 0.1 ms]
   [Other: 1.2 ms]
      [Choose CSet: 0.0 ms]
      [Ref Proc: 0.3 ms]
      [Ref Enq: 0.0 ms]
      [Redirty Cards: 0.2 ms]
      [Humongous Register: 0.3 ms]
      [Humongous Reclaim: 0.0 ms]
      [Free CSet: 0.1 ms]
   [Eden: 46080.0K(46080.0K)->0.0B(45056.0K) Survivors: 6144.0K->7168.0K Heap: 371.5M(1024.0M)->331.0M(1024.0M)]
 [Times: user=0.10 sys=0.00, real=0.03 secs] 
2021-03-18T01:13:36.173+0700: 122150.776: [GC pause (G1 Evacuation Pause) (young), 0.0250902 secs]
   [Parallel Time: 21.7 ms, GC Workers: 4]
      [GC Worker Start (ms): Min: 122150778.8, Avg: 122150783.3, Max: 122150791.8, Diff: 13.0]
      [Ext Root Scanning (ms): Min: 0.0, Avg: 1.1, Max: 2.5, Diff: 2.4, Sum: 4.2]
      [Update RS (ms): Min: 0.0, Avg: 3.7, Max: 10.1, Diff: 10.1, Sum: 15.0]
         [Processed Buffers: Min: 0, Avg: 11.0, Max: 23, Diff: 23, Sum: 44]
      [Scan RS (ms): Min: 0.0, Avg: 1.5, Max: 2.9, Diff: 2.9, Sum: 5.8]
      [Code Root Scanning (ms): Min: 0.0, Avg: 0.0, Max: 0.0, Diff: 0.0, Sum: 0.1]
      [Object Copy (ms): Min: 7.5, Avg: 9.7, Max: 11.8, Diff: 4.3, Sum: 39.0]
      [Termination (ms): Min: 0.0, Avg: 0.0, Max: 0.0, Diff: 0.0, Sum: 0.0]
         [Termination Attempts: Min: 1, Avg: 1.0, Max: 1, Diff: 0, Sum: 4]
      [GC Worker Other (ms): Min: 0.0, Avg: 0.4, Max: 0.7, Diff: 0.7, Sum: 1.4]
      [GC Worker Total (ms): Min: 7.6, Avg: 16.4, Max: 21.3, Diff: 13.7, Sum: 65.4]
      [GC Worker End (ms): Min: 122150799.4, Avg: 122150799.7, Max: 122150800.0, Diff: 0.6]
   [Code Root Fixup: 0.1 ms]
   [Code Root Purge: 0.0 ms]
   [Clear CT: 0.2 ms]
   [Other: 3.2 ms]
      [Choose CSet: 0.0 ms]
      [Ref Proc: 0.5 ms]
      [Ref Enq: 0.0 ms]
      [Redirty Cards: 0.2 ms]
      [Humongous Register: 2.0 ms]
      [Humongous Reclaim: 0.1 ms]
      [Free CSet: 0.1 ms]
   [Eden: 45056.0K(45056.0K)->0.0B(47104.0K) Survivors: 7168.0K->5120.0K Heap: 375.0M(1024.0M)->333.5M(1024.0M)]
 [Times: user=0.03 sys=0.00, real=0.03 secs] 
2021-03-18T01:18:15.253+0700: 122429.857: [GC pause (G1 Evacuation Pause) (young), 0.0269091 secs]
   [Parallel Time: 24.4 ms, GC Workers: 4]
      [GC Worker Start (ms): Min: 122429858.3, Avg: 122429858.4, Max: 122429858.5, Diff: 0.2]
      [Ext Root Scanning (ms): Min: 1.2, Avg: 1.3, Max: 1.4, Diff: 0.2, Sum: 5.3]
      [Update RS (ms): Min: 1.3, Avg: 1.6, Max: 1.7, Diff: 0.4, Sum: 6.3]
         [Processed Buffers: Min: 4, Avg: 10.8, Max: 21, Diff: 17, Sum: 43]
      [Scan RS (ms): Min: 1.6, Avg: 1.8, Max: 2.2, Diff: 0.6, Sum: 7.2]
      [Code Root Scanning (ms): Min: 0.0, Avg: 0.0, Max: 0.1, Diff: 0.1, Sum: 0.1]
      [Object Copy (ms): Min: 18.8, Avg: 19.2, Max: 19.5, Diff: 0.8, Sum: 76.9]
      [Termination (ms): Min: 0.0, Avg: 0.0, Max: 0.0, Diff: 0.0, Sum: 0.0]
         [Termination Attempts: Min: 1, Avg: 1.0, Max: 1, Diff: 0, Sum: 4]
      [GC Worker Other (ms): Min: 0.0, Avg: 0.1, Max: 0.2, Diff: 0.2, Sum: 0.4]
      [GC Worker Total (ms): Min: 24.0, Avg: 24.1, Max: 24.1, Diff: 0.2, Sum: 96.3]
      [GC Worker End (ms): Min: 122429882.4, Avg: 122429882.5, Max: 122429882.6, Diff: 0.2]
   [Code Root Fixup: 0.0 ms]
   [Code Root Purge: 0.0 ms]
   [Clear CT: 0.2 ms]
   [Other: 2.3 ms]
      [Choose CSet: 0.0 ms]
      [Ref Proc: 0.3 ms]
      [Ref Enq: 0.0 ms]
      [Redirty Cards: 0.2 ms]
      [Humongous Register: 1.4 ms]
      [Humongous Reclaim: 0.0 ms]
      [Free CSet: 0.1 ms]
   [Eden: 47104.0K(47104.0K)->0.0B(45056.0K) Survivors: 5120.0K->7168.0K Heap: 379.5M(1024.0M)->336.5M(1024.0M)]
 [Times: user=0.13 sys=0.00, real=0.03 secs] 
2021-03-18T01:22:40.745+0700: 122695.348: [GC pause (G1 Evacuation Pause) (young), 0.0189415 secs]
   [Parallel Time: 17.4 ms, GC Workers: 4]
      [GC Worker Start (ms): Min: 122695348.8, Avg: 122695348.9, Max: 122695348.9, Diff: 0.1]
      [Ext Root Scanning (ms): Min: 0.6, Avg: 0.6, Max: 0.8, Diff: 0.3, Sum: 2.6]
      [Update RS (ms): Min: 1.0, Avg: 1.3, Max: 1.6, Diff: 0.6, Sum: 5.0]
         [Processed Buffers: Min: 3, Avg: 11.0, Max: 30, Diff: 27, Sum: 44]
      [Scan RS (ms): Min: 0.1, Avg: 0.6, Max: 0.8, Diff: 0.7, Sum: 2.2]
      [Code Root Scanning (ms): Min: 0.0, Avg: 0.0, Max: 0.0, Diff: 0.0, Sum: 0.0]
      [Object Copy (ms): Min: 14.5, Avg: 14.6, Max: 14.7, Diff: 0.2, Sum: 58.4]
      [Termination (ms): Min: 0.0, Avg: 0.0, Max: 0.0, Diff: 0.0, Sum: 0.0]
         [Termination Attempts: Min: 1, Avg: 1.0, Max: 1, Diff: 0, Sum: 4]
      [GC Worker Other (ms): Min: 0.0, Avg: 0.1, Max: 0.2, Diff: 0.1, Sum: 0.2]
      [GC Worker Total (ms): Min: 17.1, Avg: 17.1, Max: 17.2, Diff: 0.1, Sum: 68.5]
      [GC Worker End (ms): Min: 122695366.0, Avg: 122695366.0, Max: 122695366.1, Diff: 0.1]
   [Code Root Fixup: 0.0 ms]
   [Code Root Purge: 0.0 ms]
   [Clear CT: 0.3 ms]
   [Other: 1.2 ms]
      [Choose CSet: 0.0 ms]
      [Ref Proc: 0.3 ms]
      [Ref Enq: 0.0 ms]
      [Redirty Cards: 0.3 ms]
      [Humongous Register: 0.3 ms]
      [Humongous Reclaim: 0.0 ms]
      [Free CSet: 0.1 ms]
   [Eden: 45056.0K(45056.0K)->0.0B(47104.0K) Survivors: 7168.0K->5120.0K Heap: 380.5M(1024.0M)->341.6M(1024.0M)]
 [Times: user=0.06 sys=0.00, real=0.02 secs] 
2021-03-18T01:27:20.428+0700: 122975.032: [GC pause (G1 Evacuation Pause) (young), 0.0190374 secs]
   [Parallel Time: 17.5 ms, GC Workers: 4]
      [GC Worker Start (ms): Min: 122975032.6, Avg: 122975033.1, Max: 122975034.1, Diff: 1.5]
      [Ext Root Scanning (ms): Min: 0.0, Avg: 0.7, Max: 1.1, Diff: 1.1, Sum: 2.7]
      [Update RS (ms): Min: 2.3, Avg: 2.6, Max: 2.9, Diff: 0.6, Sum: 10.3]
         [Processed Buffers: Min: 4, Avg: 11.2, Max: 20, Diff: 16, Sum: 45]
      [Scan RS (ms): Min: 1.0, Avg: 1.3, Max: 1.5, Diff: 0.5, Sum: 5.1]
      [Code Root Scanning (ms): Min: 0.0, Avg: 0.0, Max: 0.0, Diff: 0.0, Sum: 0.1]
      [Object Copy (ms): Min: 12.1, Avg: 12.2, Max: 12.3, Diff: 0.2, Sum: 48.9]
      [Termination (ms): Min: 0.0, Avg: 0.0, Max: 0.0, Diff: 0.0, Sum: 0.0]
         [Termination Attempts: Min: 1, Avg: 1.0, Max: 1, Diff: 0, Sum: 4]
      [GC Worker Other (ms): Min: 0.0, Avg: 0.0, Max: 0.1, Diff: 0.1, Sum: 0.2]
      [GC Worker Total (ms): Min: 15.8, Avg: 16.8, Max: 17.4, Diff: 1.5, Sum: 67.3]
      [GC Worker End (ms): Min: 122975049.9, Avg: 122975049.9, Max: 122975050.0, Diff: 0.1]
   [Code Root Fixup: 0.0 ms]
   [Code Root Purge: 0.0 ms]
   [Clear CT: 0.2 ms]
   [Other: 1.4 ms]
      [Choose CSet: 0.0 ms]
      [Ref Proc: 0.3 ms]
      [Ref Enq: 0.0 ms]
      [Redirty Cards: 0.1 ms]
      [Humongous Register: 0.1 ms]
      [Humongous Reclaim: 0.0 ms]
      [Free CSet: 0.1 ms]
   [Eden: 47104.0K(47104.0K)->0.0B(46080.0K) Survivors: 5120.0K->6144.0K Heap: 387.6M(1024.0M)->347.0M(1024.0M)]
 [Times: user=0.08 sys=0.02, real=0.02 secs] 
2021-03-18T01:31:55.762+0700: 123250.366: [GC pause (G1 Evacuation Pause) (young), 0.0193376 secs]
   [Parallel Time: 17.6 ms, GC Workers: 4]
      [GC Worker Start (ms): Min: 123250366.3, Avg: 123250366.3, Max: 123250366.3, Diff: 0.1]
      [Ext Root Scanning (ms): Min: 0.6, Avg: 0.7, Max: 0.7, Diff: 0.1, Sum: 2.7]
      [Update RS (ms): Min: 1.2, Avg: 1.4, Max: 1.5, Diff: 0.3, Sum: 5.5]
         [Processed Buffers: Min: 5, Avg: 11.2, Max: 21, Diff: 16, Sum: 45]
      [Scan RS (ms): Min: 1.3, Avg: 1.4, Max: 1.5, Diff: 0.2, Sum: 5.5]
      [Code Root Scanning (ms): Min: 0.0, Avg: 0.0, Max: 0.0, Diff: 0.0, Sum: 0.1]
      [Object Copy (ms): Min: 13.9, Avg: 13.9, Max: 14.0, Diff: 0.1, Sum: 55.6]
      [Termination (ms): Min: 0.0, Avg: 0.0, Max: 0.0, Diff: 0.0, Sum: 0.0]
         [Termination Attempts: Min: 1, Avg: 1.5, Max: 2, Diff: 1, Sum: 6]
      [GC Worker Other (ms): Min: 0.0, Avg: 0.0, Max: 0.0, Diff: 0.0, Sum: 0.1]
      [GC Worker Total (ms): Min: 17.3, Avg: 17.4, Max: 17.4, Diff: 0.1, Sum: 69.5]
      [GC Worker End (ms): Min: 123250383.7, Avg: 123250383.7, Max: 123250383.7, Diff: 0.0]
   [Code Root Fixup: 0.0 ms]
   [Code Root Purge: 0.0 ms]
   [Clear CT: 0.4 ms]
   [Other: 1.3 ms]
      [Choose CSet: 0.0 ms]
      [Ref Proc: 0.3 ms]
      [Ref Enq: 0.0 ms]
      [Redirty Cards: 0.2 ms]
      [Humongous Register: 0.3 ms]
      [Humongous Reclaim: 0.1 ms]
      [Free CSet: 0.1 ms]
   [Eden: 46080.0K(46080.0K)->0.0B(46080.0K) Survivors: 6144.0K->6144.0K Heap: 392.0M(1024.0M)->351.0M(1024.0M)]
 [Times: user=0.06 sys=0.00, real=0.02 secs] 
2021-03-18T01:36:26.865+0700: 123521.469: [GC pause (G1 Evacuation Pause) (young), 0.1172353 secs]
   [Parallel Time: 55.9 ms, GC Workers: 4]
      [GC Worker Start (ms): Min: 123521486.4, Avg: 123521512.1, Max: 123521536.8, Diff: 50.4]
      [Ext Root Scanning (ms): Min: 0.0, Avg: 1.0, Max: 4.0, Diff: 3.9, Sum: 4.1]
      [Update RS (ms): Min: 0.0, Avg: 1.2, Max: 3.1, Diff: 3.1, Sum: 5.0]
         [Processed Buffers: Min: 0, Avg: 11.0, Max: 33, Diff: 33, Sum: 44]
      [Scan RS (ms): Min: 0.0, Avg: 1.6, Max: 3.9, Diff: 3.9, Sum: 6.2]
      [Code Root Scanning (ms): Min: 0.0, Avg: 0.0, Max: 0.0, Diff: 0.0, Sum: 0.1]
      [Object Copy (ms): Min: 0.0, Avg: 17.8, Max: 36.6, Diff: 36.6, Sum: 71.3]
      [Termination (ms): Min: 0.0, Avg: 4.1, Max: 6.6, Diff: 6.6, Sum: 16.2]
         [Termination Attempts: Min: 1, Avg: 1.0, Max: 1, Diff: 0, Sum: 4]
      [GC Worker Other (ms): Min: 0.0, Avg: 0.0, Max: 0.0, Diff: 0.0, Sum: 0.1]
      [GC Worker Total (ms): Min: 0.1, Avg: 25.8, Max: 52.6, Diff: 52.5, Sum: 103.0]
      [GC Worker End (ms): Min: 123521536.8, Avg: 123521537.9, Max: 123521539.0, Diff: 2.1]
   [Code Root Fixup: 0.0 ms]
   [Code Root Purge: 0.0 ms]
   [Clear CT: 33.4 ms]
   [Other: 28.0 ms]
      [Choose CSet: 0.0 ms]
      [Ref Proc: 7.2 ms]
      [Ref Enq: 0.0 ms]
      [Redirty Cards: 5.9 ms]
      [Humongous Register: 14.4 ms]
      [Humongous Reclaim: 0.1 ms]
      [Free CSet: 0.1 ms]
   [Eden: 46080.0K(46080.0K)->0.0B(46080.0K) Survivors: 6144.0K->6144.0K Heap: 396.0M(1024.0M)->354.0M(1024.0M)]
 [Times: user=0.05 sys=0.00, real=0.12 secs] 
2021-03-18T01:41:00.356+0700: 123794.960: [GC pause (G1 Evacuation Pause) (young), 0.0184522 secs]
   [Parallel Time: 15.2 ms, GC Workers: 4]
      [GC Worker Start (ms): Min: 123794960.5, Avg: 123794961.3, Max: 123794963.6, Diff: 3.1]
      [Ext Root Scanning (ms): Min: 0.0, Avg: 1.3, Max: 2.9, Diff: 2.9, Sum: 5.2]
      [Update RS (ms): Min: 0.7, Avg: 1.5, Max: 2.1, Diff: 1.4, Sum: 5.9]
         [Processed Buffers: Min: 9, Avg: 11.5, Max: 16, Diff: 7, Sum: 46]
      [Scan RS (ms): Min: 0.7, Avg: 0.9, Max: 1.1, Diff: 0.5, Sum: 3.8]
      [Code Root Scanning (ms): Min: 0.0, Avg: 0.0, Max: 0.0, Diff: 0.0, Sum: 0.1]
      [Object Copy (ms): Min: 10.0, Avg: 10.1, Max: 10.2, Diff: 0.2, Sum: 40.3]
      [Termination (ms): Min: 0.0, Avg: 0.0, Max: 0.0, Diff: 0.0, Sum: 0.0]
         [Termination Attempts: Min: 1, Avg: 1.2, Max: 2, Diff: 1, Sum: 5]
      [GC Worker Other (ms): Min: 0.0, Avg: 0.3, Max: 1.1, Diff: 1.1, Sum: 1.2]
      [GC Worker Total (ms): Min: 11.8, Avg: 14.1, Max: 14.9, Diff: 3.1, Sum: 56.5]
      [GC Worker End (ms): Min: 123794975.5, Avg: 123794975.5, Max: 123794975.5, Diff: 0.0]
   [Code Root Fixup: 0.0 ms]
   [Code Root Purge: 0.0 ms]
   [Clear CT: 0.9 ms]
   [Other: 2.4 ms]
      [Choose CSet: 0.0 ms]
      [Ref Proc: 1.4 ms]
      [Ref Enq: 0.0 ms]
      [Redirty Cards: 0.1 ms]
      [Humongous Register: 0.3 ms]
      [Humongous Reclaim: 0.1 ms]
      [Free CSet: 0.1 ms]
   [Eden: 46080.0K(46080.0K)->0.0B(47104.0K) Survivors: 6144.0K->5120.0K Heap: 399.0M(1024.0M)->357.0M(1024.0M)]
 [Times: user=0.06 sys=0.00, real=0.02 secs] 
2021-03-18T04:42:59.055+0700: 134713.659: [GC pause (G1 Evacuation Pause) (young), 1.3905155 secs]
   [Parallel Time: 317.7 ms, GC Workers: 4]
      [GC Worker Start (ms): Min: 134713688.9, Avg: 134713817.4, Max: 134713928.0, Diff: 239.1]
      [Ext Root Scanning (ms): Min: 0.0, Avg: 1.0, Max: 3.9, Diff: 3.9, Sum: 4.1]
      [Update RS (ms): Min: 0.0, Avg: 4.6, Max: 16.5, Diff: 16.5, Sum: 18.4]
         [Processed Buffers: Min: 0, Avg: 13.5, Max: 54, Diff: 54, Sum: 54]
      [Scan RS (ms): Min: 0.0, Avg: 1.0, Max: 4.0, Diff: 4.0, Sum: 4.0]
      [Code Root Scanning (ms): Min: 0.0, Avg: 0.0, Max: 0.1, Diff: 0.1, Sum: 0.1]
      [Object Copy (ms): Min: 0.0, Avg: 44.5, Max: 124.4, Diff: 124.4, Sum: 178.0]
      [Termination (ms): Min: 0.0, Avg: 80.9, Max: 132.4, Diff: 132.4, Sum: 323.4]
         [Termination Attempts: Min: 1, Avg: 1.5, Max: 3, Diff: 2, Sum: 6]
      [GC Worker Other (ms): Min: 0.0, Avg: 0.1, Max: 0.3, Diff: 0.3, Sum: 0.4]
      [GC Worker Total (ms): Min: 0.1, Avg: 132.1, Max: 281.3, Diff: 281.2, Sum: 528.5]
      [GC Worker End (ms): Min: 134713928.0, Avg: 134713949.6, Max: 134713970.2, Diff: 42.2]
   [Code Root Fixup: 0.0 ms]
   [Code Root Purge: 0.0 ms]
   [Clear CT: 340.4 ms]
   [Other: 732.3 ms]
      [Choose CSet: 0.0 ms]
      [Ref Proc: 492.9 ms]
      [Ref Enq: 0.0 ms]
      [Redirty Cards: 237.2 ms]
      [Humongous Register: 1.2 ms]
      [Humongous Reclaim: 0.1 ms]
      [Free CSet: 0.1 ms]
   [Eden: 47104.0K(47104.0K)->0.0B(45056.0K) Survivors: 5120.0K->7168.0K Heap: 403.0M(1024.0M)->361.5M(1024.0M)]
 [Times: user=0.08 sys=0.00, real=1.39 secs] 
2021-03-18T04:43:06.365+0700: 134720.969: [GC pause (G1 Evacuation Pause) (young), 0.0259292 secs]
   [Parallel Time: 21.9 ms, GC Workers: 4]
      [GC Worker Start (ms): Min: 134720969.0, Avg: 134720969.3, Max: 134720969.9, Diff: 0.8]
      [Ext Root Scanning (ms): Min: 0.0, Avg: 0.5, Max: 0.8, Diff: 0.7, Sum: 2.2]
      [Update RS (ms): Min: 0.0, Avg: 1.3, Max: 1.8, Diff: 1.8, Sum: 5.4]
         [Processed Buffers: Min: 0, Avg: 11.2, Max: 25, Diff: 25, Sum: 45]
      [Scan RS (ms): Min: 0.0, Avg: 1.7, Max: 2.3, Diff: 2.3, Sum: 6.9]
      [Code Root Scanning (ms): Min: 0.0, Avg: 0.0, Max: 0.0, Diff: 0.0, Sum: 0.1]
      [Object Copy (ms): Min: 15.9, Avg: 17.2, Max: 20.1, Diff: 4.2, Sum: 68.6]
      [Termination (ms): Min: 0.0, Avg: 0.6, Max: 0.9, Diff: 0.8, Sum: 2.5]
         [Termination Attempts: Min: 1, Avg: 2.0, Max: 3, Diff: 2, Sum: 8]
      [GC Worker Other (ms): Min: 0.0, Avg: 0.0, Max: 0.1, Diff: 0.0, Sum: 0.1]
      [GC Worker Total (ms): Min: 20.8, Avg: 21.4, Max: 21.7, Diff: 0.9, Sum: 85.8]
      [GC Worker End (ms): Min: 134720990.7, Avg: 134720990.7, Max: 134720990.7, Diff: 0.1]
   [Code Root Fixup: 0.0 ms]
   [Code Root Purge: 0.0 ms]
   [Clear CT: 0.2 ms]
   [Other: 3.8 ms]
      [Choose CSet: 0.0 ms]
      [Ref Proc: 2.9 ms]
      [Ref Enq: 0.0 ms]
      [Redirty Cards: 0.2 ms]
      [Humongous Register: 0.1 ms]
      [Humongous Reclaim: 0.0 ms]
      [Free CSet: 0.1 ms]
   [Eden: 45056.0K(45056.0K)->0.0B(49152.0K) Survivors: 7168.0K->3072.0K Heap: 405.5M(1024.0M)->365.2M(1024.0M)]
 [Times: user=0.03 sys=0.00, real=0.03 secs] 
2021-03-18T04:43:17.096+0700: 134731.699: [GC pause (G1 Evacuation Pause) (young) (initial-mark), 0.0112465 secs]
   [Parallel Time: 9.1 ms, GC Workers: 4]
      [GC Worker Start (ms): Min: 134731699.6, Avg: 134731700.1, Max: 134731701.0, Diff: 1.4]
      [Ext Root Scanning (ms): Min: 0.1, Avg: 4.4, Max: 8.3, Diff: 8.2, Sum: 17.8]
      [Update RS (ms): Min: 0.0, Avg: 1.3, Max: 3.0, Diff: 3.0, Sum: 5.4]
         [Processed Buffers: Min: 0, Avg: 9.2, Max: 24, Diff: 24, Sum: 37]
      [Scan RS (ms): Min: 0.0, Avg: 0.6, Max: 1.2, Diff: 1.2, Sum: 2.4]
      [Code Root Scanning (ms): Min: 0.0, Avg: 0.0, Max: 0.0, Diff: 0.0, Sum: 0.1]
      [Object Copy (ms): Min: 0.0, Avg: 1.8, Max: 3.1, Diff: 3.1, Sum: 7.2]
      [Termination (ms): Min: 0.0, Avg: 0.3, Max: 0.4, Diff: 0.4, Sum: 1.2]
         [Termination Attempts: Min: 1, Avg: 1.0, Max: 1, Diff: 0, Sum: 4]
      [GC Worker Other (ms): Min: 0.0, Avg: 0.0, Max: 0.1, Diff: 0.0, Sum: 0.1]
      [GC Worker Total (ms): Min: 7.7, Avg: 8.5, Max: 9.0, Diff: 1.3, Sum: 34.1]
      [GC Worker End (ms): Min: 134731708.5, Avg: 134731708.6, Max: 134731708.7, Diff: 0.2]
   [Code Root Fixup: 0.0 ms]
   [Code Root Purge: 0.0 ms]
   [Clear CT: 0.2 ms]
   [Other: 2.0 ms]
      [Choose CSet: 0.0 ms]
      [Ref Proc: 1.4 ms]
      [Ref Enq: 0.0 ms]
      [Redirty Cards: 0.1 ms]
      [Humongous Register: 0.0 ms]
      [Humongous Reclaim: 0.0 ms]
      [Free CSet: 0.1 ms]
   [Eden: 49152.0K(49152.0K)->0.0B(49152.0K) Survivors: 3072.0K->3072.0K Heap: 413.2M(1024.0M)->364.7M(1024.0M)]
 [Times: user=0.03 sys=0.00, real=0.02 secs] 
2021-03-18T04:43:17.107+0700: 134731.711: [GC concurrent-root-region-scan-start]
2021-03-18T04:43:17.112+0700: 134731.715: [GC concurrent-root-region-scan-end, 0.0043051 secs]
2021-03-18T04:43:17.112+0700: 134731.715: [GC concurrent-mark-start]
2021-03-18T04:43:17.161+0700: 134731.765: [GC concurrent-mark-end, 0.0493717 secs]
2021-03-18T04:43:17.162+0700: 134731.765: [GC remark 2021-03-18T04:43:17.162+0700: 134731.765: [Finalize Marking, 0.0004059 secs] 2021-03-18T04:43:17.162+0700: 134731.766: [GC ref-proc, 0.0007105 secs] 2021-03-18T04:43:17.163+0700: 134731.766: [Unloading, 0.0112455 secs], 0.0147067 secs]
 [Times: user=0.05 sys=0.00, real=0.01 secs] 
2021-03-18T04:43:17.177+0700: 134731.780: [GC cleanup 365M->254M(1024M), 0.0028279 secs]
 [Times: user=0.00 sys=0.00, real=0.00 secs] 
2021-03-18T04:43:17.180+0700: 134731.783: [GC concurrent-cleanup-start]
2021-03-18T04:43:17.180+0700: 134731.784: [GC concurrent-cleanup-end, 0.0005690 secs]
2021-03-18T09:41:23.686+0700: 152618.290: [GC pause (G1 Evacuation Pause) (young), 1.8915623 secs]
   [Parallel Time: 254.7 ms, GC Workers: 4]
      [GC Worker Start (ms): Min: 152618331.5, Avg: 152618428.7, Max: 152618505.4, Diff: 173.9]
      [Ext Root Scanning (ms): Min: 0.0, Avg: 1.2, Max: 4.6, Diff: 4.6, Sum: 4.7]
      [Update RS (ms): Min: 0.0, Avg: 3.9, Max: 15.7, Diff: 15.7, Sum: 15.7]
         [Processed Buffers: Min: 0, Avg: 11.0, Max: 44, Diff: 44, Sum: 44]
      [Scan RS (ms): Min: 0.0, Avg: 1.0, Max: 3.9, Diff: 3.9, Sum: 3.9]
      [Code Root Scanning (ms): Min: 0.0, Avg: 0.0, Max: 0.1, Diff: 0.1, Sum: 0.1]
      [Object Copy (ms): Min: 0.0, Avg: 25.5, Max: 100.9, Diff: 100.9, Sum: 102.0]
      [Termination (ms): Min: 0.0, Avg: 53.1, Max: 85.6, Diff: 85.6, Sum: 212.6]
         [Termination Attempts: Min: 1, Avg: 1.0, Max: 1, Diff: 0, Sum: 4]
      [GC Worker Other (ms): Min: 0.0, Avg: 0.5, Max: 2.1, Diff: 2.0, Sum: 2.1]
      [GC Worker Total (ms): Min: 0.1, Avg: 85.3, Max: 207.9, Diff: 207.9, Sum: 341.2]
      [GC Worker End (ms): Min: 152618505.5, Avg: 152618514.0, Max: 152618539.5, Diff: 33.9]
   [Code Root Fixup: 0.0 ms]
   [Code Root Purge: 0.0 ms]
   [Clear CT: 698.6 ms]
   [Other: 938.2 ms]
      [Choose CSet: 0.0 ms]
      [Ref Proc: 254.7 ms]
      [Ref Enq: 0.0 ms]
      [Redirty Cards: 682.7 ms]
      [Humongous Register: 0.3 ms]
      [Humongous Reclaim: 0.1 ms]
      [Free CSet: 0.1 ms]
   [Eden: 49152.0K(49152.0K)->0.0B(47104.0K) Survivors: 3072.0K->5120.0K Heap: 301.5M(1024.0M)->255.2M(1024.0M)]
 [Times: user=0.06 sys=0.00, real=1.90 secs] 
2021-03-18T09:41:33.378+0700: 152627.982: [GC pause (G1 Evacuation Pause) (mixed), 0.5277626 secs]
   [Parallel Time: 92.4 ms, GC Workers: 4]
      [GC Worker Start (ms): Min: 152627984.8, Avg: 152628008.0, Max: 152628042.2, Diff: 57.3]
      [Ext Root Scanning (ms): Min: 0.0, Avg: 0.8, Max: 3.1, Diff: 3.0, Sum: 3.2]
      [Update RS (ms): Min: 0.0, Avg: 3.0, Max: 8.3, Diff: 8.3, Sum: 12.1]
         [Processed Buffers: Min: 0, Avg: 11.5, Max: 30, Diff: 30, Sum: 46]
      [Scan RS (ms): Min: 0.0, Avg: 1.9, Max: 3.8, Diff: 3.8, Sum: 7.6]
      [Code Root Scanning (ms): Min: 0.0, Avg: 0.0, Max: 0.1, Diff: 0.1, Sum: 0.1]
      [Object Copy (ms): Min: 0.0, Avg: 28.0, Max: 41.5, Diff: 41.5, Sum: 112.1]
      [Termination (ms): Min: 0.0, Avg: 5.0, Max: 6.7, Diff: 6.7, Sum: 20.1]
         [Termination Attempts: Min: 1, Avg: 1.5, Max: 3, Diff: 2, Sum: 6]
      [GC Worker Other (ms): Min: 0.0, Avg: 0.0, Max: 0.0, Diff: 0.0, Sum: 0.1]
      [GC Worker Total (ms): Min: 0.1, Avg: 38.8, Max: 63.5, Diff: 63.4, Sum: 155.3]
      [GC Worker End (ms): Min: 152628042.2, Avg: 152628046.8, Max: 152628048.4, Diff: 6.1]
   [Code Root Fixup: 0.0 ms]
   [Code Root Purge: 0.0 ms]
   [Clear CT: 56.2 ms]
   [Other: 379.1 ms]
      [Choose CSet: 0.0 ms]
      [Ref Proc: 134.6 ms]
      [Ref Enq: 0.0 ms]
      [Redirty Cards: 243.9 ms]
      [Humongous Register: 0.1 ms]
      [Humongous Reclaim: 0.1 ms]
      [Free CSet: 0.1 ms]
   [Eden: 47104.0K(47104.0K)->0.0B(46080.0K) Survivors: 5120.0K->6144.0K Heap: 301.2M(1024.0M)->241.1M(1024.0M)]
 [Times: user=0.03 sys=0.00, real=0.52 secs] 
2021-03-18T09:41:54.156+0700: 152648.760: [GC pause (G1 Evacuation Pause) (mixed), 0.0467375 secs]
   [Parallel Time: 39.9 ms, GC Workers: 4]
      [GC Worker Start (ms): Min: 152648759.9, Avg: 152648765.1, Max: 152648778.9, Diff: 19.0]
      [Ext Root Scanning (ms): Min: 0.0, Avg: 0.6, Max: 1.2, Diff: 1.2, Sum: 2.4]
      [Update RS (ms): Min: 0.0, Avg: 1.7, Max: 2.3, Diff: 2.3, Sum: 6.6]
         [Processed Buffers: Min: 0, Avg: 10.0, Max: 19, Diff: 19, Sum: 40]
      [Scan RS (ms): Min: 0.0, Avg: 1.7, Max: 2.3, Diff: 2.2, Sum: 6.7]
      [Code Root Scanning (ms): Min: 0.0, Avg: 0.1, Max: 0.2, Diff: 0.2, Sum: 0.2]
      [Object Copy (ms): Min: 0.0, Avg: 10.0, Max: 14.1, Diff: 14.1, Sum: 40.1]
      [Termination (ms): Min: 0.0, Avg: 3.1, Max: 4.5, Diff: 4.5, Sum: 12.4]
         [Termination Attempts: Min: 1, Avg: 1.0, Max: 1, Diff: 0, Sum: 4]
      [GC Worker Other (ms): Min: 0.0, Avg: 0.1, Max: 0.2, Diff: 0.2, Sum: 0.3]
      [GC Worker Total (ms): Min: 4.8, Avg: 17.2, Max: 22.8, Diff: 18.0, Sum: 68.8]
      [GC Worker End (ms): Min: 152648780.0, Avg: 152648782.3, Max: 152648783.7, Diff: 3.7]
   [Code Root Fixup: 0.0 ms]
   [Code Root Purge: 0.0 ms]
   [Clear CT: 0.2 ms]
   [Other: 6.7 ms]
      [Choose CSet: 0.1 ms]
      [Ref Proc: 5.7 ms]
      [Ref Enq: 0.0 ms]
      [Redirty Cards: 0.1 ms]
      [Humongous Register: 0.1 ms]
      [Humongous Reclaim: 0.1 ms]
      [Free CSet: 0.4 ms]
   [Eden: 46080.0K(46080.0K)->0.0B(49152.0K) Survivors: 6144.0K->3072.0K Heap: 286.1M(1024.0M)->225.3M(1024.0M)]
 [Times: user=0.03 sys=0.00, real=0.05 secs] 
2021-03-18T09:42:07.855+0700: 152662.459: [GC pause (G1 Evacuation Pause) (mixed), 0.0360206 secs]
   [Parallel Time: 25.0 ms, GC Workers: 4]
      [GC Worker Start (ms): Min: 152662461.8, Avg: 152662467.2, Max: 152662476.2, Diff: 14.4]
      [Ext Root Scanning (ms): Min: 0.0, Avg: 1.0, Max: 2.0, Diff: 2.0, Sum: 3.9]
      [Update RS (ms): Min: 0.0, Avg: 3.4, Max: 6.1, Diff: 6.1, Sum: 13.8]
         [Processed Buffers: Min: 0, Avg: 9.2, Max: 20, Diff: 20, Sum: 37]
      [Scan RS (ms): Min: 0.0, Avg: 1.2, Max: 2.3, Diff: 2.3, Sum: 4.8]
      [Code Root Scanning (ms): Min: 0.0, Avg: 0.1, Max: 0.3, Diff: 0.3, Sum: 0.4]
      [Object Copy (ms): Min: 0.0, Avg: 3.1, Max: 4.6, Diff: 4.6, Sum: 12.5]
      [Termination (ms): Min: 0.0, Avg: 0.6, Max: 0.9, Diff: 0.9, Sum: 2.4]
         [Termination Attempts: Min: 1, Avg: 1.0, Max: 1, Diff: 0, Sum: 4]
      [GC Worker Other (ms): Min: 0.0, Avg: 0.0, Max: 0.0, Diff: 0.0, Sum: 0.1]
      [GC Worker Total (ms): Min: 0.1, Avg: 9.5, Max: 14.9, Diff: 14.8, Sum: 38.0]
      [GC Worker End (ms): Min: 152662476.3, Avg: 152662476.6, Max: 152662476.8, Diff: 0.4]
   [Code Root Fixup: 0.0 ms]
   [Code Root Purge: 0.0 ms]
   [Clear CT: 0.2 ms]
   [Other: 10.8 ms]
      [Choose CSet: 0.0 ms]
      [Ref Proc: 7.8 ms]
      [Ref Enq: 0.0 ms]
      [Redirty Cards: 0.1 ms]
      [Humongous Register: 0.1 ms]
      [Humongous Reclaim: 0.1 ms]
      [Free CSet: 0.2 ms]
   [Eden: 49152.0K(49152.0K)->0.0B(48128.0K) Survivors: 3072.0K->4096.0K Heap: 273.3M(1024.0M)->211.4M(1024.0M)]
 [Times: user=0.00 sys=0.02, real=0.04 secs] 
2021-03-18T09:42:17.384+0700: 152671.988: [GC pause (G1 Evacuation Pause) (mixed), 0.0088756 secs]
   [Parallel Time: 6.0 ms, GC Workers: 4]
      [GC Worker Start (ms): Min: 152671988.7, Avg: 152671989.1, Max: 152671990.3, Diff: 1.6]
      [Ext Root Scanning (ms): Min: 0.0, Avg: 0.6, Max: 0.8, Diff: 0.7, Sum: 2.2]
      [Update RS (ms): Min: 0.4, Avg: 1.2, Max: 2.1, Diff: 1.8, Sum: 4.8]
         [Processed Buffers: Min: 2, Avg: 9.5, Max: 16, Diff: 14, Sum: 38]
      [Scan RS (ms): Min: 0.0, Avg: 0.4, Max: 0.6, Diff: 0.6, Sum: 1.5]
      [Code Root Scanning (ms): Min: 0.0, Avg: 0.1, Max: 0.1, Diff: 0.1, Sum: 0.2]
      [Object Copy (ms): Min: 2.9, Avg: 3.1, Max: 3.2, Diff: 0.3, Sum: 12.4]
      [Termination (ms): Min: 0.0, Avg: 0.0, Max: 0.0, Diff: 0.0, Sum: 0.0]
         [Termination Attempts: Min: 1, Avg: 1.8, Max: 2, Diff: 1, Sum: 7]
      [GC Worker Other (ms): Min: 0.0, Avg: 0.0, Max: 0.0, Diff: 0.0, Sum: 0.1]
      [GC Worker Total (ms): Min: 4.1, Avg: 5.3, Max: 5.8, Diff: 1.6, Sum: 21.3]
      [GC Worker End (ms): Min: 152671994.4, Avg: 152671994.4, Max: 152671994.5, Diff: 0.0]
   [Code Root Fixup: 0.0 ms]
   [Code Root Purge: 0.0 ms]
   [Clear CT: 0.3 ms]
   [Other: 2.6 ms]
      [Choose CSet: 0.0 ms]
      [Ref Proc: 1.0 ms]
      [Ref Enq: 0.0 ms]
      [Redirty Cards: 0.3 ms]
      [Humongous Register: 0.3 ms]
      [Humongous Reclaim: 0.1 ms]
      [Free CSet: 0.1 ms]
   [Eden: 48128.0K(48128.0K)->0.0B(48128.0K) Survivors: 4096.0K->4096.0K Heap: 258.4M(1024.0M)->197.5M(1024.0M)]
 [Times: user=0.00 sys=0.00, real=0.01 secs] 
2021-03-18T09:43:31.607+0700: 152746.211: [GC pause (G1 Evacuation Pause) (young), 0.0197539 secs]
   [Parallel Time: 16.6 ms, GC Workers: 4]
      [GC Worker Start (ms): Min: 152746210.9, Avg: 152746211.0, Max: 152746211.1, Diff: 0.3]
      [Ext Root Scanning (ms): Min: 1.0, Avg: 1.1, Max: 1.2, Diff: 0.2, Sum: 4.4]
      [Update RS (ms): Min: 3.1, Avg: 3.2, Max: 3.4, Diff: 0.2, Sum: 13.0]
         [Processed Buffers: Min: 2, Avg: 10.8, Max: 19, Diff: 17, Sum: 43]
      [Scan RS (ms): Min: 0.5, Avg: 0.7, Max: 0.8, Diff: 0.3, Sum: 2.8]
      [Code Root Scanning (ms): Min: 0.0, Avg: 0.0, Max: 0.1, Diff: 0.1, Sum: 0.1]
      [Object Copy (ms): Min: 10.8, Avg: 10.9, Max: 10.9, Diff: 0.1, Sum: 43.4]
      [Termination (ms): Min: 0.0, Avg: 0.1, Max: 0.2, Diff: 0.2, Sum: 0.3]
         [Termination Attempts: Min: 1, Avg: 1.0, Max: 1, Diff: 0, Sum: 4]
      [GC Worker Other (ms): Min: 0.1, Avg: 0.1, Max: 0.1, Diff: 0.0, Sum: 0.3]
      [GC Worker Total (ms): Min: 16.0, Avg: 16.1, Max: 16.2, Diff: 0.2, Sum: 64.3]
      [GC Worker End (ms): Min: 152746227.1, Avg: 152746227.1, Max: 152746227.2, Diff: 0.1]
   [Code Root Fixup: 0.0 ms]
   [Code Root Purge: 0.0 ms]
   [Clear CT: 0.5 ms]
   [Other: 2.7 ms]
      [Choose CSet: 0.0 ms]
      [Ref Proc: 1.3 ms]
      [Ref Enq: 0.0 ms]
      [Redirty Cards: 0.5 ms]
      [Humongous Register: 0.1 ms]
      [Humongous Reclaim: 0.1 ms]
      [Free CSet: 0.1 ms]
   [Eden: 48128.0K(48128.0K)->0.0B(46080.0K) Survivors: 4096.0K->6144.0K Heap: 244.5M(1024.0M)->198.8M(1024.0M)]
 [Times: user=0.05 sys=0.00, real=0.02 secs] 
2021-03-18T09:48:07.065+0700: 153021.668: [GC pause (G1 Evacuation Pause) (young), 0.0581515 secs]
   [Parallel Time: 55.4 ms, GC Workers: 4]
      [GC Worker Start (ms): Min: 153021677.1, Avg: 153021699.8, Max: 153021722.6, Diff: 45.4]
      [Ext Root Scanning (ms): Min: 0.0, Avg: 1.1, Max: 4.4, Diff: 4.4, Sum: 4.5]
      [Update RS (ms): Min: 0.0, Avg: 3.9, Max: 15.5, Diff: 15.5, Sum: 15.5]
         [Processed Buffers: Min: 0, Avg: 11.8, Max: 47, Diff: 47, Sum: 47]
      [Scan RS (ms): Min: 0.0, Avg: 0.5, Max: 1.7, Diff: 1.7, Sum: 2.2]
      [Code Root Scanning (ms): Min: 0.0, Avg: 0.0, Max: 0.1, Diff: 0.1, Sum: 0.1]
      [Object Copy (ms): Min: 1.2, Avg: 18.5, Max: 25.0, Diff: 23.8, Sum: 73.9]
      [Termination (ms): Min: 0.0, Avg: 0.0, Max: 0.0, Diff: 0.0, Sum: 0.0]
         [Termination Attempts: Min: 1, Avg: 1.8, Max: 3, Diff: 2, Sum: 7]
      [GC Worker Other (ms): Min: 0.0, Avg: 0.0, Max: 0.0, Diff: 0.0, Sum: 0.1]
      [GC Worker Total (ms): Min: 1.3, Avg: 24.1, Max: 46.7, Diff: 45.4, Sum: 96.3]
      [GC Worker End (ms): Min: 153021723.8, Avg: 153021723.8, Max: 153021723.8, Diff: 0.0]
   [Code Root Fixup: 0.0 ms]
   [Code Root Purge: 0.0 ms]
   [Clear CT: 0.2 ms]
   [Other: 2.5 ms]
      [Choose CSet: 0.0 ms]
      [Ref Proc: 0.4 ms]
      [Ref Enq: 0.0 ms]
      [Redirty Cards: 0.1 ms]
      [Humongous Register: 0.6 ms]
      [Humongous Reclaim: 0.1 ms]
      [Free CSet: 0.3 ms]
   [Eden: 46080.0K(46080.0K)->0.0B(45056.0K) Survivors: 6144.0K->7168.0K Heap: 243.8M(1024.0M)->200.5M(1024.0M)]
 [Times: user=0.05 sys=0.00, real=0.06 secs] 
2021-03-18T09:52:30.981+0700: 153285.585: [GC pause (G1 Evacuation Pause) (young), 0.0492030 secs]
   [Parallel Time: 47.3 ms, GC Workers: 4]
      [GC Worker Start (ms): Min: 153285585.4, Avg: 153285586.0, Max: 153285587.7, Diff: 2.3]
      [Ext Root Scanning (ms): Min: 0.1, Avg: 1.4, Max: 2.0, Diff: 1.9, Sum: 5.6]
      [Update RS (ms): Min: 1.8, Avg: 1.9, Max: 2.0, Diff: 0.2, Sum: 7.5]
         [Processed Buffers: Min: 3, Avg: 10.5, Max: 20, Diff: 17, Sum: 42]
      [Scan RS (ms): Min: 3.0, Avg: 3.5, Max: 4.1, Diff: 1.2, Sum: 14.0]
      [Code Root Scanning (ms): Min: 0.0, Avg: 0.0, Max: 0.1, Diff: 0.0, Sum: 0.1]
      [Object Copy (ms): Min: 38.4, Avg: 39.4, Max: 40.0, Diff: 1.6, Sum: 157.6]
      [Termination (ms): Min: 0.0, Avg: 0.1, Max: 0.2, Diff: 0.2, Sum: 0.5]
         [Termination Attempts: Min: 1, Avg: 1.0, Max: 1, Diff: 0, Sum: 4]
      [GC Worker Other (ms): Min: 0.1, Avg: 0.1, Max: 0.1, Diff: 0.0, Sum: 0.2]
      [GC Worker Total (ms): Min: 44.8, Avg: 46.4, Max: 47.0, Diff: 2.3, Sum: 185.7]
      [GC Worker End (ms): Min: 153285632.4, Avg: 153285632.4, Max: 153285632.4, Diff: 0.0]
   [Code Root Fixup: 0.0 ms]
   [Code Root Purge: 0.0 ms]
   [Clear CT: 0.3 ms]
   [Other: 1.6 ms]
      [Choose CSet: 0.0 ms]
      [Ref Proc: 0.4 ms]
      [Ref Enq: 0.0 ms]
      [Redirty Cards: 0.2 ms]
      [Humongous Register: 0.2 ms]
      [Humongous Reclaim: 0.0 ms]
      [Free CSet: 0.1 ms]
   [Eden: 45056.0K(45056.0K)->0.0B(47104.0K) Survivors: 7168.0K->5120.0K Heap: 244.5M(1024.0M)->204.2M(1024.0M)]
 [Times: user=0.15 sys=0.00, real=0.05 secs] 
2021-03-18T09:57:09.492+0700: 153564.095: [GC pause (G1 Evacuation Pause) (young), 0.0388072 secs]
   [Parallel Time: 36.5 ms, GC Workers: 4]
      [GC Worker Start (ms): Min: 153564096.1, Avg: 153564096.2, Max: 153564096.3, Diff: 0.2]
      [Ext Root Scanning (ms): Min: 2.1, Avg: 2.8, Max: 3.7, Diff: 1.6, Sum: 11.2]
      [Update RS (ms): Min: 4.4, Avg: 9.5, Max: 22.7, Diff: 18.3, Sum: 37.9]
         [Processed Buffers: Min: 0, Avg: 11.2, Max: 31, Diff: 31, Sum: 45]
      [Scan RS (ms): Min: 0.1, Avg: 2.7, Max: 3.7, Diff: 3.6, Sum: 10.9]
      [Code Root Scanning (ms): Min: 0.0, Avg: 0.0, Max: 0.1, Diff: 0.1, Sum: 0.1]
      [Object Copy (ms): Min: 11.0, Avg: 20.8, Max: 24.4, Diff: 13.4, Sum: 83.2]
      [Termination (ms): Min: 0.0, Avg: 0.3, Max: 0.4, Diff: 0.4, Sum: 1.2]
         [Termination Attempts: Min: 1, Avg: 1.2, Max: 2, Diff: 1, Sum: 5]
      [GC Worker Other (ms): Min: 0.0, Avg: 0.1, Max: 0.1, Diff: 0.0, Sum: 0.2]
      [GC Worker Total (ms): Min: 36.1, Avg: 36.2, Max: 36.3, Diff: 0.2, Sum: 144.7]
      [GC Worker End (ms): Min: 153564132.3, Avg: 153564132.4, Max: 153564132.4, Diff: 0.1]
   [Code Root Fixup: 0.0 ms]
   [Code Root Purge: 0.0 ms]
   [Clear CT: 0.3 ms]
   [Other: 2.0 ms]
      [Choose CSet: 0.0 ms]
      [Ref Proc: 0.5 ms]
      [Ref Enq: 0.0 ms]
      [Redirty Cards: 0.3 ms]
      [Humongous Register: 0.7 ms]
      [Humongous Reclaim: 0.0 ms]
      [Free CSet: 0.1 ms]
   [Eden: 47104.0K(47104.0K)->0.0B(46080.0K) Survivors: 5120.0K->6144.0K Heap: 250.2M(1024.0M)->209.0M(1024.0M)]
 [Times: user=0.18 sys=0.00, real=0.04 secs] 
2021-03-18T10:01:31.631+0700: 153826.235: [GC pause (G1 Evacuation Pause) (young), 0.0334859 secs]
   [Parallel Time: 31.1 ms, GC Workers: 4]
      [GC Worker Start (ms): Min: 153826235.6, Avg: 153826235.7, Max: 153826235.8, Diff: 0.2]
      [Ext Root Scanning (ms): Min: 1.5, Avg: 1.8, Max: 2.3, Diff: 0.8, Sum: 7.1]
      [Update RS (ms): Min: 2.5, Avg: 3.0, Max: 3.6, Diff: 1.1, Sum: 12.1]
         [Processed Buffers: Min: 3, Avg: 12.0, Max: 21, Diff: 18, Sum: 48]
      [Scan RS (ms): Min: 2.5, Avg: 3.2, Max: 3.6, Diff: 1.1, Sum: 12.8]
      [Code Root Scanning (ms): Min: 0.0, Avg: 0.0, Max: 0.1, Diff: 0.1, Sum: 0.1]
      [Object Copy (ms): Min: 22.2, Avg: 22.5, Max: 22.8, Diff: 0.5, Sum: 90.1]
      [Termination (ms): Min: 0.0, Avg: 0.0, Max: 0.0, Diff: 0.0, Sum: 0.0]
         [Termination Attempts: Min: 1, Avg: 1.0, Max: 1, Diff: 0, Sum: 4]
      [GC Worker Other (ms): Min: 0.1, Avg: 0.1, Max: 0.1, Diff: 0.0, Sum: 0.3]
      [GC Worker Total (ms): Min: 30.5, Avg: 30.6, Max: 30.7, Diff: 0.2, Sum: 122.5]
      [GC Worker End (ms): Min: 153826266.3, Avg: 153826266.3, Max: 153826266.3, Diff: 0.0]
   [Code Root Fixup: 0.0 ms]
   [Code Root Purge: 0.0 ms]
   [Clear CT: 0.3 ms]
   [Other: 2.0 ms]
      [Choose CSet: 0.0 ms]
      [Ref Proc: 0.4 ms]
      [Ref Enq: 0.0 ms]
      [Redirty Cards: 0.3 ms]
      [Humongous Register: 0.7 ms]
      [Humongous Reclaim: 0.0 ms]
      [Free CSet: 0.1 ms]
   [Eden: 46080.0K(46080.0K)->0.0B(46080.0K) Survivors: 6144.0K->6144.0K Heap: 254.0M(1024.0M)->213.0M(1024.0M)]
 [Times: user=0.14 sys=0.00, real=0.03 secs] 
2021-03-18T10:06:04.847+0700: 154099.450: [GC pause (G1 Evacuation Pause) (young), 0.0804840 secs]
   [Parallel Time: 71.8 ms, GC Workers: 4]
      [GC Worker Start (ms): Min: 154099451.1, Avg: 154099451.2, Max: 154099451.3, Diff: 0.2]
      [Ext Root Scanning (ms): Min: 1.4, Avg: 1.5, Max: 1.7, Diff: 0.3, Sum: 6.1]
      [Update RS (ms): Min: 2.5, Avg: 7.7, Max: 17.6, Diff: 15.2, Sum: 30.8]
         [Processed Buffers: Min: 2, Avg: 10.8, Max: 24, Diff: 22, Sum: 43]
      [Scan RS (ms): Min: 0.0, Avg: 4.5, Max: 11.2, Diff: 11.2, Sum: 18.1]
      [Code Root Scanning (ms): Min: 0.0, Avg: 0.2, Max: 0.5, Diff: 0.5, Sum: 0.6]
      [Object Copy (ms): Min: 30.5, Avg: 39.7, Max: 43.1, Diff: 12.7, Sum: 159.0]
      [Termination (ms): Min: 0.0, Avg: 10.6, Max: 17.1, Diff: 17.1, Sum: 42.2]
         [Termination Attempts: Min: 1, Avg: 1.0, Max: 1, Diff: 0, Sum: 4]
      [GC Worker Other (ms): Min: 0.1, Avg: 2.7, Max: 10.3, Diff: 10.3, Sum: 10.7]
      [GC Worker Total (ms): Min: 58.9, Avg: 66.9, Max: 71.5, Diff: 12.5, Sum: 267.5]
      [GC Worker End (ms): Min: 154099510.0, Avg: 154099518.1, Max: 154099522.7, Diff: 12.7]
   [Code Root Fixup: 0.0 ms]
   [Code Root Purge: 0.0 ms]
   [Clear CT: 0.2 ms]
   [Other: 8.6 ms]
      [Choose CSet: 0.0 ms]
      [Ref Proc: 6.9 ms]
      [Ref Enq: 0.0 ms]
      [Redirty Cards: 0.2 ms]
      [Humongous Register: 0.7 ms]
      [Humongous Reclaim: 0.1 ms]
      [Free CSet: 0.1 ms]
   [Eden: 46080.0K(46080.0K)->0.0B(46080.0K) Survivors: 6144.0K->6144.0K Heap: 258.0M(1024.0M)->217.0M(1024.0M)]
 [Times: user=0.11 sys=0.00, real=0.09 secs] 
2021-03-18T10:10:38.893+0700: 154373.496: [GC pause (G1 Evacuation Pause) (young), 0.0320064 secs]
   [Parallel Time: 29.9 ms, GC Workers: 4]
      [GC Worker Start (ms): Min: 154373497.0, Avg: 154373497.2, Max: 154373497.2, Diff: 0.2]
      [Ext Root Scanning (ms): Min: 1.3, Avg: 1.4, Max: 1.6, Diff: 0.3, Sum: 5.7]
      [Update RS (ms): Min: 2.2, Avg: 2.4, Max: 2.5, Diff: 0.3, Sum: 9.6]
         [Processed Buffers: Min: 2, Avg: 10.8, Max: 16, Diff: 14, Sum: 43]
      [Scan RS (ms): Min: 5.5, Avg: 6.0, Max: 6.9, Diff: 1.4, Sum: 23.9]
      [Code Root Scanning (ms): Min: 0.0, Avg: 0.0, Max: 0.1, Diff: 0.1, Sum: 0.1]
      [Object Copy (ms): Min: 18.8, Avg: 19.5, Max: 19.9, Diff: 1.0, Sum: 77.8]
      [Termination (ms): Min: 0.0, Avg: 0.0, Max: 0.0, Diff: 0.0, Sum: 0.0]
         [Termination Attempts: Min: 1, Avg: 1.0, Max: 1, Diff: 0, Sum: 4]
      [GC Worker Other (ms): Min: 0.1, Avg: 0.1, Max: 0.3, Diff: 0.2, Sum: 0.5]
      [GC Worker Total (ms): Min: 29.3, Avg: 29.4, Max: 29.5, Diff: 0.2, Sum: 117.7]
      [GC Worker End (ms): Min: 154373526.5, Avg: 154373526.6, Max: 154373526.7, Diff: 0.2]
   [Code Root Fixup: 0.0 ms]
   [Code Root Purge: 0.0 ms]
   [Clear CT: 0.2 ms]
   [Other: 1.9 ms]
      [Choose CSet: 0.0 ms]
      [Ref Proc: 0.3 ms]
      [Ref Enq: 0.0 ms]
      [Redirty Cards: 0.3 ms]
      [Humongous Register: 0.6 ms]
      [Humongous Reclaim: 0.0 ms]
      [Free CSet: 0.1 ms]
   [Eden: 46080.0K(46080.0K)->0.0B(47104.0K) Survivors: 6144.0K->5120.0K Heap: 262.0M(1024.0M)->220.0M(1024.0M)]
 [Times: user=0.11 sys=0.00, real=0.03 secs] 
2021-03-18T10:15:17.715+0700: 154652.318: [GC pause (G1 Evacuation Pause) (young), 0.0308884 secs]
   [Parallel Time: 29.1 ms, GC Workers: 4]
      [GC Worker Start (ms): Min: 154652318.7, Avg: 154652318.8, Max: 154652318.9, Diff: 0.2]
      [Ext Root Scanning (ms): Min: 1.2, Avg: 1.4, Max: 1.5, Diff: 0.3, Sum: 5.4]
      [Update RS (ms): Min: 2.2, Avg: 2.3, Max: 2.6, Diff: 0.4, Sum: 9.2]
         [Processed Buffers: Min: 1, Avg: 10.2, Max: 20, Diff: 19, Sum: 41]
      [Scan RS (ms): Min: 2.9, Avg: 3.2, Max: 3.4, Diff: 0.5, Sum: 12.7]
      [Code Root Scanning (ms): Min: 0.0, Avg: 0.0, Max: 0.0, Diff: 0.0, Sum: 0.1]
      [Object Copy (ms): Min: 21.4, Avg: 21.4, Max: 21.5, Diff: 0.1, Sum: 85.7]
      [Termination (ms): Min: 0.0, Avg: 0.0, Max: 0.0, Diff: 0.0, Sum: 0.0]
         [Termination Attempts: Min: 1, Avg: 2.0, Max: 4, Diff: 3, Sum: 8]
      [GC Worker Other (ms): Min: 0.1, Avg: 0.2, Max: 0.4, Diff: 0.4, Sum: 0.7]
      [GC Worker Total (ms): Min: 28.3, Avg: 28.5, Max: 28.7, Diff: 0.4, Sum: 113.9]
      [GC Worker End (ms): Min: 154652347.2, Avg: 154652347.2, Max: 154652347.5, Diff: 0.3]
   [Code Root Fixup: 0.0 ms]
   [Code Root Purge: 0.0 ms]
   [Clear CT: 0.3 ms]
   [Other: 1.5 ms]
      [Choose CSet: 0.0 ms]
      [Ref Proc: 0.5 ms]
      [Ref Enq: 0.0 ms]
      [Redirty Cards: 0.3 ms]
      [Humongous Register: 0.1 ms]
      [Humongous Reclaim: 0.0 ms]
      [Free CSet: 0.1 ms]
   [Eden: 47104.0K(47104.0K)->0.0B(45056.0K) Survivors: 5120.0K->7168.0K Heap: 266.0M(1024.0M)->223.5M(1024.0M)]
 [Times: user=0.12 sys=0.00, real=0.03 secs] 
2021-03-18T10:19:36.161+0700: 154910.764: [GC pause (G1 Evacuation Pause) (young), 0.0402156 secs]
   [Parallel Time: 37.0 ms, GC Workers: 4]
      [GC Worker Start (ms): Min: 154910765.0, Avg: 154910765.1, Max: 154910765.2, Diff: 0.2]
      [Ext Root Scanning (ms): Min: 1.1, Avg: 1.2, Max: 1.3, Diff: 0.2, Sum: 4.8]
      [Update RS (ms): Min: 1.5, Avg: 1.6, Max: 1.8, Diff: 0.4, Sum: 6.5]
         [Processed Buffers: Min: 1, Avg: 11.5, Max: 20, Diff: 19, Sum: 46]
      [Scan RS (ms): Min: 4.9, Avg: 5.1, Max: 5.3, Diff: 0.5, Sum: 20.4]
      [Code Root Scanning (ms): Min: 0.0, Avg: 0.1, Max: 0.2, Diff: 0.2, Sum: 0.3]
      [Object Copy (ms): Min: 28.4, Avg: 28.6, Max: 28.8, Diff: 0.4, Sum: 114.4]
      [Termination (ms): Min: 0.0, Avg: 0.1, Max: 0.1, Diff: 0.1, Sum: 0.3]
         [Termination Attempts: Min: 1, Avg: 1.0, Max: 1, Diff: 0, Sum: 4]
      [GC Worker Other (ms): Min: 0.1, Avg: 0.1, Max: 0.1, Diff: 0.0, Sum: 0.3]
      [GC Worker Total (ms): Min: 36.6, Avg: 36.7, Max: 36.8, Diff: 0.2, Sum: 146.9]
      [GC Worker End (ms): Min: 154910801.8, Avg: 154910801.8, Max: 154910801.9, Diff: 0.0]
   [Code Root Fixup: 0.0 ms]
   [Code Root Purge: 0.0 ms]
   [Clear CT: 0.3 ms]
   [Other: 2.9 ms]
      [Choose CSet: 0.0 ms]
      [Ref Proc: 1.4 ms]
      [Ref Enq: 0.0 ms]
      [Redirty Cards: 0.2 ms]
      [Humongous Register: 0.6 ms]
      [Humongous Reclaim: 0.0 ms]
      [Free CSet: 0.1 ms]
   [Eden: 45056.0K(45056.0K)->0.0B(45056.0K) Survivors: 7168.0K->7168.0K Heap: 267.5M(1024.0M)->227.7M(1024.0M)]
 [Times: user=0.16 sys=0.00, real=0.04 secs] 
2021-03-18T10:23:57.554+0700: 155172.158: [GC pause (G1 Evacuation Pause) (young), 0.0511499 secs]
   [Parallel Time: 46.0 ms, GC Workers: 4]
      [GC Worker Start (ms): Min: 155172160.8, Avg: 155172161.8, Max: 155172163.1, Diff: 2.4]
      [Ext Root Scanning (ms): Min: 0.3, Avg: 1.5, Max: 2.7, Diff: 2.3, Sum: 6.0]
      [Update RS (ms): Min: 1.5, Avg: 1.8, Max: 2.4, Diff: 0.8, Sum: 7.3]
         [Processed Buffers: Min: 4, Avg: 10.8, Max: 25, Diff: 21, Sum: 43]
      [Scan RS (ms): Min: 3.5, Avg: 4.0, Max: 4.4, Diff: 0.9, Sum: 16.1]
      [Code Root Scanning (ms): Min: 0.0, Avg: 0.0, Max: 0.1, Diff: 0.1, Sum: 0.2]
      [Object Copy (ms): Min: 36.4, Avg: 36.7, Max: 37.0, Diff: 0.6, Sum: 146.9]
      [Termination (ms): Min: 0.0, Avg: 0.2, Max: 0.4, Diff: 0.4, Sum: 0.9]
         [Termination Attempts: Min: 1, Avg: 1.0, Max: 1, Diff: 0, Sum: 4]
      [GC Worker Other (ms): Min: 0.1, Avg: 0.1, Max: 0.1, Diff: 0.0, Sum: 0.3]
      [GC Worker Total (ms): Min: 43.2, Avg: 44.4, Max: 45.5, Diff: 2.3, Sum: 177.6]
      [GC Worker End (ms): Min: 155172206.2, Avg: 155172206.2, Max: 155172206.3, Diff: 0.1]
   [Code Root Fixup: 0.0 ms]
   [Code Root Purge: 0.0 ms]
   [Clear CT: 0.5 ms]
   [Other: 4.7 ms]
      [Choose CSet: 0.0 ms]
      [Ref Proc: 0.8 ms]
      [Ref Enq: 0.0 ms]
      [Redirty Cards: 0.5 ms]
      [Humongous Register: 1.8 ms]
      [Humongous Reclaim: 0.1 ms]
      [Free CSet: 0.1 ms]
   [Eden: 45056.0K(45056.0K)->0.0B(45056.0K) Survivors: 7168.0K->7168.0K Heap: 271.7M(1024.0M)->233.0M(1024.0M)]
 [Times: user=0.19 sys=0.00, real=0.05 secs] 
2021-03-18T10:28:19.635+0700: 155434.239: [GC pause (G1 Evacuation Pause) (young), 0.0274503 secs]
   [Parallel Time: 25.1 ms, GC Workers: 4]
      [GC Worker Start (ms): Min: 155434239.6, Avg: 155434242.5, Max: 155434250.4, Diff: 10.8]
      [Ext Root Scanning (ms): Min: 0.0, Avg: 2.1, Max: 3.5, Diff: 3.5, Sum: 8.4]
      [Update RS (ms): Min: 0.0, Avg: 0.9, Max: 1.9, Diff: 1.9, Sum: 3.7]
         [Processed Buffers: Min: 0, Avg: 11.2, Max: 25, Diff: 25, Sum: 45]
      [Scan RS (ms): Min: 0.0, Avg: 1.9, Max: 2.7, Diff: 2.6, Sum: 7.5]
      [Code Root Scanning (ms): Min: 0.0, Avg: 0.0, Max: 0.0, Diff: 0.0, Sum: 0.1]
      [Object Copy (ms): Min: 13.9, Avg: 17.0, Max: 18.1, Diff: 4.2, Sum: 67.8]
      [Termination (ms): Min: 0.0, Avg: 0.0, Max: 0.0, Diff: 0.0, Sum: 0.0]
         [Termination Attempts: Min: 1, Avg: 1.2, Max: 2, Diff: 1, Sum: 5]
      [GC Worker Other (ms): Min: 0.0, Avg: 0.1, Max: 0.3, Diff: 0.2, Sum: 0.4]
      [GC Worker Total (ms): Min: 14.2, Avg: 22.0, Max: 24.8, Diff: 10.6, Sum: 87.9]
      [GC Worker End (ms): Min: 155434264.4, Avg: 155434264.5, Max: 155434264.6, Diff: 0.2]
   [Code Root Fixup: 0.0 ms]
   [Code Root Purge: 0.0 ms]
   [Clear CT: 0.1 ms]
   [Other: 2.2 ms]
      [Choose CSet: 0.0 ms]
      [Ref Proc: 1.1 ms]
      [Ref Enq: 0.0 ms]
      [Redirty Cards: 0.1 ms]
      [Humongous Register: 0.4 ms]
      [Humongous Reclaim: 0.0 ms]
      [Free CSet: 0.1 ms]
   [Eden: 45056.0K(45056.0K)->0.0B(46080.0K) Survivors: 7168.0K->6144.0K Heap: 277.0M(1024.0M)->239.0M(1024.0M)]
 [Times: user=0.05 sys=0.00, real=0.03 secs] 
2021-03-18T10:32:51.483+0700: 155706.087: [GC pause (G1 Evacuation Pause) (young), 0.0373330 secs]
   [Parallel Time: 34.4 ms, GC Workers: 4]
      [GC Worker Start (ms): Min: 155706087.9, Avg: 155706088.2, Max: 155706088.5, Diff: 0.5]
      [Ext Root Scanning (ms): Min: 1.6, Avg: 1.9, Max: 2.1, Diff: 0.6, Sum: 7.5]
      [Update RS (ms): Min: 2.8, Avg: 3.2, Max: 3.4, Diff: 0.5, Sum: 12.7]
         [Processed Buffers: Min: 2, Avg: 11.0, Max: 24, Diff: 22, Sum: 44]
      [Scan RS (ms): Min: 2.7, Avg: 2.9, Max: 3.1, Diff: 0.4, Sum: 11.7]
      [Code Root Scanning (ms): Min: 0.0, Avg: 0.0, Max: 0.1, Diff: 0.1, Sum: 0.1]
      [Object Copy (ms): Min: 25.3, Avg: 25.4, Max: 25.6, Diff: 0.3, Sum: 101.7]
      [Termination (ms): Min: 0.0, Avg: 0.0, Max: 0.0, Diff: 0.0, Sum: 0.1]
         [Termination Attempts: Min: 1, Avg: 1.2, Max: 2, Diff: 1, Sum: 5]
      [GC Worker Other (ms): Min: 0.1, Avg: 0.1, Max: 0.1, Diff: 0.0, Sum: 0.3]
      [GC Worker Total (ms): Min: 33.2, Avg: 33.5, Max: 33.8, Diff: 0.5, Sum: 134.2]
      [GC Worker End (ms): Min: 155706121.7, Avg: 155706121.7, Max: 155706121.7, Diff: 0.0]
   [Code Root Fixup: 0.0 ms]
   [Code Root Purge: 0.0 ms]
   [Clear CT: 0.2 ms]
   [Other: 2.7 ms]
      [Choose CSet: 0.0 ms]
      [Ref Proc: 1.0 ms]
      [Ref Enq: 0.0 ms]
      [Redirty Cards: 0.3 ms]
      [Humongous Register: 0.7 ms]
      [Humongous Reclaim: 0.0 ms]
      [Free CSet: 0.1 ms]
   [Eden: 46080.0K(46080.0K)->0.0B(46080.0K) Survivors: 6144.0K->6144.0K Heap: 284.0M(1024.0M)->243.5M(1024.0M)]
 [Times: user=0.11 sys=0.02, real=0.04 secs] 
2021-03-18T10:37:23.140+0700: 155977.743: [GC pause (G1 Evacuation Pause) (young), 0.0331213 secs]
   [Parallel Time: 30.9 ms, GC Workers: 4]
      [GC Worker Start (ms): Min: 155977743.9, Avg: 155977744.0, Max: 155977744.1, Diff: 0.2]
      [Ext Root Scanning (ms): Min: 1.2, Avg: 1.3, Max: 1.5, Diff: 0.3, Sum: 5.3]
      [Update RS (ms): Min: 2.5, Avg: 2.8, Max: 2.9, Diff: 0.4, Sum: 11.1]
         [Processed Buffers: Min: 2, Avg: 10.5, Max: 20, Diff: 18, Sum: 42]
      [Scan RS (ms): Min: 2.8, Avg: 2.9, Max: 3.2, Diff: 0.3, Sum: 11.8]
      [Code Root Scanning (ms): Min: 0.0, Avg: 0.0, Max: 0.1, Diff: 0.1, Sum: 0.1]
      [Object Copy (ms): Min: 23.5, Avg: 23.6, Max: 23.7, Diff: 0.1, Sum: 94.4]
      [Termination (ms): Min: 0.0, Avg: 0.0, Max: 0.0, Diff: 0.0, Sum: 0.0]
         [Termination Attempts: Min: 1, Avg: 1.0, Max: 1, Diff: 0, Sum: 4]
      [GC Worker Other (ms): Min: 0.0, Avg: 0.1, Max: 0.1, Diff: 0.0, Sum: 0.2]
      [GC Worker Total (ms): Min: 30.6, Avg: 30.7, Max: 30.8, Diff: 0.2, Sum: 122.9]
      [GC Worker End (ms): Min: 155977774.7, Avg: 155977774.7, Max: 155977774.8, Diff: 0.0]
   [Code Root Fixup: 0.0 ms]
   [Code Root Purge: 0.0 ms]
   [Clear CT: 0.3 ms]
   [Other: 1.9 ms]
      [Choose CSet: 0.0 ms]
      [Ref Proc: 0.9 ms]
      [Ref Enq: 0.0 ms]
      [Redirty Cards: 0.3 ms]
      [Humongous Register: 0.1 ms]
      [Humongous Reclaim: 0.0 ms]
      [Free CSet: 0.1 ms]
   [Eden: 46080.0K(46080.0K)->0.0B(46080.0K) Survivors: 6144.0K->6144.0K Heap: 288.5M(1024.0M)->247.5M(1024.0M)]
 [Times: user=0.12 sys=0.00, real=0.03 secs] 
2021-03-18T10:41:31.654+0700: 156226.258: [GC pause (G1 Evacuation Pause) (young), 0.0413100 secs]
   [Parallel Time: 39.0 ms, GC Workers: 4]
      [GC Worker Start (ms): Min: 156226259.1, Avg: 156226259.3, Max: 156226259.9, Diff: 0.8]
      [Ext Root Scanning (ms): Min: 1.0, Avg: 1.4, Max: 1.7, Diff: 0.7, Sum: 5.7]
      [Update RS (ms): Min: 1.9, Avg: 2.4, Max: 2.9, Diff: 1.0, Sum: 9.6]
         [Processed Buffers: Min: 8, Avg: 10.2, Max: 16, Diff: 8, Sum: 41]
      [Scan RS (ms): Min: 3.1, Avg: 3.5, Max: 4.1, Diff: 1.0, Sum: 14.0]
      [Code Root Scanning (ms): Min: 0.0, Avg: 0.0, Max: 0.1, Diff: 0.1, Sum: 0.1]
      [Object Copy (ms): Min: 30.9, Avg: 31.0, Max: 31.1, Diff: 0.2, Sum: 124.1]
      [Termination (ms): Min: 0.0, Avg: 0.0, Max: 0.0, Diff: 0.0, Sum: 0.0]
         [Termination Attempts: Min: 1, Avg: 1.0, Max: 1, Diff: 0, Sum: 4]
      [GC Worker Other (ms): Min: 0.1, Avg: 0.1, Max: 0.1, Diff: 0.0, Sum: 0.3]
      [GC Worker Total (ms): Min: 37.9, Avg: 38.5, Max: 38.8, Diff: 0.8, Sum: 153.9]
      [GC Worker End (ms): Min: 156226297.8, Avg: 156226297.8, Max: 156226297.8, Diff: 0.0]
   [Code Root Fixup: 0.0 ms]
   [Code Root Purge: 0.0 ms]
   [Clear CT: 0.3 ms]
   [Other: 2.0 ms]
      [Choose CSet: 0.0 ms]
      [Ref Proc: 0.4 ms]
      [Ref Enq: 0.0 ms]
      [Redirty Cards: 0.3 ms]
      [Humongous Register: 0.7 ms]
      [Humongous Reclaim: 0.1 ms]
      [Free CSet: 0.1 ms]
   [Eden: 46080.0K(46080.0K)->0.0B(45056.0K) Survivors: 6144.0K->7168.0K Heap: 292.5M(1024.0M)->253.0M(1024.0M)]
 [Times: user=0.12 sys=0.00, real=0.04 secs] 
2021-03-18T10:45:53.234+0700: 156487.837: [GC pause (G1 Evacuation Pause) (young), 0.0405445 secs]
   [Parallel Time: 38.0 ms, GC Workers: 4]
      [GC Worker Start (ms): Min: 156487837.5, Avg: 156487837.5, Max: 156487837.6, Diff: 0.2]
      [Ext Root Scanning (ms): Min: 1.0, Avg: 1.2, Max: 1.2, Diff: 0.2, Sum: 4.6]
      [Update RS (ms): Min: 2.0, Avg: 2.3, Max: 3.2, Diff: 1.1, Sum: 9.3]
         [Processed Buffers: Min: 1, Avg: 9.8, Max: 24, Diff: 23, Sum: 39]
      [Scan RS (ms): Min: 3.7, Avg: 4.6, Max: 5.1, Diff: 1.4, Sum: 18.5]
      [Code Root Scanning (ms): Min: 0.0, Avg: 0.0, Max: 0.1, Diff: 0.1, Sum: 0.1]
      [Object Copy (ms): Min: 28.7, Avg: 28.9, Max: 29.2, Diff: 0.5, Sum: 115.5]
      [Termination (ms): Min: 0.0, Avg: 0.4, Max: 0.8, Diff: 0.8, Sum: 1.6]
         [Termination Attempts: Min: 1, Avg: 1.0, Max: 1, Diff: 0, Sum: 4]
      [GC Worker Other (ms): Min: 0.0, Avg: 0.1, Max: 0.1, Diff: 0.0, Sum: 0.3]
      [GC Worker Total (ms): Min: 37.3, Avg: 37.5, Max: 37.7, Diff: 0.3, Sum: 149.9]
      [GC Worker End (ms): Min: 156487874.9, Avg: 156487875.0, Max: 156487875.2, Diff: 0.3]
   [Code Root Fixup: 0.0 ms]
   [Code Root Purge: 0.0 ms]
   [Clear CT: 0.4 ms]
   [Other: 2.2 ms]
      [Choose CSet: 0.0 ms]
      [Ref Proc: 0.7 ms]
      [Ref Enq: 0.0 ms]
      [Redirty Cards: 0.6 ms]
      [Humongous Register: 0.1 ms]
      [Humongous Reclaim: 0.1 ms]
      [Free CSet: 0.1 ms]
   [Eden: 45056.0K(45056.0K)->0.0B(47104.0K) Survivors: 7168.0K->5120.0K Heap: 297.0M(1024.0M)->255.5M(1024.0M)]
 [Times: user=0.14 sys=0.00, real=0.04 secs] 
2021-03-18T10:50:33.534+0700: 156768.137: [GC pause (G1 Evacuation Pause) (young), 0.0303931 secs]
   [Parallel Time: 27.2 ms, GC Workers: 4]
      [GC Worker Start (ms): Min: 156768138.5, Avg: 156768138.6, Max: 156768138.8, Diff: 0.3]
      [Ext Root Scanning (ms): Min: 1.2, Avg: 1.5, Max: 1.7, Diff: 0.4, Sum: 5.9]
      [Update RS (ms): Min: 1.7, Avg: 2.0, Max: 2.3, Diff: 0.5, Sum: 7.9]
         [Processed Buffers: Min: 1, Avg: 9.8, Max: 19, Diff: 18, Sum: 39]
      [Scan RS (ms): Min: 1.7, Avg: 1.9, Max: 2.1, Diff: 0.3, Sum: 7.6]
      [Code Root Scanning (ms): Min: 0.0, Avg: 0.0, Max: 0.1, Diff: 0.1, Sum: 0.1]
      [Object Copy (ms): Min: 20.8, Avg: 20.8, Max: 20.9, Diff: 0.1, Sum: 83.4]
      [Termination (ms): Min: 0.0, Avg: 0.0, Max: 0.0, Diff: 0.0, Sum: 0.1]
         [Termination Attempts: Min: 1, Avg: 1.2, Max: 2, Diff: 1, Sum: 5]
      [GC Worker Other (ms): Min: 0.1, Avg: 0.1, Max: 0.1, Diff: 0.0, Sum: 0.3]
      [GC Worker Total (ms): Min: 26.2, Avg: 26.3, Max: 26.4, Diff: 0.3, Sum: 105.3]
      [GC Worker End (ms): Min: 156768165.0, Avg: 156768165.0, Max: 156768165.0, Diff: 0.0]
   [Code Root Fixup: 0.0 ms]
   [Code Root Purge: 0.0 ms]
   [Clear CT: 0.5 ms]
   [Other: 2.7 ms]
      [Choose CSet: 0.0 ms]
      [Ref Proc: 0.6 ms]
      [Ref Enq: 0.0 ms]
      [Redirty Cards: 0.5 ms]
      [Humongous Register: 0.7 ms]
      [Humongous Reclaim: 0.1 ms]
      [Free CSet: 0.1 ms]
   [Eden: 47104.0K(47104.0K)->0.0B(45056.0K) Survivors: 5120.0K->7168.0K Heap: 301.5M(1024.0M)->257.5M(1024.0M)]
 [Times: user=0.13 sys=0.00, real=0.03 secs] 
2021-03-18T10:55:00.004+0700: 157034.607: [GC pause (G1 Evacuation Pause) (young), 0.0308618 secs]
   [Parallel Time: 29.2 ms, GC Workers: 4]
      [GC Worker Start (ms): Min: 157034609.6, Avg: 157034618.5, Max: 157034636.5, Diff: 26.8]
      [Ext Root Scanning (ms): Min: 0.0, Avg: 0.7, Max: 2.7, Diff: 2.6, Sum: 2.8]
      [Update RS (ms): Min: 0.0, Avg: 0.7, Max: 1.4, Diff: 1.4, Sum: 2.8]
         [Processed Buffers: Min: 0, Avg: 9.8, Max: 37, Diff: 37, Sum: 39]
      [Scan RS (ms): Min: 0.0, Avg: 0.4, Max: 0.8, Diff: 0.8, Sum: 1.5]
      [Code Root Scanning (ms): Min: 0.0, Avg: 0.0, Max: 0.0, Diff: 0.0, Sum: 0.0]
      [Object Copy (ms): Min: 0.0, Avg: 16.1, Max: 21.8, Diff: 21.8, Sum: 64.4]
      [Termination (ms): Min: 0.0, Avg: 0.3, Max: 0.5, Diff: 0.5, Sum: 1.3]
         [Termination Attempts: Min: 1, Avg: 1.0, Max: 1, Diff: 0, Sum: 4]
      [GC Worker Other (ms): Min: 0.0, Avg: 0.0, Max: 0.0, Diff: 0.0, Sum: 0.1]
      [GC Worker Total (ms): Min: 0.1, Avg: 18.2, Max: 27.2, Diff: 27.1, Sum: 72.9]
      [GC Worker End (ms): Min: 157034636.5, Avg: 157034636.7, Max: 157034636.8, Diff: 0.3]
   [Code Root Fixup: 0.0 ms]
   [Code Root Purge: 0.0 ms]
   [Clear CT: 0.2 ms]
   [Other: 1.5 ms]
      [Choose CSet: 0.0 ms]
      [Ref Proc: 0.5 ms]
      [Ref Enq: 0.0 ms]
      [Redirty Cards: 0.1 ms]
      [Humongous Register: 0.3 ms]
      [Humongous Reclaim: 0.0 ms]
      [Free CSet: 0.1 ms]
   [Eden: 45056.0K(45056.0K)->0.0B(45056.0K) Survivors: 7168.0K->7168.0K Heap: 301.5M(1024.0M)->261.0M(1024.0M)]
 [Times: user=0.06 sys=0.00, real=0.03 secs] 
2021-03-18T10:59:27.858+0700: 157302.462: [GC pause (G1 Evacuation Pause) (young), 0.0481566 secs]
   [Parallel Time: 44.6 ms, GC Workers: 4]
      [GC Worker Start (ms): Min: 157302463.2, Avg: 157302463.3, Max: 157302463.6, Diff: 0.4]
      [Ext Root Scanning (ms): Min: 1.6, Avg: 1.8, Max: 2.0, Diff: 0.4, Sum: 7.2]
      [Update RS (ms): Min: 1.3, Avg: 1.7, Max: 2.2, Diff: 1.0, Sum: 6.7]
         [Processed Buffers: Min: 1, Avg: 10.5, Max: 21, Diff: 20, Sum: 42]
      [Scan RS (ms): Min: 3.2, Avg: 3.7, Max: 4.3, Diff: 1.2, Sum: 14.8]
      [Code Root Scanning (ms): Min: 0.0, Avg: 0.0, Max: 0.1, Diff: 0.0, Sum: 0.1]
      [Object Copy (ms): Min: 36.3, Avg: 36.9, Max: 37.3, Diff: 1.0, Sum: 147.4]
      [Termination (ms): Min: 0.0, Avg: 0.0, Max: 0.0, Diff: 0.0, Sum: 0.0]
         [Termination Attempts: Min: 1, Avg: 1.0, Max: 1, Diff: 0, Sum: 4]
      [GC Worker Other (ms): Min: 0.1, Avg: 0.2, Max: 0.2, Diff: 0.2, Sum: 0.7]
      [GC Worker Total (ms): Min: 44.0, Avg: 44.3, Max: 44.4, Diff: 0.4, Sum: 177.0]
      [GC Worker End (ms): Min: 157302507.5, Avg: 157302507.6, Max: 157302507.7, Diff: 0.2]
   [Code Root Fixup: 0.1 ms]
   [Code Root Purge: 0.0 ms]
   [Clear CT: 0.5 ms]
   [Other: 2.9 ms]
      [Choose CSet: 0.0 ms]
      [Ref Proc: 0.7 ms]
      [Ref Enq: 0.0 ms]
      [Redirty Cards: 0.4 ms]
      [Humongous Register: 0.8 ms]
      [Humongous Reclaim: 0.1 ms]
      [Free CSet: 0.1 ms]
   [Eden: 45056.0K(45056.0K)->0.0B(45056.0K) Survivors: 7168.0K->7168.0K Heap: 305.0M(1024.0M)->265.9M(1024.0M)]
 [Times: user=0.18 sys=0.00, real=0.05 secs] 
2021-03-18T11:03:56.189+0700: 157570.793: [GC pause (G1 Evacuation Pause) (young), 0.0525241 secs]
   [Parallel Time: 50.7 ms, GC Workers: 4]
      [GC Worker Start (ms): Min: 157570793.5, Avg: 157570793.6, Max: 157570793.7, Diff: 0.2]
      [Ext Root Scanning (ms): Min: 1.1, Avg: 1.2, Max: 1.4, Diff: 0.3, Sum: 4.8]
      [Update RS (ms): Min: 1.6, Avg: 2.0, Max: 2.7, Diff: 1.1, Sum: 7.9]
         [Processed Buffers: Min: 7, Avg: 10.0, Max: 16, Diff: 9, Sum: 40]
      [Scan RS (ms): Min: 4.3, Avg: 11.7, Max: 33.2, Diff: 29.0, Sum: 46.6]
      [Code Root Scanning (ms): Min: 0.0, Avg: 0.0, Max: 0.1, Diff: 0.1, Sum: 0.1]
      [Object Copy (ms): Min: 12.9, Avg: 35.2, Max: 42.8, Diff: 29.9, Sum: 140.8]
      [Termination (ms): Min: 0.0, Avg: 0.3, Max: 0.4, Diff: 0.4, Sum: 1.0]
         [Termination Attempts: Min: 1, Avg: 1.0, Max: 1, Diff: 0, Sum: 4]
      [GC Worker Other (ms): Min: 0.1, Avg: 0.1, Max: 0.1, Diff: 0.0, Sum: 0.2]
      [GC Worker Total (ms): Min: 50.3, Avg: 50.4, Max: 50.5, Diff: 0.1, Sum: 201.5]
      [GC Worker End (ms): Min: 157570843.8, Avg: 157570844.0, Max: 157570844.0, Diff: 0.2]
   [Code Root Fixup: 0.0 ms]
   [Code Root Purge: 0.0 ms]
   [Clear CT: 0.2 ms]
   [Other: 1.6 ms]
      [Choose CSet: 0.0 ms]
      [Ref Proc: 0.5 ms]
      [Ref Enq: 0.0 ms]
      [Redirty Cards: 0.2 ms]
      [Humongous Register: 0.1 ms]
      [Humongous Reclaim: 0.1 ms]
      [Free CSet: 0.1 ms]
   [Eden: 45056.0K(45056.0K)->0.0B(45056.0K) Survivors: 7168.0K->7168.0K Heap: 309.9M(1024.0M)->271.0M(1024.0M)]
 [Times: user=0.16 sys=0.00, real=0.05 secs] 
2021-03-18T11:08:25.328+0700: 157839.931: [GC pause (G1 Evacuation Pause) (young), 0.0406649 secs]
   [Parallel Time: 37.9 ms, GC Workers: 4]
      [GC Worker Start (ms): Min: 157839932.1, Avg: 157839932.2, Max: 157839932.2, Diff: 0.2]
      [Ext Root Scanning (ms): Min: 1.1, Avg: 1.2, Max: 1.3, Diff: 0.2, Sum: 4.9]
      [Update RS (ms): Min: 2.1, Avg: 2.3, Max: 2.6, Diff: 0.5, Sum: 9.3]
         [Processed Buffers: Min: 2, Avg: 10.8, Max: 26, Diff: 24, Sum: 43]
      [Scan RS (ms): Min: 2.9, Avg: 3.4, Max: 3.7, Diff: 0.8, Sum: 13.6]
      [Code Root Scanning (ms): Min: 0.0, Avg: 0.0, Max: 0.1, Diff: 0.1, Sum: 0.1]
      [Object Copy (ms): Min: 30.3, Avg: 30.4, Max: 30.6, Diff: 0.3, Sum: 121.8]
      [Termination (ms): Min: 0.0, Avg: 0.1, Max: 0.2, Diff: 0.2, Sum: 0.6]
         [Termination Attempts: Min: 1, Avg: 1.0, Max: 1, Diff: 0, Sum: 4]
      [GC Worker Other (ms): Min: 0.0, Avg: 0.1, Max: 0.1, Diff: 0.0, Sum: 0.3]
      [GC Worker Total (ms): Min: 37.5, Avg: 37.6, Max: 37.7, Diff: 0.2, Sum: 150.4]
      [GC Worker End (ms): Min: 157839969.7, Avg: 157839969.8, Max: 157839969.8, Diff: 0.1]
   [Code Root Fixup: 0.0 ms]
   [Code Root Purge: 0.0 ms]
   [Clear CT: 0.2 ms]
   [Other: 2.5 ms]
      [Choose CSet: 0.0 ms]
      [Ref Proc: 0.5 ms]
      [Ref Enq: 0.0 ms]
      [Redirty Cards: 0.3 ms]
      [Humongous Register: 0.7 ms]
      [Humongous Reclaim: 0.2 ms]
      [Free CSet: 0.1 ms]
   [Eden: 45056.0K(45056.0K)->0.0B(46080.0K) Survivors: 7168.0K->6144.0K Heap: 315.0M(1024.0M)->277.0M(1024.0M)]
 [Times: user=0.12 sys=0.03, real=0.04 secs] 
2021-03-18T11:13:01.874+0700: 158116.477: [GC pause (G1 Evacuation Pause) (young), 0.0626992 secs]
   [Parallel Time: 55.4 ms, GC Workers: 4]
      [GC Worker Start (ms): Min: 158116478.7, Avg: 158116479.0, Max: 158116479.6, Diff: 0.9]
      [Ext Root Scanning (ms): Min: 1.1, Avg: 1.7, Max: 2.0, Diff: 0.9, Sum: 6.9]
      [Update RS (ms): Min: 1.7, Avg: 2.1, Max: 2.5, Diff: 0.9, Sum: 8.5]
         [Processed Buffers: Min: 3, Avg: 10.5, Max: 17, Diff: 14, Sum: 42]
      [Scan RS (ms): Min: 5.7, Avg: 8.2, Max: 11.7, Diff: 6.0, Sum: 32.7]
      [Code Root Scanning (ms): Min: 0.0, Avg: 0.1, Max: 0.2, Diff: 0.2, Sum: 0.3]
      [Object Copy (ms): Min: 38.4, Avg: 41.8, Max: 44.2, Diff: 5.8, Sum: 167.1]
      [Termination (ms): Min: 0.0, Avg: 0.7, Max: 1.0, Diff: 1.0, Sum: 2.8]
         [Termination Attempts: Min: 1, Avg: 1.0, Max: 1, Diff: 0, Sum: 4]
      [GC Worker Other (ms): Min: 0.1, Avg: 0.1, Max: 0.2, Diff: 0.1, Sum: 0.4]
      [GC Worker Total (ms): Min: 53.4, Avg: 54.7, Max: 55.2, Diff: 1.8, Sum: 218.8]
      [GC Worker End (ms): Min: 158116533.1, Avg: 158116533.7, Max: 158116533.9, Diff: 0.8]
   [Code Root Fixup: 0.1 ms]
   [Code Root Purge: 0.0 ms]
   [Clear CT: 0.5 ms]
   [Other: 6.7 ms]
      [Choose CSet: 0.0 ms]
      [Ref Proc: 3.1 ms]
      [Ref Enq: 0.0 ms]
      [Redirty Cards: 1.7 ms]
      [Humongous Register: 0.8 ms]
      [Humongous Reclaim: 0.1 ms]
      [Free CSet: 0.1 ms]
   [Eden: 46080.0K(46080.0K)->0.0B(46080.0K) Survivors: 6144.0K->6144.0K Heap: 322.0M(1024.0M)->281.5M(1024.0M)]
 [Times: user=0.08 sys=0.00, real=0.07 secs] 
2021-03-18T11:17:33.377+0700: 158387.980: [GC pause (G1 Evacuation Pause) (young), 0.0486471 secs]
   [Parallel Time: 45.5 ms, GC Workers: 4]
      [GC Worker Start (ms): Min: 158387981.7, Avg: 158387981.9, Max: 158387982.4, Diff: 0.8]
      [Ext Root Scanning (ms): Min: 2.2, Avg: 14.0, Max: 44.4, Diff: 42.3, Sum: 56.0]
      [Update RS (ms): Min: 0.0, Avg: 3.4, Max: 5.6, Diff: 5.6, Sum: 13.7]
         [Processed Buffers: Min: 0, Avg: 10.2, Max: 29, Diff: 29, Sum: 41]
      [Scan RS (ms): Min: 0.0, Avg: 5.0, Max: 6.8, Diff: 6.8, Sum: 20.2]
      [Code Root Scanning (ms): Min: 0.0, Avg: 0.0, Max: 0.1, Diff: 0.1, Sum: 0.1]
      [Object Copy (ms): Min: 0.8, Avg: 22.5, Max: 31.7, Diff: 30.9, Sum: 90.1]
      [Termination (ms): Min: 0.0, Avg: 0.0, Max: 0.0, Diff: 0.0, Sum: 0.0]
         [Termination Attempts: Min: 1, Avg: 1.0, Max: 1, Diff: 0, Sum: 4]
      [GC Worker Other (ms): Min: 0.0, Avg: 0.1, Max: 0.1, Diff: 0.0, Sum: 0.3]
      [GC Worker Total (ms): Min: 44.6, Avg: 45.1, Max: 45.3, Diff: 0.8, Sum: 180.5]
      [GC Worker End (ms): Min: 158388027.0, Avg: 158388027.0, Max: 158388027.0, Diff: 0.0]
   [Code Root Fixup: 0.0 ms]
   [Code Root Purge: 0.0 ms]
   [Clear CT: 0.4 ms]
   [Other: 2.8 ms]
      [Choose CSet: 0.0 ms]
      [Ref Proc: 0.8 ms]
      [Ref Enq: 0.0 ms]
      [Redirty Cards: 0.2 ms]
      [Humongous Register: 0.8 ms]
      [Humongous Reclaim: 0.0 ms]
      [Free CSet: 0.2 ms]
   [Eden: 46080.0K(46080.0K)->0.0B(46080.0K) Survivors: 6144.0K->6144.0K Heap: 326.5M(1024.0M)->286.0M(1024.0M)]
 [Times: user=0.10 sys=0.00, real=0.04 secs] 
2021-03-18T11:22:06.327+0700: 158660.930: [GC pause (G1 Evacuation Pause) (young), 0.0377491 secs]
   [Parallel Time: 34.5 ms, GC Workers: 4]
      [GC Worker Start (ms): Min: 158660931.6, Avg: 158660939.9, Max: 158660964.6, Diff: 33.0]
      [Ext Root Scanning (ms): Min: 0.1, Avg: 1.4, Max: 2.0, Diff: 1.9, Sum: 5.7]
      [Update RS (ms): Min: 0.0, Avg: 2.6, Max: 3.7, Diff: 3.7, Sum: 10.4]
         [Processed Buffers: Min: 0, Avg: 10.0, Max: 21, Diff: 21, Sum: 40]
      [Scan RS (ms): Min: 0.0, Avg: 3.7, Max: 5.1, Diff: 5.1, Sum: 14.7]
      [Code Root Scanning (ms): Min: 0.0, Avg: 0.1, Max: 0.1, Diff: 0.1, Sum: 0.2]
      [Object Copy (ms): Min: 0.8, Avg: 17.8, Max: 23.7, Diff: 22.9, Sum: 71.2]
      [Termination (ms): Min: 0.0, Avg: 0.0, Max: 0.0, Diff: 0.0, Sum: 0.0]
         [Termination Attempts: Min: 1, Avg: 1.8, Max: 2, Diff: 1, Sum: 7]
      [GC Worker Other (ms): Min: 0.0, Avg: 0.1, Max: 0.1, Diff: 0.0, Sum: 0.2]
      [GC Worker Total (ms): Min: 0.9, Avg: 25.6, Max: 33.9, Diff: 33.0, Sum: 102.5]
      [GC Worker End (ms): Min: 158660965.5, Avg: 158660965.5, Max: 158660965.5, Diff: 0.0]
   [Code Root Fixup: 0.0 ms]
   [Code Root Purge: 0.0 ms]
   [Clear CT: 0.2 ms]
   [Other: 3.0 ms]
      [Choose CSet: 0.0 ms]
      [Ref Proc: 1.1 ms]
      [Ref Enq: 0.0 ms]
      [Redirty Cards: 0.3 ms]
      [Humongous Register: 0.7 ms]
      [Humongous Reclaim: 0.1 ms]
      [Free CSet: 0.1 ms]
   [Eden: 46080.0K(46080.0K)->0.0B(46080.0K) Survivors: 6144.0K->6144.0K Heap: 331.0M(1024.0M)->290.5M(1024.0M)]
 [Times: user=0.08 sys=0.00, real=0.03 secs] 
2021-03-18T11:26:39.082+0700: 158933.685: [GC pause (G1 Evacuation Pause) (young), 0.0473109 secs]
   [Parallel Time: 45.9 ms, GC Workers: 4]
      [GC Worker Start (ms): Min: 158933685.9, Avg: 158933707.7, Max: 158933730.8, Diff: 44.9]
      [Ext Root Scanning (ms): Min: 0.0, Avg: 1.1, Max: 4.4, Diff: 4.4, Sum: 4.6]
      [Update RS (ms): Min: 0.0, Avg: 3.0, Max: 12.0, Diff: 12.0, Sum: 12.1]
         [Processed Buffers: Min: 0, Avg: 9.5, Max: 33, Diff: 33, Sum: 38]
      [Scan RS (ms): Min: 0.0, Avg: 2.6, Max: 5.6, Diff: 5.6, Sum: 10.4]
      [Code Root Scanning (ms): Min: 0.0, Avg: 0.0, Max: 0.1, Diff: 0.1, Sum: 0.1]
      [Object Copy (ms): Min: 0.1, Avg: 16.5, Max: 24.0, Diff: 23.9, Sum: 66.1]
      [Termination (ms): Min: 0.0, Avg: 0.4, Max: 0.6, Diff: 0.6, Sum: 1.6]
         [Termination Attempts: Min: 1, Avg: 1.2, Max: 2, Diff: 1, Sum: 5]
      [GC Worker Other (ms): Min: 0.0, Avg: 0.0, Max: 0.1, Diff: 0.0, Sum: 0.1]
      [GC Worker Total (ms): Min: 0.7, Avg: 23.8, Max: 45.4, Diff: 44.7, Sum: 95.0]
      [GC Worker End (ms): Min: 158933731.3, Avg: 158933731.4, Max: 158933731.5, Diff: 0.2]
   [Code Root Fixup: 0.0 ms]
   [Code Root Purge: 0.0 ms]
   [Clear CT: 0.1 ms]
   [Other: 1.3 ms]
      [Choose CSet: 0.0 ms]
      [Ref Proc: 0.4 ms]
      [Ref Enq: 0.0 ms]
      [Redirty Cards: 0.2 ms]
      [Humongous Register: 0.2 ms]
      [Humongous Reclaim: 0.1 ms]
      [Free CSet: 0.1 ms]
   [Eden: 46080.0K(46080.0K)->0.0B(47104.0K) Survivors: 6144.0K->5120.0K Heap: 335.5M(1024.0M)->294.0M(1024.0M)]
 [Times: user=0.09 sys=0.02, real=0.05 secs] 
2021-03-18T11:31:17.683+0700: 159212.286: [GC pause (G1 Evacuation Pause) (young), 0.0346503 secs]
   [Parallel Time: 32.0 ms, GC Workers: 4]
      [GC Worker Start (ms): Min: 159212287.5, Avg: 159212287.7, Max: 159212288.0, Diff: 0.5]
      [Ext Root Scanning (ms): Min: 1.4, Avg: 2.3, Max: 3.9, Diff: 2.5, Sum: 9.3]
      [Update RS (ms): Min: 0.4, Avg: 1.8, Max: 2.4, Diff: 2.0, Sum: 7.1]
         [Processed Buffers: Min: 1, Avg: 9.5, Max: 20, Diff: 19, Sum: 38]
      [Scan RS (ms): Min: 3.6, Avg: 4.0, Max: 4.4, Diff: 0.8, Sum: 16.1]
      [Code Root Scanning (ms): Min: 0.0, Avg: 0.0, Max: 0.1, Diff: 0.1, Sum: 0.1]
      [Object Copy (ms): Min: 23.0, Avg: 23.4, Max: 24.3, Diff: 1.3, Sum: 93.7]
      [Termination (ms): Min: 0.0, Avg: 0.0, Max: 0.0, Diff: 0.0, Sum: 0.0]
         [Termination Attempts: Min: 1, Avg: 1.2, Max: 2, Diff: 1, Sum: 5]
      [GC Worker Other (ms): Min: 0.1, Avg: 0.1, Max: 0.1, Diff: 0.0, Sum: 0.2]
      [GC Worker Total (ms): Min: 31.3, Avg: 31.7, Max: 31.8, Diff: 0.5, Sum: 126.7]
      [GC Worker End (ms): Min: 159212319.4, Avg: 159212319.4, Max: 159212319.4, Diff: 0.0]
   [Code Root Fixup: 0.0 ms]
   [Code Root Purge: 0.0 ms]
   [Clear CT: 0.3 ms]
   [Other: 2.3 ms]
      [Choose CSet: 0.0 ms]
      [Ref Proc: 0.7 ms]
      [Ref Enq: 0.0 ms]
      [Redirty Cards: 0.3 ms]
      [Humongous Register: 0.7 ms]
      [Humongous Reclaim: 0.0 ms]
      [Free CSet: 0.1 ms]
   [Eden: 47104.0K(47104.0K)->0.0B(46080.0K) Survivors: 5120.0K->6144.0K Heap: 340.0M(1024.0M)->299.0M(1024.0M)]
 [Times: user=0.13 sys=0.00, real=0.04 secs] 
2021-03-18T11:35:48.645+0700: 159483.249: [GC pause (G1 Evacuation Pause) (young), 0.0465953 secs]
   [Parallel Time: 42.4 ms, GC Workers: 4]
      [GC Worker Start (ms): Min: 159483250.5, Avg: 159483251.0, Max: 159483252.0, Diff: 1.5]
      [Ext Root Scanning (ms): Min: 0.5, Avg: 1.5, Max: 2.1, Diff: 1.6, Sum: 6.0]
      [Update RS (ms): Min: 1.2, Avg: 1.6, Max: 2.4, Diff: 1.2, Sum: 6.2]
         [Processed Buffers: Min: 2, Avg: 9.2, Max: 20, Diff: 18, Sum: 37]
      [Scan RS (ms): Min: 3.7, Avg: 4.0, Max: 4.4, Diff: 0.8, Sum: 16.0]
      [Code Root Scanning (ms): Min: 0.0, Avg: 0.0, Max: 0.1, Diff: 0.1, Sum: 0.1]
      [Object Copy (ms): Min: 32.0, Avg: 33.6, Max: 34.6, Diff: 2.7, Sum: 134.2]
      [Termination (ms): Min: 0.0, Avg: 1.0, Max: 1.4, Diff: 1.4, Sum: 4.0]
         [Termination Attempts: Min: 1, Avg: 1.2, Max: 2, Diff: 1, Sum: 5]
      [GC Worker Other (ms): Min: 0.1, Avg: 0.1, Max: 0.1, Diff: 0.1, Sum: 0.4]
      [GC Worker Total (ms): Min: 40.8, Avg: 41.8, Max: 42.3, Diff: 1.5, Sum: 167.0]
      [GC Worker End (ms): Min: 159483292.8, Avg: 159483292.8, Max: 159483292.8, Diff: 0.0]
   [Code Root Fixup: 0.0 ms]
   [Code Root Purge: 0.0 ms]
   [Clear CT: 0.6 ms]
   [Other: 3.5 ms]
      [Choose CSet: 0.0 ms]
      [Ref Proc: 0.6 ms]
      [Ref Enq: 0.0 ms]
      [Redirty Cards: 0.7 ms]
      [Humongous Register: 1.2 ms]
      [Humongous Reclaim: 0.1 ms]
      [Free CSet: 0.1 ms]
   [Eden: 46080.0K(46080.0K)->0.0B(46080.0K) Survivors: 6144.0K->6144.0K Heap: 344.0M(1024.0M)->303.0M(1024.0M)]
 [Times: user=0.17 sys=0.00, real=0.05 secs] 
2021-03-18T11:40:22.827+0700: 159757.431: [GC pause (G1 Evacuation Pause) (young), 0.0344148 secs]
   [Parallel Time: 32.0 ms, GC Workers: 4]
      [GC Worker Start (ms): Min: 159757431.8, Avg: 159757432.0, Max: 159757432.4, Diff: 0.6]
      [Ext Root Scanning (ms): Min: 1.9, Avg: 2.2, Max: 2.5, Diff: 0.6, Sum: 9.0]
      [Update RS (ms): Min: 0.0, Avg: 1.9, Max: 2.6, Diff: 2.6, Sum: 7.6]
         [Processed Buffers: Min: 0, Avg: 10.0, Max: 30, Diff: 30, Sum: 40]
      [Scan RS (ms): Min: 0.0, Avg: 3.1, Max: 4.2, Diff: 4.2, Sum: 12.2]
      [Code Root Scanning (ms): Min: 0.0, Avg: 0.0, Max: 0.1, Diff: 0.1, Sum: 0.2]
      [Object Copy (ms): Min: 21.7, Avg: 23.5, Max: 28.8, Diff: 7.1, Sum: 94.0]
      [Termination (ms): Min: 0.0, Avg: 0.6, Max: 0.9, Diff: 0.9, Sum: 2.5]
         [Termination Attempts: Min: 1, Avg: 1.0, Max: 1, Diff: 0, Sum: 4]
      [GC Worker Other (ms): Min: 0.0, Avg: 0.1, Max: 0.1, Diff: 0.0, Sum: 0.2]
      [GC Worker Total (ms): Min: 31.1, Avg: 31.4, Max: 31.8, Diff: 0.6, Sum: 125.7]
      [GC Worker End (ms): Min: 159757463.0, Avg: 159757463.4, Max: 159757463.6, Diff: 0.5]
   [Code Root Fixup: 0.0 ms]
   [Code Root Purge: 0.0 ms]
   [Clear CT: 0.3 ms]
   [Other: 2.1 ms]
      [Choose CSet: 0.0 ms]
      [Ref Proc: 0.4 ms]
      [Ref Enq: 0.0 ms]
      [Redirty Cards: 0.3 ms]
      [Humongous Register: 0.7 ms]
      [Humongous Reclaim: 0.0 ms]
      [Free CSet: 0.1 ms]
   [Eden: 46080.0K(46080.0K)->0.0B(46080.0K) Survivors: 6144.0K->6144.0K Heap: 348.0M(1024.0M)->307.5M(1024.0M)]
 [Times: user=0.08 sys=0.00, real=0.03 secs] 
2021-03-18T11:44:28.644+0700: 160003.248: [GC pause (G1 Evacuation Pause) (young), 0.0457037 secs]
   [Parallel Time: 42.4 ms, GC Workers: 4]
      [GC Worker Start (ms): Min: 160003248.6, Avg: 160003248.7, Max: 160003248.7, Diff: 0.2]
      [Ext Root Scanning (ms): Min: 1.4, Avg: 1.4, Max: 1.6, Diff: 0.2, Sum: 5.7]
      [Update RS (ms): Min: 2.2, Avg: 2.5, Max: 2.8, Diff: 0.5, Sum: 10.1]
         [Processed Buffers: Min: 1, Avg: 10.2, Max: 21, Diff: 20, Sum: 41]
      [Scan RS (ms): Min: 4.8, Avg: 5.1, Max: 5.5, Diff: 0.6, Sum: 20.5]
      [Code Root Scanning (ms): Min: 0.0, Avg: 0.1, Max: 0.2, Diff: 0.2, Sum: 0.3]
      [Object Copy (ms): Min: 32.3, Avg: 32.6, Max: 32.9, Diff: 0.5, Sum: 130.5]
      [Termination (ms): Min: 0.0, Avg: 0.3, Max: 0.4, Diff: 0.4, Sum: 1.0]
         [Termination Attempts: Min: 1, Avg: 2.0, Max: 3, Diff: 2, Sum: 8]
      [GC Worker Other (ms): Min: 0.1, Avg: 0.1, Max: 0.1, Diff: 0.0, Sum: 0.3]
      [GC Worker Total (ms): Min: 41.9, Avg: 42.1, Max: 42.3, Diff: 0.4, Sum: 168.5]
      [GC Worker End (ms): Min: 160003290.7, Avg: 160003290.8, Max: 160003290.9, Diff: 0.2]
   [Code Root Fixup: 0.0 ms]
   [Code Root Purge: 0.0 ms]
   [Clear CT: 0.3 ms]
   [Other: 3.0 ms]
      [Choose CSet: 0.0 ms]
      [Ref Proc: 1.3 ms]
      [Ref Enq: 0.0 ms]
      [Redirty Cards: 0.1 ms]
      [Humongous Register: 0.7 ms]
      [Humongous Reclaim: 0.1 ms]
      [Free CSet: 0.2 ms]
   [Eden: 46080.0K(46080.0K)->0.0B(45056.0K) Survivors: 6144.0K->7168.0K Heap: 352.5M(1024.0M)->312.0M(1024.0M)]
 [Times: user=0.14 sys=0.00, real=0.05 secs] 
2021-03-18T11:48:55.241+0700: 160269.844: [GC pause (G1 Evacuation Pause) (young), 0.0313190 secs]
   [Parallel Time: 28.6 ms, GC Workers: 4]
      [GC Worker Start (ms): Min: 160269844.6, Avg: 160269844.7, Max: 160269844.8, Diff: 0.2]
      [Ext Root Scanning (ms): Min: 1.4, Avg: 1.5, Max: 1.6, Diff: 0.2, Sum: 6.0]
      [Update RS (ms): Min: 1.0, Avg: 1.3, Max: 1.5, Diff: 0.5, Sum: 5.2]
         [Processed Buffers: Min: 2, Avg: 10.0, Max: 21, Diff: 19, Sum: 40]
      [Scan RS (ms): Min: 5.1, Avg: 5.2, Max: 5.5, Diff: 0.4, Sum: 20.9]
      [Code Root Scanning (ms): Min: 0.0, Avg: 0.0, Max: 0.1, Diff: 0.1, Sum: 0.1]
      [Object Copy (ms): Min: 19.4, Avg: 19.6, Max: 19.8, Diff: 0.4, Sum: 78.4]
      [Termination (ms): Min: 0.0, Avg: 0.4, Max: 0.8, Diff: 0.8, Sum: 1.4]
         [Termination Attempts: Min: 1, Avg: 1.0, Max: 1, Diff: 0, Sum: 4]
      [GC Worker Other (ms): Min: 0.1, Avg: 0.1, Max: 0.1, Diff: 0.0, Sum: 0.2]
      [GC Worker Total (ms): Min: 27.9, Avg: 28.1, Max: 28.4, Diff: 0.5, Sum: 112.3]
      [GC Worker End (ms): Min: 160269872.6, Avg: 160269872.8, Max: 160269873.1, Diff: 0.5]
   [Code Root Fixup: 0.0 ms]
   [Code Root Purge: 0.0 ms]
   [Clear CT: 0.5 ms]
   [Other: 2.2 ms]
      [Choose CSet: 0.0 ms]
      [Ref Proc: 1.0 ms]
      [Ref Enq: 0.0 ms]
      [Redirty Cards: 0.5 ms]
      [Humongous Register: 0.1 ms]
      [Humongous Reclaim: 0.1 ms]
      [Free CSet: 0.1 ms]
   [Eden: 45056.0K(45056.0K)->0.0B(48128.0K) Survivors: 7168.0K->4096.0K Heap: 356.0M(1024.0M)->313.5M(1024.0M)]
 [Times: user=0.11 sys=0.00, real=0.03 secs] 
2021-03-18T11:53:40.343+0700: 160554.947: [GC pause (G1 Evacuation Pause) (young), 0.0367320 secs]
   [Parallel Time: 33.0 ms, GC Workers: 4]
      [GC Worker Start (ms): Min: 160554949.2, Avg: 160554950.5, Max: 160554952.6, Diff: 3.4]
      [Ext Root Scanning (ms): Min: 0.1, Avg: 1.4, Max: 2.5, Diff: 2.4, Sum: 5.7]
      [Update RS (ms): Min: 2.0, Avg: 6.7, Max: 18.7, Diff: 16.7, Sum: 26.8]
         [Processed Buffers: Min: 0, Avg: 10.0, Max: 18, Diff: 18, Sum: 40]
      [Scan RS (ms): Min: 0.0, Avg: 0.3, Max: 0.7, Diff: 0.7, Sum: 1.3]
      [Code Root Scanning (ms): Min: 0.0, Avg: 0.0, Max: 0.1, Diff: 0.1, Sum: 0.1]
      [Object Copy (ms): Min: 10.5, Avg: 21.8, Max: 25.6, Diff: 15.1, Sum: 87.1]
      [Termination (ms): Min: 0.1, Avg: 0.2, Max: 0.3, Diff: 0.2, Sum: 0.9]
         [Termination Attempts: Min: 1, Avg: 1.8, Max: 3, Diff: 2, Sum: 7]
      [GC Worker Other (ms): Min: 0.1, Avg: 0.1, Max: 0.1, Diff: 0.0, Sum: 0.2]
      [GC Worker Total (ms): Min: 28.5, Avg: 30.5, Max: 31.8, Diff: 3.4, Sum: 122.1]
      [GC Worker End (ms): Min: 160554981.0, Avg: 160554981.0, Max: 160554981.1, Diff: 0.1]
   [Code Root Fixup: 0.0 ms]
   [Code Root Purge: 0.0 ms]
   [Clear CT: 0.2 ms]
   [Other: 3.5 ms]
      [Choose CSet: 0.0 ms]
      [Ref Proc: 1.3 ms]
      [Ref Enq: 0.0 ms]
      [Redirty Cards: 0.5 ms]
      [Humongous Register: 0.9 ms]
      [Humongous Reclaim: 0.1 ms]
      [Free CSet: 0.1 ms]
   [Eden: 48128.0K(48128.0K)->0.0B(45056.0K) Survivors: 4096.0K->7168.0K Heap: 360.5M(1024.0M)->317.0M(1024.0M)]
 [Times: user=0.11 sys=0.00, real=0.04 secs] 
2021-03-18T11:58:08.400+0700: 160823.003: [GC pause (G1 Evacuation Pause) (young), 0.0385809 secs]
   [Parallel Time: 36.5 ms, GC Workers: 4]
      [GC Worker Start (ms): Min: 160823004.1, Avg: 160823004.2, Max: 160823004.4, Diff: 0.3]
      [Ext Root Scanning (ms): Min: 1.8, Avg: 2.0, Max: 2.2, Diff: 0.4, Sum: 8.1]
      [Update RS (ms): Min: 2.3, Avg: 2.4, Max: 2.7, Diff: 0.4, Sum: 9.7]
         [Processed Buffers: Min: 1, Avg: 10.0, Max: 21, Diff: 20, Sum: 40]
      [Scan RS (ms): Min: 0.0, Avg: 0.5, Max: 0.8, Diff: 0.8, Sum: 2.0]
      [Code Root Scanning (ms): Min: 0.0, Avg: 0.0, Max: 0.1, Diff: 0.1, Sum: 0.1]
      [Object Copy (ms): Min: 30.4, Avg: 30.6, Max: 30.8, Diff: 0.5, Sum: 122.5]
      [Termination (ms): Min: 0.0, Avg: 0.0, Max: 0.0, Diff: 0.0, Sum: 0.0]
         [Termination Attempts: Min: 1, Avg: 1.0, Max: 1, Diff: 0, Sum: 4]
      [GC Worker Other (ms): Min: 0.1, Avg: 0.2, Max: 0.7, Diff: 0.6, Sum: 0.9]
      [GC Worker Total (ms): Min: 35.5, Avg: 35.8, Max: 36.3, Diff: 0.8, Sum: 143.4]
      [GC Worker End (ms): Min: 160823039.9, Avg: 160823040.1, Max: 160823040.5, Diff: 0.6]
   [Code Root Fixup: 0.0 ms]
   [Code Root Purge: 0.0 ms]
   [Clear CT: 0.2 ms]
   [Other: 1.8 ms]
      [Choose CSet: 0.0 ms]
      [Ref Proc: 0.4 ms]
      [Ref Enq: 0.0 ms]
      [Redirty Cards: 0.2 ms]
      [Humongous Register: 0.6 ms]
      [Humongous Reclaim: 0.0 ms]
      [Free CSet: 0.1 ms]
   [Eden: 45056.0K(45056.0K)->0.0B(47104.0K) Survivors: 7168.0K->5120.0K Heap: 361.0M(1024.0M)->320.9M(1024.0M)]
 [Times: user=0.12 sys=0.00, real=0.04 secs] 
2021-03-18T12:02:44.445+0700: 161099.048: [GC pause (G1 Evacuation Pause) (young), 0.0376285 secs]
   [Parallel Time: 34.7 ms, GC Workers: 4]
      [GC Worker Start (ms): Min: 161099049.3, Avg: 161099049.7, Max: 161099050.1, Diff: 0.8]
      [Ext Root Scanning (ms): Min: 1.3, Avg: 1.6, Max: 1.8, Diff: 0.5, Sum: 6.3]
      [Update RS (ms): Min: 2.0, Avg: 2.1, Max: 2.3, Diff: 0.3, Sum: 8.4]
         [Processed Buffers: Min: 3, Avg: 10.2, Max: 23, Diff: 20, Sum: 41]
      [Scan RS (ms): Min: 3.3, Avg: 3.7, Max: 4.1, Diff: 0.8, Sum: 14.8]
      [Code Root Scanning (ms): Min: 0.0, Avg: 0.0, Max: 0.1, Diff: 0.1, Sum: 0.2]
      [Object Copy (ms): Min: 25.6, Avg: 25.9, Max: 26.3, Diff: 0.7, Sum: 103.8]
      [Termination (ms): Min: 0.0, Avg: 0.1, Max: 0.1, Diff: 0.1, Sum: 0.2]
         [Termination Attempts: Min: 1, Avg: 1.0, Max: 1, Diff: 0, Sum: 4]
      [GC Worker Other (ms): Min: 0.1, Avg: 0.1, Max: 0.1, Diff: 0.0, Sum: 0.3]
      [GC Worker Total (ms): Min: 33.0, Avg: 33.5, Max: 33.9, Diff: 0.8, Sum: 134.0]
      [GC Worker End (ms): Min: 161099083.2, Avg: 161099083.2, Max: 161099083.2, Diff: 0.1]
   [Code Root Fixup: 0.0 ms]
   [Code Root Purge: 0.1 ms]
   [Clear CT: 0.3 ms]
   [Other: 2.5 ms]
      [Choose CSet: 0.0 ms]
      [Ref Proc: 0.8 ms]
      [Ref Enq: 0.0 ms]
      [Redirty Cards: 0.4 ms]
      [Humongous Register: 0.6 ms]
      [Humongous Reclaim: 0.1 ms]
      [Free CSet: 0.1 ms]
   [Eden: 47104.0K(47104.0K)->0.0B(45056.0K) Survivors: 5120.0K->7168.0K Heap: 366.9M(1024.0M)->324.5M(1024.0M)]
 [Times: user=0.14 sys=0.00, real=0.04 secs] 
2021-03-18T12:07:07.311+0700: 161361.915: [GC pause (G1 Evacuation Pause) (young), 0.0264516 secs]
   [Parallel Time: 23.9 ms, GC Workers: 4]
      [GC Worker Start (ms): Min: 161361915.4, Avg: 161361917.3, Max: 161361920.7, Diff: 5.3]
      [Ext Root Scanning (ms): Min: 0.0, Avg: 0.9, Max: 1.8, Diff: 1.8, Sum: 3.7]
      [Update RS (ms): Min: 0.0, Avg: 5.0, Max: 16.5, Diff: 16.5, Sum: 20.0]
         [Processed Buffers: Min: 0, Avg: 10.8, Max: 30, Diff: 30, Sum: 43]
      [Scan RS (ms): Min: 0.0, Avg: 2.4, Max: 3.8, Diff: 3.8, Sum: 9.7]
      [Code Root Scanning (ms): Min: 0.0, Avg: 0.0, Max: 0.0, Diff: 0.0, Sum: 0.1]
      [Object Copy (ms): Min: 5.3, Avg: 13.4, Max: 16.2, Diff: 10.9, Sum: 53.5]
      [Termination (ms): Min: 0.0, Avg: 0.0, Max: 0.0, Diff: 0.0, Sum: 0.0]
         [Termination Attempts: Min: 1, Avg: 1.2, Max: 2, Diff: 1, Sum: 5]
      [GC Worker Other (ms): Min: 0.0, Avg: 0.0, Max: 0.0, Diff: 0.0, Sum: 0.1]
      [GC Worker Total (ms): Min: 18.4, Avg: 21.8, Max: 23.7, Diff: 5.3, Sum: 87.1]
      [GC Worker End (ms): Min: 161361939.0, Avg: 161361939.1, Max: 161361939.1, Diff: 0.0]
   [Code Root Fixup: 0.0 ms]
   [Code Root Purge: 0.0 ms]
   [Clear CT: 0.2 ms]
   [Other: 2.4 ms]
      [Choose CSet: 0.0 ms]
      [Ref Proc: 0.5 ms]
      [Ref Enq: 0.0 ms]
      [Redirty Cards: 1.0 ms]
      [Humongous Register: 0.3 ms]
      [Humongous Reclaim: 0.1 ms]
      [Free CSet: 0.1 ms]
   [Eden: 45056.0K(45056.0K)->0.0B(46080.0K) Survivors: 7168.0K->6144.0K Heap: 368.5M(1024.0M)->332.0M(1024.0M)]
 [Times: user=0.05 sys=0.02, real=0.03 secs] 
2021-03-18T12:11:36.004+0700: 161630.608: [GC pause (G1 Evacuation Pause) (young), 0.0366171 secs]
   [Parallel Time: 33.7 ms, GC Workers: 4]
      [GC Worker Start (ms): Min: 161630609.3, Avg: 161630609.4, Max: 161630609.5, Diff: 0.2]
      [Ext Root Scanning (ms): Min: 1.5, Avg: 1.7, Max: 1.8, Diff: 0.3, Sum: 6.7]
      [Update RS (ms): Min: 2.2, Avg: 2.5, Max: 3.0, Diff: 0.8, Sum: 9.9]
         [Processed Buffers: Min: 6, Avg: 10.0, Max: 18, Diff: 12, Sum: 40]
      [Scan RS (ms): Min: 3.8, Avg: 4.1, Max: 4.5, Diff: 0.7, Sum: 16.3]
      [Code Root Scanning (ms): Min: 0.0, Avg: 0.0, Max: 0.1, Diff: 0.0, Sum: 0.2]
      [Object Copy (ms): Min: 24.5, Avg: 24.7, Max: 24.9, Diff: 0.3, Sum: 98.8]
      [Termination (ms): Min: 0.0, Avg: 0.1, Max: 0.1, Diff: 0.1, Sum: 0.3]
         [Termination Attempts: Min: 1, Avg: 1.0, Max: 1, Diff: 0, Sum: 4]
      [GC Worker Other (ms): Min: 0.0, Avg: 0.1, Max: 0.1, Diff: 0.0, Sum: 0.2]
      [GC Worker Total (ms): Min: 33.1, Avg: 33.1, Max: 33.2, Diff: 0.1, Sum: 132.5]
      [GC Worker End (ms): Min: 161630642.5, Avg: 161630642.5, Max: 161630642.5, Diff: 0.0]
   [Code Root Fixup: 0.0 ms]
   [Code Root Purge: 0.0 ms]
   [Clear CT: 0.2 ms]
   [Other: 2.7 ms]
      [Choose CSet: 0.0 ms]
      [Ref Proc: 0.7 ms]
      [Ref Enq: 0.0 ms]
      [Redirty Cards: 0.2 ms]
      [Humongous Register: 0.7 ms]
      [Humongous Reclaim: 0.0 ms]
      [Free CSet: 0.2 ms]
   [Eden: 46080.0K(46080.0K)->0.0B(46080.0K) Survivors: 6144.0K->6144.0K Heap: 377.0M(1024.0M)->336.5M(1024.0M)]
 [Times: user=0.16 sys=0.00, real=0.04 secs] 
2021-03-18T12:16:11.973+0700: 161906.576: [GC pause (G1 Evacuation Pause) (young), 0.0402885 secs]
   [Parallel Time: 38.3 ms, GC Workers: 4]
      [GC Worker Start (ms): Min: 161906576.7, Avg: 161906577.2, Max: 161906578.2, Diff: 1.5]
      [Ext Root Scanning (ms): Min: 0.1, Avg: 1.0, Max: 1.3, Diff: 1.2, Sum: 3.9]
      [Update RS (ms): Min: 0.0, Avg: 1.4, Max: 2.2, Diff: 2.2, Sum: 5.5]
         [Processed Buffers: Min: 0, Avg: 9.0, Max: 18, Diff: 18, Sum: 36]
      [Scan RS (ms): Min: 0.0, Avg: 4.1, Max: 5.5, Diff: 5.5, Sum: 16.3]
      [Code Root Scanning (ms): Min: 0.0, Avg: 0.0, Max: 0.1, Diff: 0.1, Sum: 0.2]
      [Object Copy (ms): Min: 28.7, Avg: 30.9, Max: 36.7, Diff: 8.0, Sum: 123.7]
      [Termination (ms): Min: 0.0, Avg: 0.0, Max: 0.0, Diff: 0.0, Sum: 0.0]
         [Termination Attempts: Min: 1, Avg: 1.0, Max: 1, Diff: 0, Sum: 4]
      [GC Worker Other (ms): Min: 0.1, Avg: 0.3, Max: 0.9, Diff: 0.8, Sum: 1.0]
      [GC Worker Total (ms): Min: 36.6, Avg: 37.7, Max: 38.1, Diff: 1.5, Sum: 150.6]
      [GC Worker End (ms): Min: 161906614.8, Avg: 161906614.8, Max: 161906614.8, Diff: 0.0]
   [Code Root Fixup: 0.0 ms]
   [Code Root Purge: 0.0 ms]
   [Clear CT: 0.2 ms]
   [Other: 1.7 ms]
      [Choose CSet: 0.0 ms]
      [Ref Proc: 0.6 ms]
      [Ref Enq: 0.0 ms]
      [Redirty Cards: 0.3 ms]
      [Humongous Register: 0.1 ms]
      [Humongous Reclaim: 0.1 ms]
      [Free CSet: 0.2 ms]
   [Eden: 46080.0K(46080.0K)->0.0B(47104.0K) Survivors: 6144.0K->5120.0K Heap: 381.5M(1024.0M)->340.5M(1024.0M)]
 [Times: user=0.16 sys=0.00, real=0.04 secs] 
2021-03-18T12:20:51.646+0700: 162186.250: [GC pause (G1 Evacuation Pause) (young), 0.0377908 secs]
   [Parallel Time: 35.7 ms, GC Workers: 4]
      [GC Worker Start (ms): Min: 162186250.2, Avg: 162186250.3, Max: 162186250.4, Diff: 0.2]
      [Ext Root Scanning (ms): Min: 1.0, Avg: 1.1, Max: 1.2, Diff: 0.2, Sum: 4.3]
      [Update RS (ms): Min: 1.1, Avg: 1.4, Max: 1.8, Diff: 0.7, Sum: 5.5]
         [Processed Buffers: Min: 1, Avg: 9.5, Max: 16, Diff: 15, Sum: 38]
      [Scan RS (ms): Min: 2.7, Avg: 3.0, Max: 3.1, Diff: 0.4, Sum: 11.9]
      [Code Root Scanning (ms): Min: 0.0, Avg: 0.0, Max: 0.0, Diff: 0.0, Sum: 0.1]
      [Object Copy (ms): Min: 28.1, Avg: 28.5, Max: 28.9, Diff: 0.8, Sum: 114.1]
      [Termination (ms): Min: 0.0, Avg: 1.0, Max: 1.8, Diff: 1.7, Sum: 4.1]
         [Termination Attempts: Min: 1, Avg: 1.5, Max: 2, Diff: 1, Sum: 6]
      [GC Worker Other (ms): Min: 0.1, Avg: 0.1, Max: 0.1, Diff: 0.0, Sum: 0.3]
      [GC Worker Total (ms): Min: 34.6, Avg: 35.1, Max: 35.5, Diff: 0.9, Sum: 140.2]
      [GC Worker End (ms): Min: 162186284.9, Avg: 162186285.4, Max: 162186285.8, Diff: 0.9]
   [Code Root Fixup: 0.0 ms]
   [Code Root Purge: 0.0 ms]
   [Clear CT: 0.4 ms]
   [Other: 1.6 ms]
      [Choose CSet: 0.0 ms]
      [Ref Proc: 0.6 ms]
      [Ref Enq: 0.0 ms]
      [Redirty Cards: 0.4 ms]
      [Humongous Register: 0.1 ms]
      [Humongous Reclaim: 0.1 ms]
      [Free CSet: 0.1 ms]
   [Eden: 47104.0K(47104.0K)->0.0B(45056.0K) Survivors: 5120.0K->7168.0K Heap: 386.5M(1024.0M)->346.0M(1024.0M)]
 [Times: user=0.19 sys=0.00, real=0.04 secs] 
2021-03-18T12:25:17.709+0700: 162452.312: [GC pause (G1 Evacuation Pause) (young), 0.0203162 secs]
   [Parallel Time: 18.8 ms, GC Workers: 4]
      [GC Worker Start (ms): Min: 162452312.7, Avg: 162452318.0, Max: 162452328.5, Diff: 15.8]
      [Ext Root Scanning (ms): Min: 0.0, Avg: 0.5, Max: 0.9, Diff: 0.9, Sum: 2.0]
      [Update RS (ms): Min: 0.0, Avg: 1.1, Max: 2.3, Diff: 2.3, Sum: 4.6]
         [Processed Buffers: Min: 0, Avg: 9.5, Max: 32, Diff: 32, Sum: 38]
      [Scan RS (ms): Min: 0.0, Avg: 1.3, Max: 2.6, Diff: 2.5, Sum: 5.4]
      [Code Root Scanning (ms): Min: 0.0, Avg: 0.0, Max: 0.0, Diff: 0.0, Sum: 0.1]
      [Object Copy (ms): Min: 1.7, Avg: 9.3, Max: 11.9, Diff: 10.1, Sum: 37.1]
      [Termination (ms): Min: 0.0, Avg: 0.0, Max: 0.0, Diff: 0.0, Sum: 0.0]
         [Termination Attempts: Min: 1, Avg: 1.2, Max: 2, Diff: 1, Sum: 5]
      [GC Worker Other (ms): Min: 0.0, Avg: 0.0, Max: 0.0, Diff: 0.0, Sum: 0.1]
      [GC Worker Total (ms): Min: 1.8, Avg: 12.3, Max: 17.6, Diff: 15.8, Sum: 49.2]
      [GC Worker End (ms): Min: 162452330.3, Avg: 162452330.3, Max: 162452330.3, Diff: 0.0]
   [Code Root Fixup: 0.0 ms]
   [Code Root Purge: 0.0 ms]
   [Clear CT: 0.3 ms]
   [Other: 1.3 ms]
      [Choose CSet: 0.0 ms]
      [Ref Proc: 0.4 ms]
      [Ref Enq: 0.0 ms]
      [Redirty Cards: 0.2 ms]
      [Humongous Register: 0.1 ms]
      [Humongous Reclaim: 0.1 ms]
      [Free CSet: 0.1 ms]
   [Eden: 45056.0K(45056.0K)->0.0B(47104.0K) Survivors: 7168.0K->5120.0K Heap: 390.0M(1024.0M)->349.0M(1024.0M)]
 [Times: user=0.03 sys=0.00, real=0.02 secs] 
2021-03-18T12:43:13.332+0700: 163527.935: [GC pause (G1 Evacuation Pause) (young), 0.0155597 secs]
   [Parallel Time: 14.3 ms, GC Workers: 4]
      [GC Worker Start (ms): Min: 163527935.7, Avg: 163527935.7, Max: 163527935.7, Diff: 0.1]
      [Ext Root Scanning (ms): Min: 0.7, Avg: 0.7, Max: 0.8, Diff: 0.1, Sum: 2.9]
      [Update RS (ms): Min: 1.0, Avg: 1.1, Max: 1.1, Diff: 0.1, Sum: 4.3]
         [Processed Buffers: Min: 3, Avg: 11.5, Max: 27, Diff: 24, Sum: 46]
      [Scan RS (ms): Min: 1.8, Avg: 1.9, Max: 2.0, Diff: 0.2, Sum: 7.5]
      [Code Root Scanning (ms): Min: 0.0, Avg: 0.0, Max: 0.0, Diff: 0.0, Sum: 0.1]
      [Object Copy (ms): Min: 10.3, Avg: 10.3, Max: 10.4, Diff: 0.1, Sum: 41.4]
      [Termination (ms): Min: 0.0, Avg: 0.0, Max: 0.0, Diff: 0.0, Sum: 0.0]
         [Termination Attempts: Min: 1, Avg: 1.0, Max: 1, Diff: 0, Sum: 4]
      [GC Worker Other (ms): Min: 0.0, Avg: 0.0, Max: 0.0, Diff: 0.0, Sum: 0.1]
      [GC Worker Total (ms): Min: 14.1, Avg: 14.1, Max: 14.1, Diff: 0.1, Sum: 56.3]
      [GC Worker End (ms): Min: 163527949.8, Avg: 163527949.8, Max: 163527949.8, Diff: 0.0]
   [Code Root Fixup: 0.0 ms]
   [Code Root Purge: 0.0 ms]
   [Clear CT: 0.1 ms]
   [Other: 1.1 ms]
      [Choose CSet: 0.0 ms]
      [Ref Proc: 0.3 ms]
      [Ref Enq: 0.0 ms]
      [Redirty Cards: 0.1 ms]
      [Humongous Register: 0.3 ms]
      [Humongous Reclaim: 0.0 ms]
      [Free CSet: 0.1 ms]
   [Eden: 47104.0K(47104.0K)->0.0B(45056.0K) Survivors: 5120.0K->7168.0K Heap: 395.0M(1024.0M)->353.5M(1024.0M)]
 [Times: user=0.06 sys=0.00, real=0.02 secs] 
2021-03-18T12:47:36.033+0700: 163790.636: [GC pause (G1 Evacuation Pause) (young), 0.0248950 secs]
   [Parallel Time: 23.0 ms, GC Workers: 4]
      [GC Worker Start (ms): Min: 163790636.6, Avg: 163790636.6, Max: 163790636.6, Diff: 0.1]
      [Ext Root Scanning (ms): Min: 0.8, Avg: 0.9, Max: 0.9, Diff: 0.1, Sum: 3.4]
      [Update RS (ms): Min: 1.3, Avg: 1.3, Max: 1.4, Diff: 0.1, Sum: 5.3]
         [Processed Buffers: Min: 7, Avg: 11.0, Max: 16, Diff: 9, Sum: 44]
      [Scan RS (ms): Min: 2.3, Avg: 2.4, Max: 2.5, Diff: 0.2, Sum: 9.5]
      [Code Root Scanning (ms): Min: 0.0, Avg: 0.0, Max: 0.0, Diff: 0.0, Sum: 0.1]
      [Object Copy (ms): Min: 17.9, Avg: 18.0, Max: 18.0, Diff: 0.1, Sum: 71.9]
      [Termination (ms): Min: 0.0, Avg: 0.0, Max: 0.0, Diff: 0.0, Sum: 0.0]
         [Termination Attempts: Min: 1, Avg: 1.2, Max: 2, Diff: 1, Sum: 5]
      [GC Worker Other (ms): Min: 0.0, Avg: 0.0, Max: 0.0, Diff: 0.0, Sum: 0.2]
      [GC Worker Total (ms): Min: 22.6, Avg: 22.6, Max: 22.6, Diff: 0.1, Sum: 90.4]
      [GC Worker End (ms): Min: 163790659.2, Avg: 163790659.2, Max: 163790659.2, Diff: 0.0]
   [Code Root Fixup: 0.0 ms]
   [Code Root Purge: 0.0 ms]
   [Clear CT: 0.4 ms]
   [Other: 1.4 ms]
      [Choose CSet: 0.0 ms]
      [Ref Proc: 0.4 ms]
      [Ref Enq: 0.0 ms]
      [Redirty Cards: 0.3 ms]
      [Humongous Register: 0.3 ms]
      [Humongous Reclaim: 0.0 ms]
      [Free CSet: 0.1 ms]
   [Eden: 45056.0K(45056.0K)->0.0B(47104.0K) Survivors: 7168.0K->5120.0K Heap: 397.5M(1024.0M)->360.0M(1024.0M)]
 [Times: user=0.12 sys=0.00, real=0.03 secs] 
2021-03-18T12:52:06.675+0700: 164061.279: [GC pause (G1 Evacuation Pause) (young), 0.0251501 secs]
   [Parallel Time: 23.6 ms, GC Workers: 4]
      [GC Worker Start (ms): Min: 164061279.1, Avg: 164061279.2, Max: 164061279.2, Diff: 0.1]
      [Ext Root Scanning (ms): Min: 1.1, Avg: 1.6, Max: 3.0, Diff: 1.9, Sum: 6.6]
      [Update RS (ms): Min: 2.8, Avg: 4.3, Max: 5.0, Diff: 2.1, Sum: 17.1]
         [Processed Buffers: Min: 0, Avg: 11.5, Max: 25, Diff: 25, Sum: 46]
      [Scan RS (ms): Min: 1.6, Avg: 1.7, Max: 1.9, Diff: 0.3, Sum: 6.9]
      [Code Root Scanning (ms): Min: 0.0, Avg: 0.0, Max: 0.1, Diff: 0.1, Sum: 0.2]
      [Object Copy (ms): Min: 15.3, Avg: 15.4, Max: 15.6, Diff: 0.3, Sum: 61.7]
      [Termination (ms): Min: 0.0, Avg: 0.2, Max: 0.4, Diff: 0.4, Sum: 0.7]
         [Termination Attempts: Min: 1, Avg: 1.0, Max: 1, Diff: 0, Sum: 4]
      [GC Worker Other (ms): Min: 0.0, Avg: 0.1, Max: 0.1, Diff: 0.1, Sum: 0.2]
      [GC Worker Total (ms): Min: 23.2, Avg: 23.3, Max: 23.5, Diff: 0.2, Sum: 93.2]
      [GC Worker End (ms): Min: 164061302.4, Avg: 164061302.5, Max: 164061302.7, Diff: 0.2]
   [Code Root Fixup: 0.0 ms]
   [Code Root Purge: 0.0 ms]
   [Clear CT: 0.3 ms]
   [Other: 1.2 ms]
      [Choose CSet: 0.0 ms]
      [Ref Proc: 0.4 ms]
      [Ref Enq: 0.0 ms]
      [Redirty Cards: 0.2 ms]
      [Humongous Register: 0.2 ms]
      [Humongous Reclaim: 0.0 ms]
      [Free CSet: 0.1 ms]
   [Eden: 47104.0K(47104.0K)->0.0B(45056.0K) Survivors: 5120.0K->7168.0K Heap: 406.0M(1024.0M)->364.0M(1024.0M)]
 [Times: user=0.08 sys=0.00, real=0.03 secs] 
2021-03-18T12:56:28.466+0700: 164323.069: [GC pause (G1 Evacuation Pause) (young), 0.0223387 secs]
   [Parallel Time: 20.4 ms, GC Workers: 4]
      [GC Worker Start (ms): Min: 164323070.0, Avg: 164323070.6, Max: 164323071.7, Diff: 1.7]
      [Ext Root Scanning (ms): Min: 0.0, Avg: 1.2, Max: 2.7, Diff: 2.7, Sum: 4.8]
      [Update RS (ms): Min: 0.0, Avg: 0.8, Max: 1.4, Diff: 1.4, Sum: 3.1]
         [Processed Buffers: Min: 0, Avg: 10.8, Max: 33, Diff: 33, Sum: 43]
      [Scan RS (ms): Min: 0.0, Avg: 0.9, Max: 1.3, Diff: 1.3, Sum: 3.7]
      [Code Root Scanning (ms): Min: 0.0, Avg: 0.0, Max: 0.0, Diff: 0.0, Sum: 0.1]
      [Object Copy (ms): Min: 16.1, Avg: 16.9, Max: 19.1, Diff: 2.9, Sum: 67.6]
      [Termination (ms): Min: 0.0, Avg: 0.0, Max: 0.0, Diff: 0.0, Sum: 0.0]
         [Termination Attempts: Min: 1, Avg: 1.5, Max: 3, Diff: 2, Sum: 6]
      [GC Worker Other (ms): Min: 0.0, Avg: 0.0, Max: 0.0, Diff: 0.0, Sum: 0.1]
      [GC Worker Total (ms): Min: 18.7, Avg: 19.8, Max: 20.4, Diff: 1.7, Sum: 79.3]
      [GC Worker End (ms): Min: 164323090.4, Avg: 164323090.4, Max: 164323090.4, Diff: 0.0]
   [Code Root Fixup: 0.0 ms]
   [Code Root Purge: 0.0 ms]
   [Clear CT: 0.1 ms]
   [Other: 1.7 ms]
      [Choose CSet: 0.0 ms]
      [Ref Proc: 0.7 ms]
      [Ref Enq: 0.0 ms]
      [Redirty Cards: 0.2 ms]
      [Humongous Register: 0.3 ms]
      [Humongous Reclaim: 0.0 ms]
      [Free CSet: 0.1 ms]
   [Eden: 45056.0K(45056.0K)->0.0B(47104.0K) Survivors: 7168.0K->5120.0K Heap: 408.0M(1024.0M)->369.3M(1024.0M)]
 [Times: user=0.04 sys=0.00, real=0.03 secs] 
2021-03-18T13:00:59.009+0700: 164593.613: [GC pause (G1 Evacuation Pause) (young) (initial-mark), 0.0316952 secs]
   [Parallel Time: 29.2 ms, GC Workers: 4]
      [GC Worker Start (ms): Min: 164593613.9, Avg: 164593614.1, Max: 164593614.4, Diff: 0.5]
      [Ext Root Scanning (ms): Min: 2.0, Avg: 2.3, Max: 2.5, Diff: 0.5, Sum: 9.0]
      [Update RS (ms): Min: 2.5, Avg: 3.1, Max: 3.3, Diff: 0.7, Sum: 12.3]
         [Processed Buffers: Min: 3, Avg: 12.0, Max: 21, Diff: 18, Sum: 48]
      [Scan RS (ms): Min: 2.9, Avg: 3.1, Max: 3.4, Diff: 0.4, Sum: 12.5]
      [Code Root Scanning (ms): Min: 0.0, Avg: 0.0, Max: 0.1, Diff: 0.0, Sum: 0.2]
      [Object Copy (ms): Min: 19.7, Avg: 20.2, Max: 20.9, Diff: 1.1, Sum: 80.6]
      [Termination (ms): Min: 0.0, Avg: 0.0, Max: 0.0, Diff: 0.0, Sum: 0.0]
         [Termination Attempts: Min: 1, Avg: 2.2, Max: 4, Diff: 3, Sum: 9]
      [GC Worker Other (ms): Min: 0.1, Avg: 0.1, Max: 0.2, Diff: 0.1, Sum: 0.5]
      [GC Worker Total (ms): Min: 28.5, Avg: 28.8, Max: 29.0, Diff: 0.5, Sum: 115.1]
      [GC Worker End (ms): Min: 164593642.9, Avg: 164593642.9, Max: 164593642.9, Diff: 0.1]
   [Code Root Fixup: 0.0 ms]
   [Code Root Purge: 0.0 ms]
   [Clear CT: 0.2 ms]
   [Other: 2.2 ms]
      [Choose CSet: 0.0 ms]
      [Ref Proc: 0.4 ms]
      [Ref Enq: 0.0 ms]
      [Redirty Cards: 0.3 ms]
      [Humongous Register: 0.1 ms]
      [Humongous Reclaim: 0.1 ms]
      [Free CSet: 0.1 ms]
   [Eden: 47104.0K(47104.0K)->0.0B(47104.0K) Survivors: 5120.0K->5120.0K Heap: 415.3M(1024.0M)->373.5M(1024.0M)]
 [Times: user=0.06 sys=0.00, real=0.03 secs] 
2021-03-18T13:00:59.041+0700: 164593.645: [GC concurrent-root-region-scan-start]
2021-03-18T13:00:59.053+0700: 164593.657: [GC concurrent-root-region-scan-end, 0.0118424 secs]
2021-03-18T13:00:59.053+0700: 164593.657: [GC concurrent-mark-start]
2021-03-18T13:00:59.080+0700: 164593.684: [GC concurrent-mark-end, 0.0271053 secs]
2021-03-18T13:00:59.080+0700: 164593.684: [GC remark 2021-03-18T13:00:59.080+0700: 164593.684: [Finalize Marking, 0.0001915 secs] 2021-03-18T13:00:59.081+0700: 164593.684: [GC ref-proc, 0.0004225 secs] 2021-03-18T13:00:59.081+0700: 164593.685: [Unloading, 0.0080833 secs], 0.0104718 secs]
 [Times: user=0.06 sys=0.00, real=0.01 secs] 
2021-03-18T13:00:59.091+0700: 164593.695: [GC cleanup 373M->274M(1024M), 0.0019889 secs]
 [Times: user=0.00 sys=0.00, real=0.00 secs] 
2021-03-18T13:00:59.093+0700: 164593.697: [GC concurrent-cleanup-start]
2021-03-18T13:00:59.094+0700: 164593.697: [GC concurrent-cleanup-end, 0.0002669 secs]
2021-03-18T13:05:30.817+0700: 164865.420: [GC pause (G1 Evacuation Pause) (young), 0.0424228 secs]
   [Parallel Time: 40.6 ms, GC Workers: 4]
      [GC Worker Start (ms): Min: 164865421.4, Avg: 164865421.5, Max: 164865421.9, Diff: 0.6]
      [Ext Root Scanning (ms): Min: 1.3, Avg: 2.5, Max: 4.7, Diff: 3.3, Sum: 9.9]
      [Update RS (ms): Min: 0.8, Avg: 3.6, Max: 5.3, Diff: 4.5, Sum: 14.3]
         [Processed Buffers: Min: 3, Avg: 11.2, Max: 29, Diff: 26, Sum: 45]
      [Scan RS (ms): Min: 4.9, Avg: 6.0, Max: 6.9, Diff: 1.9, Sum: 23.8]
      [Code Root Scanning (ms): Min: 0.0, Avg: 0.0, Max: 0.1, Diff: 0.1, Sum: 0.1]
      [Object Copy (ms): Min: 27.9, Avg: 28.0, Max: 28.2, Diff: 0.3, Sum: 112.0]
      [Termination (ms): Min: 0.0, Avg: 0.2, Max: 0.2, Diff: 0.2, Sum: 0.7]
         [Termination Attempts: Min: 1, Avg: 1.2, Max: 2, Diff: 1, Sum: 5]
      [GC Worker Other (ms): Min: 0.1, Avg: 0.1, Max: 0.1, Diff: 0.0, Sum: 0.2]
      [GC Worker Total (ms): Min: 39.9, Avg: 40.3, Max: 40.5, Diff: 0.6, Sum: 161.1]
      [GC Worker End (ms): Min: 164865461.8, Avg: 164865461.8, Max: 164865461.9, Diff: 0.1]
   [Code Root Fixup: 0.0 ms]
   [Code Root Purge: 0.0 ms]
   [Clear CT: 0.1 ms]
   [Other: 1.7 ms]
      [Choose CSet: 0.0 ms]
      [Ref Proc: 0.3 ms]
      [Ref Enq: 0.0 ms]
      [Redirty Cards: 0.1 ms]
      [Humongous Register: 0.6 ms]
      [Humongous Reclaim: 0.0 ms]
      [Free CSet: 0.1 ms]
   [Eden: 47104.0K(47104.0K)->0.0B(46080.0K) Survivors: 5120.0K->6144.0K Heap: 320.5M(1024.0M)->279.5M(1024.0M)]
 [Times: user=0.15 sys=0.00, real=0.04 secs] 
2021-03-18T13:09:59.070+0700: 165133.673: [GC pause (G1 Evacuation Pause) (mixed), 0.0161092 secs]
   [Parallel Time: 14.8 ms, GC Workers: 4]
      [GC Worker Start (ms): Min: 165133673.9, Avg: 165133674.0, Max: 165133674.0, Diff: 0.1]
      [Ext Root Scanning (ms): Min: 0.8, Avg: 0.9, Max: 0.9, Diff: 0.1, Sum: 3.6]
      [Update RS (ms): Min: 1.0, Avg: 1.1, Max: 1.4, Diff: 0.4, Sum: 4.4]
         [Processed Buffers: Min: 1, Avg: 11.0, Max: 27, Diff: 26, Sum: 44]
      [Scan RS (ms): Min: 1.4, Avg: 1.6, Max: 1.8, Diff: 0.4, Sum: 6.4]
      [Code Root Scanning (ms): Min: 0.0, Avg: 0.0, Max: 0.0, Diff: 0.0, Sum: 0.1]
      [Object Copy (ms): Min: 11.0, Avg: 11.1, Max: 11.1, Diff: 0.0, Sum: 44.2]
      [Termination (ms): Min: 0.0, Avg: 0.0, Max: 0.0, Diff: 0.0, Sum: 0.1]
         [Termination Attempts: Min: 1, Avg: 1.0, Max: 1, Diff: 0, Sum: 4]
      [GC Worker Other (ms): Min: 0.0, Avg: 0.0, Max: 0.0, Diff: 0.0, Sum: 0.1]
      [GC Worker Total (ms): Min: 14.7, Avg: 14.8, Max: 14.8, Diff: 0.0, Sum: 59.0]
      [GC Worker End (ms): Min: 165133688.7, Avg: 165133688.7, Max: 165133688.7, Diff: 0.0]
   [Code Root Fixup: 0.0 ms]
   [Code Root Purge: 0.0 ms]
   [Clear CT: 0.1 ms]
   [Other: 1.1 ms]
      [Choose CSet: 0.0 ms]
      [Ref Proc: 0.2 ms]
      [Ref Enq: 0.0 ms]
      [Redirty Cards: 0.1 ms]
      [Humongous Register: 0.3 ms]
      [Humongous Reclaim: 0.1 ms]
      [Free CSet: 0.1 ms]
   [Eden: 46080.0K(46080.0K)->0.0B(45056.0K) Survivors: 6144.0K->7168.0K Heap: 324.5M(1024.0M)->266.5M(1024.0M)]
 [Times: user=0.07 sys=0.00, real=0.01 secs] 
2021-03-18T13:14:22.208+0700: 165396.811: [GC pause (G1 Evacuation Pause) (mixed), 0.0386901 secs]
   [Parallel Time: 37.4 ms, GC Workers: 4]
      [GC Worker Start (ms): Min: 165396811.8, Avg: 165396811.9, Max: 165396811.9, Diff: 0.2]
      [Ext Root Scanning (ms): Min: 1.1, Avg: 1.3, Max: 1.5, Diff: 0.4, Sum: 5.0]
      [Update RS (ms): Min: 3.4, Avg: 3.7, Max: 3.8, Diff: 0.4, Sum: 14.6]
         [Processed Buffers: Min: 1, Avg: 10.0, Max: 26, Diff: 25, Sum: 40]
      [Scan RS (ms): Min: 3.6, Avg: 3.8, Max: 4.0, Diff: 0.4, Sum: 15.1]
      [Code Root Scanning (ms): Min: 0.0, Avg: 0.0, Max: 0.1, Diff: 0.0, Sum: 0.2]
      [Object Copy (ms): Min: 27.8, Avg: 28.1, Max: 28.3, Diff: 0.5, Sum: 112.3]
      [Termination (ms): Min: 0.0, Avg: 0.2, Max: 0.5, Diff: 0.5, Sum: 0.9]
         [Termination Attempts: Min: 1, Avg: 1.0, Max: 1, Diff: 0, Sum: 4]
      [GC Worker Other (ms): Min: 0.0, Avg: 0.1, Max: 0.2, Diff: 0.2, Sum: 0.5]
      [GC Worker Total (ms): Min: 37.1, Avg: 37.2, Max: 37.2, Diff: 0.1, Sum: 148.7]
      [GC Worker End (ms): Min: 165396849.0, Avg: 165396849.0, Max: 165396849.1, Diff: 0.0]
   [Code Root Fixup: 0.0 ms]
   [Code Root Purge: 0.0 ms]
   [Clear CT: 0.2 ms]
   [Other: 1.1 ms]
      [Choose CSet: 0.1 ms]
      [Ref Proc: 0.3 ms]
      [Ref Enq: 0.0 ms]
      [Redirty Cards: 0.1 ms]
      [Humongous Register: 0.1 ms]
      [Humongous Reclaim: 0.0 ms]
      [Free CSet: 0.1 ms]
   [Eden: 45056.0K(45056.0K)->0.0B(46080.0K) Survivors: 7168.0K->6144.0K Heap: 310.5M(1024.0M)->252.5M(1024.0M)]
 [Times: user=0.19 sys=0.00, real=0.04 secs] 
2021-03-18T13:18:56.278+0700: 165667.731: [GC pause (G1 Evacuation Pause) (mixed), 0.0296819 secs]
   [Parallel Time: 26.9 ms, GC Workers: 4]
      [GC Worker Start (ms): Min: 165667732.5, Avg: 165667732.7, Max: 165667732.8, Diff: 0.2]
      [Ext Root Scanning (ms): Min: 1.2, Avg: 1.4, Max: 1.5, Diff: 0.3, Sum: 5.5]
      [Update RS (ms): Min: 2.1, Avg: 2.1, Max: 2.1, Diff: 0.1, Sum: 8.3]
         [Processed Buffers: Min: 4, Avg: 10.5, Max: 20, Diff: 16, Sum: 42]
      [Scan RS (ms): Min: 5.0, Avg: 5.1, Max: 5.2, Diff: 0.2, Sum: 20.5]
      [Code Root Scanning (ms): Min: 0.0, Avg: 0.1, Max: 0.1, Diff: 0.0, Sum: 0.2]
      [Object Copy (ms): Min: 17.5, Avg: 17.7, Max: 17.8, Diff: 0.3, Sum: 70.6]
      [Termination (ms): Min: 0.0, Avg: 0.3, Max: 0.3, Diff: 0.3, Sum: 1.0]
         [Termination Attempts: Min: 1, Avg: 1.0, Max: 1, Diff: 0, Sum: 4]
      [GC Worker Other (ms): Min: 0.0, Avg: 0.1, Max: 0.1, Diff: 0.0, Sum: 0.2]
      [GC Worker Total (ms): Min: 26.3, Avg: 26.6, Max: 26.8, Diff: 0.4, Sum: 106.4]
      [GC Worker End (ms): Min: 165667759.1, Avg: 165667759.3, Max: 165667759.3, Diff: 0.2]
   [Code Root Fixup: 0.0 ms]
   [Code Root Purge: 0.0 ms]
   [Clear CT: 0.6 ms]
   [Other: 2.2 ms]
      [Choose CSet: 0.2 ms]
      [Ref Proc: 0.5 ms]
      [Ref Enq: 0.0 ms]
      [Redirty Cards: 0.2 ms]
      [Humongous Register: 0.6 ms]
      [Humongous Reclaim: 0.1 ms]
      [Free CSet: 0.2 ms]
   [Eden: 46080.0K(46080.0K)->0.0B(46080.0K) Survivors: 6144.0K->6144.0K Heap: 297.5M(1024.0M)->238.0M(1024.0M)]
 [Times: user=0.12 sys=0.00, real=0.03 secs] 
2021-03-18T13:23:21.795+0700: 165933.248: [GC pause (G1 Evacuation Pause) (mixed), 0.0198975 secs]
   [Parallel Time: 17.0 ms, GC Workers: 4]
      [GC Worker Start (ms): Min: 165933249.2, Avg: 165933249.4, Max: 165933249.8, Diff: 0.6]
      [Ext Root Scanning (ms): Min: 0.6, Avg: 1.0, Max: 1.2, Diff: 0.5, Sum: 4.1]
      [Update RS (ms): Min: 1.0, Avg: 1.4, Max: 2.3, Diff: 1.3, Sum: 5.6]
         [Processed Buffers: Min: 0, Avg: 10.2, Max: 25, Diff: 25, Sum: 41]
      [Scan RS (ms): Min: 1.1, Avg: 1.8, Max: 2.1, Diff: 1.0, Sum: 7.2]
      [Code Root Scanning (ms): Min: 0.0, Avg: 0.0, Max: 0.1, Diff: 0.1, Sum: 0.1]
      [Object Copy (ms): Min: 3.8, Avg: 9.7, Max: 11.8, Diff: 8.0, Sum: 38.7]
      [Termination (ms): Min: 0.0, Avg: 0.2, Max: 0.7, Diff: 0.7, Sum: 0.9]
         [Termination Attempts: Min: 1, Avg: 1.0, Max: 1, Diff: 0, Sum: 4]
      [GC Worker Other (ms): Min: 0.0, Avg: 2.1, Max: 8.1, Diff: 8.1, Sum: 8.5]
      [GC Worker Total (ms): Min: 15.7, Avg: 16.3, Max: 16.7, Diff: 1.0, Sum: 65.1]
      [GC Worker End (ms): Min: 165933265.6, Avg: 165933265.7, Max: 165933266.2, Diff: 0.6]
   [Code Root Fixup: 0.0 ms]
   [Code Root Purge: 0.0 ms]
   [Clear CT: 0.2 ms]
   [Other: 2.6 ms]
      [Choose CSet: 0.2 ms]
      [Ref Proc: 1.0 ms]
      [Ref Enq: 0.0 ms]
      [Redirty Cards: 0.1 ms]
      [Humongous Register: 0.7 ms]
      [Humongous Reclaim: 0.1 ms]
      [Free CSet: 0.2 ms]
   [Eden: 46080.0K(46080.0K)->0.0B(45056.0K) Survivors: 6144.0K->7168.0K Heap: 283.0M(1024.0M)->224.0M(1024.0M)]
 [Times: user=0.06 sys=0.00, real=0.02 secs] 
2021-03-18T13:27:42.712+0700: 166194.166: [GC pause (G1 Evacuation Pause) (mixed), 0.0333391 secs]
   [Parallel Time: 31.2 ms, GC Workers: 4]
      [GC Worker Start (ms): Min: 166194166.7, Avg: 166194166.8, Max: 166194166.9, Diff: 0.2]
      [Ext Root Scanning (ms): Min: 1.2, Avg: 1.4, Max: 1.6, Diff: 0.4, Sum: 5.6]
      [Update RS (ms): Min: 1.6, Avg: 1.7, Max: 2.0, Diff: 0.4, Sum: 6.8]
         [Processed Buffers: Min: 6, Avg: 10.2, Max: 16, Diff: 10, Sum: 41]
      [Scan RS (ms): Min: 4.3, Avg: 5.3, Max: 7.6, Diff: 3.3, Sum: 21.3]
      [Code Root Scanning (ms): Min: 0.0, Avg: 0.1, Max: 0.2, Diff: 0.1, Sum: 0.3]
      [Object Copy (ms): Min: 20.1, Avg: 22.1, Max: 23.0, Diff: 2.9, Sum: 88.4]
      [Termination (ms): Min: 0.0, Avg: 0.0, Max: 0.1, Diff: 0.1, Sum: 0.2]
         [Termination Attempts: Min: 1, Avg: 1.0, Max: 1, Diff: 0, Sum: 4]
      [GC Worker Other (ms): Min: 0.0, Avg: 0.1, Max: 0.2, Diff: 0.2, Sum: 0.4]
      [GC Worker Total (ms): Min: 30.6, Avg: 30.7, Max: 30.8, Diff: 0.2, Sum: 122.9]
      [GC Worker End (ms): Min: 166194197.5, Avg: 166194197.5, Max: 166194197.5, Diff: 0.0]
   [Code Root Fixup: 0.0 ms]
   [Code Root Purge: 0.0 ms]
   [Clear CT: 0.2 ms]
   [Other: 1.9 ms]
      [Choose CSet: 0.1 ms]
      [Ref Proc: 0.5 ms]
      [Ref Enq: 0.0 ms]
      [Redirty Cards: 0.1 ms]
      [Humongous Register: 0.6 ms]
      [Humongous Reclaim: 0.0 ms]
      [Free CSet: 0.1 ms]
   [Eden: 45056.0K(45056.0K)->0.0B(46080.0K) Survivors: 7168.0K->6144.0K Heap: 268.0M(1024.0M)->221.3M(1024.0M)]
 [Times: user=0.13 sys=0.00, real=0.03 secs] 
2021-03-18T13:32:02.987+0700: 166454.441: [GC pause (G1 Evacuation Pause) (young), 0.0325480 secs]
   [Parallel Time: 30.5 ms, GC Workers: 4]
      [GC Worker Start (ms): Min: 166454442.3, Avg: 166454442.6, Max: 166454443.2, Diff: 0.9]
      [Ext Root Scanning (ms): Min: 1.1, Avg: 1.5, Max: 1.9, Diff: 0.8, Sum: 5.9]
      [Update RS (ms): Min: 1.9, Avg: 2.3, Max: 2.5, Diff: 0.7, Sum: 9.0]
         [Processed Buffers: Min: 1, Avg: 11.2, Max: 27, Diff: 26, Sum: 45]
      [Scan RS (ms): Min: 3.8, Avg: 4.1, Max: 4.4, Diff: 0.6, Sum: 16.3]
      [Code Root Scanning (ms): Min: 0.0, Avg: 0.1, Max: 0.3, Diff: 0.3, Sum: 0.5]
      [Object Copy (ms): Min: 21.2, Avg: 21.7, Max: 22.4, Diff: 1.2, Sum: 86.8]
      [Termination (ms): Min: 0.0, Avg: 0.0, Max: 0.0, Diff: 0.0, Sum: 0.0]
         [Termination Attempts: Min: 1, Avg: 1.0, Max: 1, Diff: 0, Sum: 4]
      [GC Worker Other (ms): Min: 0.0, Avg: 0.1, Max: 0.1, Diff: 0.0, Sum: 0.2]
      [GC Worker Total (ms): Min: 29.1, Avg: 29.7, Max: 30.0, Diff: 0.9, Sum: 118.7]
      [GC Worker End (ms): Min: 166454472.3, Avg: 166454472.3, Max: 166454472.3, Diff: 0.0]
   [Code Root Fixup: 0.0 ms]
   [Code Root Purge: 0.0 ms]
   [Clear CT: 0.2 ms]
   [Other: 1.9 ms]
      [Choose CSet: 0.0 ms]
      [Ref Proc: 0.3 ms]
      [Ref Enq: 0.0 ms]
      [Redirty Cards: 0.2 ms]
      [Humongous Register: 0.9 ms]
      [Humongous Reclaim: 0.0 ms]
      [Free CSet: 0.0 ms]
   [Eden: 46080.0K(46080.0K)->0.0B(47104.0K) Survivors: 6144.0K->5120.0K Heap: 266.3M(1024.0M)->225.0M(1024.0M)]
 [Times: user=0.11 sys=0.00, real=0.03 secs] 
2021-03-18T13:36:42.220+0700: 166733.674: [GC pause (G1 Evacuation Pause) (young), 0.0368823 secs]
   [Parallel Time: 35.4 ms, GC Workers: 4]
      [GC Worker Start (ms): Min: 166733674.0, Avg: 166733674.1, Max: 166733674.1, Diff: 0.2]
      [Ext Root Scanning (ms): Min: 1.1, Avg: 1.2, Max: 1.4, Diff: 0.3, Sum: 4.9]
      [Update RS (ms): Min: 2.0, Avg: 2.2, Max: 2.4, Diff: 0.3, Sum: 8.6]
         [Processed Buffers: Min: 1, Avg: 10.0, Max: 20, Diff: 19, Sum: 40]
      [Scan RS (ms): Min: 3.3, Avg: 3.4, Max: 3.6, Diff: 0.2, Sum: 13.6]
      [Code Root Scanning (ms): Min: 0.0, Avg: 0.0, Max: 0.1, Diff: 0.0, Sum: 0.1]
      [Object Copy (ms): Min: 27.4, Avg: 27.6, Max: 27.8, Diff: 0.3, Sum: 110.4]
      [Termination (ms): Min: 0.0, Avg: 0.0, Max: 0.0, Diff: 0.0, Sum: 0.1]
         [Termination Attempts: Min: 1, Avg: 1.8, Max: 2, Diff: 1, Sum: 7]
      [GC Worker Other (ms): Min: 0.1, Avg: 0.5, Max: 0.7, Diff: 0.6, Sum: 2.1]
      [GC Worker Total (ms): Min: 34.6, Avg: 35.0, Max: 35.1, Diff: 0.5, Sum: 139.9]
      [GC Worker End (ms): Min: 166733708.6, Avg: 166733709.0, Max: 166733709.2, Diff: 0.6]
   [Code Root Fixup: 0.0 ms]
   [Code Root Purge: 0.0 ms]
   [Clear CT: 0.1 ms]
   [Other: 1.3 ms]
      [Choose CSet: 0.0 ms]
      [Ref Proc: 0.4 ms]
      [Ref Enq: 0.0 ms]
      [Redirty Cards: 0.2 ms]
      [Humongous Register: 0.1 ms]
      [Humongous Reclaim: 0.1 ms]
      [Free CSet: 0.1 ms]
   [Eden: 47104.0K(47104.0K)->0.0B(46080.0K) Survivors: 5120.0K->6144.0K Heap: 271.0M(1024.0M)->230.0M(1024.0M)]
 [Times: user=0.15 sys=0.04, real=0.04 secs] 
2021-03-18T13:41:14.941+0700: 167006.394: [GC pause (G1 Evacuation Pause) (young), 0.0151878 secs]
   [Parallel Time: 13.8 ms, GC Workers: 4]
      [GC Worker Start (ms): Min: 167006394.8, Avg: 167006394.8, Max: 167006394.8, Diff: 0.1]
      [Ext Root Scanning (ms): Min: 0.9, Avg: 1.0, Max: 1.0, Diff: 0.1, Sum: 3.8]
      [Update RS (ms): Min: 0.1, Avg: 0.8, Max: 1.1, Diff: 1.0, Sum: 3.2]
         [Processed Buffers: Min: 2, Avg: 10.0, Max: 20, Diff: 18, Sum: 40]
      [Scan RS (ms): Min: 1.2, Avg: 1.2, Max: 1.3, Diff: 0.2, Sum: 4.9]
      [Code Root Scanning (ms): Min: 0.0, Avg: 0.0, Max: 0.0, Diff: 0.0, Sum: 0.0]
      [Object Copy (ms): Min: 10.3, Avg: 10.6, Max: 11.3, Diff: 1.0, Sum: 42.5]
      [Termination (ms): Min: 0.0, Avg: 0.0, Max: 0.0, Diff: 0.0, Sum: 0.1]
         [Termination Attempts: Min: 1, Avg: 1.8, Max: 2, Diff: 1, Sum: 7]
      [GC Worker Other (ms): Min: 0.0, Avg: 0.1, Max: 0.2, Diff: 0.1, Sum: 0.2]
      [GC Worker Total (ms): Min: 13.6, Avg: 13.7, Max: 13.8, Diff: 0.1, Sum: 54.7]
      [GC Worker End (ms): Min: 167006408.4, Avg: 167006408.5, Max: 167006408.6, Diff: 0.1]
   [Code Root Fixup: 0.0 ms]
   [Code Root Purge: 0.0 ms]
   [Clear CT: 0.2 ms]
   [Other: 1.2 ms]
      [Choose CSet: 0.0 ms]
      [Ref Proc: 0.3 ms]
      [Ref Enq: 0.0 ms]
      [Redirty Cards: 0.2 ms]
      [Humongous Register: 0.3 ms]
      [Humongous Reclaim: 0.0 ms]
      [Free CSet: 0.1 ms]
   [Eden: 46080.0K(46080.0K)->0.0B(46080.0K) Survivors: 6144.0K->6144.0K Heap: 275.0M(1024.0M)->233.5M(1024.0M)]
 [Times: user=0.01 sys=0.00, real=0.01 secs] 
2021-03-18T13:45:19.826+0700: 167251.280: [GC pause (G1 Evacuation Pause) (young), 0.0222524 secs]
   [Parallel Time: 20.2 ms, GC Workers: 4]
      [GC Worker Start (ms): Min: 167251280.5, Avg: 167251280.7, Max: 167251281.0, Diff: 0.5]
      [Ext Root Scanning (ms): Min: 0.7, Avg: 1.2, Max: 1.6, Diff: 0.9, Sum: 4.6]
      [Update RS (ms): Min: 1.0, Avg: 1.4, Max: 1.5, Diff: 0.6, Sum: 5.5]
         [Processed Buffers: Min: 1, Avg: 10.2, Max: 36, Diff: 35, Sum: 41]
      [Scan RS (ms): Min: 3.0, Avg: 3.0, Max: 3.1, Diff: 0.1, Sum: 12.0]
      [Code Root Scanning (ms): Min: 0.0, Avg: 0.0, Max: 0.0, Diff: 0.0, Sum: 0.1]
      [Object Copy (ms): Min: 14.0, Avg: 14.1, Max: 14.1, Diff: 0.1, Sum: 56.2]
      [Termination (ms): Min: 0.0, Avg: 0.0, Max: 0.0, Diff: 0.0, Sum: 0.0]
         [Termination Attempts: Min: 1, Avg: 1.0, Max: 1, Diff: 0, Sum: 4]
      [GC Worker Other (ms): Min: 0.0, Avg: 0.1, Max: 0.3, Diff: 0.3, Sum: 0.5]
      [GC Worker Total (ms): Min: 19.4, Avg: 19.7, Max: 20.0, Diff: 0.6, Sum: 78.9]
      [GC Worker End (ms): Min: 167251300.4, Avg: 167251300.4, Max: 167251300.6, Diff: 0.2]
   [Code Root Fixup: 0.0 ms]
   [Code Root Purge: 0.0 ms]
   [Clear CT: 0.4 ms]
   [Other: 1.6 ms]
      [Choose CSet: 0.0 ms]
      [Ref Proc: 0.3 ms]
      [Ref Enq: 0.0 ms]
      [Redirty Cards: 0.2 ms]
      [Humongous Register: 0.4 ms]
      [Humongous Reclaim: 0.0 ms]
      [Free CSet: 0.1 ms]
   [Eden: 46080.0K(46080.0K)->0.0B(45056.0K) Survivors: 6144.0K->7168.0K Heap: 278.5M(1024.0M)->238.0M(1024.0M)]
 [Times: user=0.12 sys=0.00, real=0.03 secs] 
2021-03-18T13:49:43.385+0700: 167514.838: [GC pause (G1 Evacuation Pause) (young), 0.0300346 secs]
   [Parallel Time: 26.4 ms, GC Workers: 4]
      [GC Worker Start (ms): Min: 167514839.4, Avg: 167514839.6, Max: 167514839.7, Diff: 0.3]
      [Ext Root Scanning (ms): Min: 1.2, Avg: 1.4, Max: 1.6, Diff: 0.4, Sum: 5.7]
      [Update RS (ms): Min: 1.0, Avg: 1.5, Max: 1.9, Diff: 0.9, Sum: 5.9]
         [Processed Buffers: Min: 6, Avg: 10.5, Max: 21, Diff: 15, Sum: 42]
      [Scan RS (ms): Min: 5.8, Avg: 6.2, Max: 6.7, Diff: 0.9, Sum: 25.0]
      [Code Root Scanning (ms): Min: 0.0, Avg: 0.0, Max: 0.0, Diff: 0.0, Sum: 0.1]
      [Object Copy (ms): Min: 16.1, Avg: 16.6, Max: 17.2, Diff: 1.2, Sum: 66.5]
      [Termination (ms): Min: 0.0, Avg: 0.0, Max: 0.0, Diff: 0.0, Sum: 0.0]
         [Termination Attempts: Min: 1, Avg: 1.0, Max: 1, Diff: 0, Sum: 4]
      [GC Worker Other (ms): Min: 0.1, Avg: 0.1, Max: 0.1, Diff: 0.0, Sum: 0.3]
      [GC Worker Total (ms): Min: 25.8, Avg: 25.9, Max: 26.0, Diff: 0.3, Sum: 103.6]
      [GC Worker End (ms): Min: 167514865.5, Avg: 167514865.5, Max: 167514865.5, Diff: 0.0]
   [Code Root Fixup: 0.0 ms]
   [Code Root Purge: 0.0 ms]
   [Clear CT: 0.6 ms]
   [Other: 3.0 ms]
      [Choose CSet: 0.0 ms]
      [Ref Proc: 0.8 ms]
      [Ref Enq: 0.0 ms]
      [Redirty Cards: 0.4 ms]
      [Humongous Register: 0.8 ms]
      [Humongous Reclaim: 0.1 ms]
      [Free CSet: 0.3 ms]
   [Eden: 45056.0K(45056.0K)->0.0B(47104.0K) Survivors: 7168.0K->5120.0K Heap: 282.0M(1024.0M)->239.0M(1024.0M)]
 [Times: user=0.13 sys=0.00, real=0.03 secs] 
2021-03-18T14:14:55.684+0700: 169027.138: [GC pause (G1 Evacuation Pause) (young), 0.9632132 secs]
   [Parallel Time: 370.5 ms, GC Workers: 4]
      [GC Worker Start (ms): Min: 169027234.9, Avg: 169027357.5, Max: 169027460.6, Diff: 225.7]
      [Ext Root Scanning (ms): Min: 0.0, Avg: 0.7, Max: 2.7, Diff: 2.7, Sum: 3.0]
      [Update RS (ms): Min: 0.0, Avg: 2.2, Max: 8.9, Diff: 8.9, Sum: 8.9]
         [Processed Buffers: Min: 0, Avg: 11.5, Max: 46, Diff: 46, Sum: 46]
      [Scan RS (ms): Min: 0.0, Avg: 0.1, Max: 0.4, Diff: 0.4, Sum: 0.4]
      [Code Root Scanning (ms): Min: 0.0, Avg: 0.0, Max: 0.1, Diff: 0.1, Sum: 0.1]
      [Object Copy (ms): Min: 0.0, Avg: 31.1, Max: 121.1, Diff: 121.1, Sum: 124.5]
      [Termination (ms): Min: 0.0, Avg: 69.8, Max: 124.0, Diff: 124.0, Sum: 279.1]
         [Termination Attempts: Min: 1, Avg: 1.0, Max: 1, Diff: 0, Sum: 4]
      [GC Worker Other (ms): Min: 0.0, Avg: 0.0, Max: 0.0, Diff: 0.0, Sum: 0.1]
      [GC Worker Total (ms): Min: 0.1, Avg: 104.0, Max: 229.3, Diff: 229.3, Sum: 416.1]
      [GC Worker End (ms): Min: 169027460.6, Avg: 169027461.5, Max: 169027464.2, Diff: 3.6]
   [Code Root Fixup: 0.0 ms]
   [Code Root Purge: 0.0 ms]
   [Clear CT: 248.9 ms]
   [Other: 343.8 ms]
      [Choose CSet: 0.0 ms]
      [Ref Proc: 289.4 ms]
      [Ref Enq: 0.0 ms]
      [Redirty Cards: 53.2 ms]
      [Humongous Register: 0.6 ms]
      [Humongous Reclaim: 0.1 ms]
      [Free CSet: 0.1 ms]
   [Eden: 47104.0K(47104.0K)->0.0B(47104.0K) Survivors: 5120.0K->5120.0K Heap: 285.0M(1024.0M)->239.5M(1024.0M)]
 [Times: user=0.05 sys=0.00, real=0.97 secs] 
2021-03-18T14:19:05.291+0700: 169276.745: [GC pause (G1 Evacuation Pause) (young), 0.0286240 secs]
   [Parallel Time: 26.9 ms, GC Workers: 4]
      [GC Worker Start (ms): Min: 169276746.0, Avg: 169276746.1, Max: 169276746.2, Diff: 0.2]
      [Ext Root Scanning (ms): Min: 1.2, Avg: 1.3, Max: 1.3, Diff: 0.2, Sum: 5.0]
      [Update RS (ms): Min: 1.8, Avg: 1.9, Max: 2.1, Diff: 0.3, Sum: 7.6]
         [Processed Buffers: Min: 1, Avg: 11.2, Max: 22, Diff: 21, Sum: 45]
      [Scan RS (ms): Min: 0.8, Avg: 0.9, Max: 1.2, Diff: 0.4, Sum: 3.7]
      [Code Root Scanning (ms): Min: 0.0, Avg: 0.0, Max: 0.1, Diff: 0.1, Sum: 0.1]
      [Object Copy (ms): Min: 22.1, Avg: 22.3, Max: 22.4, Diff: 0.3, Sum: 89.0]
      [Termination (ms): Min: 0.0, Avg: 0.0, Max: 0.0, Diff: 0.0, Sum: 0.0]
         [Termination Attempts: Min: 1, Avg: 1.0, Max: 1, Diff: 0, Sum: 4]
      [GC Worker Other (ms): Min: 0.1, Avg: 0.1, Max: 0.1, Diff: 0.0, Sum: 0.2]
      [GC Worker Total (ms): Min: 26.3, Avg: 26.4, Max: 26.5, Diff: 0.2, Sum: 105.7]
      [GC Worker End (ms): Min: 169276772.5, Avg: 169276772.5, Max: 169276772.5, Diff: 0.0]
   [Code Root Fixup: 0.0 ms]
   [Code Root Purge: 0.0 ms]
   [Clear CT: 0.1 ms]
   [Other: 1.6 ms]
      [Choose CSet: 0.0 ms]
      [Ref Proc: 0.3 ms]
      [Ref Enq: 0.0 ms]
      [Redirty Cards: 0.1 ms]
      [Humongous Register: 0.6 ms]
      [Humongous Reclaim: 0.0 ms]
      [Free CSet: 0.1 ms]
   [Eden: 47104.0K(47104.0K)->0.0B(45056.0K) Survivors: 5120.0K->7168.0K Heap: 285.5M(1024.0M)->243.5M(1024.0M)]
 [Times: user=0.12 sys=0.00, real=0.03 secs] 
2021-03-18T14:23:31.576+0700: 169543.030: [GC pause (G1 Evacuation Pause) (young), 0.0373909 secs]
   [Parallel Time: 35.3 ms, GC Workers: 4]
      [GC Worker Start (ms): Min: 169543030.7, Avg: 169543039.9, Max: 169543065.5, Diff: 34.8]
      [Ext Root Scanning (ms): Min: 0.0, Avg: 2.2, Max: 4.3, Diff: 4.3, Sum: 8.9]
      [Update RS (ms): Min: 0.0, Avg: 2.9, Max: 5.3, Diff: 5.3, Sum: 11.7]
         [Processed Buffers: Min: 0, Avg: 10.0, Max: 23, Diff: 23, Sum: 40]
      [Scan RS (ms): Min: 0.0, Avg: 3.6, Max: 5.7, Diff: 5.7, Sum: 14.3]
      [Code Root Scanning (ms): Min: 0.0, Avg: 0.0, Max: 0.1, Diff: 0.1, Sum: 0.1]
      [Object Copy (ms): Min: 0.0, Avg: 16.7, Max: 22.6, Diff: 22.6, Sum: 66.7]
      [Termination (ms): Min: 0.0, Avg: 0.4, Max: 0.5, Diff: 0.5, Sum: 1.5]
         [Termination Attempts: Min: 1, Avg: 1.0, Max: 1, Diff: 0, Sum: 4]
      [GC Worker Other (ms): Min: 0.0, Avg: 0.0, Max: 0.1, Diff: 0.0, Sum: 0.2]
      [GC Worker Total (ms): Min: 0.1, Avg: 25.9, Max: 35.2, Diff: 35.1, Sum: 103.5]
      [GC Worker End (ms): Min: 169543065.6, Avg: 169543065.8, Max: 169543065.9, Diff: 0.3]
   [Code Root Fixup: 0.0 ms]
   [Code Root Purge: 0.0 ms]
   [Clear CT: 0.2 ms]
   [Other: 1.9 ms]
      [Choose CSet: 0.0 ms]
      [Ref Proc: 0.4 ms]
      [Ref Enq: 0.0 ms]
      [Redirty Cards: 0.2 ms]
      [Humongous Register: 0.7 ms]
      [Humongous Reclaim: 0.0 ms]
      [Free CSet: 0.1 ms]
   [Eden: 45056.0K(45056.0K)->0.0B(45056.0K) Survivors: 7168.0K->7168.0K Heap: 287.5M(1024.0M)->247.3M(1024.0M)]
 [Times: user=0.12 sys=0.02, real=0.04 secs] 
2021-03-18T14:27:58.621+0700: 169810.074: [GC pause (G1 Evacuation Pause) (young), 0.0188183 secs]
   [Parallel Time: 17.2 ms, GC Workers: 4]
      [GC Worker Start (ms): Min: 169810074.6, Avg: 169810074.7, Max: 169810074.8, Diff: 0.1]
      [Ext Root Scanning (ms): Min: 0.6, Avg: 0.7, Max: 0.8, Diff: 0.2, Sum: 2.7]
      [Update RS (ms): Min: 0.8, Avg: 1.0, Max: 1.1, Diff: 0.3, Sum: 3.9]
         [Processed Buffers: Min: 1, Avg: 10.0, Max: 21, Diff: 20, Sum: 40]
      [Scan RS (ms): Min: 1.3, Avg: 1.5, Max: 1.6, Diff: 0.3, Sum: 5.9]
      [Code Root Scanning (ms): Min: 0.0, Avg: 0.0, Max: 0.0, Diff: 0.0, Sum: 0.1]
      [Object Copy (ms): Min: 13.8, Avg: 13.8, Max: 13.9, Diff: 0.1, Sum: 55.4]
      [Termination (ms): Min: 0.0, Avg: 0.0, Max: 0.0, Diff: 0.0, Sum: 0.0]
         [Termination Attempts: Min: 1, Avg: 1.2, Max: 2, Diff: 1, Sum: 5]
      [GC Worker Other (ms): Min: 0.0, Avg: 0.0, Max: 0.0, Diff: 0.0, Sum: 0.1]
      [GC Worker Total (ms): Min: 16.9, Avg: 17.0, Max: 17.1, Diff: 0.1, Sum: 68.0]
      [GC Worker End (ms): Min: 169810091.7, Avg: 169810091.7, Max: 169810091.7, Diff: 0.0]
   [Code Root Fixup: 0.0 ms]
   [Code Root Purge: 0.0 ms]
   [Clear CT: 0.2 ms]
   [Other: 1.4 ms]
      [Choose CSet: 0.0 ms]
      [Ref Proc: 0.4 ms]
      [Ref Enq: 0.0 ms]
      [Redirty Cards: 0.2 ms]
      [Humongous Register: 0.3 ms]
      [Humongous Reclaim: 0.1 ms]
      [Free CSet: 0.1 ms]
   [Eden: 45056.0K(45056.0K)->0.0B(46080.0K) Survivors: 7168.0K->6144.0K Heap: 291.3M(1024.0M)->253.0M(1024.0M)]
 [Times: user=0.06 sys=0.00, real=0.02 secs] 
2021-03-18T14:32:31.398+0700: 170082.851: [GC pause (G1 Evacuation Pause) (young), 0.0270390 secs]
   [Parallel Time: 25.5 ms, GC Workers: 4]
      [GC Worker Start (ms): Min: 170082851.9, Avg: 170082852.0, Max: 170082852.3, Diff: 0.4]
      [Ext Root Scanning (ms): Min: 1.3, Avg: 1.5, Max: 1.7, Diff: 0.4, Sum: 6.0]
      [Update RS (ms): Min: 2.2, Avg: 2.5, Max: 3.2, Diff: 1.1, Sum: 10.2]
         [Processed Buffers: Min: 2, Avg: 10.2, Max: 21, Diff: 19, Sum: 41]
      [Scan RS (ms): Min: 2.8, Avg: 3.3, Max: 3.6, Diff: 0.9, Sum: 13.3]
      [Code Root Scanning (ms): Min: 0.0, Avg: 0.1, Max: 0.1, Diff: 0.1, Sum: 0.2]
      [Object Copy (ms): Min: 17.4, Avg: 17.5, Max: 17.6, Diff: 0.3, Sum: 70.1]
      [Termination (ms): Min: 0.0, Avg: 0.0, Max: 0.0, Diff: 0.0, Sum: 0.0]
         [Termination Attempts: Min: 1, Avg: 1.0, Max: 1, Diff: 0, Sum: 4]
      [GC Worker Other (ms): Min: 0.0, Avg: 0.1, Max: 0.1, Diff: 0.0, Sum: 0.2]
      [GC Worker Total (ms): Min: 24.8, Avg: 25.0, Max: 25.2, Diff: 0.4, Sum: 100.1]
      [GC Worker End (ms): Min: 170082877.0, Avg: 170082877.0, Max: 170082877.0, Diff: 0.0]
   [Code Root Fixup: 0.0 ms]
   [Code Root Purge: 0.0 ms]
   [Clear CT: 0.3 ms]
   [Other: 1.3 ms]
      [Choose CSet: 0.0 ms]
      [Ref Proc: 0.4 ms]
      [Ref Enq: 0.0 ms]
      [Redirty Cards: 0.3 ms]
      [Humongous Register: 0.1 ms]
      [Humongous Reclaim: 0.0 ms]
      [Free CSet: 0.1 ms]
   [Eden: 46080.0K(46080.0K)->0.0B(46080.0K) Survivors: 6144.0K->6144.0K Heap: 298.0M(1024.0M)->257.0M(1024.0M)]
 [Times: user=0.06 sys=0.00, real=0.02 secs] 
2021-03-18T14:37:04.089+0700: 170355.542: [GC pause (G1 Evacuation Pause) (young), 0.0318263 secs]
   [Parallel Time: 29.7 ms, GC Workers: 4]
      [GC Worker Start (ms): Min: 170355543.4, Avg: 170355543.6, Max: 170355543.6, Diff: 0.2]
      [Ext Root Scanning (ms): Min: 1.1, Avg: 1.3, Max: 1.5, Diff: 0.3, Sum: 5.1]
      [Update RS (ms): Min: 2.0, Avg: 2.1, Max: 2.4, Diff: 0.4, Sum: 8.3]
         [Processed Buffers: Min: 5, Avg: 10.2, Max: 24, Diff: 19, Sum: 41]
      [Scan RS (ms): Min: 2.9, Avg: 3.2, Max: 3.7, Diff: 0.8, Sum: 13.0]
      [Code Root Scanning (ms): Min: 0.0, Avg: 0.0, Max: 0.0, Diff: 0.0, Sum: 0.1]
      [Object Copy (ms): Min: 22.1, Avg: 22.5, Max: 22.8, Diff: 0.7, Sum: 89.9]
      [Termination (ms): Min: 0.0, Avg: 0.0, Max: 0.0, Diff: 0.0, Sum: 0.0]
         [Termination Attempts: Min: 1, Avg: 1.0, Max: 1, Diff: 0, Sum: 4]
      [GC Worker Other (ms): Min: 0.1, Avg: 0.1, Max: 0.1, Diff: 0.0, Sum: 0.2]
      [GC Worker Total (ms): Min: 29.1, Avg: 29.2, Max: 29.3, Diff: 0.2, Sum: 116.7]
      [GC Worker End (ms): Min: 170355572.7, Avg: 170355572.7, Max: 170355572.7, Diff: 0.0]
   [Code Root Fixup: 0.0 ms]
   [Code Root Purge: 0.0 ms]
   [Clear CT: 0.1 ms]
   [Other: 2.0 ms]
      [Choose CSet: 0.0 ms]
      [Ref Proc: 0.4 ms]
      [Ref Enq: 0.0 ms]
      [Redirty Cards: 0.1 ms]
      [Humongous Register: 0.7 ms]
      [Humongous Reclaim: 0.1 ms]
      [Free CSet: 0.1 ms]
   [Eden: 46080.0K(46080.0K)->0.0B(46080.0K) Survivors: 6144.0K->6144.0K Heap: 302.0M(1024.0M)->261.5M(1024.0M)]
 [Times: user=0.11 sys=0.00, real=0.03 secs] 
2021-03-18T14:41:29.025+0700: 170620.478: [GC pause (G1 Evacuation Pause) (young), 0.0355537 secs]
   [Parallel Time: 33.6 ms, GC Workers: 4]
      [GC Worker Start (ms): Min: 170620479.3, Avg: 170620479.4, Max: 170620479.5, Diff: 0.2]
      [Ext Root Scanning (ms): Min: 1.2, Avg: 1.2, Max: 1.3, Diff: 0.1, Sum: 4.9]
      [Update RS (ms): Min: 1.6, Avg: 1.8, Max: 2.5, Diff: 0.9, Sum: 7.3]
         [Processed Buffers: Min: 2, Avg: 10.0, Max: 21, Diff: 19, Sum: 40]
      [Scan RS (ms): Min: 3.1, Avg: 3.2, Max: 3.3, Diff: 0.3, Sum: 12.9]
      [Code Root Scanning (ms): Min: 0.0, Avg: 0.0, Max: 0.0, Diff: 0.0, Sum: 0.1]
      [Object Copy (ms): Min: 26.2, Avg: 26.7, Max: 26.9, Diff: 0.7, Sum: 106.7]
      [Termination (ms): Min: 0.0, Avg: 0.2, Max: 0.4, Diff: 0.4, Sum: 0.9]
         [Termination Attempts: Min: 1, Avg: 1.8, Max: 3, Diff: 2, Sum: 7]
      [GC Worker Other (ms): Min: 0.0, Avg: 0.1, Max: 0.1, Diff: 0.0, Sum: 0.2]
      [GC Worker Total (ms): Min: 33.1, Avg: 33.3, Max: 33.5, Diff: 0.4, Sum: 133.1]
      [GC Worker End (ms): Min: 170620512.6, Avg: 170620512.7, Max: 170620512.8, Diff: 0.2]
   [Code Root Fixup: 0.0 ms]
   [Code Root Purge: 0.0 ms]
   [Clear CT: 0.2 ms]
   [Other: 1.8 ms]
      [Choose CSet: 0.0 ms]
      [Ref Proc: 0.3 ms]
      [Ref Enq: 0.0 ms]
      [Redirty Cards: 0.2 ms]
      [Humongous Register: 0.7 ms]
      [Humongous Reclaim: 0.1 ms]
      [Free CSet: 0.1 ms]
   [Eden: 46080.0K(46080.0K)->0.0B(45056.0K) Survivors: 6144.0K->7168.0K Heap: 306.5M(1024.0M)->266.5M(1024.0M)]
 [Times: user=0.11 sys=0.00, real=0.04 secs] 
2021-03-18T14:45:31.877+0700: 170863.331: [GC pause (G1 Evacuation Pause) (young), 0.0293944 secs]
   [Parallel Time: 27.0 ms, GC Workers: 4]
      [GC Worker Start (ms): Min: 170863332.2, Avg: 170863332.3, Max: 170863332.4, Diff: 0.2]
      [Ext Root Scanning (ms): Min: 1.9, Avg: 2.5, Max: 3.7, Diff: 1.9, Sum: 10.1]
      [Update RS (ms): Min: 1.3, Avg: 2.1, Max: 2.5, Diff: 1.2, Sum: 8.4]
         [Processed Buffers: Min: 2, Avg: 10.2, Max: 19, Diff: 17, Sum: 41]
      [Scan RS (ms): Min: 3.4, Avg: 3.7, Max: 4.1, Diff: 0.7, Sum: 14.8]
      [Code Root Scanning (ms): Min: 0.0, Avg: 0.0, Max: 0.1, Diff: 0.1, Sum: 0.1]
      [Object Copy (ms): Min: 17.3, Avg: 17.6, Max: 17.8, Diff: 0.6, Sum: 70.4]
      [Termination (ms): Min: 0.0, Avg: 0.0, Max: 0.0, Diff: 0.0, Sum: 0.0]
         [Termination Attempts: Min: 1, Avg: 1.0, Max: 1, Diff: 0, Sum: 4]
      [GC Worker Other (ms): Min: 0.1, Avg: 0.2, Max: 0.4, Diff: 0.4, Sum: 1.0]
      [GC Worker Total (ms): Min: 26.0, Avg: 26.2, Max: 26.6, Diff: 0.6, Sum: 104.8]
      [GC Worker End (ms): Min: 170863358.4, Avg: 170863358.5, Max: 170863358.7, Diff: 0.4]
   [Code Root Fixup: 0.0 ms]
   [Code Root Purge: 0.0 ms]
   [Clear CT: 0.4 ms]
   [Other: 2.0 ms]
      [Choose CSet: 0.0 ms]
      [Ref Proc: 0.3 ms]
      [Ref Enq: 0.0 ms]
      [Redirty Cards: 0.3 ms]
      [Humongous Register: 0.7 ms]
      [Humongous Reclaim: 0.0 ms]
      [Free CSet: 0.1 ms]
   [Eden: 45056.0K(45056.0K)->0.0B(46080.0K) Survivors: 7168.0K->6144.0K Heap: 310.5M(1024.0M)->269.5M(1024.0M)]
 [Times: user=0.07 sys=0.00, real=0.03 secs] 
2021-03-18T14:50:03.831+0700: 171135.284: [GC pause (G1 Evacuation Pause) (young), 0.0208570 secs]
   [Parallel Time: 16.3 ms, GC Workers: 4]
      [GC Worker Start (ms): Min: 171135286.6, Avg: 171135291.8, Max: 171135301.9, Diff: 15.3]
      [Ext Root Scanning (ms): Min: 0.0, Avg: 0.6, Max: 1.3, Diff: 1.2, Sum: 2.4]
      [Update RS (ms): Min: 0.0, Avg: 0.6, Max: 1.3, Diff: 1.3, Sum: 2.5]
         [Processed Buffers: Min: 0, Avg: 10.0, Max: 31, Diff: 31, Sum: 40]
      [Scan RS (ms): Min: 0.0, Avg: 1.3, Max: 2.1, Diff: 2.1, Sum: 5.2]
      [Code Root Scanning (ms): Min: 0.0, Avg: 0.0, Max: 0.0, Diff: 0.0, Sum: 0.1]
      [Object Copy (ms): Min: 0.0, Avg: 7.0, Max: 9.6, Diff: 9.6, Sum: 28.2]
      [Termination (ms): Min: 0.0, Avg: 0.6, Max: 0.8, Diff: 0.8, Sum: 2.4]
         [Termination Attempts: Min: 1, Avg: 1.2, Max: 2, Diff: 1, Sum: 5]
      [GC Worker Other (ms): Min: 0.0, Avg: 0.3, Max: 1.1, Diff: 1.0, Sum: 1.1]
      [GC Worker Total (ms): Min: 0.1, Avg: 10.5, Max: 15.7, Diff: 15.6, Sum: 41.9]
      [GC Worker End (ms): Min: 171135302.0, Avg: 171135302.2, Max: 171135302.3, Diff: 0.3]
   [Code Root Fixup: 0.0 ms]
   [Code Root Purge: 0.0 ms]
   [Clear CT: 1.0 ms]
   [Other: 3.6 ms]
      [Choose CSet: 0.0 ms]
      [Ref Proc: 1.2 ms]
      [Ref Enq: 0.0 ms]
      [Redirty Cards: 0.1 ms]
      [Humongous Register: 1.7 ms]
      [Humongous Reclaim: 0.1 ms]
      [Free CSet: 0.1 ms]
   [Eden: 46080.0K(46080.0K)->0.0B(47104.0K) Survivors: 6144.0K->5120.0K Heap: 314.5M(1024.0M)->271.5M(1024.0M)]
 [Times: user=0.05 sys=0.00, real=0.02 secs] 
2021-03-18T14:54:41.792+0700: 171413.245: [GC pause (G1 Evacuation Pause) (young), 0.0370242 secs]
   [Parallel Time: 35.5 ms, GC Workers: 4]
      [GC Worker Start (ms): Min: 171413245.9, Avg: 171413246.0, Max: 171413246.1, Diff: 0.2]
      [Ext Root Scanning (ms): Min: 1.2, Avg: 1.3, Max: 1.4, Diff: 0.2, Sum: 5.1]
      [Update RS (ms): Min: 2.3, Avg: 2.6, Max: 2.7, Diff: 0.4, Sum: 10.4]
         [Processed Buffers: Min: 6, Avg: 10.0, Max: 16, Diff: 10, Sum: 40]
      [Scan RS (ms): Min: 0.8, Avg: 0.9, Max: 1.0, Diff: 0.2, Sum: 3.6]
      [Code Root Scanning (ms): Min: 0.0, Avg: 0.0, Max: 0.1, Diff: 0.1, Sum: 0.1]
      [Object Copy (ms): Min: 29.7, Avg: 30.0, Max: 30.4, Diff: 0.7, Sum: 119.8]
      [Termination (ms): Min: 0.0, Avg: 0.3, Max: 0.5, Diff: 0.5, Sum: 1.0]
         [Termination Attempts: Min: 1, Avg: 1.0, Max: 1, Diff: 0, Sum: 4]
      [GC Worker Other (ms): Min: 0.0, Avg: 0.1, Max: 0.1, Diff: 0.0, Sum: 0.2]
      [GC Worker Total (ms): Min: 34.9, Avg: 35.1, Max: 35.2, Diff: 0.3, Sum: 140.3]
      [GC Worker End (ms): Min: 171413280.9, Avg: 171413281.1, Max: 171413281.3, Diff: 0.4]
   [Code Root Fixup: 0.0 ms]
   [Code Root Purge: 0.0 ms]
   [Clear CT: 0.2 ms]
   [Other: 1.4 ms]
      [Choose CSet: 0.0 ms]
      [Ref Proc: 0.6 ms]
      [Ref Enq: 0.0 ms]
      [Redirty Cards: 0.1 ms]
      [Humongous Register: 0.2 ms]
      [Humongous Reclaim: 0.1 ms]
      [Free CSet: 0.1 ms]
   [Eden: 47104.0K(47104.0K)->0.0B(45056.0K) Survivors: 5120.0K->7168.0K Heap: 317.5M(1024.0M)->273.5M(1024.0M)]
 [Times: user=0.11 sys=0.00, real=0.04 secs] 
2021-03-18T14:59:07.219+0700: 171678.673: [GC pause (G1 Evacuation Pause) (young), 0.0209028 secs]
   [Parallel Time: 19.2 ms, GC Workers: 4]
      [GC Worker Start (ms): Min: 171678673.2, Avg: 171678676.9, Max: 171678687.0, Diff: 13.8]
      [Ext Root Scanning (ms): Min: 0.0, Avg: 1.0, Max: 1.6, Diff: 1.6, Sum: 4.0]
      [Update RS (ms): Min: 0.0, Avg: 0.6, Max: 0.9, Diff: 0.9, Sum: 2.4]
         [Processed Buffers: Min: 0, Avg: 10.0, Max: 25, Diff: 25, Sum: 40]
      [Scan RS (ms): Min: 0.0, Avg: 0.5, Max: 0.7, Diff: 0.7, Sum: 1.8]
      [Code Root Scanning (ms): Min: 0.0, Avg: 0.0, Max: 0.0, Diff: 0.0, Sum: 0.1]
      [Object Copy (ms): Min: 4.8, Avg: 12.9, Max: 15.8, Diff: 11.0, Sum: 51.7]
      [Termination (ms): Min: 0.0, Avg: 0.0, Max: 0.0, Diff: 0.0, Sum: 0.0]
         [Termination Attempts: Min: 1, Avg: 1.0, Max: 1, Diff: 0, Sum: 4]
      [GC Worker Other (ms): Min: 0.0, Avg: 0.3, Max: 0.5, Diff: 0.5, Sum: 1.1]
      [GC Worker Total (ms): Min: 5.3, Avg: 15.3, Max: 19.0, Diff: 13.6, Sum: 61.1]
      [GC Worker End (ms): Min: 171678691.9, Avg: 171678692.1, Max: 171678692.4, Diff: 0.5]
   [Code Root Fixup: 0.0 ms]
   [Code Root Purge: 0.0 ms]
   [Clear CT: 0.2 ms]
   [Other: 1.5 ms]
      [Choose CSet: 0.0 ms]
      [Ref Proc: 0.4 ms]
      [Ref Enq: 0.0 ms]
      [Redirty Cards: 0.3 ms]
      [Humongous Register: 0.3 ms]
      [Humongous Reclaim: 0.1 ms]
      [Free CSet: 0.1 ms]
   [Eden: 45056.0K(45056.0K)->0.0B(47104.0K) Survivors: 7168.0K->5120.0K Heap: 317.5M(1024.0M)->277.8M(1024.0M)]
 [Times: user=0.10 sys=0.00, real=0.02 secs] 
2021-03-18T15:03:45.995+0700: 171957.448: [GC pause (G1 Evacuation Pause) (young), 0.0527176 secs]
   [Parallel Time: 49.1 ms, GC Workers: 4]
      [GC Worker Start (ms): Min: 171957449.5, Avg: 171957451.7, Max: 171957457.0, Diff: 7.5]
      [Ext Root Scanning (ms): Min: 0.1, Avg: 8.9, Max: 27.4, Diff: 27.3, Sum: 35.7]
      [Update RS (ms): Min: 0.0, Avg: 3.7, Max: 8.5, Diff: 8.5, Sum: 14.8]
         [Processed Buffers: Min: 0, Avg: 9.8, Max: 22, Diff: 22, Sum: 39]
      [Scan RS (ms): Min: 0.0, Avg: 6.9, Max: 10.9, Diff: 10.9, Sum: 27.7]
      [Code Root Scanning (ms): Min: 0.0, Avg: 0.0, Max: 0.1, Diff: 0.1, Sum: 0.1]
      [Object Copy (ms): Min: 20.0, Avg: 25.6, Max: 27.9, Diff: 7.9, Sum: 102.4]
      [Termination (ms): Min: 0.0, Avg: 0.0, Max: 0.0, Diff: 0.0, Sum: 0.0]
         [Termination Attempts: Min: 1, Avg: 1.5, Max: 3, Diff: 2, Sum: 6]
      [GC Worker Other (ms): Min: 0.1, Avg: 0.4, Max: 1.5, Diff: 1.5, Sum: 1.7]
      [GC Worker Total (ms): Min: 39.9, Avg: 45.6, Max: 48.9, Diff: 8.9, Sum: 182.6]
      [GC Worker End (ms): Min: 171957497.0, Avg: 171957497.3, Max: 171957498.4, Diff: 1.4]
   [Code Root Fixup: 0.0 ms]
   [Code Root Purge: 0.0 ms]
   [Clear CT: 0.2 ms]
   [Other: 3.4 ms]
      [Choose CSet: 0.0 ms]
      [Ref Proc: 1.5 ms]
      [Ref Enq: 0.0 ms]
      [Redirty Cards: 0.2 ms]
      [Humongous Register: 1.0 ms]
      [Humongous Reclaim: 0.1 ms]
      [Free CSet: 0.1 ms]
   [Eden: 47104.0K(47104.0K)->0.0B(47104.0K) Survivors: 5120.0K->5120.0K Heap: 323.8M(1024.0M)->282.0M(1024.0M)]
 [Times: user=0.11 sys=0.00, real=0.06 secs] 
2021-03-18T15:08:23.522+0700: 172234.976: [GC pause (G1 Evacuation Pause) (young), 0.0452223 secs]
   [Parallel Time: 42.5 ms, GC Workers: 4]
      [GC Worker Start (ms): Min: 172234976.6, Avg: 172234976.7, Max: 172234976.8, Diff: 0.1]
      [Ext Root Scanning (ms): Min: 1.3, Avg: 1.3, Max: 1.4, Diff: 0.2, Sum: 5.4]
      [Update RS (ms): Min: 1.9, Avg: 2.5, Max: 3.3, Diff: 1.5, Sum: 9.9]
         [Processed Buffers: Min: 2, Avg: 10.0, Max: 17, Diff: 15, Sum: 40]
      [Scan RS (ms): Min: 3.6, Avg: 7.1, Max: 15.7, Diff: 12.1, Sum: 28.6]
      [Code Root Scanning (ms): Min: 0.0, Avg: 0.0, Max: 0.1, Diff: 0.1, Sum: 0.1]
      [Object Copy (ms): Min: 23.1, Avg: 31.0, Max: 33.9, Diff: 10.8, Sum: 124.2]
      [Termination (ms): Min: 0.0, Avg: 0.0, Max: 0.0, Diff: 0.0, Sum: 0.0]
         [Termination Attempts: Min: 1, Avg: 1.0, Max: 1, Diff: 0, Sum: 4]
      [GC Worker Other (ms): Min: 0.1, Avg: 0.1, Max: 0.2, Diff: 0.2, Sum: 0.4]
      [GC Worker Total (ms): Min: 42.0, Avg: 42.1, Max: 42.3, Diff: 0.3, Sum: 168.5]
      [GC Worker End (ms): Min: 172235018.8, Avg: 172235018.8, Max: 172235019.0, Diff: 0.2]
   [Code Root Fixup: 0.0 ms]
   [Code Root Purge: 0.0 ms]
   [Clear CT: 0.2 ms]
   [Other: 2.5 ms]
      [Choose CSet: 0.0 ms]
      [Ref Proc: 0.4 ms]
      [Ref Enq: 0.0 ms]
      [Redirty Cards: 0.4 ms]
      [Humongous Register: 0.7 ms]
      [Humongous Reclaim: 0.0 ms]
      [Free CSet: 0.1 ms]
   [Eden: 47104.0K(47104.0K)->0.0B(46080.0K) Survivors: 5120.0K->6144.0K Heap: 328.0M(1024.0M)->287.0M(1024.0M)]
 [Times: user=0.16 sys=0.00, real=0.05 secs] 
2021-03-18T15:12:58.893+0700: 172510.346: [GC pause (G1 Evacuation Pause) (young), 0.0458158 secs]
   [Parallel Time: 42.8 ms, GC Workers: 4]
      [GC Worker Start (ms): Min: 172510348.0, Avg: 172510348.1, Max: 172510348.4, Diff: 0.4]
      [Ext Root Scanning (ms): Min: 1.7, Avg: 2.0, Max: 2.2, Diff: 0.5, Sum: 7.9]
      [Update RS (ms): Min: 0.0, Avg: 2.9, Max: 6.0, Diff: 6.0, Sum: 11.6]
         [Processed Buffers: Min: 0, Avg: 9.5, Max: 23, Diff: 23, Sum: 38]
      [Scan RS (ms): Min: 0.0, Avg: 3.9, Max: 6.5, Diff: 6.4, Sum: 15.6]
      [Code Root Scanning (ms): Min: 0.0, Avg: 0.0, Max: 0.1, Diff: 0.1, Sum: 0.2]
      [Object Copy (ms): Min: 30.3, Avg: 33.0, Max: 39.9, Diff: 9.6, Sum: 131.9]
      [Termination (ms): Min: 0.0, Avg: 0.3, Max: 0.4, Diff: 0.4, Sum: 1.2]
         [Termination Attempts: Min: 1, Avg: 1.2, Max: 2, Diff: 1, Sum: 5]
      [GC Worker Other (ms): Min: 0.0, Avg: 0.2, Max: 0.5, Diff: 0.4, Sum: 0.7]
      [GC Worker Total (ms): Min: 42.0, Avg: 42.3, Max: 42.4, Diff: 0.4, Sum: 169.1]
      [GC Worker End (ms): Min: 172510390.3, Avg: 172510390.4, Max: 172510390.5, Diff: 0.2]
   [Code Root Fixup: 0.0 ms]
   [Code Root Purge: 0.0 ms]
   [Clear CT: 0.2 ms]
   [Other: 2.8 ms]
      [Choose CSet: 0.0 ms]
      [Ref Proc: 0.7 ms]
      [Ref Enq: 0.0 ms]
      [Redirty Cards: 0.2 ms]
      [Humongous Register: 1.0 ms]
      [Humongous Reclaim: 0.0 ms]
      [Free CSet: 0.1 ms]
   [Eden: 46080.0K(46080.0K)->0.0B(46080.0K) Survivors: 6144.0K->6144.0K Heap: 332.0M(1024.0M)->292.0M(1024.0M)]
 [Times: user=0.12 sys=0.00, real=0.05 secs] 
2021-03-18T15:17:30.351+0700: 172781.805: [GC pause (G1 Evacuation Pause) (young), 0.0411621 secs]
   [Parallel Time: 38.6 ms, GC Workers: 4]
      [GC Worker Start (ms): Min: 172781806.0, Avg: 172781813.7, Max: 172781836.2, Diff: 30.2]
      [Ext Root Scanning (ms): Min: 0.1, Avg: 1.4, Max: 2.2, Diff: 2.1, Sum: 5.6]
      [Update RS (ms): Min: 0.0, Avg: 1.5, Max: 2.1, Diff: 2.1, Sum: 6.0]
         [Processed Buffers: Min: 0, Avg: 9.2, Max: 28, Diff: 28, Sum: 37]
      [Scan RS (ms): Min: 0.0, Avg: 6.4, Max: 8.8, Diff: 8.8, Sum: 25.7]
      [Code Root Scanning (ms): Min: 0.0, Avg: 0.0, Max: 0.1, Diff: 0.1, Sum: 0.1]
      [Object Copy (ms): Min: 7.5, Avg: 20.6, Max: 25.4, Diff: 17.9, Sum: 82.5]
      [Termination (ms): Min: 0.0, Avg: 0.5, Max: 0.7, Diff: 0.7, Sum: 2.0]
         [Termination Attempts: Min: 1, Avg: 1.0, Max: 1, Diff: 0, Sum: 4]
      [GC Worker Other (ms): Min: 0.0, Avg: 0.1, Max: 0.1, Diff: 0.0, Sum: 0.2]
      [GC Worker Total (ms): Min: 8.2, Avg: 30.6, Max: 38.4, Diff: 30.2, Sum: 122.2]
      [GC Worker End (ms): Min: 172781843.9, Avg: 172781844.3, Max: 172781844.4, Diff: 0.5]
   [Code Root Fixup: 0.0 ms]
   [Code Root Purge: 0.0 ms]
   [Clear CT: 0.3 ms]
   [Other: 2.3 ms]
      [Choose CSet: 0.0 ms]
      [Ref Proc: 0.6 ms]
      [Ref Enq: 0.0 ms]
      [Redirty Cards: 0.3 ms]
      [Humongous Register: 0.8 ms]
      [Humongous Reclaim: 0.0 ms]
      [Free CSet: 0.1 ms]
   [Eden: 46080.0K(46080.0K)->0.0B(46080.0K) Survivors: 6144.0K->6144.0K Heap: 337.0M(1024.0M)->296.5M(1024.0M)]
 [Times: user=0.08 sys=0.00, real=0.04 secs] 
2021-03-18T15:22:01.795+0700: 173053.249: [GC pause (G1 Evacuation Pause) (young), 0.0457903 secs]
   [Parallel Time: 43.4 ms, GC Workers: 4]
      [GC Worker Start (ms): Min: 173053249.4, Avg: 173053249.5, Max: 173053249.6, Diff: 0.2]
      [Ext Root Scanning (ms): Min: 1.2, Avg: 1.8, Max: 3.3, Diff: 2.1, Sum: 7.3]
      [Update RS (ms): Min: 0.0, Avg: 2.5, Max: 5.8, Diff: 5.8, Sum: 9.8]
         [Processed Buffers: Min: 0, Avg: 9.8, Max: 27, Diff: 27, Sum: 39]
      [Scan RS (ms): Min: 2.7, Avg: 5.3, Max: 7.0, Diff: 4.3, Sum: 21.1]
      [Code Root Scanning (ms): Min: 0.0, Avg: 0.1, Max: 0.1, Diff: 0.1, Sum: 0.3]
      [Object Copy (ms): Min: 32.6, Avg: 33.3, Max: 34.5, Diff: 1.9, Sum: 133.3]
      [Termination (ms): Min: 0.0, Avg: 0.2, Max: 0.2, Diff: 0.2, Sum: 0.7]
         [Termination Attempts: Min: 1, Avg: 1.2, Max: 2, Diff: 1, Sum: 5]
      [GC Worker Other (ms): Min: 0.0, Avg: 0.0, Max: 0.1, Diff: 0.0, Sum: 0.2]
      [GC Worker Total (ms): Min: 43.1, Avg: 43.2, Max: 43.3, Diff: 0.2, Sum: 172.7]
      [GC Worker End (ms): Min: 173053292.7, Avg: 173053292.7, Max: 173053292.7, Diff: 0.0]
   [Code Root Fixup: 0.0 ms]
   [Code Root Purge: 0.0 ms]
   [Clear CT: 1.0 ms]
   [Other: 1.4 ms]
      [Choose CSet: 0.0 ms]
      [Ref Proc: 0.4 ms]
      [Ref Enq: 0.0 ms]
      [Redirty Cards: 0.2 ms]
      [Humongous Register: 0.1 ms]
      [Humongous Reclaim: 0.1 ms]
      [Free CSet: 0.2 ms]
   [Eden: 46080.0K(46080.0K)->0.0B(47104.0K) Survivors: 6144.0K->5120.0K Heap: 341.5M(1024.0M)->300.0M(1024.0M)]
 [Times: user=0.14 sys=0.00, real=0.05 secs] 
2021-03-18T15:26:39.534+0700: 173330.988: [GC pause (G1 Evacuation Pause) (young), 0.0391280 secs]
   [Parallel Time: 36.2 ms, GC Workers: 4]
      [GC Worker Start (ms): Min: 173330988.7, Avg: 173331000.1, Max: 173331024.2, Diff: 35.5]
      [Ext Root Scanning (ms): Min: 0.1, Avg: 1.2, Max: 2.5, Diff: 2.5, Sum: 4.9]
      [Update RS (ms): Min: 0.0, Avg: 1.4, Max: 3.0, Diff: 3.0, Sum: 5.7]
         [Processed Buffers: Min: 0, Avg: 9.2, Max: 28, Diff: 28, Sum: 37]
      [Scan RS (ms): Min: 0.0, Avg: 3.6, Max: 6.5, Diff: 6.5, Sum: 14.3]
      [Code Root Scanning (ms): Min: 0.0, Avg: 0.0, Max: 0.1, Diff: 0.1, Sum: 0.1]
      [Object Copy (ms): Min: 0.0, Avg: 17.5, Max: 23.5, Diff: 23.5, Sum: 70.1]
      [Termination (ms): Min: 0.0, Avg: 0.7, Max: 0.9, Diff: 0.9, Sum: 2.8]
         [Termination Attempts: Min: 1, Avg: 1.0, Max: 1, Diff: 0, Sum: 4]
      [GC Worker Other (ms): Min: 0.0, Avg: 0.0, Max: 0.1, Diff: 0.0, Sum: 0.2]
      [GC Worker Total (ms): Min: 0.1, Avg: 24.5, Max: 36.1, Diff: 36.0, Sum: 98.1]
      [GC Worker End (ms): Min: 173331024.3, Avg: 173331024.7, Max: 173331024.8, Diff: 0.5]
   [Code Root Fixup: 0.0 ms]
   [Code Root Purge: 0.0 ms]
   [Clear CT: 0.2 ms]
   [Other: 2.7 ms]
      [Choose CSet: 0.0 ms]
      [Ref Proc: 1.0 ms]
      [Ref Enq: 0.0 ms]
      [Redirty Cards: 0.3 ms]
      [Humongous Register: 0.6 ms]
      [Humongous Reclaim: 0.1 ms]
      [Free CSet: 0.1 ms]
   [Eden: 47104.0K(47104.0K)->0.0B(46080.0K) Survivors: 5120.0K->6144.0K Heap: 346.0M(1024.0M)->304.5M(1024.0M)]
 [Times: user=0.09 sys=0.00, real=0.04 secs] 
2021-03-18T15:31:02.220+0700: 173593.674: [GC pause (G1 Evacuation Pause) (young), 0.0181721 secs]
   [Parallel Time: 16.7 ms, GC Workers: 4]
      [GC Worker Start (ms): Min: 173593674.4, Avg: 173593674.4, Max: 173593674.5, Diff: 0.1]
      [Ext Root Scanning (ms): Min: 0.7, Avg: 0.8, Max: 0.9, Diff: 0.2, Sum: 3.0]
      [Update RS (ms): Min: 1.1, Avg: 1.2, Max: 1.3, Diff: 0.2, Sum: 4.9]
         [Processed Buffers: Min: 1, Avg: 10.5, Max: 27, Diff: 26, Sum: 42]
      [Scan RS (ms): Min: 1.7, Avg: 1.8, Max: 1.9, Diff: 0.2, Sum: 7.1]
      [Code Root Scanning (ms): Min: 0.0, Avg: 0.0, Max: 0.0, Diff: 0.0, Sum: 0.1]
      [Object Copy (ms): Min: 12.2, Avg: 12.3, Max: 12.4, Diff: 0.2, Sum: 49.3]
      [Termination (ms): Min: 0.0, Avg: 0.0, Max: 0.0, Diff: 0.0, Sum: 0.0]
         [Termination Attempts: Min: 1, Avg: 1.0, Max: 1, Diff: 0, Sum: 4]
      [GC Worker Other (ms): Min: 0.0, Avg: 0.1, Max: 0.3, Diff: 0.3, Sum: 0.4]
      [GC Worker Total (ms): Min: 16.1, Avg: 16.2, Max: 16.4, Diff: 0.3, Sum: 64.9]
      [GC Worker End (ms): Min: 173593690.6, Avg: 173593690.7, Max: 173593690.9, Diff: 0.3]
   [Code Root Fixup: 0.0 ms]
   [Code Root Purge: 0.0 ms]
   [Clear CT: 0.2 ms]
   [Other: 1.3 ms]
      [Choose CSet: 0.0 ms]
      [Ref Proc: 0.3 ms]
      [Ref Enq: 0.0 ms]
      [Redirty Cards: 0.3 ms]
      [Humongous Register: 0.3 ms]
      [Humongous Reclaim: 0.0 ms]
      [Free CSet: 0.1 ms]
   [Eden: 46080.0K(46080.0K)->0.0B(46080.0K) Survivors: 6144.0K->6144.0K Heap: 349.5M(1024.0M)->308.5M(1024.0M)]
 [Times: user=0.13 sys=0.00, real=0.02 secs] 
2021-03-18T15:35:32.859+0700: 173864.312: [GC pause (G1 Evacuation Pause) (young), 0.0322996 secs]
   [Parallel Time: 30.0 ms, GC Workers: 4]
      [GC Worker Start (ms): Min: 173864313.4, Avg: 173864313.9, Max: 173864314.5, Diff: 1.1]
      [Ext Root Scanning (ms): Min: 1.3, Avg: 3.0, Max: 6.9, Diff: 5.5, Sum: 12.0]
      [Update RS (ms): Min: 0.0, Avg: 2.1, Max: 3.2, Diff: 3.2, Sum: 8.2]
         [Processed Buffers: Min: 0, Avg: 9.8, Max: 27, Diff: 27, Sum: 39]
      [Scan RS (ms): Min: 2.2, Avg: 3.5, Max: 4.2, Diff: 2.0, Sum: 14.1]
      [Code Root Scanning (ms): Min: 0.0, Avg: 0.0, Max: 0.1, Diff: 0.1, Sum: 0.1]
      [Object Copy (ms): Min: 20.6, Avg: 20.7, Max: 20.8, Diff: 0.1, Sum: 82.8]
      [Termination (ms): Min: 0.0, Avg: 0.0, Max: 0.0, Diff: 0.0, Sum: 0.0]
         [Termination Attempts: Min: 1, Avg: 1.0, Max: 1, Diff: 0, Sum: 4]
      [GC Worker Other (ms): Min: 0.0, Avg: 0.1, Max: 0.2, Diff: 0.1, Sum: 0.3]
      [GC Worker Total (ms): Min: 28.8, Avg: 29.4, Max: 29.9, Diff: 1.2, Sum: 117.7]
      [GC Worker End (ms): Min: 173864343.3, Avg: 173864343.3, Max: 173864343.3, Diff: 0.0]
   [Code Root Fixup: 0.0 ms]
   [Code Root Purge: 0.0 ms]
   [Clear CT: 0.1 ms]
   [Other: 2.1 ms]
      [Choose CSet: 0.0 ms]
      [Ref Proc: 0.6 ms]
      [Ref Enq: 0.0 ms]
      [Redirty Cards: 0.2 ms]
      [Humongous Register: 0.6 ms]
      [Humongous Reclaim: 0.0 ms]
      [Free CSet: 0.1 ms]
   [Eden: 46080.0K(46080.0K)->0.0B(46080.0K) Survivors: 6144.0K->6144.0K Heap: 353.5M(1024.0M)->313.0M(1024.0M)]
 [Times: user=0.11 sys=0.00, real=0.03 secs] 
2021-03-18T15:40:02.635+0700: 174134.089: [GC pause (G1 Evacuation Pause) (young), 0.0299485 secs]
   [Parallel Time: 27.2 ms, GC Workers: 4]
      [GC Worker Start (ms): Min: 174134089.6, Avg: 174134090.0, Max: 174134090.6, Diff: 0.9]
      [Ext Root Scanning (ms): Min: 1.9, Avg: 2.2, Max: 2.4, Diff: 0.5, Sum: 8.9]
      [Update RS (ms): Min: 2.5, Avg: 2.7, Max: 2.8, Diff: 0.3, Sum: 10.7]
         [Processed Buffers: Min: 1, Avg: 10.5, Max: 25, Diff: 24, Sum: 42]
      [Scan RS (ms): Min: 3.7, Avg: 3.9, Max: 4.1, Diff: 0.3, Sum: 15.6]
      [Code Root Scanning (ms): Min: 0.0, Avg: 0.0, Max: 0.1, Diff: 0.1, Sum: 0.1]
      [Object Copy (ms): Min: 17.3, Avg: 17.5, Max: 17.7, Diff: 0.5, Sum: 69.8]
      [Termination (ms): Min: 0.0, Avg: 0.2, Max: 0.3, Diff: 0.3, Sum: 0.9]
         [Termination Attempts: Min: 1, Avg: 1.0, Max: 1, Diff: 0, Sum: 4]
      [GC Worker Other (ms): Min: 0.0, Avg: 0.1, Max: 0.3, Diff: 0.2, Sum: 0.4]
      [GC Worker Total (ms): Min: 26.1, Avg: 26.6, Max: 27.0, Diff: 0.9, Sum: 106.5]
      [GC Worker End (ms): Min: 174134116.5, Avg: 174134116.6, Max: 174134116.7, Diff: 0.2]
   [Code Root Fixup: 0.0 ms]
   [Code Root Purge: 0.0 ms]
   [Clear CT: 0.3 ms]
   [Other: 2.4 ms]
      [Choose CSet: 0.0 ms]
      [Ref Proc: 0.5 ms]
      [Ref Enq: 0.0 ms]
      [Redirty Cards: 0.3 ms]
      [Humongous Register: 0.8 ms]
      [Humongous Reclaim: 0.1 ms]
      [Free CSet: 0.1 ms]
   [Eden: 46080.0K(46080.0K)->0.0B(46080.0K) Survivors: 6144.0K->6144.0K Heap: 358.0M(1024.0M)->317.5M(1024.0M)]
 [Times: user=0.12 sys=0.00, real=0.03 secs] 
2021-03-18T15:44:08.285+0700: 174379.739: [GC pause (G1 Evacuation Pause) (young), 0.0202697 secs]
   [Parallel Time: 18.4 ms, GC Workers: 4]
      [GC Worker Start (ms): Min: 174379738.9, Avg: 174379742.4, Max: 174379753.1, Diff: 14.2]
      [Ext Root Scanning (ms): Min: 0.0, Avg: 0.7, Max: 0.9, Diff: 0.9, Sum: 2.7]
      [Update RS (ms): Min: 0.0, Avg: 0.7, Max: 1.0, Diff: 1.0, Sum: 2.7]
         [Processed Buffers: Min: 0, Avg: 9.8, Max: 23, Diff: 23, Sum: 39]
      [Scan RS (ms): Min: 0.0, Avg: 1.8, Max: 2.5, Diff: 2.5, Sum: 7.3]
      [Code Root Scanning (ms): Min: 0.0, Avg: 0.0, Max: 0.0, Diff: 0.0, Sum: 0.1]
      [Object Copy (ms): Min: 4.0, Avg: 11.5, Max: 14.0, Diff: 10.0, Sum: 45.9]
      [Termination (ms): Min: 0.0, Avg: 0.0, Max: 0.0, Diff: 0.0, Sum: 0.0]
         [Termination Attempts: Min: 1, Avg: 1.0, Max: 1, Diff: 0, Sum: 4]
      [GC Worker Other (ms): Min: 0.0, Avg: 0.0, Max: 0.0, Diff: 0.0, Sum: 0.1]
      [GC Worker Total (ms): Min: 4.1, Avg: 14.7, Max: 18.3, Diff: 14.2, Sum: 58.7]
      [GC Worker End (ms): Min: 174379757.1, Avg: 174379757.1, Max: 174379757.1, Diff: 0.0]
   [Code Root Fixup: 0.0 ms]
   [Code Root Purge: 0.0 ms]
   [Clear CT: 0.1 ms]
   [Other: 1.7 ms]
      [Choose CSet: 0.0 ms]
      [Ref Proc: 0.9 ms]
      [Ref Enq: 0.0 ms]
      [Redirty Cards: 0.3 ms]
      [Humongous Register: 0.0 ms]
      [Humongous Reclaim: 0.1 ms]
      [Free CSet: 0.1 ms]
   [Eden: 46080.0K(46080.0K)->0.0B(45056.0K) Survivors: 6144.0K->7168.0K Heap: 362.5M(1024.0M)->322.5M(1024.0M)]
 [Times: user=0.05 sys=0.00, real=0.02 secs] 
2021-03-18T15:48:35.298+0700: 174646.752: [GC pause (G1 Evacuation Pause) (young), 0.0131347 secs]
   [Parallel Time: 11.8 ms, GC Workers: 4]
      [GC Worker Start (ms): Min: 174646752.4, Avg: 174646753.3, Max: 174646755.7, Diff: 3.3]
      [Ext Root Scanning (ms): Min: 0.0, Avg: 0.8, Max: 1.1, Diff: 1.0, Sum: 3.2]
      [Update RS (ms): Min: 0.0, Avg: 0.6, Max: 1.0, Diff: 1.0, Sum: 2.6]
         [Processed Buffers: Min: 0, Avg: 9.8, Max: 25, Diff: 25, Sum: 39]
      [Scan RS (ms): Min: 0.8, Avg: 1.8, Max: 2.2, Diff: 1.4, Sum: 7.3]
      [Code Root Scanning (ms): Min: 0.0, Avg: 0.0, Max: 0.0, Diff: 0.0, Sum: 0.1]
      [Object Copy (ms): Min: 7.4, Avg: 7.4, Max: 7.5, Diff: 0.1, Sum: 29.8]
      [Termination (ms): Min: 0.0, Avg: 0.0, Max: 0.0, Diff: 0.0, Sum: 0.0]
         [Termination Attempts: Min: 1, Avg: 1.0, Max: 1, Diff: 0, Sum: 4]
      [GC Worker Other (ms): Min: 0.0, Avg: 0.1, Max: 0.2, Diff: 0.2, Sum: 0.4]
      [GC Worker Total (ms): Min: 8.4, Avg: 10.8, Max: 11.8, Diff: 3.4, Sum: 43.4]
      [GC Worker End (ms): Min: 174646764.0, Avg: 174646764.1, Max: 174646764.2, Diff: 0.1]
   [Code Root Fixup: 0.0 ms]
   [Code Root Purge: 0.0 ms]
   [Clear CT: 0.2 ms]
   [Other: 1.1 ms]
      [Choose CSet: 0.0 ms]
      [Ref Proc: 0.3 ms]
      [Ref Enq: 0.0 ms]
      [Redirty Cards: 0.2 ms]
      [Humongous Register: 0.3 ms]
      [Humongous Reclaim: 0.0 ms]
      [Free CSet: 0.1 ms]
   [Eden: 45056.0K(45056.0K)->0.0B(48128.0K) Survivors: 7168.0K->4096.0K Heap: 366.5M(1024.0M)->324.5M(1024.0M)]
 [Times: user=0.04 sys=0.00, real=0.01 secs] 
2021-03-18T15:53:20.832+0700: 174932.285: [GC pause (G1 Evacuation Pause) (young), 0.0106188 secs]
   [Parallel Time: 9.2 ms, GC Workers: 4]
      [GC Worker Start (ms): Min: 174932285.8, Avg: 174932286.1, Max: 174932286.7, Diff: 0.9]
      [Ext Root Scanning (ms): Min: 0.5, Avg: 1.1, Max: 1.5, Diff: 1.0, Sum: 4.3]
      [Update RS (ms): Min: 1.1, Avg: 1.2, Max: 1.4, Diff: 0.3, Sum: 4.6]
         [Processed Buffers: Min: 1, Avg: 9.8, Max: 21, Diff: 20, Sum: 39]
      [Scan RS (ms): Min: 0.0, Avg: 0.2, Max: 0.3, Diff: 0.3, Sum: 0.7]
      [Code Root Scanning (ms): Min: 0.0, Avg: 0.0, Max: 0.0, Diff: 0.0, Sum: 0.0]
      [Object Copy (ms): Min: 6.3, Avg: 6.4, Max: 6.4, Diff: 0.2, Sum: 25.4]
      [Termination (ms): Min: 0.0, Avg: 0.0, Max: 0.0, Diff: 0.0, Sum: 0.1]
         [Termination Attempts: Min: 1, Avg: 1.5, Max: 3, Diff: 2, Sum: 6]
      [GC Worker Other (ms): Min: 0.0, Avg: 0.0, Max: 0.0, Diff: 0.0, Sum: 0.1]
      [GC Worker Total (ms): Min: 8.2, Avg: 8.8, Max: 9.2, Diff: 0.9, Sum: 35.3]
      [GC Worker End (ms): Min: 174932294.9, Avg: 174932294.9, Max: 174932294.9, Diff: 0.0]
   [Code Root Fixup: 0.0 ms]
   [Code Root Purge: 0.0 ms]
   [Clear CT: 0.2 ms]
   [Other: 1.2 ms]
      [Choose CSet: 0.0 ms]
      [Ref Proc: 0.3 ms]
      [Ref Enq: 0.0 ms]
      [Redirty Cards: 0.1 ms]
      [Humongous Register: 0.4 ms]
      [Humongous Reclaim: 0.0 ms]
      [Free CSet: 0.1 ms]
   [Eden: 48128.0K(48128.0K)->0.0B(45056.0K) Survivors: 4096.0K->7168.0K Heap: 371.5M(1024.0M)->327.0M(1024.0M)]
 [Times: user=0.00 sys=0.00, real=0.01 secs] 
2021-03-18T15:57:47.219+0700: 175198.673: [GC pause (G1 Evacuation Pause) (young), 0.0178761 secs]
   [Parallel Time: 16.4 ms, GC Workers: 4]
      [GC Worker Start (ms): Min: 175198673.1, Avg: 175198675.8, Max: 175198683.7, Diff: 10.6]
      [Ext Root Scanning (ms): Min: 0.0, Avg: 0.7, Max: 0.9, Diff: 0.9, Sum: 2.7]
      [Update RS (ms): Min: 0.0, Avg: 1.4, Max: 2.0, Diff: 2.0, Sum: 5.5]
         [Processed Buffers: Min: 0, Avg: 9.8, Max: 26, Diff: 26, Sum: 39]
      [Scan RS (ms): Min: 0.0, Avg: 0.0, Max: 0.1, Diff: 0.1, Sum: 0.1]
      [Code Root Scanning (ms): Min: 0.0, Avg: 0.0, Max: 0.1, Diff: 0.1, Sum: 0.1]
      [Object Copy (ms): Min: 5.5, Avg: 11.4, Max: 13.4, Diff: 7.9, Sum: 45.5]
      [Termination (ms): Min: 0.0, Avg: 0.0, Max: 0.0, Diff: 0.0, Sum: 0.0]
         [Termination Attempts: Min: 1, Avg: 1.0, Max: 1, Diff: 0, Sum: 4]
      [GC Worker Other (ms): Min: 0.0, Avg: 0.0, Max: 0.1, Diff: 0.0, Sum: 0.2]
      [GC Worker Total (ms): Min: 5.6, Avg: 13.5, Max: 16.2, Diff: 10.6, Sum: 54.1]
      [GC Worker End (ms): Min: 175198689.3, Avg: 175198689.3, Max: 175198689.3, Diff: 0.0]
   [Code Root Fixup: 0.0 ms]
   [Code Root Purge: 0.0 ms]
   [Clear CT: 0.2 ms]
   [Other: 1.2 ms]
      [Choose CSet: 0.0 ms]
      [Ref Proc: 0.4 ms]
      [Ref Enq: 0.0 ms]
      [Redirty Cards: 0.1 ms]
      [Humongous Register: 0.1 ms]
      [Humongous Reclaim: 0.2 ms]
      [Free CSet: 0.1 ms]
   [Eden: 45056.0K(45056.0K)->0.0B(47104.0K) Survivors: 7168.0K->5120.0K Heap: 371.0M(1024.0M)->331.2M(1024.0M)]
 [Times: user=0.06 sys=0.00, real=0.02 secs] 
2021-03-18T16:02:23.737+0700: 175475.190: [GC pause (G1 Evacuation Pause) (young), 0.0364002 secs]
   [Parallel Time: 33.9 ms, GC Workers: 4]
      [GC Worker Start (ms): Min: 175475191.2, Avg: 175475191.5, Max: 175475192.4, Diff: 1.3]
      [Ext Root Scanning (ms): Min: 1.0, Avg: 1.9, Max: 2.3, Diff: 1.3, Sum: 7.6]
      [Update RS (ms): Min: 0.0, Avg: 2.3, Max: 3.1, Diff: 3.1, Sum: 9.0]
         [Processed Buffers: Min: 0, Avg: 10.2, Max: 29, Diff: 29, Sum: 41]
      [Scan RS (ms): Min: 4.6, Avg: 5.7, Max: 8.5, Diff: 3.9, Sum: 22.8]
      [Code Root Scanning (ms): Min: 0.0, Avg: 0.0, Max: 0.1, Diff: 0.1, Sum: 0.1]
      [Object Copy (ms): Min: 22.5, Avg: 23.0, Max: 23.5, Diff: 1.0, Sum: 91.9]
      [Termination (ms): Min: 0.0, Avg: 0.0, Max: 0.0, Diff: 0.0, Sum: 0.0]
         [Termination Attempts: Min: 1, Avg: 1.0, Max: 1, Diff: 0, Sum: 4]
      [GC Worker Other (ms): Min: 0.1, Avg: 0.1, Max: 0.2, Diff: 0.2, Sum: 0.4]
      [GC Worker Total (ms): Min: 32.1, Avg: 33.0, Max: 33.4, Diff: 1.3, Sum: 132.0]
      [GC Worker End (ms): Min: 175475224.5, Avg: 175475224.5, Max: 175475224.5, Diff: 0.0]
   [Code Root Fixup: 0.0 ms]
   [Code Root Purge: 0.0 ms]
   [Clear CT: 0.4 ms]
   [Other: 2.2 ms]
      [Choose CSet: 0.0 ms]
      [Ref Proc: 0.6 ms]
      [Ref Enq: 0.0 ms]
      [Redirty Cards: 0.4 ms]
      [Humongous Register: 0.6 ms]
      [Humongous Reclaim: 0.0 ms]
      [Free CSet: 0.0 ms]
   [Eden: 47104.0K(47104.0K)->0.0B(45056.0K) Survivors: 5120.0K->7168.0K Heap: 377.2M(1024.0M)->335.0M(1024.0M)]
 [Times: user=0.10 sys=0.00, real=0.03 secs] 
2021-03-18T16:06:39.925+0700: 175731.379: [GC pause (G1 Evacuation Pause) (young), 0.0255233 secs]
   [Parallel Time: 24.0 ms, GC Workers: 4]
      [GC Worker Start (ms): Min: 175731379.5, Avg: 175731379.8, Max: 175731380.7, Diff: 1.3]
      [Ext Root Scanning (ms): Min: 0.0, Avg: 0.9, Max: 1.2, Diff: 1.2, Sum: 3.4]
      [Update RS (ms): Min: 1.1, Avg: 6.4, Max: 21.6, Diff: 20.4, Sum: 25.4]
         [Processed Buffers: Min: 0, Avg: 11.0, Max: 18, Diff: 18, Sum: 44]
      [Scan RS (ms): Min: 0.0, Avg: 1.8, Max: 2.5, Diff: 2.4, Sum: 7.0]
      [Code Root Scanning (ms): Min: 0.0, Avg: 0.0, Max: 0.0, Diff: 0.0, Sum: 0.1]
      [Object Copy (ms): Min: 0.8, Avg: 14.4, Max: 19.3, Diff: 18.5, Sum: 57.5]
      [Termination (ms): Min: 0.0, Avg: 0.0, Max: 0.0, Diff: 0.0, Sum: 0.0]
         [Termination Attempts: Min: 1, Avg: 1.0, Max: 1, Diff: 0, Sum: 4]
      [GC Worker Other (ms): Min: 0.0, Avg: 0.1, Max: 0.2, Diff: 0.2, Sum: 0.3]
      [GC Worker Total (ms): Min: 22.7, Avg: 23.5, Max: 23.7, Diff: 1.1, Sum: 93.8]
      [GC Worker End (ms): Min: 175731403.2, Avg: 175731403.3, Max: 175731403.4, Diff: 0.2]
   [Code Root Fixup: 0.0 ms]
   [Code Root Purge: 0.0 ms]
   [Clear CT: 0.2 ms]
   [Other: 1.3 ms]
      [Choose CSet: 0.0 ms]
      [Ref Proc: 0.2 ms]
      [Ref Enq: 0.0 ms]
      [Redirty Cards: 0.2 ms]
      [Humongous Register: 0.5 ms]
      [Humongous Reclaim: 0.0 ms]
      [Free CSet: 0.1 ms]
   [Eden: 45056.0K(45056.0K)->0.0B(46080.0K) Survivors: 7168.0K->6144.0K Heap: 379.0M(1024.0M)->340.5M(1024.0M)]
 [Times: user=0.04 sys=0.00, real=0.03 secs] 
2021-03-18T16:11:06.150+0700: 175997.603: [GC pause (G1 Evacuation Pause) (young), 0.0357953 secs]
   [Parallel Time: 33.5 ms, GC Workers: 4]
      [GC Worker Start (ms): Min: 175997603.6, Avg: 175997603.6, Max: 175997603.7, Diff: 0.2]
      [Ext Root Scanning (ms): Min: 1.0, Avg: 1.2, Max: 1.4, Diff: 0.4, Sum: 4.7]
      [Update RS (ms): Min: 1.9, Avg: 2.8, Max: 5.3, Diff: 3.4, Sum: 11.3]
         [Processed Buffers: Min: 2, Avg: 10.8, Max: 27, Diff: 25, Sum: 43]
      [Scan RS (ms): Min: 0.9, Avg: 3.4, Max: 4.3, Diff: 3.4, Sum: 13.4]
      [Code Root Scanning (ms): Min: 0.0, Avg: 0.0, Max: 0.1, Diff: 0.1, Sum: 0.1]
      [Object Copy (ms): Min: 25.2, Avg: 25.4, Max: 25.7, Diff: 0.5, Sum: 101.7]
      [Termination (ms): Min: 0.0, Avg: 0.1, Max: 0.1, Diff: 0.1, Sum: 0.3]
         [Termination Attempts: Min: 1, Avg: 1.8, Max: 2, Diff: 1, Sum: 7]
      [GC Worker Other (ms): Min: 0.1, Avg: 0.1, Max: 0.1, Diff: 0.0, Sum: 0.3]
      [GC Worker Total (ms): Min: 32.9, Avg: 33.0, Max: 33.0, Diff: 0.2, Sum: 131.9]
      [GC Worker End (ms): Min: 175997636.6, Avg: 175997636.6, Max: 175997636.6, Diff: 0.0]
   [Code Root Fixup: 0.0 ms]
   [Code Root Purge: 0.0 ms]
   [Clear CT: 0.5 ms]
   [Other: 1.8 ms]
      [Choose CSet: 0.0 ms]
      [Ref Proc: 0.6 ms]
      [Ref Enq: 0.0 ms]
      [Redirty Cards: 0.4 ms]
      [Humongous Register: 0.1 ms]
      [Humongous Reclaim: 0.0 ms]
      [Free CSet: 0.1 ms]
   [Eden: 46080.0K(46080.0K)->0.0B(47104.0K) Survivors: 6144.0K->5120.0K Heap: 385.5M(1024.0M)->344.0M(1024.0M)]
 [Times: user=0.12 sys=0.00, real=0.03 secs] 
2021-03-18T16:15:44.062+0700: 176275.515: [GC pause (G1 Evacuation Pause) (young), 0.0161743 secs]
   [Parallel Time: 14.6 ms, GC Workers: 4]
      [GC Worker Start (ms): Min: 176275515.6, Avg: 176275515.7, Max: 176275516.0, Diff: 0.3]
      [Ext Root Scanning (ms): Min: 0.4, Avg: 0.8, Max: 1.0, Diff: 0.6, Sum: 3.0]
      [Update RS (ms): Min: 0.7, Avg: 1.2, Max: 1.6, Diff: 0.9, Sum: 4.9]
         [Processed Buffers: Min: 0, Avg: 9.5, Max: 28, Diff: 28, Sum: 38]
      [Scan RS (ms): Min: 1.1, Avg: 1.4, Max: 1.8, Diff: 0.7, Sum: 5.7]
      [Code Root Scanning (ms): Min: 0.0, Avg: 0.0, Max: 0.0, Diff: 0.0, Sum: 0.1]
      [Object Copy (ms): Min: 10.6, Avg: 10.6, Max: 10.7, Diff: 0.1, Sum: 42.5]
      [Termination (ms): Min: 0.0, Avg: 0.0, Max: 0.0, Diff: 0.0, Sum: 0.0]
         [Termination Attempts: Min: 1, Avg: 1.0, Max: 1, Diff: 0, Sum: 4]
      [GC Worker Other (ms): Min: 0.0, Avg: 0.0, Max: 0.0, Diff: 0.0, Sum: 0.1]
      [GC Worker Total (ms): Min: 13.9, Avg: 14.1, Max: 14.2, Diff: 0.3, Sum: 56.3]
      [GC Worker End (ms): Min: 176275529.8, Avg: 176275529.8, Max: 176275529.8, Diff: 0.0]
   [Code Root Fixup: 0.0 ms]
   [Code Root Purge: 0.0 ms]
   [Clear CT: 0.2 ms]
   [Other: 1.4 ms]
      [Choose CSet: 0.0 ms]
      [Ref Proc: 0.5 ms]
      [Ref Enq: 0.0 ms]
      [Redirty Cards: 0.2 ms]
      [Humongous Register: 0.3 ms]
      [Humongous Reclaim: 0.0 ms]
      [Free CSet: 0.1 ms]
   [Eden: 47104.0K(47104.0K)->0.0B(46080.0K) Survivors: 5120.0K->6144.0K Heap: 390.0M(1024.0M)->348.5M(1024.0M)]
 [Times: user=0.06 sys=0.00, real=0.02 secs] 
2021-03-18T16:20:12.076+0700: 176543.530: [GC pause (G1 Evacuation Pause) (young), 0.0143239 secs]
   [Parallel Time: 13.2 ms, GC Workers: 4]
      [GC Worker Start (ms): Min: 176543530.2, Avg: 176543530.3, Max: 176543530.3, Diff: 0.1]
      [Ext Root Scanning (ms): Min: 0.6, Avg: 0.7, Max: 0.8, Diff: 0.1, Sum: 2.7]
      [Update RS (ms): Min: 0.9, Avg: 0.9, Max: 1.1, Diff: 0.2, Sum: 3.8]
         [Processed Buffers: Min: 1, Avg: 10.8, Max: 20, Diff: 19, Sum: 43]
      [Scan RS (ms): Min: 1.0, Avg: 1.2, Max: 1.2, Diff: 0.2, Sum: 4.6]
      [Code Root Scanning (ms): Min: 0.0, Avg: 0.0, Max: 0.0, Diff: 0.0, Sum: 0.1]
      [Object Copy (ms): Min: 10.1, Avg: 10.1, Max: 10.2, Diff: 0.1, Sum: 40.5]
      [Termination (ms): Min: 0.0, Avg: 0.0, Max: 0.0, Diff: 0.0, Sum: 0.0]
         [Termination Attempts: Min: 1, Avg: 1.0, Max: 1, Diff: 0, Sum: 4]
      [GC Worker Other (ms): Min: 0.0, Avg: 0.1, Max: 0.1, Diff: 0.1, Sum: 0.3]
      [GC Worker Total (ms): Min: 12.9, Avg: 13.0, Max: 13.0, Diff: 0.1, Sum: 52.0]
      [GC Worker End (ms): Min: 176543543.2, Avg: 176543543.3, Max: 176543543.3, Diff: 0.1]
   [Code Root Fixup: 0.0 ms]
   [Code Root Purge: 0.0 ms]
   [Clear CT: 0.2 ms]
   [Other: 1.0 ms]
      [Choose CSet: 0.0 ms]
      [Ref Proc: 0.2 ms]
      [Ref Enq: 0.0 ms]
      [Redirty Cards: 0.1 ms]
      [Humongous Register: 0.3 ms]
      [Humongous Reclaim: 0.0 ms]
      [Free CSet: 0.1 ms]
   [Eden: 46080.0K(46080.0K)->0.0B(45056.0K) Survivors: 6144.0K->7168.0K Heap: 393.5M(1024.0M)->353.5M(1024.0M)]
 [Times: user=0.07 sys=0.00, real=0.02 secs] 
2021-03-18T16:24:36.312+0700: 176807.765: [GC pause (G1 Evacuation Pause) (young), 0.0147995 secs]
   [Parallel Time: 13.4 ms, GC Workers: 4]
      [GC Worker Start (ms): Min: 176807765.9, Avg: 176807765.9, Max: 176807765.9, Diff: 0.1]
      [Ext Root Scanning (ms): Min: 0.6, Avg: 0.7, Max: 0.8, Diff: 0.2, Sum: 2.7]
      [Update RS (ms): Min: 0.8, Avg: 0.9, Max: 1.1, Diff: 0.4, Sum: 3.5]
         [Processed Buffers: Min: 2, Avg: 10.0, Max: 24, Diff: 22, Sum: 40]
      [Scan RS (ms): Min: 1.0, Avg: 1.2, Max: 1.4, Diff: 0.5, Sum: 5.0]
      [Code Root Scanning (ms): Min: 0.0, Avg: 0.0, Max: 0.0, Diff: 0.0, Sum: 0.1]
      [Object Copy (ms): Min: 10.1, Avg: 10.2, Max: 10.3, Diff: 0.2, Sum: 40.8]
      [Termination (ms): Min: 0.0, Avg: 0.0, Max: 0.0, Diff: 0.0, Sum: 0.0]
         [Termination Attempts: Min: 1, Avg: 1.0, Max: 1, Diff: 0, Sum: 4]
      [GC Worker Other (ms): Min: 0.0, Avg: 0.1, Max: 0.2, Diff: 0.1, Sum: 0.3]
      [GC Worker Total (ms): Min: 13.0, Avg: 13.1, Max: 13.2, Diff: 0.2, Sum: 52.3]
      [GC Worker End (ms): Min: 176807778.9, Avg: 176807779.0, Max: 176807779.1, Diff: 0.1]
   [Code Root Fixup: 0.0 ms]
   [Code Root Purge: 0.0 ms]
   [Clear CT: 0.2 ms]
   [Other: 1.2 ms]
      [Choose CSet: 0.0 ms]
      [Ref Proc: 0.3 ms]
      [Ref Enq: 0.0 ms]
      [Redirty Cards: 0.2 ms]
      [Humongous Register: 0.3 ms]
      [Humongous Reclaim: 0.1 ms]
      [Free CSet: 0.1 ms]
   [Eden: 45056.0K(45056.0K)->0.0B(46080.0K) Survivors: 7168.0K->6144.0K Heap: 397.5M(1024.0M)->357.0M(1024.0M)]
 [Times: user=0.06 sys=0.00, real=0.02 secs] 
2021-03-18T16:29:07.222+0700: 177078.675: [GC pause (G1 Evacuation Pause) (young), 0.0253551 secs]
   [Parallel Time: 23.6 ms, GC Workers: 4]
      [GC Worker Start (ms): Min: 177078675.7, Avg: 177078675.8, Max: 177078675.9, Diff: 0.1]
      [Ext Root Scanning (ms): Min: 1.1, Avg: 1.2, Max: 1.4, Diff: 0.3, Sum: 4.9]
      [Update RS (ms): Min: 1.9, Avg: 2.3, Max: 2.9, Diff: 0.9, Sum: 9.0]
         [Processed Buffers: Min: 5, Avg: 10.5, Max: 15, Diff: 10, Sum: 42]
      [Scan RS (ms): Min: 2.7, Avg: 3.4, Max: 4.5, Diff: 1.8, Sum: 13.7]
      [Code Root Scanning (ms): Min: 0.0, Avg: 0.0, Max: 0.0, Diff: 0.0, Sum: 0.1]
      [Object Copy (ms): Min: 15.4, Avg: 16.2, Max: 16.7, Diff: 1.3, Sum: 64.9]
      [Termination (ms): Min: 0.0, Avg: 0.0, Max: 0.0, Diff: 0.0, Sum: 0.0]
         [Termination Attempts: Min: 1, Avg: 1.8, Max: 2, Diff: 1, Sum: 7]
      [GC Worker Other (ms): Min: 0.1, Avg: 0.2, Max: 0.2, Diff: 0.2, Sum: 0.8]
      [GC Worker Total (ms): Min: 23.3, Avg: 23.4, Max: 23.5, Diff: 0.1, Sum: 93.5]
      [GC Worker End (ms): Min: 177078699.0, Avg: 177078699.2, Max: 177078699.2, Diff: 0.2]
   [Code Root Fixup: 0.0 ms]
   [Code Root Purge: 0.0 ms]
   [Clear CT: 0.5 ms]
   [Other: 1.3 ms]
      [Choose CSet: 0.0 ms]
      [Ref Proc: 0.3 ms]
      [Ref Enq: 0.0 ms]
      [Redirty Cards: 0.2 ms]
      [Humongous Register: 0.2 ms]
      [Humongous Reclaim: 0.0 ms]
      [Free CSet: 0.1 ms]
   [Eden: 46080.0K(46080.0K)->0.0B(47104.0K) Survivors: 6144.0K->5120.0K Heap: 402.0M(1024.0M)->359.5M(1024.0M)]
 [Times: user=0.06 sys=0.00, real=0.03 secs] 
2021-03-18T16:33:44.796+0700: 177356.250: [GC pause (G1 Evacuation Pause) (young), 0.0173360 secs]
   [Parallel Time: 16.3 ms, GC Workers: 4]
      [GC Worker Start (ms): Min: 177356250.2, Avg: 177356250.3, Max: 177356250.4, Diff: 0.2]
      [Ext Root Scanning (ms): Min: 0.5, Avg: 4.4, Max: 15.6, Diff: 15.1, Sum: 17.5]
      [Update RS (ms): Min: 0.0, Avg: 0.8, Max: 1.1, Diff: 1.1, Sum: 3.1]
         [Processed Buffers: Min: 0, Avg: 10.0, Max: 21, Diff: 21, Sum: 40]
      [Scan RS (ms): Min: 0.0, Avg: 1.0, Max: 1.4, Diff: 1.4, Sum: 4.1]
      [Code Root Scanning (ms): Min: 0.0, Avg: 0.0, Max: 0.0, Diff: 0.0, Sum: 0.1]
      [Object Copy (ms): Min: 0.3, Avg: 9.7, Max: 12.9, Diff: 12.5, Sum: 39.0]
      [Termination (ms): Min: 0.0, Avg: 0.0, Max: 0.0, Diff: 0.0, Sum: 0.0]
         [Termination Attempts: Min: 1, Avg: 1.0, Max: 1, Diff: 0, Sum: 4]
      [GC Worker Other (ms): Min: 0.0, Avg: 0.1, Max: 0.2, Diff: 0.2, Sum: 0.4]
      [GC Worker Total (ms): Min: 16.0, Avg: 16.1, Max: 16.2, Diff: 0.2, Sum: 64.2]
      [GC Worker End (ms): Min: 177356266.3, Avg: 177356266.3, Max: 177356266.4, Diff: 0.2]
   [Code Root Fixup: 0.0 ms]
   [Code Root Purge: 0.0 ms]
   [Clear CT: 0.2 ms]
   [Other: 0.8 ms]
      [Choose CSet: 0.0 ms]
      [Ref Proc: 0.3 ms]
      [Ref Enq: 0.0 ms]
      [Redirty Cards: 0.2 ms]
      [Humongous Register: 0.0 ms]
      [Humongous Reclaim: 0.0 ms]
      [Free CSet: 0.0 ms]
   [Eden: 47104.0K(47104.0K)->0.0B(45056.0K) Survivors: 5120.0K->7168.0K Heap: 405.5M(1024.0M)->363.5M(1024.0M)]
 [Times: user=0.05 sys=0.00, real=0.02 secs] 
2021-03-18T16:38:10.123+0700: 177621.577: [GC pause (G1 Evacuation Pause) (young), 0.0332469 secs]
   [Parallel Time: 31.6 ms, GC Workers: 4]
      [GC Worker Start (ms): Min: 177621577.0, Avg: 177621577.1, Max: 177621577.3, Diff: 0.3]
      [Ext Root Scanning (ms): Min: 0.8, Avg: 1.0, Max: 1.1, Diff: 0.3, Sum: 4.0]
      [Update RS (ms): Min: 0.0, Avg: 2.3, Max: 4.4, Diff: 4.3, Sum: 9.1]
         [Processed Buffers: Min: 3, Avg: 10.8, Max: 29, Diff: 26, Sum: 43]
      [Scan RS (ms): Min: 1.8, Avg: 3.3, Max: 3.9, Diff: 2.1, Sum: 13.3]
      [Code Root Scanning (ms): Min: 0.0, Avg: 0.1, Max: 0.1, Diff: 0.1, Sum: 0.3]
      [Object Copy (ms): Min: 23.7, Avg: 24.3, Max: 26.2, Diff: 2.5, Sum: 97.4]
      [Termination (ms): Min: 0.0, Avg: 0.0, Max: 0.0, Diff: 0.0, Sum: 0.0]
         [Termination Attempts: Min: 1, Avg: 1.8, Max: 3, Diff: 2, Sum: 7]
      [GC Worker Other (ms): Min: 0.0, Avg: 0.1, Max: 0.1, Diff: 0.0, Sum: 0.2]
      [GC Worker Total (ms): Min: 30.9, Avg: 31.1, Max: 31.2, Diff: 0.3, Sum: 124.2]
      [GC Worker End (ms): Min: 177621608.2, Avg: 177621608.2, Max: 177621608.2, Diff: 0.0]
   [Code Root Fixup: 0.0 ms]
   [Code Root Purge: 0.0 ms]
   [Clear CT: 0.2 ms]
   [Other: 1.4 ms]
      [Choose CSet: 0.0 ms]
      [Ref Proc: 0.6 ms]
      [Ref Enq: 0.0 ms]
      [Redirty Cards: 0.2 ms]
      [Humongous Register: 0.1 ms]
      [Humongous Reclaim: 0.0 ms]
      [Free CSet: 0.1 ms]
   [Eden: 45056.0K(45056.0K)->0.0B(47104.0K) Survivors: 7168.0K->5120.0K Heap: 407.5M(1024.0M)->369.2M(1024.0M)]
 [Times: user=0.13 sys=0.00, real=0.03 secs] 
2021-03-18T16:42:20.831+0700: 177872.285: [GC pause (G1 Evacuation Pause) (young) (initial-mark), 0.0341253 secs]
   [Parallel Time: 32.7 ms, GC Workers: 4]
      [GC Worker Start (ms): Min: 177872285.6, Avg: 177872285.7, Max: 177872286.0, Diff: 0.4]
      [Ext Root Scanning (ms): Min: 1.2, Avg: 1.6, Max: 1.7, Diff: 0.5, Sum: 6.3]
      [Update RS (ms): Min: 2.1, Avg: 2.3, Max: 2.6, Diff: 0.5, Sum: 9.2]
         [Processed Buffers: Min: 2, Avg: 10.2, Max: 17, Diff: 15, Sum: 41]
      [Scan RS (ms): Min: 4.1, Avg: 4.3, Max: 4.8, Diff: 0.8, Sum: 17.4]
      [Code Root Scanning (ms): Min: 0.0, Avg: 0.0, Max: 0.1, Diff: 0.0, Sum: 0.1]
      [Object Copy (ms): Min: 23.5, Avg: 23.9, Max: 24.2, Diff: 0.7, Sum: 95.4]
      [Termination (ms): Min: 0.0, Avg: 0.0, Max: 0.0, Diff: 0.0, Sum: 0.0]
         [Termination Attempts: Min: 1, Avg: 1.0, Max: 1, Diff: 0, Sum: 4]
      [GC Worker Other (ms): Min: 0.1, Avg: 0.1, Max: 0.1, Diff: 0.0, Sum: 0.2]
      [GC Worker Total (ms): Min: 31.9, Avg: 32.2, Max: 32.3, Diff: 0.4, Sum: 128.7]
      [GC Worker End (ms): Min: 177872317.9, Avg: 177872317.9, Max: 177872317.9, Diff: 0.0]
   [Code Root Fixup: 0.0 ms]
   [Code Root Purge: 0.0 ms]
   [Clear CT: 0.2 ms]
   [Other: 1.2 ms]
      [Choose CSet: 0.0 ms]
      [Ref Proc: 0.3 ms]
      [Ref Enq: 0.0 ms]
      [Redirty Cards: 0.2 ms]
      [Humongous Register: 0.2 ms]
      [Humongous Reclaim: 0.0 ms]
      [Free CSet: 0.1 ms]
   [Eden: 47104.0K(47104.0K)->0.0B(45056.0K) Survivors: 5120.0K->7168.0K Heap: 415.2M(1024.0M)->376.0M(1024.0M)]
 [Times: user=0.13 sys=0.00, real=0.03 secs] 
2021-03-18T16:42:20.866+0700: 177872.319: [GC concurrent-root-region-scan-start]
2021-03-18T16:42:20.884+0700: 177872.338: [GC concurrent-root-region-scan-end, 0.0183425 secs]
2021-03-18T16:42:20.884+0700: 177872.338: [GC concurrent-mark-start]
2021-03-18T16:42:20.909+0700: 177872.362: [GC concurrent-mark-end, 0.0245258 secs]
2021-03-18T16:42:20.909+0700: 177872.363: [GC remark 2021-03-18T16:42:20.909+0700: 177872.363: [Finalize Marking, 0.0002314 secs] 2021-03-18T16:42:20.909+0700: 177872.363: [GC ref-proc, 0.0004883 secs] 2021-03-18T16:42:20.910+0700: 177872.363: [Unloading, 0.0075918 secs], 0.0101122 secs]
 [Times: user=0.00 sys=0.00, real=0.01 secs] 
2021-03-18T16:42:20.920+0700: 177872.373: [GC cleanup 376M->313M(1024M), 0.0020504 secs]
 [Times: user=0.00 sys=0.00, real=0.00 secs] 
2021-03-18T16:42:20.922+0700: 177872.375: [GC concurrent-cleanup-start]
2021-03-18T16:42:20.922+0700: 177872.376: [GC concurrent-cleanup-end, 0.0002396 secs]
2021-03-18T16:46:43.884+0700: 178135.337: [GC pause (G1 Evacuation Pause) (young), 0.0131452 secs]
   [Parallel Time: 11.8 ms, GC Workers: 4]
      [GC Worker Start (ms): Min: 178135337.4, Avg: 178135337.4, Max: 178135337.4, Diff: 0.1]
      [Ext Root Scanning (ms): Min: 0.5, Avg: 0.6, Max: 0.6, Diff: 0.1, Sum: 2.2]
      [Update RS (ms): Min: 0.5, Avg: 0.6, Max: 0.7, Diff: 0.2, Sum: 2.3]
         [Processed Buffers: Min: 1, Avg: 9.5, Max: 17, Diff: 16, Sum: 38]
      [Scan RS (ms): Min: 1.8, Avg: 2.0, Max: 2.1, Diff: 0.2, Sum: 8.0]
      [Code Root Scanning (ms): Min: 0.0, Avg: 0.0, Max: 0.1, Diff: 0.1, Sum: 0.1]
      [Object Copy (ms): Min: 8.3, Avg: 8.3, Max: 8.4, Diff: 0.1, Sum: 33.4]
      [Termination (ms): Min: 0.0, Avg: 0.0, Max: 0.1, Diff: 0.0, Sum: 0.2]
         [Termination Attempts: Min: 1, Avg: 1.0, Max: 1, Diff: 0, Sum: 4]
      [GC Worker Other (ms): Min: 0.0, Avg: 0.0, Max: 0.0, Diff: 0.0, Sum: 0.1]
      [GC Worker Total (ms): Min: 11.5, Avg: 11.6, Max: 11.6, Diff: 0.1, Sum: 46.2]
      [GC Worker End (ms): Min: 178135348.9, Avg: 178135349.0, Max: 178135349.0, Diff: 0.0]
   [Code Root Fixup: 0.0 ms]
   [Code Root Purge: 0.0 ms]
   [Clear CT: 0.3 ms]
   [Other: 1.1 ms]
      [Choose CSet: 0.0 ms]
      [Ref Proc: 0.2 ms]
      [Ref Enq: 0.0 ms]
      [Redirty Cards: 0.3 ms]
      [Humongous Register: 0.1 ms]
      [Humongous Reclaim: 0.1 ms]
      [Free CSet: 0.1 ms]
   [Eden: 45056.0K(45056.0K)->0.0B(48128.0K) Survivors: 7168.0K->4096.0K Heap: 357.0M(1024.0M)->315.5M(1024.0M)]
 [Times: user=0.06 sys=0.00, real=0.02 secs] 
2021-03-18T16:51:24.923+0700: 178416.377: [GC pause (G1 Evacuation Pause) (mixed), 0.0137598 secs]
   [Parallel Time: 12.1 ms, GC Workers: 4]
      [GC Worker Start (ms): Min: 178416377.2, Avg: 178416377.2, Max: 178416377.3, Diff: 0.1]
      [Ext Root Scanning (ms): Min: 0.6, Avg: 0.6, Max: 0.7, Diff: 0.1, Sum: 2.5]
      [Update RS (ms): Min: 0.9, Avg: 1.0, Max: 1.1, Diff: 0.2, Sum: 3.9]
         [Processed Buffers: Min: 1, Avg: 10.2, Max: 19, Diff: 18, Sum: 41]
      [Scan RS (ms): Min: 0.4, Avg: 0.4, Max: 0.5, Diff: 0.1, Sum: 1.8]
      [Code Root Scanning (ms): Min: 0.0, Avg: 0.0, Max: 0.0, Diff: 0.0, Sum: 0.1]
      [Object Copy (ms): Min: 9.7, Avg: 9.8, Max: 9.9, Diff: 0.2, Sum: 39.2]
      [Termination (ms): Min: 0.0, Avg: 0.0, Max: 0.0, Diff: 0.0, Sum: 0.0]
         [Termination Attempts: Min: 1, Avg: 1.0, Max: 1, Diff: 0, Sum: 4]
      [GC Worker Other (ms): Min: 0.0, Avg: 0.0, Max: 0.0, Diff: 0.0, Sum: 0.1]
      [GC Worker Total (ms): Min: 11.9, Avg: 11.9, Max: 12.0, Diff: 0.1, Sum: 47.7]
      [GC Worker End (ms): Min: 178416389.1, Avg: 178416389.1, Max: 178416389.1, Diff: 0.0]
   [Code Root Fixup: 0.0 ms]
   [Code Root Purge: 0.0 ms]
   [Clear CT: 0.2 ms]
   [Other: 1.5 ms]
      [Choose CSet: 0.0 ms]
      [Ref Proc: 0.4 ms]
      [Ref Enq: 0.0 ms]
      [Redirty Cards: 0.6 ms]
      [Humongous Register: 0.0 ms]
      [Humongous Reclaim: 0.0 ms]
      [Free CSet: 0.1 ms]
   [Eden: 48128.0K(48128.0K)->0.0B(45056.0K) Survivors: 4096.0K->7168.0K Heap: 362.5M(1024.0M)->299.0M(1024.0M)]
 [Times: user=0.04 sys=0.01, real=0.02 secs] 
2021-03-18T16:55:50.483+0700: 178681.936: [GC pause (G1 Evacuation Pause) (mixed), 0.0431674 secs]
   [Parallel Time: 40.5 ms, GC Workers: 4]
      [GC Worker Start (ms): Min: 178681937.4, Avg: 178681937.5, Max: 178681937.6, Diff: 0.3]
      [Ext Root Scanning (ms): Min: 1.2, Avg: 1.4, Max: 1.5, Diff: 0.3, Sum: 5.5]
      [Update RS (ms): Min: 0.0, Avg: 1.5, Max: 2.2, Diff: 2.2, Sum: 6.1]
         [Processed Buffers: Min: 0, Avg: 10.0, Max: 32, Diff: 32, Sum: 40]
      [Scan RS (ms): Min: 0.0, Avg: 1.2, Max: 1.7, Diff: 1.7, Sum: 4.8]
      [Code Root Scanning (ms): Min: 0.0, Avg: 0.1, Max: 0.2, Diff: 0.2, Sum: 0.3]
      [Object Copy (ms): Min: 34.7, Avg: 35.7, Max: 38.4, Diff: 3.7, Sum: 142.9]
      [Termination (ms): Min: 0.0, Avg: 0.0, Max: 0.0, Diff: 0.0, Sum: 0.0]
         [Termination Attempts: Min: 1, Avg: 1.8, Max: 3, Diff: 2, Sum: 7]
      [GC Worker Other (ms): Min: 0.1, Avg: 0.1, Max: 0.2, Diff: 0.1, Sum: 0.5]
      [GC Worker Total (ms): Min: 40.0, Avg: 40.1, Max: 40.1, Diff: 0.1, Sum: 160.2]
      [GC Worker End (ms): Min: 178681977.5, Avg: 178681977.6, Max: 178681977.6, Diff: 0.2]
   [Code Root Fixup: 0.0 ms]
   [Code Root Purge: 0.0 ms]
   [Clear CT: 0.3 ms]
   [Other: 2.4 ms]
      [Choose CSet: 0.2 ms]
      [Ref Proc: 0.5 ms]
      [Ref Enq: 0.0 ms]
      [Redirty Cards: 0.4 ms]
      [Humongous Register: 0.6 ms]
      [Humongous Reclaim: 0.0 ms]
      [Free CSet: 0.1 ms]
   [Eden: 45056.0K(45056.0K)->0.0B(46080.0K) Survivors: 7168.0K->6144.0K Heap: 343.0M(1024.0M)->282.3M(1024.0M)]
 [Times: user=0.14 sys=0.00, real=0.04 secs] 
2021-03-18T17:00:21.128+0700: 178952.581: [GC pause (G1 Evacuation Pause) (mixed), 0.0185889 secs]
   [Parallel Time: 16.7 ms, GC Workers: 4]
      [GC Worker Start (ms): Min: 178952581.6, Avg: 178952582.5, Max: 178952583.7, Diff: 2.1]
      [Ext Root Scanning (ms): Min: 0.0, Avg: 0.8, Max: 1.6, Diff: 1.6, Sum: 3.2]
      [Update RS (ms): Min: 1.2, Avg: 2.2, Max: 4.2, Diff: 3.0, Sum: 8.8]
         [Processed Buffers: Min: 0, Avg: 10.8, Max: 20, Diff: 20, Sum: 43]
      [Scan RS (ms): Min: 0.0, Avg: 1.6, Max: 2.2, Diff: 2.2, Sum: 6.2]
      [Code Root Scanning (ms): Min: 0.0, Avg: 0.0, Max: 0.0, Diff: 0.0, Sum: 0.1]
      [Object Copy (ms): Min: 10.6, Avg: 10.9, Max: 11.2, Diff: 0.6, Sum: 43.6]
      [Termination (ms): Min: 0.0, Avg: 0.0, Max: 0.0, Diff: 0.0, Sum: 0.0]
         [Termination Attempts: Min: 1, Avg: 1.0, Max: 1, Diff: 0, Sum: 4]
      [GC Worker Other (ms): Min: 0.0, Avg: 0.0, Max: 0.1, Diff: 0.0, Sum: 0.1]
      [GC Worker Total (ms): Min: 14.4, Avg: 15.5, Max: 16.5, Diff: 2.1, Sum: 62.1]
      [GC Worker End (ms): Min: 178952598.0, Avg: 178952598.1, Max: 178952598.1, Diff: 0.0]
   [Code Root Fixup: 0.0 ms]
   [Code Root Purge: 0.0 ms]
   [Clear CT: 0.4 ms]
   [Other: 1.6 ms]
      [Choose CSet: 0.1 ms]
      [Ref Proc: 0.6 ms]
      [Ref Enq: 0.0 ms]
      [Redirty Cards: 0.2 ms]
      [Humongous Register: 0.1 ms]
      [Humongous Reclaim: 0.1 ms]
      [Free CSet: 0.2 ms]
   [Eden: 46080.0K(46080.0K)->0.0B(46080.0K) Survivors: 6144.0K->6144.0K Heap: 327.3M(1024.0M)->265.0M(1024.0M)]
 [Times: user=0.06 sys=0.00, real=0.01 secs] 
2021-03-18T17:04:52.219+0700: 179223.673: [GC pause (G1 Evacuation Pause) (mixed), 0.0142998 secs]
   [Parallel Time: 13.3 ms, GC Workers: 4]
      [GC Worker Start (ms): Min: 179223673.1, Avg: 179223673.1, Max: 179223673.2, Diff: 0.1]
      [Ext Root Scanning (ms): Min: 0.6, Avg: 0.7, Max: 0.7, Diff: 0.1, Sum: 2.6]
      [Update RS (ms): Min: 0.5, Avg: 0.8, Max: 1.0, Diff: 0.5, Sum: 3.0]
         [Processed Buffers: Min: 2, Avg: 10.2, Max: 20, Diff: 18, Sum: 41]
      [Scan RS (ms): Min: 1.7, Avg: 1.9, Max: 2.0, Diff: 0.3, Sum: 7.6]
      [Code Root Scanning (ms): Min: 0.0, Avg: 0.0, Max: 0.0, Diff: 0.0, Sum: 0.1]
      [Object Copy (ms): Min: 9.7, Avg: 9.8, Max: 10.0, Diff: 0.3, Sum: 39.1]
      [Termination (ms): Min: 0.0, Avg: 0.0, Max: 0.0, Diff: 0.0, Sum: 0.0]
         [Termination Attempts: Min: 1, Avg: 1.5, Max: 2, Diff: 1, Sum: 6]
      [GC Worker Other (ms): Min: 0.0, Avg: 0.0, Max: 0.0, Diff: 0.0, Sum: 0.1]
      [GC Worker Total (ms): Min: 13.1, Avg: 13.1, Max: 13.2, Diff: 0.0, Sum: 52.5]
      [GC Worker End (ms): Min: 179223686.3, Avg: 179223686.3, Max: 179223686.3, Diff: 0.0]
   [Code Root Fixup: 0.0 ms]
   [Code Root Purge: 0.0 ms]
   [Clear CT: 0.1 ms]
   [Other: 0.8 ms]
      [Choose CSet: 0.0 ms]
      [Ref Proc: 0.2 ms]
      [Ref Enq: 0.0 ms]
      [Redirty Cards: 0.1 ms]
      [Humongous Register: 0.0 ms]
      [Humongous Reclaim: 0.0 ms]
      [Free CSet: 0.1 ms]
   [Eden: 46080.0K(46080.0K)->0.0B(47104.0K) Survivors: 6144.0K->5120.0K Heap: 310.0M(1024.0M)->246.0M(1024.0M)]
 [Times: user=0.05 sys=0.00, real=0.01 secs] 
2021-03-18T17:09:29.123+0700: 179500.577: [GC pause (G1 Evacuation Pause) (mixed), 0.0390576 secs]
   [Parallel Time: 36.0 ms, GC Workers: 4]
      [GC Worker Start (ms): Min: 179500577.8, Avg: 179500577.9, Max: 179500578.0, Diff: 0.2]
      [Ext Root Scanning (ms): Min: 1.2, Avg: 1.4, Max: 1.8, Diff: 0.6, Sum: 5.8]
      [Update RS (ms): Min: 3.1, Avg: 3.6, Max: 4.1, Diff: 1.0, Sum: 14.3]
         [Processed Buffers: Min: 2, Avg: 10.5, Max: 27, Diff: 25, Sum: 42]
      [Scan RS (ms): Min: 4.5, Avg: 5.0, Max: 5.4, Diff: 0.9, Sum: 19.8]
      [Code Root Scanning (ms): Min: 0.0, Avg: 0.1, Max: 0.1, Diff: 0.1, Sum: 0.3]
      [Object Copy (ms): Min: 25.3, Avg: 25.6, Max: 25.8, Diff: 0.5, Sum: 102.2]
      [Termination (ms): Min: 0.0, Avg: 0.1, Max: 0.1, Diff: 0.1, Sum: 0.3]
         [Termination Attempts: Min: 1, Avg: 1.2, Max: 2, Diff: 1, Sum: 5]
      [GC Worker Other (ms): Min: 0.1, Avg: 0.1, Max: 0.1, Diff: 0.0, Sum: 0.2]
      [GC Worker Total (ms): Min: 35.6, Avg: 35.7, Max: 35.9, Diff: 0.2, Sum: 142.9]
      [GC Worker End (ms): Min: 179500613.6, Avg: 179500613.6, Max: 179500613.6, Diff: 0.0]
   [Code Root Fixup: 0.0 ms]
   [Code Root Purge: 0.0 ms]
   [Clear CT: 0.4 ms]
   [Other: 2.6 ms]
      [Choose CSet: 0.3 ms]
      [Ref Proc: 0.5 ms]
      [Ref Enq: 0.0 ms]
      [Redirty Cards: 0.4 ms]
      [Humongous Register: 0.6 ms]
      [Humongous Reclaim: 0.1 ms]
      [Free CSet: 0.2 ms]
   [Eden: 47104.0K(47104.0K)->0.0B(45056.0K) Survivors: 5120.0K->7168.0K Heap: 292.0M(1024.0M)->228.5M(1024.0M)]
 [Times: user=0.17 sys=0.02, real=0.04 secs] 
2021-03-18T17:13:55.000+0700: 179766.453: [GC pause (G1 Evacuation Pause) (mixed), 0.0337494 secs]
   [Parallel Time: 32.1 ms, GC Workers: 4]
      [GC Worker Start (ms): Min: 179766453.8, Avg: 179766453.9, Max: 179766454.0, Diff: 0.2]
      [Ext Root Scanning (ms): Min: 1.3, Avg: 1.8, Max: 2.9, Diff: 1.6, Sum: 7.4]
      [Update RS (ms): Min: 1.6, Avg: 2.6, Max: 3.4, Diff: 1.7, Sum: 10.2]
         [Processed Buffers: Min: 5, Avg: 10.2, Max: 16, Diff: 11, Sum: 41]
      [Scan RS (ms): Min: 2.9, Avg: 3.5, Max: 4.0, Diff: 1.1, Sum: 13.9]
      [Code Root Scanning (ms): Min: 0.0, Avg: 0.1, Max: 0.2, Diff: 0.2, Sum: 0.5]
      [Object Copy (ms): Min: 23.2, Avg: 23.4, Max: 23.9, Diff: 0.6, Sum: 93.7]
      [Termination (ms): Min: 0.0, Avg: 0.0, Max: 0.0, Diff: 0.0, Sum: 0.0]
         [Termination Attempts: Min: 1, Avg: 1.0, Max: 1, Diff: 0, Sum: 4]
      [GC Worker Other (ms): Min: 0.1, Avg: 0.4, Max: 0.5, Diff: 0.4, Sum: 1.5]
      [GC Worker Total (ms): Min: 31.6, Avg: 31.8, Max: 31.9, Diff: 0.3, Sum: 127.2]
      [GC Worker End (ms): Min: 179766485.4, Avg: 179766485.8, Max: 179766485.9, Diff: 0.4]
   [Code Root Fixup: 0.0 ms]
   [Code Root Purge: 0.0 ms]
   [Clear CT: 0.2 ms]
   [Other: 1.4 ms]
      [Choose CSet: 0.0 ms]
      [Ref Proc: 0.3 ms]
      [Ref Enq: 0.0 ms]
      [Redirty Cards: 0.1 ms]
      [Humongous Register: 0.1 ms]
      [Humongous Reclaim: 0.2 ms]
      [Free CSet: 0.1 ms]
   [Eden: 45056.0K(45056.0K)->0.0B(46080.0K) Survivors: 7168.0K->6144.0K Heap: 272.5M(1024.0M)->227.0M(1024.0M)]
 [Times: user=0.13 sys=0.00, real=0.03 secs] 
2021-03-18T17:18:25.176+0700: 180036.629: [GC pause (G1 Evacuation Pause) (young), 0.0328199 secs]
   [Parallel Time: 31.0 ms, GC Workers: 4]
      [GC Worker Start (ms): Min: 180036630.3, Avg: 180036630.4, Max: 180036630.5, Diff: 0.1]
      [Ext Root Scanning (ms): Min: 1.3, Avg: 1.3, Max: 1.4, Diff: 0.1, Sum: 5.3]
      [Update RS (ms): Min: 2.3, Avg: 2.4, Max: 2.5, Diff: 0.2, Sum: 9.6]
         [Processed Buffers: Min: 4, Avg: 10.2, Max: 24, Diff: 20, Sum: 41]
      [Scan RS (ms): Min: 3.3, Avg: 3.9, Max: 4.2, Diff: 0.9, Sum: 15.7]
      [Code Root Scanning (ms): Min: 0.0, Avg: 0.0, Max: 0.1, Diff: 0.0, Sum: 0.1]
      [Object Copy (ms): Min: 22.7, Avg: 22.9, Max: 23.3, Diff: 0.6, Sum: 91.7]
      [Termination (ms): Min: 0.0, Avg: 0.0, Max: 0.0, Diff: 0.0, Sum: 0.0]
         [Termination Attempts: Min: 1, Avg: 1.0, Max: 1, Diff: 0, Sum: 4]
      [GC Worker Other (ms): Min: 0.1, Avg: 0.1, Max: 0.1, Diff: 0.0, Sum: 0.2]
      [GC Worker Total (ms): Min: 30.6, Avg: 30.7, Max: 30.7, Diff: 0.1, Sum: 122.7]
      [GC Worker End (ms): Min: 180036661.1, Avg: 180036661.1, Max: 180036661.1, Diff: 0.0]
   [Code Root Fixup: 0.0 ms]
   [Code Root Purge: 0.0 ms]
   [Clear CT: 0.1 ms]
   [Other: 1.7 ms]
      [Choose CSet: 0.0 ms]
      [Ref Proc: 0.3 ms]
      [Ref Enq: 0.0 ms]
      [Redirty Cards: 0.2 ms]
      [Humongous Register: 0.6 ms]
      [Humongous Reclaim: 0.0 ms]
      [Free CSet: 0.1 ms]
   [Eden: 46080.0K(46080.0K)->0.0B(47104.0K) Survivors: 6144.0K->5120.0K Heap: 272.0M(1024.0M)->230.5M(1024.0M)]
 [Times: user=0.12 sys=0.00, real=0.04 secs] 
2021-03-18T17:22:59.933+0700: 180311.387: [GC pause (G1 Evacuation Pause) (young), 0.0383709 secs]
   [Parallel Time: 35.8 ms, GC Workers: 4]
      [GC Worker Start (ms): Min: 180311387.5, Avg: 180311387.6, Max: 180311387.7, Diff: 0.2]
      [Ext Root Scanning (ms): Min: 1.4, Avg: 1.5, Max: 1.7, Diff: 0.3, Sum: 6.2]
      [Update RS (ms): Min: 2.0, Avg: 2.1, Max: 2.3, Diff: 0.3, Sum: 8.6]
         [Processed Buffers: Min: 1, Avg: 10.2, Max: 27, Diff: 26, Sum: 41]
      [Scan RS (ms): Min: 4.4, Avg: 4.6, Max: 4.7, Diff: 0.3, Sum: 18.3]
      [Code Root Scanning (ms): Min: 0.0, Avg: 0.0, Max: 0.1, Diff: 0.1, Sum: 0.1]
      [Object Copy (ms): Min: 26.6, Avg: 26.8, Max: 27.1, Diff: 0.5, Sum: 107.1]
      [Termination (ms): Min: 0.0, Avg: 0.3, Max: 0.4, Diff: 0.4, Sum: 1.2]
         [Termination Attempts: Min: 1, Avg: 1.0, Max: 1, Diff: 0, Sum: 4]
      [GC Worker Other (ms): Min: 0.1, Avg: 0.1, Max: 0.1, Diff: 0.0, Sum: 0.2]
      [GC Worker Total (ms): Min: 35.3, Avg: 35.4, Max: 35.5, Diff: 0.2, Sum: 141.7]
      [GC Worker End (ms): Min: 180311423.0, Avg: 180311423.0, Max: 180311423.0, Diff: 0.0]
   [Code Root Fixup: 0.0 ms]
   [Code Root Purge: 0.0 ms]
   [Clear CT: 0.4 ms]
   [Other: 2.2 ms]
      [Choose CSet: 0.0 ms]
      [Ref Proc: 0.5 ms]
      [Ref Enq: 0.0 ms]
      [Redirty Cards: 0.4 ms]
      [Humongous Register: 0.6 ms]
      [Humongous Reclaim: 0.1 ms]
      [Free CSet: 0.1 ms]
   [Eden: 47104.0K(47104.0K)->0.0B(46080.0K) Survivors: 5120.0K->6144.0K Heap: 276.5M(1024.0M)->235.0M(1024.0M)]
 [Times: user=0.14 sys=0.00, real=0.04 secs] 
2021-03-18T17:27:23.785+0700: 180575.238: [GC pause (G1 Evacuation Pause) (young), 0.0293122 secs]
   [Parallel Time: 27.1 ms, GC Workers: 4]
      [GC Worker Start (ms): Min: 180575239.5, Avg: 180575239.6, Max: 180575239.7, Diff: 0.2]
      [Ext Root Scanning (ms): Min: 1.6, Avg: 1.8, Max: 2.1, Diff: 0.4, Sum: 7.3]
      [Update RS (ms): Min: 1.1, Avg: 1.9, Max: 2.3, Diff: 1.2, Sum: 7.8]
         [Processed Buffers: Min: 1, Avg: 10.0, Max: 29, Diff: 28, Sum: 40]
      [Scan RS (ms): Min: 3.3, Avg: 3.4, Max: 3.5, Diff: 0.2, Sum: 13.6]
      [Code Root Scanning (ms): Min: 0.0, Avg: 0.0, Max: 0.1, Diff: 0.1, Sum: 0.1]
      [Object Copy (ms): Min: 18.9, Avg: 19.2, Max: 20.0, Diff: 1.2, Sum: 76.9]
      [Termination (ms): Min: 0.0, Avg: 0.0, Max: 0.0, Diff: 0.0, Sum: 0.0]
         [Termination Attempts: Min: 1, Avg: 1.0, Max: 1, Diff: 0, Sum: 4]
      [GC Worker Other (ms): Min: 0.1, Avg: 0.1, Max: 0.1, Diff: 0.0, Sum: 0.2]
      [GC Worker Total (ms): Min: 26.4, Avg: 26.5, Max: 26.6, Diff: 0.2, Sum: 106.1]
      [GC Worker End (ms): Min: 180575266.1, Avg: 180575266.1, Max: 180575266.1, Diff: 0.0]
   [Code Root Fixup: 0.0 ms]
   [Code Root Purge: 0.0 ms]
   [Clear CT: 0.3 ms]
   [Other: 1.9 ms]
      [Choose CSet: 0.0 ms]
      [Ref Proc: 0.4 ms]
      [Ref Enq: 0.0 ms]
      [Redirty Cards: 0.3 ms]
      [Humongous Register: 0.6 ms]
      [Humongous Reclaim: 0.0 ms]
      [Free CSet: 0.1 ms]
   [Eden: 46080.0K(46080.0K)->0.0B(46080.0K) Survivors: 6144.0K->6144.0K Heap: 280.0M(1024.0M)->239.5M(1024.0M)]
 [Times: user=0.05 sys=0.00, real=0.03 secs] 
2021-03-18T17:31:55.819+0700: 180847.273: [GC pause (G1 Evacuation Pause) (young), 0.0285539 secs]
   [Parallel Time: 26.4 ms, GC Workers: 4]
      [GC Worker Start (ms): Min: 180847273.9, Avg: 180847274.0, Max: 180847274.1, Diff: 0.2]
      [Ext Root Scanning (ms): Min: 1.3, Avg: 1.5, Max: 2.0, Diff: 0.6, Sum: 6.1]
      [Update RS (ms): Min: 2.1, Avg: 2.3, Max: 2.5, Diff: 0.4, Sum: 9.2]
         [Processed Buffers: Min: 2, Avg: 10.2, Max: 25, Diff: 23, Sum: 41]
      [Scan RS (ms): Min: 3.3, Avg: 3.3, Max: 3.3, Diff: 0.1, Sum: 13.3]
      [Code Root Scanning (ms): Min: 0.0, Avg: 0.0, Max: 0.1, Diff: 0.1, Sum: 0.1]
      [Object Copy (ms): Min: 18.3, Avg: 18.5, Max: 18.8, Diff: 0.4, Sum: 74.1]
      [Termination (ms): Min: 0.0, Avg: 0.0, Max: 0.0, Diff: 0.0, Sum: 0.0]
         [Termination Attempts: Min: 1, Avg: 1.0, Max: 1, Diff: 0, Sum: 4]
      [GC Worker Other (ms): Min: 0.1, Avg: 0.1, Max: 0.3, Diff: 0.3, Sum: 0.5]
      [GC Worker Total (ms): Min: 25.8, Avg: 25.9, Max: 26.0, Diff: 0.2, Sum: 103.5]
      [GC Worker End (ms): Min: 180847299.8, Avg: 180847299.9, Max: 180847300.1, Diff: 0.3]
   [Code Root Fixup: 0.0 ms]
   [Code Root Purge: 0.0 ms]
   [Clear CT: 0.3 ms]
   [Other: 1.8 ms]
      [Choose CSet: 0.0 ms]
      [Ref Proc: 0.3 ms]
      [Ref Enq: 0.0 ms]
      [Redirty Cards: 0.3 ms]
      [Humongous Register: 0.6 ms]
      [Humongous Reclaim: 0.0 ms]
      [Free CSet: 0.1 ms]
   [Eden: 46080.0K(46080.0K)->0.0B(47104.0K) Survivors: 6144.0K->5120.0K Heap: 284.5M(1024.0M)->242.0M(1024.0M)]
 [Times: user=0.11 sys=0.00, real=0.03 secs] 
2021-03-18T17:36:35.660+0700: 181127.114: [GC pause (G1 Evacuation Pause) (young), 0.0304140 secs]
   [Parallel Time: 29.1 ms, GC Workers: 4]
      [GC Worker Start (ms): Min: 181127114.3, Avg: 181127119.1, Max: 181127131.1, Diff: 16.7]
      [Ext Root Scanning (ms): Min: 0.0, Avg: 1.2, Max: 2.4, Diff: 2.3, Sum: 4.7]
      [Update RS (ms): Min: 0.0, Avg: 8.4, Max: 26.2, Diff: 26.2, Sum: 33.7]
         [Processed Buffers: Min: 0, Avg: 9.5, Max: 31, Diff: 31, Sum: 38]
      [Scan RS (ms): Min: 0.0, Avg: 3.4, Max: 7.0, Diff: 7.0, Sum: 13.5]
      [Code Root Scanning (ms): Min: 0.0, Avg: 0.0, Max: 0.1, Diff: 0.1, Sum: 0.1]
      [Object Copy (ms): Min: 0.2, Avg: 10.8, Max: 15.9, Diff: 15.7, Sum: 43.1]
      [Termination (ms): Min: 0.0, Avg: 0.3, Max: 0.4, Diff: 0.4, Sum: 1.2]
         [Termination Attempts: Min: 1, Avg: 1.2, Max: 2, Diff: 1, Sum: 5]
      [GC Worker Other (ms): Min: 0.0, Avg: 0.1, Max: 0.2, Diff: 0.2, Sum: 0.3]
      [GC Worker Total (ms): Min: 12.3, Avg: 24.1, Max: 29.0, Diff: 16.7, Sum: 96.6]
      [GC Worker End (ms): Min: 181127143.2, Avg: 181127143.3, Max: 181127143.3, Diff: 0.2]
   [Code Root Fixup: 0.0 ms]
   [Code Root Purge: 0.0 ms]
   [Clear CT: 0.2 ms]
   [Other: 1.1 ms]
      [Choose CSet: 0.0 ms]
      [Ref Proc: 0.3 ms]
      [Ref Enq: 0.0 ms]
      [Redirty Cards: 0.2 ms]
      [Humongous Register: 0.1 ms]
      [Humongous Reclaim: 0.0 ms]
      [Free CSet: 0.0 ms]
   [Eden: 47104.0K(47104.0K)->0.0B(45056.0K) Survivors: 5120.0K->7168.0K Heap: 288.0M(1024.0M)->246.5M(1024.0M)]
 [Times: user=0.08 sys=0.00, real=0.03 secs] 
2021-03-18T17:41:01.534+0700: 181392.988: [GC pause (G1 Evacuation Pause) (young), 0.0178523 secs]
   [Parallel Time: 16.2 ms, GC Workers: 4]
      [GC Worker Start (ms): Min: 181392988.1, Avg: 181392988.5, Max: 181392989.5, Diff: 1.4]
      [Ext Root Scanning (ms): Min: 0.0, Avg: 0.6, Max: 0.8, Diff: 0.8, Sum: 2.2]
      [Update RS (ms): Min: 0.0, Avg: 0.5, Max: 0.9, Diff: 0.9, Sum: 1.9]
         [Processed Buffers: Min: 0, Avg: 9.5, Max: 13, Diff: 13, Sum: 38]
      [Scan RS (ms): Min: 0.9, Avg: 1.1, Max: 1.2, Diff: 0.3, Sum: 4.5]
      [Code Root Scanning (ms): Min: 0.0, Avg: 0.0, Max: 0.0, Diff: 0.0, Sum: 0.0]
      [Object Copy (ms): Min: 13.4, Avg: 13.5, Max: 13.6, Diff: 0.2, Sum: 53.9]
      [Termination (ms): Min: 0.0, Avg: 0.0, Max: 0.0, Diff: 0.0, Sum: 0.0]
         [Termination Attempts: Min: 1, Avg: 1.0, Max: 1, Diff: 0, Sum: 4]
      [GC Worker Other (ms): Min: 0.0, Avg: 0.0, Max: 0.1, Diff: 0.0, Sum: 0.2]
      [GC Worker Total (ms): Min: 14.7, Avg: 15.7, Max: 16.1, Diff: 1.4, Sum: 62.8]
      [GC Worker End (ms): Min: 181393004.2, Avg: 181393004.2, Max: 181393004.2, Diff: 0.0]
   [Code Root Fixup: 0.0 ms]
   [Code Root Purge: 0.0 ms]
   [Clear CT: 0.2 ms]
   [Other: 1.5 ms]
      [Choose CSet: 0.0 ms]
      [Ref Proc: 0.6 ms]
      [Ref Enq: 0.0 ms]
      [Redirty Cards: 0.2 ms]
      [Humongous Register: 0.3 ms]
      [Humongous Reclaim: 0.0 ms]
      [Free CSet: 0.1 ms]
   [Eden: 45056.0K(45056.0K)->0.0B(47104.0K) Survivors: 7168.0K->5120.0K Heap: 290.5M(1024.0M)->250.9M(1024.0M)]
 [Times: user=0.07 sys=0.00, real=0.02 secs] 
2021-03-18T17:45:14.022+0700: 181645.476: [GC pause (G1 Evacuation Pause) (young), 0.0206148 secs]
   [Parallel Time: 18.9 ms, GC Workers: 4]
      [GC Worker Start (ms): Min: 181645476.7, Avg: 181645477.5, Max: 181645478.3, Diff: 1.6]
      [Ext Root Scanning (ms): Min: 0.0, Avg: 0.7, Max: 1.4, Diff: 1.4, Sum: 2.7]
      [Update RS (ms): Min: 0.0, Avg: 1.0, Max: 1.7, Diff: 1.7, Sum: 3.9]
         [Processed Buffers: Min: 0, Avg: 9.5, Max: 24, Diff: 24, Sum: 38]
      [Scan RS (ms): Min: 0.0, Avg: 1.9, Max: 2.7, Diff: 2.7, Sum: 7.7]
      [Code Root Scanning (ms): Min: 0.0, Avg: 0.0, Max: 0.0, Diff: 0.0, Sum: 0.1]
      [Object Copy (ms): Min: 12.9, Avg: 14.1, Max: 17.1, Diff: 4.1, Sum: 56.3]
      [Termination (ms): Min: 0.0, Avg: 0.0, Max: 0.0, Diff: 0.0, Sum: 0.0]
         [Termination Attempts: Min: 1, Avg: 2.8, Max: 5, Diff: 4, Sum: 11]
      [GC Worker Other (ms): Min: 0.0, Avg: 0.0, Max: 0.0, Diff: 0.0, Sum: 0.1]
      [GC Worker Total (ms): Min: 16.8, Avg: 17.7, Max: 18.4, Diff: 1.6, Sum: 70.8]
      [GC Worker End (ms): Min: 181645495.2, Avg: 181645495.2, Max: 181645495.2, Diff: 0.0]
   [Code Root Fixup: 0.0 ms]
   [Code Root Purge: 0.0 ms]
   [Clear CT: 0.2 ms]
   [Other: 1.5 ms]
      [Choose CSet: 0.0 ms]
      [Ref Proc: 0.4 ms]
      [Ref Enq: 0.0 ms]
      [Redirty Cards: 0.2 ms]
      [Humongous Register: 0.3 ms]
      [Humongous Reclaim: 0.1 ms]
      [Free CSet: 0.1 ms]
   [Eden: 47104.0K(47104.0K)->0.0B(46080.0K) Survivors: 5120.0K->6144.0K Heap: 296.9M(1024.0M)->256.0M(1024.0M)]
 [Times: user=0.03 sys=0.00, real=0.02 secs] 
2021-03-18T17:49:44.628+0700: 181916.082: [GC pause (G1 Evacuation Pause) (young), 0.0295475 secs]
   [Parallel Time: 27.2 ms, GC Workers: 4]
      [GC Worker Start (ms): Min: 181916082.6, Avg: 181916082.7, Max: 181916082.8, Diff: 0.2]
      [Ext Root Scanning (ms): Min: 1.0, Avg: 1.3, Max: 1.5, Diff: 0.5, Sum: 5.2]
      [Update RS (ms): Min: 2.7, Avg: 3.1, Max: 4.2, Diff: 1.5, Sum: 12.5]
         [Processed Buffers: Min: 1, Avg: 9.8, Max: 16, Diff: 15, Sum: 39]
      [Scan RS (ms): Min: 3.9, Avg: 4.9, Max: 5.4, Diff: 1.5, Sum: 19.8]
      [Code Root Scanning (ms): Min: 0.0, Avg: 0.0, Max: 0.1, Diff: 0.1, Sum: 0.1]
      [Object Copy (ms): Min: 16.7, Avg: 16.8, Max: 17.0, Diff: 0.3, Sum: 67.3]
      [Termination (ms): Min: 0.0, Avg: 0.4, Max: 0.7, Diff: 0.7, Sum: 1.4]
         [Termination Attempts: Min: 1, Avg: 1.0, Max: 1, Diff: 0, Sum: 4]
      [GC Worker Other (ms): Min: 0.1, Avg: 0.1, Max: 0.1, Diff: 0.1, Sum: 0.3]
      [GC Worker Total (ms): Min: 26.4, Avg: 26.7, Max: 26.9, Diff: 0.6, Sum: 106.7]
      [GC Worker End (ms): Min: 181916109.2, Avg: 181916109.4, Max: 181916109.7, Diff: 0.5]
   [Code Root Fixup: 0.0 ms]
   [Code Root Purge: 0.0 ms]
   [Clear CT: 0.4 ms]
   [Other: 2.0 ms]
      [Choose CSet: 0.0 ms]
      [Ref Proc: 0.4 ms]
      [Ref Enq: 0.0 ms]
      [Redirty Cards: 0.3 ms]
      [Humongous Register: 0.6 ms]
      [Humongous Reclaim: 0.0 ms]
      [Free CSet: 0.1 ms]
   [Eden: 46080.0K(46080.0K)->0.0B(48128.0K) Survivors: 6144.0K->4096.0K Heap: 301.0M(1024.0M)->257.5M(1024.0M)]
 [Times: user=0.06 sys=0.00, real=0.03 secs] 
